[848:50:3.260][Base][Main][Info] Main is created.
[848:50:3.260][Base][IO][Info] IO is created.
[848:50:3.260][Base][Worker1][Info] Worker1 is created.
[848:50:3.260][Base][Worker2][Info] Worker2 is created.
[848:50:3.260][Base][Worker3][Info] Worker3 is created.
[848:50:3.260][Base][Worker4][Info] Worker4 is created.
[848:50:3.260][Base][Worker5][Info] Worker5 is created.
[848:50:3.260][Base][Worker6][Info] Worker6 is created.
[848:50:3.260][Base][Worker7][Info] Worker7 is created.
[848:50:3.260][Base][Worker8][Info] Worker8 is created.
[848:50:3.260][IO][IO][Info] IO has begun.
[848:50:3.260][Worker3][Worker3][Info] Worker3 has begun.
[848:50:3.260][Main][Main][Info] Main has begun.
[848:50:3.260][Worker4][Worker4][Info] Worker4 has begun.
[848:50:3.260][Worker2][Worker2][Info] Worker2 has begun.
[848:50:3.260][Worker1][Worker1][Info] Worker1 has begun.
[848:50:3.260][Worker5][Worker5][Info] Worker5 has begun.
[848:50:3.260][Base][Logger][Info] Logger started.
[848:50:3.260][Base][Engine][Info] Command Line Arguments
[848:50:3.260][Base][Engine][Info] 0 : ./build/Applications/EngineTest/Debug/EngineTest
[848:50:3.260][Base][Engine][Info] Engine has been initialized.
[848:50:3.260][Base][Engine::PostInitialize][Info] Engine PostInitialize [Start]
[848:50:3.260][Base][Engine::PostInitialize][Info] Engine PostInitialize [Done]
[848:50:3.260][Worker7][Worker7][Info] Worker7 has begun.
[848:50:3.260][Worker6][Worker6][Info] Worker6 has begun.
[848:50:3.260][Worker8][Worker8][Info] Worker8 has begun.
[848:50:3.260][Main][SystemAllocatorTest][Info] = START ========================================
[848:50:3.260][Main][SystemAllocatorTest][Info] # TC0.Vector Growth #
[848:50:3.261][Main][Vector Growth][Info] = Allocator Usage ========================================
[848:50:3.261][Main][Vector Growth][Info] ==========================================================
[848:50:3.261][Main][SystemAllocatorTest][Info] # TC0.Vector Growth Result [PASS] #

[848:50:3.261][Main][SystemAllocatorTest][Info] = Collection Result: [SUCCESS] =================

[848:50:3.261][Main][BaseAllocatorTest][Info] = START ========================================
[848:50:3.261][Main][BaseAllocatorTest][Info] # TC0.Basic Usage #
[848:50:3.262][Main][Basic Usage][Info] = Allocator Usage ========================================
[848:50:3.262][Main][Basic Usage][Info] [1048576] Memory = 0 / 1048576
[848:50:3.262][Main][Basic Usage][Info] ==========================================================
[848:50:3.262][Main][BaseAllocatorTest][Info] # TC0.Basic Usage Result [PASS] #

[848:50:3.262][Main][BaseAllocatorTest][Info] # TC1.Multiple Allocations #
[848:50:3.272][Main][Multiple Allocations][Info] = Allocator Usage ========================================
[848:50:3.272][Main][Multiple Allocations][Info] [16] Memory = 0 / 1048576
[848:50:3.272][Main][Multiple Allocations][Info] [32] Memory = 0 / 1048576
[848:50:3.272][Main][Multiple Allocations][Info] [64] Memory = 0 / 1048576
[848:50:3.272][Main][Multiple Allocations][Info] [128] Memory = 0 / 1048576
[848:50:3.272][Main][Multiple Allocations][Info] [256] Memory = 0 / 1048576
[848:50:3.272][Main][Multiple Allocations][Info] [512] Memory = 0 / 1048576
[848:50:3.272][Main][Multiple Allocations][Info] [1024] Memory = 0 / 1048576
[848:50:3.272][Main][Multiple Allocations][Info] [2048] Memory = 0 / 1048576
[848:50:3.272][Main][Multiple Allocations][Info] [4096] Memory = 0 / 1048576
[848:50:3.272][Main][Multiple Allocations][Info] [8192] Memory = 0 / 1048576
[848:50:3.272][Main][Multiple Allocations][Info] ==========================================================
[848:50:3.272][Main][BaseAllocatorTest][Info] # TC1.Multiple Allocations Result [PASS] #

[848:50:3.272][Main][BaseAllocatorTest][Info] # TC2.Nested Allocations #
[848:50:3.272][Main][BaseAllocatorTest][Info] [TC2.Nested Allocations] First Pool Allocator Buffer =  0xbc5100000, Allocated by 242
[848:50:3.272][Main][BaseAllocatorTest][Info] [TC2.Nested Allocations] Second Pool Allocator Buffer =  0xbc5100000, Allocated by 226
[848:50:3.272][Main][Nested Allocations][Info] = Allocator Usage ========================================
[848:50:3.272][Main][Nested Allocations][Info] [1048576] Memory = 0 / 1048576
[848:50:3.272][Main][Nested Allocations][Info] [1048576] Memory = 0 / 1048576
[848:50:3.272][Main][Nested Allocations][Info] ==========================================================
[848:50:3.272][Main][BaseAllocatorTest][Info] # TC2.Nested Allocations Result [PASS] #

[848:50:3.272][Main][BaseAllocatorTest][Info] = Collection Result: [SUCCESS] =================

[848:50:3.272][Main][InlinePoolAllocatorTest][Info] = START ========================================
[848:50:3.272][Main][InlinePoolAllocatorTest][Info] # TC0.Zero-sized Allocation & Deallocation #
[848:50:3.272][Main][Zero-sized Allocation & Deallocation][Info] = Allocator Usage ========================================
[848:50:3.272][Main][Zero-sized Allocation & Deallocation][Info] ==========================================================
[848:50:3.272][Main][InlinePoolAllocatorTest][Info] # TC0.Zero-sized Allocation & Deallocation Result [PASS] #

[848:50:3.272][Main][InlinePoolAllocatorTest][Info] # TC1.Perf. & Stress, Size(1) #
[848:50:3.272][Main][InlinePoolAllocatorTest][Info] [TC1.Perf. & Stress, Size(1)] [64] Num Iterations = 10000, maxAllocSize = 1
[848:50:3.289][Main][InlinePoolAllocatorTest][Info] [TC1.Perf. & Stress, Size(1)] Performance: 0.00611098 msec vs STL: 0.00883859 msec, rate = [0.691398]
[848:50:3.289][Main][Perf. & Stress, Size(1)][Info] = Allocator Usage ========================================
[848:50:3.289][Main][Perf. & Stress, Size(1)][Info] ==========================================================
[848:50:3.289][Main][InlinePoolAllocatorTest][Info] # TC1.Perf. & Stress, Size(1) Result [PASS] #

[848:50:3.289][Main][InlinePoolAllocatorTest][Info] # TC2.Perf. & Stress, Size(16) #
[848:50:3.289][Main][InlinePoolAllocatorTest][Info] [TC2.Perf. & Stress, Size(16)] [64] Num Iterations = 10000, maxAllocSize = 16
[848:50:3.468][Main][InlinePoolAllocatorTest][Info] [TC2.Perf. & Stress, Size(16)] Performance: 0.0636274 msec vs STL: 0.114495 msec, rate = [0.55572]
[848:50:3.468][Main][Perf. & Stress, Size(16)][Info] = Allocator Usage ========================================
[848:50:3.468][Main][Perf. & Stress, Size(16)][Info] ==========================================================
[848:50:3.468][Main][InlinePoolAllocatorTest][Info] # TC2.Perf. & Stress, Size(16) Result [PASS] #

[848:50:3.468][Main][InlinePoolAllocatorTest][Info] # TC3.Perf. & Stress, Size(32) #
[848:50:3.468][Main][InlinePoolAllocatorTest][Info] [TC3.Perf. & Stress, Size(32)] [64] Num Iterations = 10000, maxAllocSize = 32
[848:50:3.807][Main][InlinePoolAllocatorTest][Info] [TC3.Perf. & Stress, Size(32)] Performance: 0.116273 msec vs STL: 0.222027 msec, rate = [0.523689]
[848:50:3.807][Main][Perf. & Stress, Size(32)][Info] = Allocator Usage ========================================
[848:50:3.807][Main][Perf. & Stress, Size(32)][Info] ==========================================================
[848:50:3.807][Main][InlinePoolAllocatorTest][Info] # TC3.Perf. & Stress, Size(32) Result [PASS] #

[848:50:3.807][Main][InlinePoolAllocatorTest][Info] # TC4.Perf. & Stress, Size(64) #
[848:50:3.807][Main][InlinePoolAllocatorTest][Info] [TC4.Perf. & Stress, Size(64)] [64] Num Iterations = 10000, maxAllocSize = 64
[848:50:4.488][Main][InlinePoolAllocatorTest][Info] [TC4.Perf. & Stress, Size(64)] Performance: 0.235556 msec vs STL: 0.444622 msec, rate = [0.52979]
[848:50:4.488][Main][Perf. & Stress, Size(64)][Info] = Allocator Usage ========================================
[848:50:4.488][Main][Perf. & Stress, Size(64)][Info] ==========================================================
[848:50:4.488][Main][InlinePoolAllocatorTest][Info] # TC4.Perf. & Stress, Size(64) Result [PASS] #

[848:50:4.488][Main][InlinePoolAllocatorTest][Info] # TC5.Perf. & Stress, Size(128) #
[848:50:4.488][Main][InlinePoolAllocatorTest][Info] [TC5.Perf. & Stress, Size(128)] [128] Num Iterations = 10000, maxAllocSize = 128
[848:50:5.883][Main][InlinePoolAllocatorTest][Info] [TC5.Perf. & Stress, Size(128)] Performance: 0.473178 msec vs STL: 0.92028 msec, rate = [0.514168]
[848:50:5.883][Main][Perf. & Stress, Size(128)][Info] = Allocator Usage ========================================
[848:50:5.883][Main][Perf. & Stress, Size(128)][Info] ==========================================================
[848:50:5.883][Main][InlinePoolAllocatorTest][Info] # TC5.Perf. & Stress, Size(128) Result [PASS] #

[848:50:5.883][Main][InlinePoolAllocatorTest][Info] # TC6.Perf. & Stress, Size(256) #
[848:50:5.883][Main][InlinePoolAllocatorTest][Info] [TC6.Perf. & Stress, Size(256)] [256] Num Iterations = 10000, maxAllocSize = 256
[848:50:8.819][Main][InlinePoolAllocatorTest][Info] [TC6.Perf. & Stress, Size(256)] Performance: 0.943389 msec vs STL: 1.99158 msec, rate = [0.473688]
[848:50:8.819][Main][Perf. & Stress, Size(256)][Info] = Allocator Usage ========================================
[848:50:8.819][Main][Perf. & Stress, Size(256)][Info] ==========================================================
[848:50:8.819][Main][InlinePoolAllocatorTest][Info] # TC6.Perf. & Stress, Size(256) Result [PASS] #

[848:50:8.819][Main][InlinePoolAllocatorTest][Info] # TC7.Perf. & Stress, Size(512) #
[848:50:8.819][Main][InlinePoolAllocatorTest][Info] [TC7.Perf. & Stress, Size(512)] [512] Num Iterations = 10000, maxAllocSize = 512
[848:50:14.626][Main][InlinePoolAllocatorTest][Info] [TC7.Perf. & Stress, Size(512)] Performance: 1.93029 msec vs STL: 3.87602 msec, rate = [0.498008]
[848:50:14.626][Main][Perf. & Stress, Size(512)][Info] = Allocator Usage ========================================
[848:50:14.626][Main][Perf. & Stress, Size(512)][Info] ==========================================================
[848:50:14.626][Main][InlinePoolAllocatorTest][Info] # TC7.Perf. & Stress, Size(512) Result [PASS] #

[848:50:14.626][Main][InlinePoolAllocatorTest][Info] # TC8.Perf. & Stress, Size(1024) #
[848:50:14.626][Main][InlinePoolAllocatorTest][Info] [TC8.Perf. & Stress, Size(1024)] [1024] Num Iterations = 10000, maxAllocSize = 1024
[848:50:26.557][Main][InlinePoolAllocatorTest][Info] [TC8.Perf. & Stress, Size(1024)] Performance: 3.90937 msec vs STL: 8.02027 msec, rate = [0.487437]
[848:50:26.557][Main][Perf. & Stress, Size(1024)][Info] = Allocator Usage ========================================
[848:50:26.557][Main][Perf. & Stress, Size(1024)][Info] ==========================================================
[848:50:26.557][Main][InlinePoolAllocatorTest][Info] # TC8.Perf. & Stress, Size(1024) Result [PASS] #

[848:50:26.557][Main][InlinePoolAllocatorTest][Info] # TC9.Vector Growth, size(32) #
[848:50:26.557][Main][InlinePoolAllocatorTest][Info] [TC9.Vector Growth, size(32)] ==========================================
[848:50:26.557][Main][InlinePoolAllocatorTest][Info] [TC9.Vector Growth, size(32)] Inline Alloc Size = 64
[848:50:26.591][Main][InlinePoolAllocatorTest][Info] [TC9.Vector Growth, size(32)] Vector Growth Performance : InlineAlloc: 0.00610058 msec vs STL: 0.0282723 msec, rate = 0.21578
[848:50:26.591][Main][Vector Growth, size(32)][Info] = Allocator Usage ========================================
[848:50:26.591][Main][Vector Growth, size(32)][Info] ==========================================================
[848:50:26.591][Main][InlinePoolAllocatorTest][Info] # TC9.Vector Growth, size(32) Result [PASS] #

[848:50:26.591][Main][InlinePoolAllocatorTest][Info] # TC10.Vector Growth, size(128) #
[848:50:26.591][Main][InlinePoolAllocatorTest][Info] [TC10.Vector Growth, size(128)] ==========================================
[848:50:26.591][Main][InlinePoolAllocatorTest][Info] [TC10.Vector Growth, size(128)] Inline Alloc Size = 128
[848:50:26.725][Main][InlinePoolAllocatorTest][Info] [TC10.Vector Growth, size(128)] Vector Growth Performance : InlineAlloc: 0.0205999 msec vs STL: 0.113004 msec, rate = 0.182293
[848:50:26.725][Main][Vector Growth, size(128)][Info] = Allocator Usage ========================================
[848:50:26.725][Main][Vector Growth, size(128)][Info] ==========================================================
[848:50:26.725][Main][InlinePoolAllocatorTest][Info] # TC10.Vector Growth, size(128) Result [PASS] #

[848:50:26.725][Main][InlinePoolAllocatorTest][Info] # TC11.Vector Growth, size(512) #
[848:50:26.725][Main][InlinePoolAllocatorTest][Info] [TC11.Vector Growth, size(512)] ==========================================
[848:50:26.725][Main][InlinePoolAllocatorTest][Info] [TC11.Vector Growth, size(512)] Inline Alloc Size = 512
[848:50:27.297][Main][InlinePoolAllocatorTest][Info] [TC11.Vector Growth, size(512)] Vector Growth Performance : InlineAlloc: 0.0794137 msec vs STL: 0.493195 msec, rate = 0.161019
[848:50:27.297][Main][Vector Growth, size(512)][Info] = Allocator Usage ========================================
[848:50:27.297][Main][Vector Growth, size(512)][Info] ==========================================================
[848:50:27.297][Main][InlinePoolAllocatorTest][Info] # TC11.Vector Growth, size(512) Result [PASS] #

[848:50:27.297][Main][InlinePoolAllocatorTest][Info] = Collection Result: [SUCCESS] =================

[848:50:27.297][Main][InlineMonotonicAllocatorTest][Info] = START ========================================
[848:50:27.297][Main][InlineMonotonicAllocatorTest][Info] # TC0.Vector Allocation #
[848:50:27.297][Main][Vector Allocation][Info] = Allocator Usage ========================================
[848:50:27.297][Main][Vector Allocation][Info] ==========================================================
[848:50:27.297][Main][InlineMonotonicAllocatorTest][Info] # TC0.Vector Allocation Result [PASS] #

[848:50:27.297][Main][InlineMonotonicAllocatorTest][Info] # TC1.Allocation (2) #
[848:50:27.297][Main][Allocation (2)][Info] = Allocator Usage ========================================
[848:50:27.297][Main][Allocation (2)][Info] ==========================================================
[848:50:27.297][Main][InlineMonotonicAllocatorTest][Info] # TC1.Allocation (2) Result [PASS] #

[848:50:27.297][Main][InlineMonotonicAllocatorTest][Info] # TC2.Deallocation #
[848:50:27.297][Main][Deallocation][Info] = Allocator Usage ========================================
[848:50:27.297][Main][Deallocation][Info] ==========================================================
[848:50:27.297][Main][InlineMonotonicAllocatorTest][Info] # TC2.Deallocation Result [PASS] #

[848:50:27.297][Main][InlineMonotonicAllocatorTest][Info] # TC3.Deallocation (2) #
[848:50:27.297][Main][Deallocation (2)][Info] = Allocator Usage ========================================
[848:50:27.297][Main][Deallocation (2)][Info] ==========================================================
[848:50:27.297][Main][InlineMonotonicAllocatorTest][Info] # TC3.Deallocation (2) Result [PASS] #

[848:50:27.297][Main][InlineMonotonicAllocatorTest][Info] = Collection Result: [SUCCESS] =================

[848:50:27.297][Main][StackAllocatorTest][Info] = START ========================================
[848:50:27.297][Main][StackAllocatorTest][Info] # TC0.Vector Allocation #
[848:50:27.297][Main][StackAllocatorTest][Info] [TC0.Vector Allocation] Profile Disabled
[848:50:27.297][Main][Vector Allocation][Info] = Allocator Usage ========================================
[848:50:27.297][Main][Vector Allocation][Info] [1048576] Memory = 0 / 1048576
[848:50:27.297][Main][Vector Allocation][Info] ==========================================================
[848:50:27.297][Main][StackAllocatorTest][Info] # TC0.Vector Allocation Result [PASS] #

[848:50:27.297][Main][StackAllocatorTest][Info] # TC1.Allocation (2) #
[848:50:27.297][Main][StackAllocatorTest][Info] [TC1.Allocation (2)] Profile Disabled
[848:50:27.297][Main][Allocation (2)][Info] = Allocator Usage ========================================
[848:50:27.297][Main][Allocation (2)][Info] [1048576] Memory = 0 / 1048576
[848:50:27.297][Main][Allocation (2)][Info] ==========================================================
[848:50:27.297][Main][StackAllocatorTest][Info] # TC1.Allocation (2) Result [PASS] #

[848:50:27.297][Main][StackAllocatorTest][Info] # TC2.Deallocation #
[848:50:27.297][Main][Deallocation][Info] = Allocator Usage ========================================
[848:50:27.297][Main][Deallocation][Info] [1048576] Memory = 0 / 1048576
[848:50:27.297][Main][Deallocation][Info] ==========================================================
[848:50:27.297][Main][StackAllocatorTest][Info] # TC2.Deallocation Result [PASS] #

[848:50:27.297][Main][StackAllocatorTest][Info] # TC3.Deallocation (2) #
[848:50:27.297][Main][Deallocation (2)][Info] = Allocator Usage ========================================
[848:50:27.297][Main][Deallocation (2)][Info] [1048576] Memory = 0 / 1048576
[848:50:27.297][Main][Deallocation (2)][Info] ==========================================================
[848:50:27.297][Main][StackAllocatorTest][Info] # TC3.Deallocation (2) Result [PASS] #

[848:50:27.297][Main][StackAllocatorTest][Info] # TC4.Nested Usage #
[848:50:27.298][Main][StackAllocatorTest][Info] [TC4.Nested Usage] Neted Level 0, free size = 1024
[848:50:27.298][Main][StackAllocatorTest][Info] [TC4.Nested Usage] Neted Level 1, free size = 496 / 512
[848:50:27.298][Main][StackAllocatorTest][Info] [TC4.Nested Usage] Neted Level 2, free size = 240 / 240 / 512
[848:50:27.298][Main][StackAllocatorTest][Info] [TC4.Nested Usage] Neted Level 3, free size = 112 / 112 / 240 / 512
[848:50:27.298][Main][StackAllocatorTest][Info] [TC4.Nested Usage] Neted Level 4, free size = 48 / 48 / 112 / 240 / 512
[848:50:27.298][Main][StackAllocatorTest][Info] [TC4.Nested Usage] Neted Level 5, free size = 16 / 16 / 48 / 112 / 240 / 512
[848:50:27.298][Main][StackAllocatorTest][Info] [TC4.Nested Usage] Neted Level 4, free size = 64 / 48 / 112 / 240 / 512
[848:50:27.298][Main][StackAllocatorTest][Info] [TC4.Nested Usage] Neted Level 3, free size = 128 / 112 / 240 / 512
[848:50:27.298][Main][StackAllocatorTest][Info] [TC4.Nested Usage] Neted Level 2, free size = 256 / 240 / 512
[848:50:27.298][Main][StackAllocatorTest][Info] [TC4.Nested Usage] Neted Level 1, free size = 512 / 512
[848:50:27.298][Main][StackAllocatorTest][Info] [TC4.Nested Usage] Neted Level 0, free size = 1024
[848:50:27.298][Main][Nested Usage][Info] = Allocator Usage ========================================
[848:50:27.298][Main][Nested Usage][Info] [1024] Memory = 0 / 1048576
[848:50:27.298][Main][Nested Usage][Info] ==========================================================
[848:50:27.298][Main][StackAllocatorTest][Info] # TC4.Nested Usage Result [PASS] #

[848:50:27.298][Main][StackAllocatorTest][Info] = Collection Result: [SUCCESS] =================

[848:50:27.298][Main][PoolAllocatorTest][Info] = START ========================================
[848:50:27.298][Main][PoolAllocatorTest][Info] # TC0.Construction #
[848:50:27.298][Main][Construction][Info] = Allocator Usage ========================================
[848:50:27.298][Main][Construction][Info] [1024] Memory = 0 / 1048576
[848:50:27.298][Main][Construction][Info] [2048] Memory = 0 / 1048576
[848:50:27.298][Main][Construction][Info] [4096] Memory = 0 / 1048576
[848:50:27.298][Main][Construction][Info] [8192] Memory = 0 / 1048576
[848:50:27.298][Main][Construction][Info] [16384] Memory = 0 / 1048576
[848:50:27.298][Main][Construction][Info] ==========================================================
[848:50:27.298][Main][PoolAllocatorTest][Info] # TC0.Construction Result [PASS] #

[848:50:27.298][Main][PoolAllocatorTest][Info] # TC1.Allocation & Deallocation #
[848:50:27.298][Main][Allocation & Deallocation][Info] = Allocator Usage ========================================
[848:50:27.298][Main][Allocation & Deallocation][Info] [524288] Memory = 0 / 8388608
[848:50:27.298][Main][Allocation & Deallocation][Info] ==========================================================
[848:50:27.298][Main][PoolAllocatorTest][Info] # TC1.Allocation & Deallocation Result [PASS] #

[848:50:27.298][Main][PoolAllocatorTest][Info] = Collection Result: [SUCCESS] =================

[848:50:27.298][Main][MonotonicAllocatorTest][Info] = START ========================================
[848:50:27.298][Main][MonotonicAllocatorTest][Info] # TC0.Vector Allocation #
[848:50:27.298][Main][Vector Allocation][Info] = Allocator Usage ========================================
[848:50:27.298][Main][Vector Allocation][Info] [1048576] Memory = 0 / 1048576
[848:50:27.298][Main][Vector Allocation][Info] ==========================================================
[848:50:27.298][Main][MonotonicAllocatorTest][Info] # TC0.Vector Allocation Result [PASS] #

[848:50:27.298][Main][MonotonicAllocatorTest][Info] # TC1.Allocation (2) #
[848:50:27.298][Main][Allocation (2)][Info] = Allocator Usage ========================================
[848:50:27.298][Main][Allocation (2)][Info] [1048576] Memory = 0 / 1048576
[848:50:27.298][Main][Allocation (2)][Info] ==========================================================
[848:50:27.298][Main][MonotonicAllocatorTest][Info] # TC1.Allocation (2) Result [PASS] #

[848:50:27.298][Main][MonotonicAllocatorTest][Info] # TC2.Deallocation #
[848:50:27.298][Main][Deallocation][Info] = Allocator Usage ========================================
[848:50:27.298][Main][Deallocation][Info] [1024] Memory = 0 / 1048576
[848:50:27.298][Main][Deallocation][Info] ==========================================================
[848:50:27.298][Main][MonotonicAllocatorTest][Info] # TC2.Deallocation Result [PASS] #

[848:50:27.298][Main][MonotonicAllocatorTest][Info] # TC3.Deallocation (2) #
[848:50:27.298][Main][Deallocation (2)][Info] = Allocator Usage ========================================
[848:50:27.298][Main][Deallocation (2)][Info] [1024] Memory = 0 / 1048576
[848:50:27.298][Main][Deallocation (2)][Info] ==========================================================
[848:50:27.298][Main][MonotonicAllocatorTest][Info] # TC3.Deallocation (2) Result [PASS] #

[848:50:27.298][Main][MonotonicAllocatorTest][Info] = Collection Result: [SUCCESS] =================

[848:50:27.298][Main][MultiPoolAllocatorTest][Info] = START ========================================
[848:50:27.298][Main][MultiPoolAllocatorTest][Info] # TC0.Basic Construction #
[848:50:27.298][Main][MultiPoolAllocatorTest][Info] [TC0.Basic Construction] MultiPoolAllocator has been created
[848:50:27.298][Main][Basic Construction][Info] = Allocator Usage ========================================
[848:50:27.298][Main][Basic Construction][Info] [512] Memory = 0 / 1048576
[848:50:27.298][Main][Basic Construction][Info] [65536] Memory = 0 / 1048576
[848:50:27.298][Main][Basic Construction][Info] [131072] Memory = 0 / 2097152
[848:50:27.298][Main][Basic Construction][Info] [262144] Memory = 0 / 4194304
[848:50:27.298][Main][Basic Construction][Info] [524288] Memory = 0 / 8388608
[848:50:27.298][Main][Basic Construction][Info] [1048576] Memory = 0 / 1048576
[848:50:27.298][Main][Basic Construction][Info] [2097152] Memory = 0 / 2097152
[848:50:27.298][Main][Basic Construction][Info] [4194304] Memory = 0 / 4194304
[848:50:27.298][Main][Basic Construction][Info] ==========================================================
[848:50:27.298][Main][MultiPoolAllocatorTest][Info] # TC0.Basic Construction Result [PASS] #

[848:50:27.298][Main][MultiPoolAllocatorTest][Info] # TC1.Allocation 0 #
[848:50:27.299][Main][MultiPoolAllocatorTest][Info] [TC1.Allocation 0] MultiPoolAllocator has been created
[848:50:27.299][Main][Allocation 0][Info] = Allocator Usage ========================================
[848:50:27.299][Main][Allocation 0][Info] [512] Memory = 0 / 1048576
[848:50:27.299][Main][Allocation 0][Info] [65536] Memory = 0 / 1048576
[848:50:27.299][Main][Allocation 0][Info] [131072] Memory = 0 / 2097152
[848:50:27.299][Main][Allocation 0][Info] [262144] Memory = 0 / 4194304
[848:50:27.299][Main][Allocation 0][Info] [524288] Memory = 0 / 8388608
[848:50:27.299][Main][Allocation 0][Info] [1048576] Memory = 0 / 1048576
[848:50:27.299][Main][Allocation 0][Info] [2097152] Memory = 0 / 2097152
[848:50:27.299][Main][Allocation 0][Info] [4194304] Memory = 0 / 4194304
[848:50:27.299][Main][Allocation 0][Info] ==========================================================
[848:50:27.299][Main][MultiPoolAllocatorTest][Info] # TC1.Allocation 0 Result [PASS] #

[848:50:27.299][Main][MultiPoolAllocatorTest][Info] # TC2.Multiple Allocations & Fallback #
[848:50:27.299][Main][MultiPoolAllocatorTest][Info] [TC2.Multiple Allocations & Fallback] MultiPoolAllocator has been created
[848:50:27.299][Main][Multiple Allocations & Fallback][Info] = Allocator Usage ========================================
[848:50:27.299][Main][Multiple Allocations & Fallback][Info] [512] Memory = 0 / 1048576
[848:50:27.299][Main][Multiple Allocations & Fallback][Info] [1024] Memory = 0 / 1048576
[848:50:27.299][Main][Multiple Allocations & Fallback][Info] [65536] Memory = 0 / 1048576
[848:50:27.299][Main][Multiple Allocations & Fallback][Info] [131072] Memory = 0 / 2097152
[848:50:27.299][Main][Multiple Allocations & Fallback][Info] [262144] Memory = 0 / 4194304
[848:50:27.299][Main][Multiple Allocations & Fallback][Info] [524288] Memory = 0 / 8388608
[848:50:27.299][Main][Multiple Allocations & Fallback][Info] [1048576] Memory = 0 / 1048576
[848:50:27.299][Main][Multiple Allocations & Fallback][Info] [1048576] Memory = 0 / 1048576
[848:50:27.299][Main][Multiple Allocations & Fallback][Info] [1048576] Memory = 0 / 1048576
[848:50:27.299][Main][Multiple Allocations & Fallback][Info] [2097152] Memory = 0 / 2097152
[848:50:27.299][Main][Multiple Allocations & Fallback][Info] [4194304] Memory = 0 / 4194304
[848:50:27.299][Main][Multiple Allocations & Fallback][Info] ==========================================================
[848:50:27.299][Main][MultiPoolAllocatorTest][Info] # TC2.Multiple Allocations & Fallback Result [PASS] #

[848:50:27.299][Main][MultiPoolAllocatorTest][Info] # TC3.Performance #
[848:50:27.522][Main][MultiPoolAllocatorTest][Info] [TC3.Performance] Performance: MultiPoolAllocator = 0.193284 sec, std malloc = 0.0295175 sec
[848:50:27.522][Main][MultiPoolAllocatorTest][Warning] [TC3.Performance] MultiPoolAllocator is slower than std malloc. MultiPoolAllocator  = 0.193284 sec, std malloc = 0.0295175 sec
[848:50:27.522][Main][Performance][Info] = Allocator Usage ========================================
[848:50:27.522][Main][Performance][Info] [64] Memory = 0 / 1048576
[848:50:27.522][Main][Performance][Info] [128] Memory = 0 / 1048576
[848:50:27.522][Main][Performance][Info] [256] Memory = 0 / 1048576
[848:50:27.522][Main][Performance][Info] [512] Memory = 0 / 1048576
[848:50:27.522][Main][Performance][Info] [1024] Memory = 0 / 1048576
[848:50:27.522][Main][Performance][Info] [2048] Memory = 0 / 1048576
[848:50:27.522][Main][Performance][Info] [1048576] Memory = 0 / 1048576
[848:50:27.522][Main][Performance][Info] [1048576] Memory = 0 / 1048576
[848:50:27.522][Main][Performance][Info] [1048576] Memory = 0 / 1048576
[848:50:27.522][Main][Performance][Info] [1048576] Memory = 0 / 1048576
[848:50:27.522][Main][Performance][Info] [1048576] Memory = 0 / 1048576
[848:50:27.522][Main][Performance][Info] [1048576] Memory = 0 / 1048576
[848:50:27.522][Main][Performance][Info] [1048576] Memory = 0 / 1048576
[848:50:27.522][Main][Performance][Info] [1048576] Memory = 0 / 1048576
[848:50:27.522][Main][Performance][Info] [1048576] Memory = 0 / 1048576
[848:50:27.522][Main][Performance][Info] [1048576] Memory = 0 / 1048576
[848:50:27.522][Main][Performance][Info] [1048576] Memory = 0 / 1048576
[848:50:27.522][Main][Performance][Info] [1048576] Memory = 0 / 1048576
[848:50:27.522][Main][Performance][Info] [1048576] Memory = 0 / 1048576
[848:50:27.522][Main][Performance][Info] [1048576] Memory = 0 / 1048576
[848:50:27.522][Main][Performance][Info] [1048576] Memory = 0 / 1048576
[848:50:27.522][Main][Performance][Info] [1048576] Memory = 0 / 1048576
[848:50:27.522][Main][Performance][Info] [1048576] Memory = 0 / 1048576
[848:50:27.522][Main][Performance][Info] [1048576] Memory = 0 / 1048576
[848:50:27.522][Main][Performance][Info] [1048576] Memory = 0 / 1048576
[848:50:27.522][Main][Performance][Info] [1048576] Memory = 0 / 1048576
[848:50:27.522][Main][Performance][Info] [1048576] Memory = 0 / 1048576
[848:50:27.522][Main][Performance][Info] [1048576] Memory = 0 / 1048576
[848:50:27.522][Main][Performance][Info] [1048576] Memory = 0 / 1048576
[848:50:27.522][Main][Performance][Info] [1048576] Memory = 0 / 1048576
[848:50:27.522][Main][Performance][Info] [1048576] Memory = 0 / 1048576
[848:50:27.522][Main][Performance][Info] [2097152] Memory = 0 / 2097152
[848:50:27.522][Main][Performance][Info] [2097152] Memory = 0 / 2097152
[848:50:27.522][Main][Performance][Info] [4194304] Memory = 0 / 4194304
[848:50:27.522][Main][Performance][Info] [4194304] Memory = 0 / 4194304
[848:50:27.522][Main][Performance][Info] [8388608] Memory = 0 / 8388608
[848:50:27.522][Main][Performance][Info] ==========================================================
[848:50:27.522][Main][MultiPoolAllocatorTest][Info] # TC3.Performance Result [PASS] #

[848:50:27.522][Main][MultiPoolAllocatorTest][Info] = Collection Result: [SUCCESS] =================

[848:50:27.522][Main][ThreadSafeMultiPoolAllocatorTest][Info] = START ========================================
[848:50:27.522][Main][ThreadSafeMultiPoolAllocatorTest][Info] # TC0.Basic Construction #
[848:50:27.522][Main][ThreadSafeMultiPoolAllocatorTest][Info] [TC0.Basic Construction] ThreadSafeMultiPoolAllocator has been created.
[848:50:27.522][Main][Basic Construction][Info] = Allocator Usage ========================================
[848:50:27.522][Main][Basic Construction][Info] [512] Memory = 0 / 1048576
[848:50:27.522][Main][Basic Construction][Info] [65536] Memory = 0 / 1048576
[848:50:27.522][Main][Basic Construction][Info] [131072] Memory = 0 / 2097152
[848:50:27.522][Main][Basic Construction][Info] [262144] Memory = 0 / 4194304
[848:50:27.522][Main][Basic Construction][Info] [524288] Memory = 0 / 8388608
[848:50:27.522][Main][Basic Construction][Info] [1048576] Memory = 0 / 1048576
[848:50:27.522][Main][Basic Construction][Info] [2097152] Memory = 0 / 2097152
[848:50:27.522][Main][Basic Construction][Info] [4194304] Memory = 0 / 4194304
[848:50:27.522][Main][Basic Construction][Info] ==========================================================
[848:50:27.522][Main][ThreadSafeMultiPoolAllocatorTest][Info] # TC0.Basic Construction Result [PASS] #

[848:50:27.522][Main][ThreadSafeMultiPoolAllocatorTest][Info] # TC1.Allocation 0 #
[848:50:27.522][Main][ThreadSafeMultiPoolAllocatorTest][Info] [TC1.Allocation 0] ThreadSafeMultiPoolAlloc has been created
[848:50:27.522][Main][Allocation 0][Info] = Allocator Usage ========================================
[848:50:27.522][Main][Allocation 0][Info] [512] Memory = 0 / 1048576
[848:50:27.522][Main][Allocation 0][Info] [65536] Memory = 0 / 1048576
[848:50:27.522][Main][Allocation 0][Info] [131072] Memory = 0 / 2097152
[848:50:27.522][Main][Allocation 0][Info] [262144] Memory = 0 / 4194304
[848:50:27.522][Main][Allocation 0][Info] [524288] Memory = 0 / 8388608
[848:50:27.522][Main][Allocation 0][Info] [1048576] Memory = 0 / 1048576
[848:50:27.522][Main][Allocation 0][Info] [2097152] Memory = 0 / 2097152
[848:50:27.522][Main][Allocation 0][Info] [4194304] Memory = 0 / 4194304
[848:50:27.522][Main][Allocation 0][Info] ==========================================================
[848:50:27.522][Main][ThreadSafeMultiPoolAllocatorTest][Info] # TC1.Allocation 0 Result [PASS] #

[848:50:27.522][Main][ThreadSafeMultiPoolAllocatorTest][Info] # TC2.Multiple Allocations & Fallback #
[848:50:27.522][Main][ThreadSafeMultiPoolAllocatorTest][Info] [TC2.Multiple Allocations & Fallback] ThreadSafeMultiPoolAlloc has been created
[848:50:27.522][Main][Multiple Allocations & Fallback][Info] = Allocator Usage ========================================
[848:50:27.522][Main][Multiple Allocations & Fallback][Info] [512] Memory = 0 / 1048576
[848:50:27.522][Main][Multiple Allocations & Fallback][Info] [1024] Memory = 0 / 1048576
[848:50:27.522][Main][Multiple Allocations & Fallback][Info] [65536] Memory = 0 / 1048576
[848:50:27.522][Main][Multiple Allocations & Fallback][Info] [131072] Memory = 0 / 2097152
[848:50:27.522][Main][Multiple Allocations & Fallback][Info] [262144] Memory = 0 / 4194304
[848:50:27.522][Main][Multiple Allocations & Fallback][Info] [524288] Memory = 0 / 8388608
[848:50:27.522][Main][Multiple Allocations & Fallback][Info] [1048576] Memory = 0 / 1048576
[848:50:27.522][Main][Multiple Allocations & Fallback][Info] [1048576] Memory = 0 / 1048576
[848:50:27.522][Main][Multiple Allocations & Fallback][Info] [1048576] Memory = 0 / 1048576
[848:50:27.522][Main][Multiple Allocations & Fallback][Info] [2097152] Memory = 0 / 2097152
[848:50:27.522][Main][Multiple Allocations & Fallback][Info] [4194304] Memory = 0 / 4194304
[848:50:27.522][Main][Multiple Allocations & Fallback][Info] ==========================================================
[848:50:27.522][Main][ThreadSafeMultiPoolAllocatorTest][Info] # TC2.Multiple Allocations & Fallback Result [PASS] #

[848:50:27.522][Main][ThreadSafeMultiPoolAllocatorTest][Info] # TC3.Performance #
[848:50:27.748][Main][ThreadSafeMultiPoolAllocatorTest][Info] [TC3.Performance] Performance: ThreadSafeMultiPoolAllocator = 0.196174 sec, std malloc = 0.0296655 sec
[848:50:27.748][Main][ThreadSafeMultiPoolAllocatorTest][Warning] [TC3.Performance] ThreadSafeMultiPoolAllocator is slower than std malloc. ThreadSafeMultiPoolAllocator  = 0.196174 sec, std malloc = 0.0296655 sec
[848:50:27.748][Main][Performance][Info] = Allocator Usage ========================================
[848:50:27.748][Main][Performance][Info] [64] Memory = 0 / 1048576
[848:50:27.748][Main][Performance][Info] [128] Memory = 0 / 1048576
[848:50:27.748][Main][Performance][Info] [256] Memory = 0 / 1048576
[848:50:27.748][Main][Performance][Info] [512] Memory = 0 / 1048576
[848:50:27.748][Main][Performance][Info] [1024] Memory = 0 / 1048576
[848:50:27.748][Main][Performance][Info] [2048] Memory = 0 / 1048576
[848:50:27.748][Main][Performance][Info] [1048576] Memory = 0 / 1048576
[848:50:27.748][Main][Performance][Info] [1048576] Memory = 0 / 1048576
[848:50:27.748][Main][Performance][Info] [1048576] Memory = 0 / 1048576
[848:50:27.748][Main][Performance][Info] [1048576] Memory = 0 / 1048576
[848:50:27.748][Main][Performance][Info] [1048576] Memory = 0 / 1048576
[848:50:27.748][Main][Performance][Info] [1048576] Memory = 0 / 1048576
[848:50:27.748][Main][Performance][Info] [1048576] Memory = 0 / 1048576
[848:50:27.748][Main][Performance][Info] [1048576] Memory = 0 / 1048576
[848:50:27.748][Main][Performance][Info] [1048576] Memory = 0 / 1048576
[848:50:27.748][Main][Performance][Info] [1048576] Memory = 0 / 1048576
[848:50:27.748][Main][Performance][Info] [1048576] Memory = 0 / 1048576
[848:50:27.748][Main][Performance][Info] [1048576] Memory = 0 / 1048576
[848:50:27.748][Main][Performance][Info] [1048576] Memory = 0 / 1048576
[848:50:27.748][Main][Performance][Info] [1048576] Memory = 0 / 1048576
[848:50:27.748][Main][Performance][Info] [1048576] Memory = 0 / 1048576
[848:50:27.748][Main][Performance][Info] [1048576] Memory = 0 / 1048576
[848:50:27.748][Main][Performance][Info] [1048576] Memory = 0 / 1048576
[848:50:27.748][Main][Performance][Info] [1048576] Memory = 0 / 1048576
[848:50:27.748][Main][Performance][Info] [1048576] Memory = 0 / 1048576
[848:50:27.748][Main][Performance][Info] [1048576] Memory = 0 / 1048576
[848:50:27.748][Main][Performance][Info] [1048576] Memory = 0 / 1048576
[848:50:27.748][Main][Performance][Info] [1048576] Memory = 0 / 1048576
[848:50:27.748][Main][Performance][Info] [1048576] Memory = 0 / 1048576
[848:50:27.748][Main][Performance][Info] [1048576] Memory = 0 / 1048576
[848:50:27.748][Main][Performance][Info] [1048576] Memory = 0 / 1048576
[848:50:27.748][Main][Performance][Info] [2097152] Memory = 0 / 2097152
[848:50:27.748][Main][Performance][Info] [2097152] Memory = 0 / 2097152
[848:50:27.748][Main][Performance][Info] [4194304] Memory = 0 / 4194304
[848:50:27.748][Main][Performance][Info] [4194304] Memory = 0 / 4194304
[848:50:27.748][Main][Performance][Info] [8388608] Memory = 0 / 8388608
[848:50:27.748][Main][Performance][Info] ==========================================================
[848:50:27.748][Main][ThreadSafeMultiPoolAllocatorTest][Info] # TC3.Performance Result [PASS] #

[848:50:27.748][Main][ThreadSafeMultiPoolAllocatorTest][Info] = Collection Result: [SUCCESS] =================

[848:50:27.748][Main][OSDebugTest][Info] = START ========================================
[848:50:27.748][Main][OSDebugTest][Info] # TC0.Print CallStack #
[848:50:27.750][Main][OSDebugTest][Info] [TC0.Print CallStack] CallStack:
0: [EngineTest] 0x00000001030a95c4 Null +44
1: [EngineTest] 0x00000001030a958c std::__1::__invoke_result_impl<void, hbe::OSDebugTest::Prepare()::$_0&, std::__1::basic_stringstream<char, std::__1::char_traits<char>, std::__1::allocator<char>>&>::type std::__1::__invoke[abi:nqe210106]<hbe::OSDebugTest::Prepare()::$_0&, std::__1::basic_stringstream<char, std::__1::char_traits<char>, std::__1::allocator<char>>&>(hbe::OSDebugTest::Prepare()::$_0&, std::__1::basic_stringstream<char, std::__1::char_traits<char>, std::__1::allocator<char>>&) +32
2: [EngineTest] 0x00000001030a9560 void std::__1::__invoke_void_return_wrapper<void, true>::__call[abi:nqe210106]<hbe::OSDebugTest::Prepare()::$_0&, std::__1::basic_stringstream<char, std::__1::char_traits<char>, std::__1::allocator<char>>&>(hbe::OSDebugTest::Prepare()::$_0&, std::__1::basic_stringstream<char, std::__1::char_traits<char>, std::__1::allocator<char>>&) +32
3: [EngineTest] 0x00000001030a9534 void std::__1::__invoke_r[abi:nqe210106]<void, hbe::OSDebugTest::Prepare()::$_0&, std::__1::basic_stringstream<char, std::__1::char_traits<char>, std::__1::allocator<char>>&>(hbe::OSDebugTest::Prepare()::$_0&, std::__1::basic_stringstream<char, std::__1::char_traits<char>, std::__1::allocator<char>>&) +32
4: [EngineTest] 0x00000001030a93e8 std::__1::__function::__func<hbe::OSDebugTest::Prepare()::$_0, void (std::__1::basic_stringstream<char, std::__1::char_traits<char>, std::__1::allocator<char>>&)>::operator()(std::__1::basic_stringstream<char, std::__1::char_traits<char>, std::__1::allocator<char>>&) +36
5: [EngineTest] 0x00000001030fe958 std::__1::__function::__value_func<void (std::__1::basic_stringstream<char, std::__1::char_traits<char>, std::__1::allocator<char>>&)>::operator()[abi:nqe210106](std::__1::basic_stringstream<char, std::__1::char_traits<char>, std::__1::allocator<char>>&) const +68
6: [EngineTest] 0x00000001030fc048 std::__1::function<void (std::__1::basic_stringstream<char, std::__1::c
[848:50:27.750][Main][Print CallStack][Info] = Allocator Usage ========================================
[848:50:27.750][Main][Print CallStack][Info] ==========================================================
[848:50:27.750][Main][OSDebugTest][Info] # TC0.Print CallStack Result [PASS] #

[848:50:27.750][Main][OSDebugTest][Info] = Collection Result: [SUCCESS] =================

[848:50:27.750][Main][OSInputOutputTest][Info] = START ========================================
[848:50:27.750][Main][OSInputOutputTest][Info] # TC0.Open/Close/Delete #
[848:50:27.750][Main][OSInputOutputTest][Info] [TC0.Open/Close/Delete] Try to open Test.data
[848:50:27.750][Main][OSInputOutputTest][Info] [TC0.Open/Close/Delete] File open succeeds. path = Test.data
[848:50:27.750][Main][OSInputOutputTest][Info] [TC0.Open/Close/Delete] The file found! path = Test.data
[848:50:27.750][Main][OSInputOutputTest][Info] [TC0.Open/Close/Delete] File close succeeded. path = Test.data
[848:50:27.750][Main][OSInputOutputTest][Info] [TC0.Open/Close/Delete] File removal succeeded. path = Test.data
[848:50:27.750][Main][Open/Close/Delete][Info] = Allocator Usage ========================================
[848:50:27.750][Main][Open/Close/Delete][Info] ==========================================================
[848:50:27.750][Main][OSInputOutputTest][Info] # TC0.Open/Close/Delete Result [PASS] #

[848:50:27.750][Main][OSInputOutputTest][Info] # TC1.MapMemory #
[848:50:27.750][Main][OSInputOutputTest][Info] [TC1.MapMemory] buffer[0] = 0
[848:50:27.750][Main][OSInputOutputTest][Info] [TC1.MapMemory] buffer[1] = 1
[848:50:27.750][Main][OSInputOutputTest][Info] [TC1.MapMemory] buffer[2] = 2
[848:50:27.750][Main][OSInputOutputTest][Info] [TC1.MapMemory] buffer[3] = 3
[848:50:27.750][Main][OSInputOutputTest][Info] [TC1.MapMemory] buffer[4] = 4
[848:50:27.750][Main][OSInputOutputTest][Info] [TC1.MapMemory] buffer[5] = 5
[848:50:27.750][Main][OSInputOutputTest][Info] [TC1.MapMemory] buffer[6] = 6
[848:50:27.750][Main][OSInputOutputTest][Info] [TC1.MapMemory] buffer[7] = 7
[848:50:27.750][Main][OSInputOutputTest][Info] [TC1.MapMemory] buffer[8] = 8
[848:50:27.750][Main][OSInputOutputTest][Info] [TC1.MapMemory] buffer[9] = 9
[848:50:27.750][Main][OSInputOutputTest][Info] [TC1.MapMemory] buffer[10] = 10
[848:50:27.750][Main][OSInputOutputTest][Info] [TC1.MapMemory] buffer[11] = 11
[848:50:27.750][Main][OSInputOutputTest][Info] [TC1.MapMemory] buffer[12] = 12
[848:50:27.750][Main][OSInputOutputTest][Info] [TC1.MapMemory] buffer[13] = 13
[848:50:27.750][Main][OSInputOutputTest][Info] [TC1.MapMemory] buffer[14] = 14
[848:50:27.750][Main][OSInputOutputTest][Info] [TC1.MapMemory] buffer[15] = 15
[848:50:27.750][Main][OSInputOutputTest][Info] [TC1.MapMemory] buffer[16] = 16
[848:50:27.750][Main][OSInputOutputTest][Info] [TC1.MapMemory] buffer[17] = 17
[848:50:27.750][Main][OSInputOutputTest][Info] [TC1.MapMemory] buffer[18] = 18
[848:50:27.750][Main][OSInputOutputTest][Info] [TC1.MapMemory] buffer[19] = 19
[848:50:27.750][Main][OSInputOutputTest][Info] [TC1.MapMemory] buffer[20] = 20
[848:50:27.750][Main][OSInputOutputTest][Info] [TC1.MapMemory] buffer[21] = 21
[848:50:27.750][Main][OSInputOutputTest][Info] [TC1.MapMemory] buffer[22] = 22
[848:50:27.750][Main][OSInputOutputTest][Info] [TC1.MapMemory] buffer[23] = 23
[848:50:27.750][Main][OSInputOutputTest][Info] [TC1.MapMemory] buffer[24] = 24
[848:50:27.750][Main][OSInputOutputTest][Info] [TC1.MapMemory] buffer[25] = 25
[848:50:27.750][Main][OSInputOutputTest][Info] [TC1.MapMemory] buffer[26] = 26
[848:50:27.750][Main][OSInputOutputTest][Info] [TC1.MapMemory] buffer[27] = 27
[848:50:27.750][Main][OSInputOutputTest][Info] [TC1.MapMemory] buffer[28] = 28
[848:50:27.750][Main][OSInputOutputTest][Info] [TC1.MapMemory] buffer[29] = 29
[848:50:27.750][Main][OSInputOutputTest][Info] [TC1.MapMemory] buffer[30] = 30
[848:50:27.750][Main][OSInputOutputTest][Info] [TC1.MapMemory] buffer[31] = 31
[848:50:27.750][Main][OSInputOutputTest][Info] [TC1.MapMemory] buffer[32] = 32
[848:50:27.750][Main][OSInputOutputTest][Info] [TC1.MapMemory] buffer[33] = 33
[848:50:27.750][Main][OSInputOutputTest][Info] [TC1.MapMemory] buffer[34] = 34
[848:50:27.750][Main][OSInputOutputTest][Info] [TC1.MapMemory] buffer[35] = 35
[848:50:27.750][Main][OSInputOutputTest][Info] [TC1.MapMemory] buffer[36] = 36
[848:50:27.750][Main][OSInputOutputTest][Info] [TC1.MapMemory] buffer[37] = 37
[848:50:27.750][Main][OSInputOutputTest][Info] [TC1.MapMemory] buffer[38] = 38
[848:50:27.750][Main][OSInputOutputTest][Info] [TC1.MapMemory] buffer[39] = 39
[848:50:27.750][Main][OSInputOutputTest][Info] [TC1.MapMemory] buffer[40] = 40
[848:50:27.750][Main][OSInputOutputTest][Info] [TC1.MapMemory] buffer[41] = 41
[848:50:27.750][Main][OSInputOutputTest][Info] [TC1.MapMemory] buffer[42] = 42
[848:50:27.750][Main][OSInputOutputTest][Info] [TC1.MapMemory] buffer[43] = 43
[848:50:27.750][Main][OSInputOutputTest][Info] [TC1.MapMemory] buffer[44] = 44
[848:50:27.750][Main][OSInputOutputTest][Info] [TC1.MapMemory] buffer[45] = 45
[848:50:27.750][Main][OSInputOutputTest][Info] [TC1.MapMemory] buffer[46] = 46
[848:50:27.750][Main][OSInputOutputTest][Info] [TC1.MapMemory] buffer[47] = 47
[848:50:27.750][Main][OSInputOutputTest][Info] [TC1.MapMemory] buffer[48] = 48
[848:50:27.750][Main][OSInputOutputTest][Info] [TC1.MapMemory] buffer[49] = 49
[848:50:27.750][Main][OSInputOutputTest][Info] [TC1.MapMemory] buffer[50] = 50
[848:50:27.750][Main][OSInputOutputTest][Info] [TC1.MapMemory] buffer[51] = 51
[848:50:27.750][Main][OSInputOutputTest][Info] [TC1.MapMemory] buffer[52] = 52
[848:50:27.750][Main][OSInputOutputTest][Info] [TC1.MapMemory] buffer[53] = 53
[848:50:27.750][Main][OSInputOutputTest][Info] [TC1.MapMemory] buffer[54] = 54
[848:50:27.750][Main][OSInputOutputTest][Info] [TC1.MapMemory] buffer[55] = 55
[848:50:27.750][Main][OSInputOutputTest][Info] [TC1.MapMemory] buffer[56] = 56
[848:50:27.750][Main][OSInputOutputTest][Info] [TC1.MapMemory] buffer[57] = 57
[848:50:27.750][Main][OSInputOutputTest][Info] [TC1.MapMemory] buffer[58] = 58
[848:50:27.750][Main][OSInputOutputTest][Info] [TC1.MapMemory] buffer[59] = 59
[848:50:27.750][Main][OSInputOutputTest][Info] [TC1.MapMemory] buffer[60] = 60
[848:50:27.750][Main][OSInputOutputTest][Info] [TC1.MapMemory] buffer[61] = 61
[848:50:27.750][Main][OSInputOutputTest][Info] [TC1.MapMemory] buffer[62] = 62
[848:50:27.750][Main][OSInputOutputTest][Info] [TC1.MapMemory] buffer[63] = 63
[848:50:27.750][Main][OSInputOutputTest][Info] [TC1.MapMemory] buffer[64] = 64
[848:50:27.750][Main][OSInputOutputTest][Info] [TC1.MapMemory] buffer[65] = 65
[848:50:27.750][Main][OSInputOutputTest][Info] [TC1.MapMemory] buffer[66] = 66
[848:50:27.750][Main][OSInputOutputTest][Info] [TC1.MapMemory] buffer[67] = 67
[848:50:27.750][Main][OSInputOutputTest][Info] [TC1.MapMemory] buffer[68] = 68
[848:50:27.750][Main][OSInputOutputTest][Info] [TC1.MapMemory] buffer[69] = 69
[848:50:27.750][Main][OSInputOutputTest][Info] [TC1.MapMemory] buffer[70] = 70
[848:50:27.750][Main][OSInputOutputTest][Info] [TC1.MapMemory] buffer[71] = 71
[848:50:27.750][Main][OSInputOutputTest][Info] [TC1.MapMemory] buffer[72] = 72
[848:50:27.750][Main][OSInputOutputTest][Info] [TC1.MapMemory] buffer[73] = 73
[848:50:27.750][Main][OSInputOutputTest][Info] [TC1.MapMemory] buffer[74] = 74
[848:50:27.750][Main][OSInputOutputTest][Info] [TC1.MapMemory] buffer[75] = 75
[848:50:27.750][Main][OSInputOutputTest][Info] [TC1.MapMemory] buffer[76] = 76
[848:50:27.750][Main][OSInputOutputTest][Info] [TC1.MapMemory] buffer[77] = 77
[848:50:27.750][Main][OSInputOutputTest][Info] [TC1.MapMemory] buffer[78] = 78
[848:50:27.750][Main][OSInputOutputTest][Info] [TC1.MapMemory] buffer[79] = 79
[848:50:27.750][Main][OSInputOutputTest][Info] [TC1.MapMemory] buffer[80] = 80
[848:50:27.750][Main][OSInputOutputTest][Info] [TC1.MapMemory] buffer[81] = 81
[848:50:27.750][Main][OSInputOutputTest][Info] [TC1.MapMemory] buffer[82] = 82
[848:50:27.750][Main][OSInputOutputTest][Info] [TC1.MapMemory] buffer[83] = 83
[848:50:27.750][Main][OSInputOutputTest][Info] [TC1.MapMemory] buffer[84] = 84
[848:50:27.750][Main][OSInputOutputTest][Info] [TC1.MapMemory] buffer[85] = 85
[848:50:27.750][Main][OSInputOutputTest][Info] [TC1.MapMemory] buffer[86] = 86
[848:50:27.750][Main][OSInputOutputTest][Info] [TC1.MapMemory] buffer[87] = 87
[848:50:27.750][Main][OSInputOutputTest][Info] [TC1.MapMemory] buffer[88] = 88
[848:50:27.750][Main][OSInputOutputTest][Info] [TC1.MapMemory] buffer[89] = 89
[848:50:27.750][Main][OSInputOutputTest][Info] [TC1.MapMemory] buffer[90] = 90
[848:50:27.750][Main][OSInputOutputTest][Info] [TC1.MapMemory] buffer[91] = 91
[848:50:27.750][Main][OSInputOutputTest][Info] [TC1.MapMemory] buffer[92] = 92
[848:50:27.750][Main][OSInputOutputTest][Info] [TC1.MapMemory] buffer[93] = 93
[848:50:27.750][Main][OSInputOutputTest][Info] [TC1.MapMemory] buffer[94] = 94
[848:50:27.750][Main][OSInputOutputTest][Info] [TC1.MapMemory] buffer[95] = 95
[848:50:27.750][Main][OSInputOutputTest][Info] [TC1.MapMemory] buffer[96] = 96
[848:50:27.750][Main][OSInputOutputTest][Info] [TC1.MapMemory] buffer[97] = 97
[848:50:27.750][Main][OSInputOutputTest][Info] [TC1.MapMemory] buffer[98] = 98
[848:50:27.750][Main][OSInputOutputTest][Info] [TC1.MapMemory] buffer[99] = 99
[848:50:27.750][Main][OSInputOutputTest][Info] [TC1.MapMemory] buffer[100] = 100
[848:50:27.750][Main][OSInputOutputTest][Info] [TC1.MapMemory] buffer[101] = 101
[848:50:27.750][Main][OSInputOutputTest][Info] [TC1.MapMemory] buffer[102] = 102
[848:50:27.750][Main][OSInputOutputTest][Info] [TC1.MapMemory] buffer[103] = 103
[848:50:27.750][Main][OSInputOutputTest][Info] [TC1.MapMemory] buffer[104] = 104
[848:50:27.750][Main][OSInputOutputTest][Info] [TC1.MapMemory] buffer[105] = 105
[848:50:27.750][Main][OSInputOutputTest][Info] [TC1.MapMemory] buffer[106] = 106
[848:50:27.750][Main][OSInputOutputTest][Info] [TC1.MapMemory] buffer[107] = 107
[848:50:27.750][Main][OSInputOutputTest][Info] [TC1.MapMemory] buffer[108] = 108
[848:50:27.750][Main][OSInputOutputTest][Info] [TC1.MapMemory] buffer[109] = 109
[848:50:27.750][Main][OSInputOutputTest][Info] [TC1.MapMemory] buffer[110] = 110
[848:50:27.750][Main][OSInputOutputTest][Info] [TC1.MapMemory] buffer[111] = 111
[848:50:27.750][Main][OSInputOutputTest][Info] [TC1.MapMemory] buffer[112] = 112
[848:50:27.750][Main][OSInputOutputTest][Info] [TC1.MapMemory] buffer[113] = 113
[848:50:27.750][Main][OSInputOutputTest][Info] [TC1.MapMemory] buffer[114] = 114
[848:50:27.750][Main][OSInputOutputTest][Info] [TC1.MapMemory] buffer[115] = 115
[848:50:27.750][Main][OSInputOutputTest][Info] [TC1.MapMemory] buffer[116] = 116
[848:50:27.750][Main][OSInputOutputTest][Info] [TC1.MapMemory] buffer[117] = 117
[848:50:27.750][Main][OSInputOutputTest][Info] [TC1.MapMemory] buffer[118] = 118
[848:50:27.750][Main][OSInputOutputTest][Info] [TC1.MapMemory] buffer[119] = 119
[848:50:27.750][Main][OSInputOutputTest][Info] [TC1.MapMemory] buffer[120] = 120
[848:50:27.750][Main][OSInputOutputTest][Info] [TC1.MapMemory] buffer[121] = 121
[848:50:27.750][Main][OSInputOutputTest][Info] [TC1.MapMemory] buffer[122] = 122
[848:50:27.750][Main][OSInputOutputTest][Info] [TC1.MapMemory] buffer[123] = 123
[848:50:27.750][Main][OSInputOutputTest][Info] [TC1.MapMemory] buffer[124] = 124
[848:50:27.750][Main][OSInputOutputTest][Info] [TC1.MapMemory] buffer[125] = 125
[848:50:27.750][Main][OSInputOutputTest][Info] [TC1.MapMemory] buffer[126] = 126
[848:50:27.750][Main][OSInputOutputTest][Info] [TC1.MapMemory] buffer[127] = 127
[848:50:27.750][Main][OSInputOutputTest][Info] [TC1.MapMemory] buffer[128] = 128
[848:50:27.750][Main][OSInputOutputTest][Info] [TC1.MapMemory] buffer[129] = 129
[848:50:27.750][Main][OSInputOutputTest][Info] [TC1.MapMemory] buffer[130] = 130
[848:50:27.750][Main][OSInputOutputTest][Info] [TC1.MapMemory] buffer[131] = 131
[848:50:27.750][Main][OSInputOutputTest][Info] [TC1.MapMemory] buffer[132] = 132
[848:50:27.750][Main][OSInputOutputTest][Info] [TC1.MapMemory] buffer[133] = 133
[848:50:27.750][Main][OSInputOutputTest][Info] [TC1.MapMemory] buffer[134] = 134
[848:50:27.750][Main][OSInputOutputTest][Info] [TC1.MapMemory] buffer[135] = 135
[848:50:27.750][Main][OSInputOutputTest][Info] [TC1.MapMemory] buffer[136] = 136
[848:50:27.750][Main][OSInputOutputTest][Info] [TC1.MapMemory] buffer[137] = 137
[848:50:27.750][Main][OSInputOutputTest][Info] [TC1.MapMemory] buffer[138] = 138
[848:50:27.750][Main][OSInputOutputTest][Info] [TC1.MapMemory] buffer[139] = 139
[848:50:27.750][Main][OSInputOutputTest][Info] [TC1.MapMemory] buffer[140] = 140
[848:50:27.750][Main][OSInputOutputTest][Info] [TC1.MapMemory] buffer[141] = 141
[848:50:27.750][Main][OSInputOutputTest][Info] [TC1.MapMemory] buffer[142] = 142
[848:50:27.750][Main][OSInputOutputTest][Info] [TC1.MapMemory] buffer[143] = 143
[848:50:27.750][Main][OSInputOutputTest][Info] [TC1.MapMemory] buffer[144] = 144
[848:50:27.750][Main][OSInputOutputTest][Info] [TC1.MapMemory] buffer[145] = 145
[848:50:27.750][Main][OSInputOutputTest][Info] [TC1.MapMemory] buffer[146] = 146
[848:50:27.750][Main][OSInputOutputTest][Info] [TC1.MapMemory] buffer[147] = 147
[848:50:27.750][Main][OSInputOutputTest][Info] [TC1.MapMemory] buffer[148] = 148
[848:50:27.750][Main][OSInputOutputTest][Info] [TC1.MapMemory] buffer[149] = 149
[848:50:27.750][Main][OSInputOutputTest][Info] [TC1.MapMemory] buffer[150] = 150
[848:50:27.750][Main][OSInputOutputTest][Info] [TC1.MapMemory] buffer[151] = 151
[848:50:27.750][Main][OSInputOutputTest][Info] [TC1.MapMemory] buffer[152] = 152
[848:50:27.750][Main][OSInputOutputTest][Info] [TC1.MapMemory] buffer[153] = 153
[848:50:27.750][Main][OSInputOutputTest][Info] [TC1.MapMemory] buffer[154] = 154
[848:50:27.750][Main][OSInputOutputTest][Info] [TC1.MapMemory] buffer[155] = 155
[848:50:27.750][Main][OSInputOutputTest][Info] [TC1.MapMemory] buffer[156] = 156
[848:50:27.750][Main][OSInputOutputTest][Info] [TC1.MapMemory] buffer[157] = 157
[848:50:27.750][Main][OSInputOutputTest][Info] [TC1.MapMemory] buffer[158] = 158
[848:50:27.750][Main][OSInputOutputTest][Info] [TC1.MapMemory] buffer[159] = 159
[848:50:27.750][Main][OSInputOutputTest][Info] [TC1.MapMemory] buffer[160] = 160
[848:50:27.750][Main][OSInputOutputTest][Info] [TC1.MapMemory] buffer[161] = 161
[848:50:27.750][Main][OSInputOutputTest][Info] [TC1.MapMemory] buffer[162] = 162
[848:50:27.750][Main][OSInputOutputTest][Info] [TC1.MapMemory] buffer[163] = 163
[848:50:27.750][Main][OSInputOutputTest][Info] [TC1.MapMemory] buffer[164] = 164
[848:50:27.750][Main][OSInputOutputTest][Info] [TC1.MapMemory] buffer[165] = 165
[848:50:27.750][Main][OSInputOutputTest][Info] [TC1.MapMemory] buffer[166] = 166
[848:50:27.750][Main][OSInputOutputTest][Info] [TC1.MapMemory] buffer[167] = 167
[848:50:27.750][Main][OSInputOutputTest][Info] [TC1.MapMemory] buffer[168] = 168
[848:50:27.750][Main][OSInputOutputTest][Info] [TC1.MapMemory] buffer[169] = 169
[848:50:27.750][Main][OSInputOutputTest][Info] [TC1.MapMemory] buffer[170] = 170
[848:50:27.750][Main][OSInputOutputTest][Info] [TC1.MapMemory] buffer[171] = 171
[848:50:27.750][Main][OSInputOutputTest][Info] [TC1.MapMemory] buffer[172] = 172
[848:50:27.750][Main][OSInputOutputTest][Info] [TC1.MapMemory] buffer[173] = 173
[848:50:27.750][Main][OSInputOutputTest][Info] [TC1.MapMemory] buffer[174] = 174
[848:50:27.750][Main][OSInputOutputTest][Info] [TC1.MapMemory] buffer[175] = 175
[848:50:27.750][Main][OSInputOutputTest][Info] [TC1.MapMemory] buffer[176] = 176
[848:50:27.750][Main][OSInputOutputTest][Info] [TC1.MapMemory] buffer[177] = 177
[848:50:27.750][Main][OSInputOutputTest][Info] [TC1.MapMemory] buffer[178] = 178
[848:50:27.750][Main][OSInputOutputTest][Info] [TC1.MapMemory] buffer[179] = 179
[848:50:27.750][Main][OSInputOutputTest][Info] [TC1.MapMemory] buffer[180] = 180
[848:50:27.750][Main][OSInputOutputTest][Info] [TC1.MapMemory] buffer[181] = 181
[848:50:27.750][Main][OSInputOutputTest][Info] [TC1.MapMemory] buffer[182] = 182
[848:50:27.750][Main][OSInputOutputTest][Info] [TC1.MapMemory] buffer[183] = 183
[848:50:27.750][Main][OSInputOutputTest][Info] [TC1.MapMemory] buffer[184] = 184
[848:50:27.750][Main][OSInputOutputTest][Info] [TC1.MapMemory] buffer[185] = 185
[848:50:27.750][Main][OSInputOutputTest][Info] [TC1.MapMemory] buffer[186] = 186
[848:50:27.750][Main][OSInputOutputTest][Info] [TC1.MapMemory] buffer[187] = 187
[848:50:27.750][Main][OSInputOutputTest][Info] [TC1.MapMemory] buffer[188] = 188
[848:50:27.750][Main][OSInputOutputTest][Info] [TC1.MapMemory] buffer[189] = 189
[848:50:27.750][Main][OSInputOutputTest][Info] [TC1.MapMemory] buffer[190] = 190
[848:50:27.750][Main][OSInputOutputTest][Info] [TC1.MapMemory] buffer[191] = 191
[848:50:27.750][Main][OSInputOutputTest][Info] [TC1.MapMemory] buffer[192] = 192
[848:50:27.750][Main][OSInputOutputTest][Info] [TC1.MapMemory] buffer[193] = 193
[848:50:27.750][Main][OSInputOutputTest][Info] [TC1.MapMemory] buffer[194] = 194
[848:50:27.750][Main][OSInputOutputTest][Info] [TC1.MapMemory] buffer[195] = 195
[848:50:27.750][Main][OSInputOutputTest][Info] [TC1.MapMemory] buffer[196] = 196
[848:50:27.750][Main][OSInputOutputTest][Info] [TC1.MapMemory] buffer[197] = 197
[848:50:27.750][Main][OSInputOutputTest][Info] [TC1.MapMemory] buffer[198] = 198
[848:50:27.750][Main][OSInputOutputTest][Info] [TC1.MapMemory] buffer[199] = 199
[848:50:27.750][Main][OSInputOutputTest][Info] [TC1.MapMemory] buffer[200] = 200
[848:50:27.750][Main][OSInputOutputTest][Info] [TC1.MapMemory] buffer[201] = 201
[848:50:27.750][Main][OSInputOutputTest][Info] [TC1.MapMemory] buffer[202] = 202
[848:50:27.750][Main][OSInputOutputTest][Info] [TC1.MapMemory] buffer[203] = 203
[848:50:27.750][Main][OSInputOutputTest][Info] [TC1.MapMemory] buffer[204] = 204
[848:50:27.750][Main][OSInputOutputTest][Info] [TC1.MapMemory] buffer[205] = 205
[848:50:27.750][Main][OSInputOutputTest][Info] [TC1.MapMemory] buffer[206] = 206
[848:50:27.750][Main][OSInputOutputTest][Info] [TC1.MapMemory] buffer[207] = 207
[848:50:27.750][Main][OSInputOutputTest][Info] [TC1.MapMemory] buffer[208] = 208
[848:50:27.750][Main][OSInputOutputTest][Info] [TC1.MapMemory] buffer[209] = 209
[848:50:27.750][Main][OSInputOutputTest][Info] [TC1.MapMemory] buffer[210] = 210
[848:50:27.750][Main][OSInputOutputTest][Info] [TC1.MapMemory] buffer[211] = 211
[848:50:27.750][Main][OSInputOutputTest][Info] [TC1.MapMemory] buffer[212] = 212
[848:50:27.750][Main][OSInputOutputTest][Info] [TC1.MapMemory] buffer[213] = 213
[848:50:27.750][Main][OSInputOutputTest][Info] [TC1.MapMemory] buffer[214] = 214
[848:50:27.750][Main][OSInputOutputTest][Info] [TC1.MapMemory] buffer[215] = 215
[848:50:27.750][Main][OSInputOutputTest][Info] [TC1.MapMemory] buffer[216] = 216
[848:50:27.750][Main][OSInputOutputTest][Info] [TC1.MapMemory] buffer[217] = 217
[848:50:27.750][Main][OSInputOutputTest][Info] [TC1.MapMemory] buffer[218] = 218
[848:50:27.750][Main][OSInputOutputTest][Info] [TC1.MapMemory] buffer[219] = 219
[848:50:27.750][Main][OSInputOutputTest][Info] [TC1.MapMemory] buffer[220] = 220
[848:50:27.750][Main][OSInputOutputTest][Info] [TC1.MapMemory] buffer[221] = 221
[848:50:27.750][Main][OSInputOutputTest][Info] [TC1.MapMemory] buffer[222] = 222
[848:50:27.750][Main][OSInputOutputTest][Info] [TC1.MapMemory] buffer[223] = 223
[848:50:27.750][Main][OSInputOutputTest][Info] [TC1.MapMemory] buffer[224] = 224
[848:50:27.750][Main][OSInputOutputTest][Info] [TC1.MapMemory] buffer[225] = 225
[848:50:27.750][Main][OSInputOutputTest][Info] [TC1.MapMemory] buffer[226] = 226
[848:50:27.750][Main][OSInputOutputTest][Info] [TC1.MapMemory] buffer[227] = 227
[848:50:27.750][Main][OSInputOutputTest][Info] [TC1.MapMemory] buffer[228] = 228
[848:50:27.750][Main][OSInputOutputTest][Info] [TC1.MapMemory] buffer[229] = 229
[848:50:27.750][Main][OSInputOutputTest][Info] [TC1.MapMemory] buffer[230] = 230
[848:50:27.750][Main][OSInputOutputTest][Info] [TC1.MapMemory] buffer[231] = 231
[848:50:27.750][Main][OSInputOutputTest][Info] [TC1.MapMemory] buffer[232] = 232
[848:50:27.750][Main][OSInputOutputTest][Info] [TC1.MapMemory] buffer[233] = 233
[848:50:27.750][Main][OSInputOutputTest][Info] [TC1.MapMemory] buffer[234] = 234
[848:50:27.750][Main][OSInputOutputTest][Info] [TC1.MapMemory] buffer[235] = 235
[848:50:27.750][Main][OSInputOutputTest][Info] [TC1.MapMemory] buffer[236] = 236
[848:50:27.750][Main][OSInputOutputTest][Info] [TC1.MapMemory] buffer[237] = 237
[848:50:27.750][Main][OSInputOutputTest][Info] [TC1.MapMemory] buffer[238] = 238
[848:50:27.750][Main][OSInputOutputTest][Info] [TC1.MapMemory] buffer[239] = 239
[848:50:27.750][Main][OSInputOutputTest][Info] [TC1.MapMemory] buffer[240] = 240
[848:50:27.750][Main][OSInputOutputTest][Info] [TC1.MapMemory] buffer[241] = 241
[848:50:27.750][Main][OSInputOutputTest][Info] [TC1.MapMemory] buffer[242] = 242
[848:50:27.750][Main][OSInputOutputTest][Info] [TC1.MapMemory] buffer[243] = 243
[848:50:27.750][Main][OSInputOutputTest][Info] [TC1.MapMemory] buffer[244] = 244
[848:50:27.750][Main][OSInputOutputTest][Info] [TC1.MapMemory] buffer[245] = 245
[848:50:27.750][Main][OSInputOutputTest][Info] [TC1.MapMemory] buffer[246] = 246
[848:50:27.750][Main][OSInputOutputTest][Info] [TC1.MapMemory] buffer[247] = 247
[848:50:27.750][Main][OSInputOutputTest][Info] [TC1.MapMemory] buffer[248] = 248
[848:50:27.750][Main][OSInputOutputTest][Info] [TC1.MapMemory] buffer[249] = 249
[848:50:27.750][Main][OSInputOutputTest][Info] [TC1.MapMemory] buffer[250] = 250
[848:50:27.750][Main][OSInputOutputTest][Info] [TC1.MapMemory] buffer[251] = 251
[848:50:27.750][Main][OSInputOutputTest][Info] [TC1.MapMemory] buffer[252] = 252
[848:50:27.750][Main][OSInputOutputTest][Info] [TC1.MapMemory] buffer[253] = 253
[848:50:27.750][Main][OSInputOutputTest][Info] [TC1.MapMemory] buffer[254] = 254
[848:50:27.750][Main][OSInputOutputTest][Info] [TC1.MapMemory] buffer[255] = 255
[848:50:27.750][Main][OSInputOutputTest][Info] [TC1.MapMemory] Read 256 bytes is success.
[848:50:27.750][Main][OSInputOutputTest][Info] [TC1.MapMemory] Read: buffer[0] = 
[848:50:27.750][Main][OSInputOutputTest][Info] [TC1.MapMemory] Read: buffer[1] =  <=> 1
[848:50:27.750][Main][OSInputOutputTest][Info] [TC1.MapMemory] Read: buffer[2] =  <=> 2
[848:50:27.750][Main][OSInputOutputTest][Info] [TC1.MapMemory] Read: buffer[3] =  <=> 3
[848:50:27.750][Main][OSInputOutputTest][Info] [TC1.MapMemory] Read: buffer[4] =  <=> 4
[848:50:27.750][Main][OSInputOutputTest][Info] [TC1.MapMemory] Read: buffer[5] =  <=> 5
[848:50:27.750][Main][OSInputOutputTest][Info] [TC1.MapMemory] Read: buffer[6] =  <=> 6
[848:50:27.750][Main][OSInputOutputTest][Info] [TC1.MapMemory] Read: buffer[7] =  <=> 7
[848:50:27.750][Main][OSInputOutputTest][Info] [TC1.MapMemory] Read: buffer[8] =  <=> 8
[848:50:27.750][Main][OSInputOutputTest][Info] [TC1.MapMemory] Read: buffer[9] = 	 <=> 9
[848:50:27.750][Main][OSInputOutputTest][Info] [TC1.MapMemory] Read: buffer[10] = 
 <=> 10
[848:50:27.750][Main][OSInputOutputTest][Info] [TC1.MapMemory] Read: buffer[11] =  <=> 11
[848:50:27.750][Main][OSInputOutputTest][Info] [TC1.MapMemory] Read: buffer[12] =  <=> 12
[848:50:27.750][Main][OSInputOutputTest][Info] [TC1.MapMemory] Read: buffer[13] =  <=> 13
[848:50:27.750][Main][OSInputOutputTest][Info] [TC1.MapMemory] Read: buffer[14] =  <=> 14
[848:50:27.750][Main][OSInputOutputTest][Info] [TC1.MapMemory] Read: buffer[15] =  <=> 15
[848:50:27.750][Main][OSInputOutputTest][Info] [TC1.MapMemory] Read: buffer[16] =  <=> 16
[848:50:27.750][Main][OSInputOutputTest][Info] [TC1.MapMemory] Read: buffer[17] =  <=> 17
[848:50:27.750][Main][OSInputOutputTest][Info] [TC1.MapMemory] Read: buffer[18] =  <=> 18
[848:50:27.750][Main][OSInputOutputTest][Info] [TC1.MapMemory] Read: buffer[19] =  <=> 19
[848:50:27.750][Main][OSInputOutputTest][Info] [TC1.MapMemory] Read: buffer[20] =  <=> 20
[848:50:27.750][Main][OSInputOutputTest][Info] [TC1.MapMemory] Read: buffer[21] =  <=> 21
[848:50:27.750][Main][OSInputOutputTest][Info] [TC1.MapMemory] Read: buffer[22] =  <=> 22
[848:50:27.750][Main][OSInputOutputTest][Info] [TC1.MapMemory] Read: buffer[23] =  <=> 23
[848:50:27.750][Main][OSInputOutputTest][Info] [TC1.MapMemory] Read: buffer[24] =  <=> 24
[848:50:27.750][Main][OSInputOutputTest][Info] [TC1.MapMemory] Read: buffer[25] =  <=> 25
[848:50:27.750][Main][OSInputOutputTest][Info] [TC1.MapMemory] Read: buffer[26] =  <=> 26
[848:50:27.750][Main][OSInputOutputTest][Info] [TC1.MapMemory] Read: buffer[27] =  <=> 27
[848:50:27.750][Main][OSInputOutputTest][Info] [TC1.MapMemory] Read: buffer[28] =  <=> 28
[848:50:27.750][Main][OSInputOutputTest][Info] [TC1.MapMemory] Read: buffer[29] =  <=> 29
[848:50:27.750][Main][OSInputOutputTest][Info] [TC1.MapMemory] Read: buffer[30] =  <=> 30
[848:50:27.750][Main][OSInputOutputTest][Info] [TC1.MapMemory] Read: buffer[31] =  <=> 31
[848:50:27.750][Main][OSInputOutputTest][Info] [TC1.MapMemory] Read: buffer[32] =   <=> 32
[848:50:27.750][Main][OSInputOutputTest][Info] [TC1.MapMemory] Read: buffer[33] = ! <=> 33
[848:50:27.750][Main][OSInputOutputTest][Info] [TC1.MapMemory] Read: buffer[34] = " <=> 34
[848:50:27.750][Main][OSInputOutputTest][Info] [TC1.MapMemory] Read: buffer[35] = # <=> 35
[848:50:27.750][Main][OSInputOutputTest][Info] [TC1.MapMemory] Read: buffer[36] = $ <=> 36
[848:50:27.750][Main][OSInputOutputTest][Info] [TC1.MapMemory] Read: buffer[37] = % <=> 37
[848:50:27.750][Main][OSInputOutputTest][Info] [TC1.MapMemory] Read: buffer[38] = & <=> 38
[848:50:27.750][Main][OSInputOutputTest][Info] [TC1.MapMemory] Read: buffer[39] = ' <=> 39
[848:50:27.750][Main][OSInputOutputTest][Info] [TC1.MapMemory] Read: buffer[40] = ( <=> 40
[848:50:27.750][Main][OSInputOutputTest][Info] [TC1.MapMemory] Read: buffer[41] = ) <=> 41
[848:50:27.750][Main][OSInputOutputTest][Info] [TC1.MapMemory] Read: buffer[42] = * <=> 42
[848:50:27.750][Main][OSInputOutputTest][Info] [TC1.MapMemory] Read: buffer[43] = + <=> 43
[848:50:27.750][Main][OSInputOutputTest][Info] [TC1.MapMemory] Read: buffer[44] = , <=> 44
[848:50:27.750][Main][OSInputOutputTest][Info] [TC1.MapMemory] Read: buffer[45] = - <=> 45
[848:50:27.750][Main][OSInputOutputTest][Info] [TC1.MapMemory] Read: buffer[46] = . <=> 46
[848:50:27.750][Main][OSInputOutputTest][Info] [TC1.MapMemory] Read: buffer[47] = / <=> 47
[848:50:27.750][Main][OSInputOutputTest][Info] [TC1.MapMemory] Read: buffer[48] = 0 <=> 48
[848:50:27.750][Main][OSInputOutputTest][Info] [TC1.MapMemory] Read: buffer[49] = 1 <=> 49
[848:50:27.750][Main][OSInputOutputTest][Info] [TC1.MapMemory] Read: buffer[50] = 2 <=> 50
[848:50:27.750][Main][OSInputOutputTest][Info] [TC1.MapMemory] Read: buffer[51] = 3 <=> 51
[848:50:27.750][Main][OSInputOutputTest][Info] [TC1.MapMemory] Read: buffer[52] = 4 <=> 52
[848:50:27.750][Main][OSInputOutputTest][Info] [TC1.MapMemory] Read: buffer[53] = 5 <=> 53
[848:50:27.750][Main][OSInputOutputTest][Info] [TC1.MapMemory] Read: buffer[54] = 6 <=> 54
[848:50:27.750][Main][OSInputOutputTest][Info] [TC1.MapMemory] Read: buffer[55] = 7 <=> 55
[848:50:27.750][Main][OSInputOutputTest][Info] [TC1.MapMemory] Read: buffer[56] = 8 <=> 56
[848:50:27.750][Main][OSInputOutputTest][Info] [TC1.MapMemory] Read: buffer[57] = 9 <=> 57
[848:50:27.750][Main][OSInputOutputTest][Info] [TC1.MapMemory] Read: buffer[58] = : <=> 58
[848:50:27.750][Main][OSInputOutputTest][Info] [TC1.MapMemory] Read: buffer[59] = ; <=> 59
[848:50:27.750][Main][OSInputOutputTest][Info] [TC1.MapMemory] Read: buffer[60] = < <=> 60
[848:50:27.750][Main][OSInputOutputTest][Info] [TC1.MapMemory] Read: buffer[61] = = <=> 61
[848:50:27.750][Main][OSInputOutputTest][Info] [TC1.MapMemory] Read: buffer[62] = > <=> 62
[848:50:27.750][Main][OSInputOutputTest][Info] [TC1.MapMemory] Read: buffer[63] = ? <=> 63
[848:50:27.750][Main][OSInputOutputTest][Info] [TC1.MapMemory] Read: buffer[64] = @ <=> 64
[848:50:27.750][Main][OSInputOutputTest][Info] [TC1.MapMemory] Read: buffer[65] = A <=> 65
[848:50:27.750][Main][OSInputOutputTest][Info] [TC1.MapMemory] Read: buffer[66] = B <=> 66
[848:50:27.750][Main][OSInputOutputTest][Info] [TC1.MapMemory] Read: buffer[67] = C <=> 67
[848:50:27.750][Main][OSInputOutputTest][Info] [TC1.MapMemory] Read: buffer[68] = D <=> 68
[848:50:27.750][Main][OSInputOutputTest][Info] [TC1.MapMemory] Read: buffer[69] = E <=> 69
[848:50:27.750][Main][OSInputOutputTest][Info] [TC1.MapMemory] Read: buffer[70] = F <=> 70
[848:50:27.750][Main][OSInputOutputTest][Info] [TC1.MapMemory] Read: buffer[71] = G <=> 71
[848:50:27.750][Main][OSInputOutputTest][Info] [TC1.MapMemory] Read: buffer[72] = H <=> 72
[848:50:27.750][Main][OSInputOutputTest][Info] [TC1.MapMemory] Read: buffer[73] = I <=> 73
[848:50:27.750][Main][OSInputOutputTest][Info] [TC1.MapMemory] Read: buffer[74] = J <=> 74
[848:50:27.750][Main][OSInputOutputTest][Info] [TC1.MapMemory] Read: buffer[75] = K <=> 75
[848:50:27.750][Main][OSInputOutputTest][Info] [TC1.MapMemory] Read: buffer[76] = L <=> 76
[848:50:27.750][Main][OSInputOutputTest][Info] [TC1.MapMemory] Read: buffer[77] = M <=> 77
[848:50:27.750][Main][OSInputOutputTest][Info] [TC1.MapMemory] Read: buffer[78] = N <=> 78
[848:50:27.750][Main][OSInputOutputTest][Info] [TC1.MapMemory] Read: buffer[79] = O <=> 79
[848:50:27.750][Main][OSInputOutputTest][Info] [TC1.MapMemory] Read: buffer[80] = P <=> 80
[848:50:27.750][Main][OSInputOutputTest][Info] [TC1.MapMemory] Read: buffer[81] = Q <=> 81
[848:50:27.750][Main][OSInputOutputTest][Info] [TC1.MapMemory] Read: buffer[82] = R <=> 82
[848:50:27.750][Main][OSInputOutputTest][Info] [TC1.MapMemory] Read: buffer[83] = S <=> 83
[848:50:27.750][Main][OSInputOutputTest][Info] [TC1.MapMemory] Read: buffer[84] = T <=> 84
[848:50:27.750][Main][OSInputOutputTest][Info] [TC1.MapMemory] Read: buffer[85] = U <=> 85
[848:50:27.750][Main][OSInputOutputTest][Info] [TC1.MapMemory] Read: buffer[86] = V <=> 86
[848:50:27.751][Main][OSInputOutputTest][Info] [TC1.MapMemory] Read: buffer[87] = W <=> 87
[848:50:27.751][Main][OSInputOutputTest][Info] [TC1.MapMemory] Read: buffer[88] = X <=> 88
[848:50:27.751][Main][OSInputOutputTest][Info] [TC1.MapMemory] Read: buffer[89] = Y <=> 89
[848:50:27.751][Main][OSInputOutputTest][Info] [TC1.MapMemory] Read: buffer[90] = Z <=> 90
[848:50:27.751][Main][OSInputOutputTest][Info] [TC1.MapMemory] Read: buffer[91] = [ <=> 91
[848:50:27.751][Main][OSInputOutputTest][Info] [TC1.MapMemory] Read: buffer[92] = \ <=> 92
[848:50:27.751][Main][OSInputOutputTest][Info] [TC1.MapMemory] Read: buffer[93] = ] <=> 93
[848:50:27.751][Main][OSInputOutputTest][Info] [TC1.MapMemory] Read: buffer[94] = ^ <=> 94
[848:50:27.751][Main][OSInputOutputTest][Info] [TC1.MapMemory] Read: buffer[95] = _ <=> 95
[848:50:27.751][Main][OSInputOutputTest][Info] [TC1.MapMemory] Read: buffer[96] = ` <=> 96
[848:50:27.751][Main][OSInputOutputTest][Info] [TC1.MapMemory] Read: buffer[97] = a <=> 97
[848:50:27.751][Main][OSInputOutputTest][Info] [TC1.MapMemory] Read: buffer[98] = b <=> 98
[848:50:27.751][Main][OSInputOutputTest][Info] [TC1.MapMemory] Read: buffer[99] = c <=> 99
[848:50:27.751][Main][OSInputOutputTest][Info] [TC1.MapMemory] Read: buffer[100] = d <=> 100
[848:50:27.751][Main][OSInputOutputTest][Info] [TC1.MapMemory] Read: buffer[101] = e <=> 101
[848:50:27.751][Main][OSInputOutputTest][Info] [TC1.MapMemory] Read: buffer[102] = f <=> 102
[848:50:27.751][Main][OSInputOutputTest][Info] [TC1.MapMemory] Read: buffer[103] = g <=> 103
[848:50:27.751][Main][OSInputOutputTest][Info] [TC1.MapMemory] Read: buffer[104] = h <=> 104
[848:50:27.751][Main][OSInputOutputTest][Info] [TC1.MapMemory] Read: buffer[105] = i <=> 105
[848:50:27.751][Main][OSInputOutputTest][Info] [TC1.MapMemory] Read: buffer[106] = j <=> 106
[848:50:27.751][Main][OSInputOutputTest][Info] [TC1.MapMemory] Read: buffer[107] = k <=> 107
[848:50:27.751][Main][OSInputOutputTest][Info] [TC1.MapMemory] Read: buffer[108] = l <=> 108
[848:50:27.751][Main][OSInputOutputTest][Info] [TC1.MapMemory] Read: buffer[109] = m <=> 109
[848:50:27.751][Main][OSInputOutputTest][Info] [TC1.MapMemory] Read: buffer[110] = n <=> 110
[848:50:27.751][Main][OSInputOutputTest][Info] [TC1.MapMemory] Read: buffer[111] = o <=> 111
[848:50:27.751][Main][OSInputOutputTest][Info] [TC1.MapMemory] Read: buffer[112] = p <=> 112
[848:50:27.751][Main][OSInputOutputTest][Info] [TC1.MapMemory] Read: buffer[113] = q <=> 113
[848:50:27.751][Main][OSInputOutputTest][Info] [TC1.MapMemory] Read: buffer[114] = r <=> 114
[848:50:27.751][Main][OSInputOutputTest][Info] [TC1.MapMemory] Read: buffer[115] = s <=> 115
[848:50:27.751][Main][OSInputOutputTest][Info] [TC1.MapMemory] Read: buffer[116] = t <=> 116
[848:50:27.751][Main][OSInputOutputTest][Info] [TC1.MapMemory] Read: buffer[117] = u <=> 117
[848:50:27.751][Main][OSInputOutputTest][Info] [TC1.MapMemory] Read: buffer[118] = v <=> 118
[848:50:27.751][Main][OSInputOutputTest][Info] [TC1.MapMemory] Read: buffer[119] = w <=> 119
[848:50:27.751][Main][OSInputOutputTest][Info] [TC1.MapMemory] Read: buffer[120] = x <=> 120
[848:50:27.751][Main][OSInputOutputTest][Info] [TC1.MapMemory] Read: buffer[121] = y <=> 121
[848:50:27.751][Main][OSInputOutputTest][Info] [TC1.MapMemory] Read: buffer[122] = z <=> 122
[848:50:27.751][Main][OSInputOutputTest][Info] [TC1.MapMemory] Read: buffer[123] = { <=> 123
[848:50:27.751][Main][OSInputOutputTest][Info] [TC1.MapMemory] Read: buffer[124] = | <=> 124
[848:50:27.751][Main][OSInputOutputTest][Info] [TC1.MapMemory] Read: buffer[125] = } <=> 125
[848:50:27.751][Main][OSInputOutputTest][Info] [TC1.MapMemory] Read: buffer[126] = ~ <=> 126
[848:50:27.751][Main][OSInputOutputTest][Info] [TC1.MapMemory] Read: buffer[127] =  <=> 127
[848:50:27.751][Main][OSInputOutputTest][Info] [TC1.MapMemory] Read: buffer[128] = Ä <=> 128
[848:50:27.751][Main][OSInputOutputTest][Info] [TC1.MapMemory] Read: buffer[129] = Å <=> 129
[848:50:27.751][Main][OSInputOutputTest][Info] [TC1.MapMemory] Read: buffer[130] = Ç <=> 130
[848:50:27.751][Main][OSInputOutputTest][Info] [TC1.MapMemory] Read: buffer[131] = É <=> 131
[848:50:27.751][Main][OSInputOutputTest][Info] [TC1.MapMemory] Read: buffer[132] = Ñ <=> 132
[848:50:27.751][Main][OSInputOutputTest][Info] [TC1.MapMemory] Read: buffer[133] = Ö <=> 133
[848:50:27.751][Main][OSInputOutputTest][Info] [TC1.MapMemory] Read: buffer[134] = Ü <=> 134
[848:50:27.751][Main][OSInputOutputTest][Info] [TC1.MapMemory] Read: buffer[135] = á <=> 135
[848:50:27.751][Main][OSInputOutputTest][Info] [TC1.MapMemory] Read: buffer[136] = à <=> 136
[848:50:27.751][Main][OSInputOutputTest][Info] [TC1.MapMemory] Read: buffer[137] = â <=> 137
[848:50:27.751][Main][OSInputOutputTest][Info] [TC1.MapMemory] Read: buffer[138] = ä <=> 138
[848:50:27.751][Main][OSInputOutputTest][Info] [TC1.MapMemory] Read: buffer[139] = ã <=> 139
[848:50:27.751][Main][OSInputOutputTest][Info] [TC1.MapMemory] Read: buffer[140] = å <=> 140
[848:50:27.751][Main][OSInputOutputTest][Info] [TC1.MapMemory] Read: buffer[141] = ç <=> 141
[848:50:27.751][Main][OSInputOutputTest][Info] [TC1.MapMemory] Read: buffer[142] = é <=> 142
[848:50:27.751][Main][OSInputOutputTest][Info] [TC1.MapMemory] Read: buffer[143] = è <=> 143
[848:50:27.751][Main][OSInputOutputTest][Info] [TC1.MapMemory] Read: buffer[144] = ê <=> 144
[848:50:27.751][Main][OSInputOutputTest][Info] [TC1.MapMemory] Read: buffer[145] = ë <=> 145
[848:50:27.751][Main][OSInputOutputTest][Info] [TC1.MapMemory] Read: buffer[146] = í <=> 146
[848:50:27.751][Main][OSInputOutputTest][Info] [TC1.MapMemory] Read: buffer[147] = ì <=> 147
[848:50:27.751][Main][OSInputOutputTest][Info] [TC1.MapMemory] Read: buffer[148] = î <=> 148
[848:50:27.751][Main][OSInputOutputTest][Info] [TC1.MapMemory] Read: buffer[149] = ï <=> 149
[848:50:27.751][Main][OSInputOutputTest][Info] [TC1.MapMemory] Read: buffer[150] = ñ <=> 150
[848:50:27.751][Main][OSInputOutputTest][Info] [TC1.MapMemory] Read: buffer[151] = ó <=> 151
[848:50:27.751][Main][OSInputOutputTest][Info] [TC1.MapMemory] Read: buffer[152] = ò <=> 152
[848:50:27.751][Main][OSInputOutputTest][Info] [TC1.MapMemory] Read: buffer[153] = ô <=> 153
[848:50:27.751][Main][OSInputOutputTest][Info] [TC1.MapMemory] Read: buffer[154] = ö <=> 154
[848:50:27.751][Main][OSInputOutputTest][Info] [TC1.MapMemory] Read: buffer[155] = õ <=> 155
[848:50:27.751][Main][OSInputOutputTest][Info] [TC1.MapMemory] Read: buffer[156] = ú <=> 156
[848:50:27.751][Main][OSInputOutputTest][Info] [TC1.MapMemory] Read: buffer[157] = ù <=> 157
[848:50:27.751][Main][OSInputOutputTest][Info] [TC1.MapMemory] Read: buffer[158] = û <=> 158
[848:50:27.751][Main][OSInputOutputTest][Info] [TC1.MapMemory] Read: buffer[159] = ü <=> 159
[848:50:27.751][Main][OSInputOutputTest][Info] [TC1.MapMemory] Read: buffer[160] = † <=> 160
[848:50:27.751][Main][OSInputOutputTest][Info] [TC1.MapMemory] Read: buffer[161] = ° <=> 161
[848:50:27.751][Main][OSInputOutputTest][Info] [TC1.MapMemory] Read: buffer[162] = ¢ <=> 162
[848:50:27.751][Main][OSInputOutputTest][Info] [TC1.MapMemory] Read: buffer[163] = £ <=> 163
[848:50:27.751][Main][OSInputOutputTest][Info] [TC1.MapMemory] Read: buffer[164] = § <=> 164
[848:50:27.751][Main][OSInputOutputTest][Info] [TC1.MapMemory] Read: buffer[165] = • <=> 165
[848:50:27.751][Main][OSInputOutputTest][Info] [TC1.MapMemory] Read: buffer[166] = ¶ <=> 166
[848:50:27.751][Main][OSInputOutputTest][Info] [TC1.MapMemory] Read: buffer[167] = ß <=> 167
[848:50:27.751][Main][OSInputOutputTest][Info] [TC1.MapMemory] Read: buffer[168] = ® <=> 168
[848:50:27.751][Main][OSInputOutputTest][Info] [TC1.MapMemory] Read: buffer[169] = © <=> 169
[848:50:27.751][Main][OSInputOutputTest][Info] [TC1.MapMemory] Read: buffer[170] = ™ <=> 170
[848:50:27.751][Main][OSInputOutputTest][Info] [TC1.MapMemory] Read: buffer[171] = ´ <=> 171
[848:50:27.751][Main][OSInputOutputTest][Info] [TC1.MapMemory] Read: buffer[172] = ¨ <=> 172
[848:50:27.751][Main][OSInputOutputTest][Info] [TC1.MapMemory] Read: buffer[173] = ≠ <=> 173
[848:50:27.751][Main][OSInputOutputTest][Info] [TC1.MapMemory] Read: buffer[174] = Æ <=> 174
[848:50:27.751][Main][OSInputOutputTest][Info] [TC1.MapMemory] Read: buffer[175] = Ø <=> 175
[848:50:27.751][Main][OSInputOutputTest][Info] [TC1.MapMemory] Read: buffer[176] = ∞ <=> 176
[848:50:27.751][Main][OSInputOutputTest][Info] [TC1.MapMemory] Read: buffer[177] = ± <=> 177
[848:50:27.751][Main][OSInputOutputTest][Info] [TC1.MapMemory] Read: buffer[178] = ≤ <=> 178
[848:50:27.751][Main][OSInputOutputTest][Info] [TC1.MapMemory] Read: buffer[179] = ≥ <=> 179
[848:50:27.751][Main][OSInputOutputTest][Info] [TC1.MapMemory] Read: buffer[180] = ¥ <=> 180
[848:50:27.751][Main][OSInputOutputTest][Info] [TC1.MapMemory] Read: buffer[181] = µ <=> 181
[848:50:27.751][Main][OSInputOutputTest][Info] [TC1.MapMemory] Read: buffer[182] = ∂ <=> 182
[848:50:27.751][Main][OSInputOutputTest][Info] [TC1.MapMemory] Read: buffer[183] = ∑ <=> 183
[848:50:27.751][Main][OSInputOutputTest][Info] [TC1.MapMemory] Read: buffer[184] = ∏ <=> 184
[848:50:27.751][Main][OSInputOutputTest][Info] [TC1.MapMemory] Read: buffer[185] = π <=> 185
[848:50:27.751][Main][OSInputOutputTest][Info] [TC1.MapMemory] Read: buffer[186] = ∫ <=> 186
[848:50:27.751][Main][OSInputOutputTest][Info] [TC1.MapMemory] Read: buffer[187] = ª <=> 187
[848:50:27.751][Main][OSInputOutputTest][Info] [TC1.MapMemory] Read: buffer[188] = º <=> 188
[848:50:27.751][Main][OSInputOutputTest][Info] [TC1.MapMemory] Read: buffer[189] = Ω <=> 189
[848:50:27.751][Main][OSInputOutputTest][Info] [TC1.MapMemory] Read: buffer[190] = æ <=> 190
[848:50:27.751][Main][OSInputOutputTest][Info] [TC1.MapMemory] Read: buffer[191] = ø <=> 191
[848:50:27.751][Main][OSInputOutputTest][Info] [TC1.MapMemory] Read: buffer[192] = ¿ <=> 192
[848:50:27.751][Main][OSInputOutputTest][Info] [TC1.MapMemory] Read: buffer[193] = ¡ <=> 193
[848:50:27.751][Main][OSInputOutputTest][Info] [TC1.MapMemory] Read: buffer[194] = ¬ <=> 194
[848:50:27.751][Main][OSInputOutputTest][Info] [TC1.MapMemory] Read: buffer[195] = √ <=> 195
[848:50:27.751][Main][OSInputOutputTest][Info] [TC1.MapMemory] Read: buffer[196] = ƒ <=> 196
[848:50:27.751][Main][OSInputOutputTest][Info] [TC1.MapMemory] Read: buffer[197] = ≈ <=> 197
[848:50:27.751][Main][OSInputOutputTest][Info] [TC1.MapMemory] Read: buffer[198] = ∆ <=> 198
[848:50:27.751][Main][OSInputOutputTest][Info] [TC1.MapMemory] Read: buffer[199] = « <=> 199
[848:50:27.751][Main][OSInputOutputTest][Info] [TC1.MapMemory] Read: buffer[200] = » <=> 200
[848:50:27.751][Main][OSInputOutputTest][Info] [TC1.MapMemory] Read: buffer[201] = … <=> 201
[848:50:27.751][Main][OSInputOutputTest][Info] [TC1.MapMemory] Read: buffer[202] =   <=> 202
[848:50:27.751][Main][OSInputOutputTest][Info] [TC1.MapMemory] Read: buffer[203] = À <=> 203
[848:50:27.751][Main][OSInputOutputTest][Info] [TC1.MapMemory] Read: buffer[204] = Ã <=> 204
[848:50:27.751][Main][OSInputOutputTest][Info] [TC1.MapMemory] Read: buffer[205] = Õ <=> 205
[848:50:27.751][Main][OSInputOutputTest][Info] [TC1.MapMemory] Read: buffer[206] = Œ <=> 206
[848:50:27.751][Main][OSInputOutputTest][Info] [TC1.MapMemory] Read: buffer[207] = œ <=> 207
[848:50:27.751][Main][OSInputOutputTest][Info] [TC1.MapMemory] Read: buffer[208] = – <=> 208
[848:50:27.751][Main][OSInputOutputTest][Info] [TC1.MapMemory] Read: buffer[209] = — <=> 209
[848:50:27.751][Main][OSInputOutputTest][Info] [TC1.MapMemory] Read: buffer[210] = “ <=> 210
[848:50:27.751][Main][OSInputOutputTest][Info] [TC1.MapMemory] Read: buffer[211] = ” <=> 211
[848:50:27.751][Main][OSInputOutputTest][Info] [TC1.MapMemory] Read: buffer[212] = ‘ <=> 212
[848:50:27.751][Main][OSInputOutputTest][Info] [TC1.MapMemory] Read: buffer[213] = ’ <=> 213
[848:50:27.751][Main][OSInputOutputTest][Info] [TC1.MapMemory] Read: buffer[214] = ÷ <=> 214
[848:50:27.751][Main][OSInputOutputTest][Info] [TC1.MapMemory] Read: buffer[215] = ◊ <=> 215
[848:50:27.751][Main][OSInputOutputTest][Info] [TC1.MapMemory] Read: buffer[216] = ÿ <=> 216
[848:50:27.751][Main][OSInputOutputTest][Info] [TC1.MapMemory] Read: buffer[217] = Ÿ <=> 217
[848:50:27.751][Main][OSInputOutputTest][Info] [TC1.MapMemory] Read: buffer[218] = ⁄ <=> 218
[848:50:27.751][Main][OSInputOutputTest][Info] [TC1.MapMemory] Read: buffer[219] = € <=> 219
[848:50:27.751][Main][OSInputOutputTest][Info] [TC1.MapMemory] Read: buffer[220] = ‹ <=> 220
[848:50:27.751][Main][OSInputOutputTest][Info] [TC1.MapMemory] Read: buffer[221] = › <=> 221
[848:50:27.751][Main][OSInputOutputTest][Info] [TC1.MapMemory] Read: buffer[222] = ﬁ <=> 222
[848:50:27.751][Main][OSInputOutputTest][Info] [TC1.MapMemory] Read: buffer[223] = ﬂ <=> 223
[848:50:27.751][Main][OSInputOutputTest][Info] [TC1.MapMemory] Read: buffer[224] = ‡ <=> 224
[848:50:27.751][Main][OSInputOutputTest][Info] [TC1.MapMemory] Read: buffer[225] = · <=> 225
[848:50:27.751][Main][OSInputOutputTest][Info] [TC1.MapMemory] Read: buffer[226] = ‚ <=> 226
[848:50:27.751][Main][OSInputOutputTest][Info] [TC1.MapMemory] Read: buffer[227] = „ <=> 227
[848:50:27.751][Main][OSInputOutputTest][Info] [TC1.MapMemory] Read: buffer[228] = ‰ <=> 228
[848:50:27.751][Main][OSInputOutputTest][Info] [TC1.MapMemory] Read: buffer[229] = Â <=> 229
[848:50:27.751][Main][OSInputOutputTest][Info] [TC1.MapMemory] Read: buffer[230] = Ê <=> 230
[848:50:27.751][Main][OSInputOutputTest][Info] [TC1.MapMemory] Read: buffer[231] = Á <=> 231
[848:50:27.751][Main][OSInputOutputTest][Info] [TC1.MapMemory] Read: buffer[232] = Ë <=> 232
[848:50:27.751][Main][OSInputOutputTest][Info] [TC1.MapMemory] Read: buffer[233] = È <=> 233
[848:50:27.751][Main][OSInputOutputTest][Info] [TC1.MapMemory] Read: buffer[234] = Í <=> 234
[848:50:27.751][Main][OSInputOutputTest][Info] [TC1.MapMemory] Read: buffer[235] = Î <=> 235
[848:50:27.751][Main][OSInputOutputTest][Info] [TC1.MapMemory] Read: buffer[236] = Ï <=> 236
[848:50:27.751][Main][OSInputOutputTest][Info] [TC1.MapMemory] Read: buffer[237] = Ì <=> 237
[848:50:27.751][Main][OSInputOutputTest][Info] [TC1.MapMemory] Read: buffer[238] = Ó <=> 238
[848:50:27.751][Main][OSInputOutputTest][Info] [TC1.MapMemory] Read: buffer[239] = Ô <=> 239
[848:50:27.751][Main][OSInputOutputTest][Info] [TC1.MapMemory] Read: buffer[240] =  <=> 240
[848:50:27.751][Main][OSInputOutputTest][Info] [TC1.MapMemory] Read: buffer[241] = Ò <=> 241
[848:50:27.751][Main][OSInputOutputTest][Info] [TC1.MapMemory] Read: buffer[242] = Ú <=> 242
[848:50:27.751][Main][OSInputOutputTest][Info] [TC1.MapMemory] Read: buffer[243] = Û <=> 243
[848:50:27.751][Main][OSInputOutputTest][Info] [TC1.MapMemory] Read: buffer[244] = Ù <=> 244
[848:50:27.751][Main][OSInputOutputTest][Info] [TC1.MapMemory] Read: buffer[245] = ı <=> 245
[848:50:27.751][Main][OSInputOutputTest][Info] [TC1.MapMemory] Read: buffer[246] = ˆ <=> 246
[848:50:27.751][Main][OSInputOutputTest][Info] [TC1.MapMemory] Read: buffer[247] = ˜ <=> 247
[848:50:27.751][Main][OSInputOutputTest][Info] [TC1.MapMemory] Read: buffer[248] = ¯ <=> 248
[848:50:27.751][Main][OSInputOutputTest][Info] [TC1.MapMemory] Read: buffer[249] = ˘ <=> 249
[848:50:27.751][Main][OSInputOutputTest][Info] [TC1.MapMemory] Read: buffer[250] = ˙ <=> 250
[848:50:27.751][Main][OSInputOutputTest][Info] [TC1.MapMemory] Read: buffer[251] = ˚ <=> 251
[848:50:27.751][Main][OSInputOutputTest][Info] [TC1.MapMemory] Read: buffer[252] = ¸ <=> 252
[848:50:27.751][Main][OSInputOutputTest][Info] [TC1.MapMemory] Read: buffer[253] = ˝ <=> 253
[848:50:27.751][Main][OSInputOutputTest][Info] [TC1.MapMemory] Read: buffer[254] = ˛ <=> 254
[848:50:27.751][Main][OSInputOutputTest][Info] [TC1.MapMemory] Read: buffer[255] = ˇ <=> 255
[848:50:27.751][Main][MapMemory][Info] = Allocator Usage ========================================
[848:50:27.751][Main][MapMemory][Info] ==========================================================
[848:50:27.751][Main][OSInputOutputTest][Info] # TC1.MapMemory Result [PASS] #

[848:50:27.751][Main][OSInputOutputTest][Info] = Collection Result: [SUCCESS] =================

[848:50:27.751][Main][OSThreadTest][Info] = START ========================================
[848:50:27.751][Main][OSThreadTest][Info] = Collection Result: [SUCCESS] =================

[848:50:27.751][Main][OSMemoryTest][Info] = START ========================================
[848:50:27.751][Main][OSMemoryTest][Info] # TC0.VirtualAlloc VirtualFree Round Trip #
[848:50:27.751][Main][OSMemoryTest][Info] [TC0.VirtualAlloc VirtualFree Round Trip] VirtualAlloc/VirtualFree round trip succeeded
[848:50:27.751][Main][VirtualAlloc VirtualFree Round Trip][Info] = Allocator Usage ========================================
[848:50:27.751][Main][VirtualAlloc VirtualFree Round Trip][Info] ==========================================================
[848:50:27.751][Main][OSMemoryTest][Info] # TC0.VirtualAlloc VirtualFree Round Trip Result [PASS] #

[848:50:27.751][Main][OSMemoryTest][Info] # TC1.VirtualFree Valid Memory #
[848:50:27.751][Main][OSMemoryTest][Info] [TC1.VirtualFree Valid Memory] VirtualFree on valid memory succeeded without false assert
[848:50:27.751][Main][VirtualFree Valid Memory][Info] = Allocator Usage ========================================
[848:50:27.751][Main][VirtualFree Valid Memory][Info] ==========================================================
[848:50:27.751][Main][OSMemoryTest][Info] # TC1.VirtualFree Valid Memory Result [PASS] #

[848:50:27.751][Main][OSMemoryTest][Info] # TC2.VirtualFree With Size Parameter #
[848:50:27.751][Main][OSMemoryTest][Info] [TC2.VirtualFree With Size Parameter] VirtualFree with size parameter succeeded
[848:50:27.751][Main][VirtualFree With Size Parameter][Info] = Allocator Usage ========================================
[848:50:27.751][Main][VirtualFree With Size Parameter][Info] ==========================================================
[848:50:27.751][Main][OSMemoryTest][Info] # TC2.VirtualFree With Size Parameter Result [PASS] #

[848:50:27.751][Main][OSMemoryTest][Info] # TC3.VirtualAlloc VirtualFree Multiple Cycles #
[848:50:27.751][Main][OSMemoryTest][Info] [TC3.VirtualAlloc VirtualFree Multiple Cycles] 10 alloc/free cycles completed successfully
[848:50:27.751][Main][VirtualAlloc VirtualFree Multiple Cycles][Info] = Allocator Usage ========================================
[848:50:27.751][Main][VirtualAlloc VirtualFree Multiple Cycles][Info] ==========================================================
[848:50:27.751][Main][OSMemoryTest][Info] # TC3.VirtualAlloc VirtualFree Multiple Cycles Result [PASS] #

[848:50:27.751][Main][OSMemoryTest][Info] # TC4.GetPageSize #
[848:50:27.751][Main][OSMemoryTest][Info] [TC4.GetPageSize] Page size: 16384
[848:50:27.751][Main][GetPageSize][Info] = Allocator Usage ========================================
[848:50:27.751][Main][GetPageSize][Info] ==========================================================
[848:50:27.751][Main][OSMemoryTest][Info] # TC4.GetPageSize Result [PASS] #

[848:50:27.751][Main][OSMemoryTest][Info] = Collection Result: [SUCCESS] =================

[848:50:27.751][Main][BufferTest][Info] = START ========================================
[848:50:27.751][Main][BufferTest][Info] # TC0.Default Construction #
[848:50:27.751][Main][Default Construction][Info] = Allocator Usage ========================================
[848:50:27.751][Main][Default Construction][Info] ==========================================================
[848:50:27.751][Main][BufferTest][Info] # TC0.Default Construction Result [PASS] #

[848:50:27.751][Main][BufferTest][Info] # TC1.Generation & Release #
[848:50:27.751][Main][Generation & Release][Info] = Allocator Usage ========================================
[848:50:27.751][Main][Generation & Release][Info] [64] Memory = 0 / 1048576
[848:50:27.751][Main][Generation & Release][Info] ==========================================================
[848:50:27.751][Main][BufferTest][Info] # TC1.Generation & Release Result [PASS] #

[848:50:27.751][Main][BufferTest][Info] # TC2.Memory Buffer #
[848:50:27.751][Main][Memory Buffer][Info] = Allocator Usage ========================================
[848:50:27.751][Main][Memory Buffer][Info] [64] Memory = 0 / 1048576
[848:50:27.751][Main][Memory Buffer][Info] ==========================================================
[848:50:27.751][Main][BufferTest][Info] # TC2.Memory Buffer Result [PASS] #

[848:50:27.751][Main][BufferTest][Info] # TC3.File Buffer #
[848:50:27.751][Main][BufferTest][Info] [TC3.File Buffer] Prepare file_buffer_test.dat
[848:50:27.751][Main][BufferTest][Info] [TC3.File Buffer] 
[848:50:27.751][Main][BufferTest][Info] [TC3.File Buffer] Map read/write test.
[848:50:27.751][Main][BufferTest][Info] [TC3.File Buffer] ptr[0] = a <=> text[0] = a
[848:50:27.751][Main][BufferTest][Info] [TC3.File Buffer] ptr[1] = b <=> text[1] = b
[848:50:27.751][Main][BufferTest][Info] [TC3.File Buffer] ptr[2] = c <=> text[2] = c
[848:50:27.751][Main][BufferTest][Info] [TC3.File Buffer] ptr[3] = d <=> text[3] = d
[848:50:27.751][Main][BufferTest][Info] [TC3.File Buffer] ptr[4] = e <=> text[4] = e
[848:50:27.751][Main][BufferTest][Info] [TC3.File Buffer] ptr[5] = f <=> text[5] = f
[848:50:27.751][Main][BufferTest][Info] [TC3.File Buffer] ptr[6] = g <=> text[6] = g
[848:50:27.751][Main][BufferTest][Info] [TC3.File Buffer] ptr[7] = h <=> text[7] = h
[848:50:27.751][Main][BufferTest][Info] [TC3.File Buffer] ptr[8] = i <=> text[8] = i
[848:50:27.751][Main][BufferTest][Info] [TC3.File Buffer] ptr[9] = j <=> text[9] = j
[848:50:27.751][Main][BufferTest][Info] [TC3.File Buffer] ptr[10] = k <=> text[10] = k
[848:50:27.751][Main][BufferTest][Info] [TC3.File Buffer] ptr[11] = l <=> text[11] = l
[848:50:27.751][Main][BufferTest][Info] [TC3.File Buffer] ptr[12] = m <=> text[12] = m
[848:50:27.751][Main][BufferTest][Info] [TC3.File Buffer] ptr[13] = n <=> text[13] = n
[848:50:27.751][Main][BufferTest][Info] [TC3.File Buffer] ptr[14] = o <=> text[14] = o
[848:50:27.751][Main][BufferTest][Info] [TC3.File Buffer] ptr[15] = p <=> text[15] = p
[848:50:27.751][Main][BufferTest][Info] [TC3.File Buffer] ptr[16] = q <=> text[16] = q
[848:50:27.751][Main][BufferTest][Info] [TC3.File Buffer] ptr[17] = r <=> text[17] = r
[848:50:27.751][Main][BufferTest][Info] [TC3.File Buffer] ptr[18] = s <=> text[18] = s
[848:50:27.751][Main][BufferTest][Info] [TC3.File Buffer] ptr[19] = t <=> text[19] = t
[848:50:27.751][Main][BufferTest][Info] [TC3.File Buffer] ptr[20] = u <=> text[20] = u
[848:50:27.751][Main][BufferTest][Info] [TC3.File Buffer] ptr[21] = v <=> text[21] = v
[848:50:27.751][Main][BufferTest][Info] [TC3.File Buffer] ptr[22] = w <=> text[22] = w
[848:50:27.751][Main][BufferTest][Info] [TC3.File Buffer] ptr[23] = x <=> text[23] = x
[848:50:27.751][Main][BufferTest][Info] [TC3.File Buffer] ptr[24] = y <=> text[24] = y
[848:50:27.751][Main][BufferTest][Info] [TC3.File Buffer] ptr[25] = z <=> text[25] = z
[848:50:27.751][Main][BufferTest][Info] [TC3.File Buffer] 
[848:50:27.751][Main][BufferTest][Info] [TC3.File Buffer] Read back test.
[848:50:27.751][Main][BufferTest][Info] [TC3.File Buffer] Open: file_buffer_test.dat
[848:50:27.751][Main][BufferTest][Info] [TC3.File Buffer] 0 : read (a) from the file. <=> 'a'
[848:50:27.751][Main][BufferTest][Info] [TC3.File Buffer] 1 : read (a) from the file. <=> 'a'
[848:50:27.751][Main][BufferTest][Info] [TC3.File Buffer] 2 : read (a) from the file. <=> 'a'
[848:50:27.751][Main][BufferTest][Info] [TC3.File Buffer] 3 : read (a) from the file. <=> 'a'
[848:50:27.751][Main][BufferTest][Info] [TC3.File Buffer] 4 : read (a) from the file. <=> 'a'
[848:50:27.751][Main][BufferTest][Info] [TC3.File Buffer] 5 : read (a) from the file. <=> 'a'
[848:50:27.751][Main][BufferTest][Info] [TC3.File Buffer] 6 : read (a) from the file. <=> 'a'
[848:50:27.751][Main][BufferTest][Info] [TC3.File Buffer] 7 : read (a) from the file. <=> 'a'
[848:50:27.751][Main][BufferTest][Info] [TC3.File Buffer] 8 : read (a) from the file. <=> 'a'
[848:50:27.751][Main][BufferTest][Info] [TC3.File Buffer] 9 : read (a) from the file. <=> 'a'
[848:50:27.751][Main][BufferTest][Info] [TC3.File Buffer] 10 : read (a) from the file. <=> 'a'
[848:50:27.751][Main][BufferTest][Info] [TC3.File Buffer] 11 : read (a) from the file. <=> 'a'
[848:50:27.751][Main][BufferTest][Info] [TC3.File Buffer] 12 : read (a) from the file. <=> 'a'
[848:50:27.751][Main][BufferTest][Info] [TC3.File Buffer] 13 : read (a) from the file. <=> 'a'
[848:50:27.751][Main][BufferTest][Info] [TC3.File Buffer] 14 : read (a) from the file. <=> 'a'
[848:50:27.751][Main][BufferTest][Info] [TC3.File Buffer] 15 : read (a) from the file. <=> 'a'
[848:50:27.751][Main][BufferTest][Info] [TC3.File Buffer] 16 : read (a) from the file. <=> 'a'
[848:50:27.751][Main][BufferTest][Info] [TC3.File Buffer] 17 : read (a) from the file. <=> 'a'
[848:50:27.751][Main][BufferTest][Info] [TC3.File Buffer] 18 : read (a) from the file. <=> 'a'
[848:50:27.751][Main][BufferTest][Info] [TC3.File Buffer] 19 : read (a) from the file. <=> 'a'
[848:50:27.751][Main][BufferTest][Info] [TC3.File Buffer] 20 : read (a) from the file. <=> 'a'
[848:50:27.751][Main][BufferTest][Info] [TC3.File Buffer] 21 : read (a) from the file. <=> 'a'
[848:50:27.751][Main][BufferTest][Info] [TC3.File Buffer] 22 : read (a) from the file. <=> 'a'
[848:50:27.751][Main][BufferTest][Info] [TC3.File Buffer] 23 : read (a) from the file. <=> 'a'
[848:50:27.751][Main][BufferTest][Info] [TC3.File Buffer] 24 : read (a) from the file. <=> 'a'
[848:50:27.751][Main][BufferTest][Info] [TC3.File Buffer] 25 : read (a) from the file. <=> 'a'
[848:50:27.751][Main][File Buffer][Info] = Allocator Usage ========================================
[848:50:27.751][Main][File Buffer][Info] ==========================================================
[848:50:27.751][Main][BufferTest][Info] # TC3.File Buffer Result [PASS] #

[848:50:27.751][Main][BufferTest][Info] = Collection Result: [SUCCESS] =================

[848:50:27.751][Main][BufferInputStreamTest][Info] = START ========================================
[848:50:27.751][Main][BufferInputStreamTest][Info] # TC0.Empty Buffer #
[848:50:27.751][Main][Empty Buffer][Info] = Allocator Usage ========================================
[848:50:27.751][Main][Empty Buffer][Info] ==========================================================
[848:50:27.751][Main][BufferInputStreamTest][Info] # TC0.Empty Buffer Result [PASS] #

[848:50:27.751][Main][BufferInputStreamTest][Info] # TC1.Memory Buffer #
[848:50:27.751][Main][BufferInputStreamTest][Info] [TC1.Memory Buffer] 0th value = 0
[848:50:27.751][Main][BufferInputStreamTest][Info] [TC1.Memory Buffer] 1th value = 1
[848:50:27.751][Main][BufferInputStreamTest][Info] [TC1.Memory Buffer] 2th value = 2
[848:50:27.751][Main][BufferInputStreamTest][Info] [TC1.Memory Buffer] 3th value = 3
[848:50:27.751][Main][BufferInputStreamTest][Info] [TC1.Memory Buffer] 4th value = 4
[848:50:27.751][Main][BufferInputStreamTest][Info] [TC1.Memory Buffer] 5th value = 5
[848:50:27.751][Main][BufferInputStreamTest][Info] [TC1.Memory Buffer] 6th value = 6
[848:50:27.751][Main][BufferInputStreamTest][Info] [TC1.Memory Buffer] 7th value = 7
[848:50:27.751][Main][BufferInputStreamTest][Info] [TC1.Memory Buffer] 8th value = 8
[848:50:27.751][Main][BufferInputStreamTest][Info] [TC1.Memory Buffer] 9th value = 9
[848:50:27.751][Main][BufferInputStreamTest][Info] [TC1.Memory Buffer] 10th value = 10
[848:50:27.751][Main][BufferInputStreamTest][Info] [TC1.Memory Buffer] 11th value = 11
[848:50:27.751][Main][BufferInputStreamTest][Info] [TC1.Memory Buffer] 12th value = 12
[848:50:27.751][Main][BufferInputStreamTest][Info] [TC1.Memory Buffer] 13th value = 13
[848:50:27.751][Main][BufferInputStreamTest][Info] [TC1.Memory Buffer] 14th value = 14
[848:50:27.751][Main][BufferInputStreamTest][Info] [TC1.Memory Buffer] 15th value = 15
[848:50:27.751][Main][BufferInputStreamTest][Info] [TC1.Memory Buffer] 16th value = 16
[848:50:27.751][Main][BufferInputStreamTest][Info] [TC1.Memory Buffer] 17th value = 17
[848:50:27.751][Main][BufferInputStreamTest][Info] [TC1.Memory Buffer] 18th value = 18
[848:50:27.751][Main][BufferInputStreamTest][Info] [TC1.Memory Buffer] 19th value = 19
[848:50:27.751][Main][BufferInputStreamTest][Info] [TC1.Memory Buffer] 20th value = 20
[848:50:27.751][Main][BufferInputStreamTest][Info] [TC1.Memory Buffer] 21th value = 21
[848:50:27.751][Main][BufferInputStreamTest][Info] [TC1.Memory Buffer] 22th value = 22
[848:50:27.751][Main][BufferInputStreamTest][Info] [TC1.Memory Buffer] 23th value = 23
[848:50:27.751][Main][BufferInputStreamTest][Info] [TC1.Memory Buffer] 24th value = 24
[848:50:27.751][Main][BufferInputStreamTest][Info] [TC1.Memory Buffer] 25th value = 25
[848:50:27.751][Main][BufferInputStreamTest][Info] [TC1.Memory Buffer] 26th value = 26
[848:50:27.751][Main][BufferInputStreamTest][Info] [TC1.Memory Buffer] 27th value = 27
[848:50:27.751][Main][BufferInputStreamTest][Info] [TC1.Memory Buffer] 28th value = 28
[848:50:27.751][Main][BufferInputStreamTest][Info] [TC1.Memory Buffer] 29th value = 29
[848:50:27.751][Main][BufferInputStreamTest][Info] [TC1.Memory Buffer] 30th value = 30
[848:50:27.751][Main][BufferInputStreamTest][Info] [TC1.Memory Buffer] 31th value = 31
[848:50:27.751][Main][BufferInputStreamTest][Info] [TC1.Memory Buffer] 32th value = 32
[848:50:27.751][Main][BufferInputStreamTest][Info] [TC1.Memory Buffer] 33th value = 33
[848:50:27.751][Main][BufferInputStreamTest][Info] [TC1.Memory Buffer] 34th value = 34
[848:50:27.751][Main][BufferInputStreamTest][Info] [TC1.Memory Buffer] 35th value = 35
[848:50:27.751][Main][BufferInputStreamTest][Info] [TC1.Memory Buffer] 36th value = 36
[848:50:27.751][Main][BufferInputStreamTest][Info] [TC1.Memory Buffer] 37th value = 37
[848:50:27.751][Main][BufferInputStreamTest][Info] [TC1.Memory Buffer] 38th value = 38
[848:50:27.751][Main][BufferInputStreamTest][Info] [TC1.Memory Buffer] 39th value = 39
[848:50:27.751][Main][BufferInputStreamTest][Info] [TC1.Memory Buffer] 40th value = 40
[848:50:27.751][Main][BufferInputStreamTest][Info] [TC1.Memory Buffer] 41th value = 41
[848:50:27.751][Main][BufferInputStreamTest][Info] [TC1.Memory Buffer] 42th value = 42
[848:50:27.751][Main][BufferInputStreamTest][Info] [TC1.Memory Buffer] 43th value = 43
[848:50:27.751][Main][BufferInputStreamTest][Info] [TC1.Memory Buffer] 44th value = 44
[848:50:27.751][Main][BufferInputStreamTest][Info] [TC1.Memory Buffer] 45th value = 45
[848:50:27.751][Main][BufferInputStreamTest][Info] [TC1.Memory Buffer] 46th value = 46
[848:50:27.751][Main][BufferInputStreamTest][Info] [TC1.Memory Buffer] 47th value = 47
[848:50:27.751][Main][BufferInputStreamTest][Info] [TC1.Memory Buffer] 48th value = 48
[848:50:27.751][Main][BufferInputStreamTest][Info] [TC1.Memory Buffer] 49th value = 49
[848:50:27.751][Main][BufferInputStreamTest][Info] [TC1.Memory Buffer] 50th value = 50
[848:50:27.751][Main][BufferInputStreamTest][Info] [TC1.Memory Buffer] 51th value = 51
[848:50:27.751][Main][BufferInputStreamTest][Info] [TC1.Memory Buffer] 52th value = 52
[848:50:27.751][Main][BufferInputStreamTest][Info] [TC1.Memory Buffer] 53th value = 53
[848:50:27.751][Main][BufferInputStreamTest][Info] [TC1.Memory Buffer] 54th value = 54
[848:50:27.751][Main][BufferInputStreamTest][Info] [TC1.Memory Buffer] 55th value = 55
[848:50:27.751][Main][BufferInputStreamTest][Info] [TC1.Memory Buffer] 56th value = 56
[848:50:27.751][Main][BufferInputStreamTest][Info] [TC1.Memory Buffer] 57th value = 57
[848:50:27.751][Main][BufferInputStreamTest][Info] [TC1.Memory Buffer] 58th value = 58
[848:50:27.751][Main][BufferInputStreamTest][Info] [TC1.Memory Buffer] 59th value = 59
[848:50:27.751][Main][BufferInputStreamTest][Info] [TC1.Memory Buffer] 60th value = 60
[848:50:27.751][Main][BufferInputStreamTest][Info] [TC1.Memory Buffer] 61th value = 61
[848:50:27.751][Main][BufferInputStreamTest][Info] [TC1.Memory Buffer] 62th value = 62
[848:50:27.751][Main][BufferInputStreamTest][Info] [TC1.Memory Buffer] 63th value = 63
[848:50:27.751][Main][BufferInputStreamTest][Info] [TC1.Memory Buffer] 64th value = 64
[848:50:27.751][Main][BufferInputStreamTest][Info] [TC1.Memory Buffer] 65th value = 65
[848:50:27.751][Main][BufferInputStreamTest][Info] [TC1.Memory Buffer] 66th value = 66
[848:50:27.751][Main][BufferInputStreamTest][Info] [TC1.Memory Buffer] 67th value = 67
[848:50:27.751][Main][BufferInputStreamTest][Info] [TC1.Memory Buffer] 68th value = 68
[848:50:27.751][Main][BufferInputStreamTest][Info] [TC1.Memory Buffer] 69th value = 69
[848:50:27.751][Main][BufferInputStreamTest][Info] [TC1.Memory Buffer] 70th value = 70
[848:50:27.751][Main][BufferInputStreamTest][Info] [TC1.Memory Buffer] 71th value = 71
[848:50:27.751][Main][BufferInputStreamTest][Info] [TC1.Memory Buffer] 72th value = 72
[848:50:27.751][Main][BufferInputStreamTest][Info] [TC1.Memory Buffer] 73th value = 73
[848:50:27.751][Main][BufferInputStreamTest][Info] [TC1.Memory Buffer] 74th value = 74
[848:50:27.751][Main][BufferInputStreamTest][Info] [TC1.Memory Buffer] 75th value = 75
[848:50:27.751][Main][BufferInputStreamTest][Info] [TC1.Memory Buffer] 76th value = 76
[848:50:27.751][Main][BufferInputStreamTest][Info] [TC1.Memory Buffer] 77th value = 77
[848:50:27.751][Main][BufferInputStreamTest][Info] [TC1.Memory Buffer] 78th value = 78
[848:50:27.751][Main][BufferInputStreamTest][Info] [TC1.Memory Buffer] 79th value = 79
[848:50:27.751][Main][BufferInputStreamTest][Info] [TC1.Memory Buffer] 80th value = 80
[848:50:27.751][Main][BufferInputStreamTest][Info] [TC1.Memory Buffer] 81th value = 81
[848:50:27.751][Main][BufferInputStreamTest][Info] [TC1.Memory Buffer] 82th value = 82
[848:50:27.751][Main][BufferInputStreamTest][Info] [TC1.Memory Buffer] 83th value = 83
[848:50:27.751][Main][BufferInputStreamTest][Info] [TC1.Memory Buffer] 84th value = 84
[848:50:27.751][Main][BufferInputStreamTest][Info] [TC1.Memory Buffer] 85th value = 85
[848:50:27.751][Main][BufferInputStreamTest][Info] [TC1.Memory Buffer] 86th value = 86
[848:50:27.751][Main][BufferInputStreamTest][Info] [TC1.Memory Buffer] 87th value = 87
[848:50:27.751][Main][BufferInputStreamTest][Info] [TC1.Memory Buffer] 88th value = 88
[848:50:27.751][Main][BufferInputStreamTest][Info] [TC1.Memory Buffer] 89th value = 89
[848:50:27.751][Main][BufferInputStreamTest][Info] [TC1.Memory Buffer] 90th value = 90
[848:50:27.751][Main][BufferInputStreamTest][Info] [TC1.Memory Buffer] 91th value = 91
[848:50:27.751][Main][BufferInputStreamTest][Info] [TC1.Memory Buffer] 92th value = 92
[848:50:27.751][Main][BufferInputStreamTest][Info] [TC1.Memory Buffer] 93th value = 93
[848:50:27.751][Main][BufferInputStreamTest][Info] [TC1.Memory Buffer] 94th value = 94
[848:50:27.751][Main][BufferInputStreamTest][Info] [TC1.Memory Buffer] 95th value = 95
[848:50:27.751][Main][BufferInputStreamTest][Info] [TC1.Memory Buffer] 96th value = 96
[848:50:27.751][Main][BufferInputStreamTest][Info] [TC1.Memory Buffer] 97th value = 97
[848:50:27.751][Main][BufferInputStreamTest][Info] [TC1.Memory Buffer] 98th value = 98
[848:50:27.751][Main][BufferInputStreamTest][Info] [TC1.Memory Buffer] 99th value = 99
[848:50:27.751][Main][BufferInputStreamTest][Info] [TC1.Memory Buffer] 100th value = 100
[848:50:27.751][Main][BufferInputStreamTest][Info] [TC1.Memory Buffer] 101th value = 101
[848:50:27.751][Main][BufferInputStreamTest][Info] [TC1.Memory Buffer] 102th value = 102
[848:50:27.751][Main][BufferInputStreamTest][Info] [TC1.Memory Buffer] 103th value = 103
[848:50:27.751][Main][BufferInputStreamTest][Info] [TC1.Memory Buffer] 104th value = 104
[848:50:27.751][Main][BufferInputStreamTest][Info] [TC1.Memory Buffer] 105th value = 105
[848:50:27.751][Main][BufferInputStreamTest][Info] [TC1.Memory Buffer] 106th value = 106
[848:50:27.751][Main][BufferInputStreamTest][Info] [TC1.Memory Buffer] 107th value = 107
[848:50:27.751][Main][BufferInputStreamTest][Info] [TC1.Memory Buffer] 108th value = 108
[848:50:27.751][Main][BufferInputStreamTest][Info] [TC1.Memory Buffer] 109th value = 109
[848:50:27.751][Main][BufferInputStreamTest][Info] [TC1.Memory Buffer] 110th value = 110
[848:50:27.751][Main][BufferInputStreamTest][Info] [TC1.Memory Buffer] 111th value = 111
[848:50:27.751][Main][BufferInputStreamTest][Info] [TC1.Memory Buffer] 112th value = 112
[848:50:27.751][Main][BufferInputStreamTest][Info] [TC1.Memory Buffer] 113th value = 113
[848:50:27.751][Main][BufferInputStreamTest][Info] [TC1.Memory Buffer] 114th value = 114
[848:50:27.751][Main][BufferInputStreamTest][Info] [TC1.Memory Buffer] 115th value = 115
[848:50:27.751][Main][BufferInputStreamTest][Info] [TC1.Memory Buffer] 116th value = 116
[848:50:27.751][Main][BufferInputStreamTest][Info] [TC1.Memory Buffer] 117th value = 117
[848:50:27.751][Main][BufferInputStreamTest][Info] [TC1.Memory Buffer] 118th value = 118
[848:50:27.751][Main][BufferInputStreamTest][Info] [TC1.Memory Buffer] 119th value = 119
[848:50:27.751][Main][BufferInputStreamTest][Info] [TC1.Memory Buffer] 120th value = 120
[848:50:27.751][Main][BufferInputStreamTest][Info] [TC1.Memory Buffer] 121th value = 121
[848:50:27.751][Main][BufferInputStreamTest][Info] [TC1.Memory Buffer] 122th value = 122
[848:50:27.751][Main][BufferInputStreamTest][Info] [TC1.Memory Buffer] 123th value = 123
[848:50:27.751][Main][BufferInputStreamTest][Info] [TC1.Memory Buffer] 124th value = 124
[848:50:27.751][Main][BufferInputStreamTest][Info] [TC1.Memory Buffer] 125th value = 125
[848:50:27.751][Main][BufferInputStreamTest][Info] [TC1.Memory Buffer] 126th value = 126
[848:50:27.751][Main][BufferInputStreamTest][Info] [TC1.Memory Buffer] 127th value = 127
[848:50:27.751][Main][Memory Buffer][Info] = Allocator Usage ========================================
[848:50:27.751][Main][Memory Buffer][Info] [512] Memory = 0 / 1048576
[848:50:27.751][Main][Memory Buffer][Info] ==========================================================
[848:50:27.751][Main][BufferInputStreamTest][Info] # TC1.Memory Buffer Result [PASS] #

[848:50:27.751][Main][BufferInputStreamTest][Info] = Collection Result: [SUCCESS] =================

[848:50:27.751][Main][BufferOutputStreamTest][Info] = START ========================================
[848:50:27.751][Main][BufferOutputStreamTest][Info] # TC0.Empty Buffer #
[848:50:27.751][Main][Empty Buffer][Info] = Allocator Usage ========================================
[848:50:27.751][Main][Empty Buffer][Info] ==========================================================
[848:50:27.751][Main][BufferOutputStreamTest][Info] # TC0.Empty Buffer Result [PASS] #

[848:50:27.751][Main][BufferOutputStreamTest][Info] # TC1.Memory Buffer #
[848:50:27.751][Main][BufferOutputStreamTest][Info] [TC1.Memory Buffer] 0th value = 0
[848:50:27.751][Main][BufferOutputStreamTest][Info] [TC1.Memory Buffer] 1th value = 1
[848:50:27.751][Main][BufferOutputStreamTest][Info] [TC1.Memory Buffer] 2th value = 2
[848:50:27.751][Main][BufferOutputStreamTest][Info] [TC1.Memory Buffer] 3th value = 3
[848:50:27.751][Main][BufferOutputStreamTest][Info] [TC1.Memory Buffer] 4th value = 4
[848:50:27.751][Main][BufferOutputStreamTest][Info] [TC1.Memory Buffer] 5th value = 5
[848:50:27.751][Main][BufferOutputStreamTest][Info] [TC1.Memory Buffer] 6th value = 6
[848:50:27.751][Main][BufferOutputStreamTest][Info] [TC1.Memory Buffer] 7th value = 7
[848:50:27.751][Main][BufferOutputStreamTest][Info] [TC1.Memory Buffer] 8th value = 8
[848:50:27.751][Main][BufferOutputStreamTest][Info] [TC1.Memory Buffer] 9th value = 9
[848:50:27.751][Main][BufferOutputStreamTest][Info] [TC1.Memory Buffer] 10th value = 10
[848:50:27.751][Main][BufferOutputStreamTest][Info] [TC1.Memory Buffer] 11th value = 11
[848:50:27.751][Main][BufferOutputStreamTest][Info] [TC1.Memory Buffer] 12th value = 12
[848:50:27.751][Main][BufferOutputStreamTest][Info] [TC1.Memory Buffer] 13th value = 13
[848:50:27.751][Main][BufferOutputStreamTest][Info] [TC1.Memory Buffer] 14th value = 14
[848:50:27.751][Main][BufferOutputStreamTest][Info] [TC1.Memory Buffer] 15th value = 15
[848:50:27.751][Main][BufferOutputStreamTest][Info] [TC1.Memory Buffer] 16th value = 16
[848:50:27.751][Main][BufferOutputStreamTest][Info] [TC1.Memory Buffer] 17th value = 17
[848:50:27.751][Main][BufferOutputStreamTest][Info] [TC1.Memory Buffer] 18th value = 18
[848:50:27.751][Main][BufferOutputStreamTest][Info] [TC1.Memory Buffer] 19th value = 19
[848:50:27.751][Main][BufferOutputStreamTest][Info] [TC1.Memory Buffer] 20th value = 20
[848:50:27.751][Main][BufferOutputStreamTest][Info] [TC1.Memory Buffer] 21th value = 21
[848:50:27.751][Main][BufferOutputStreamTest][Info] [TC1.Memory Buffer] 22th value = 22
[848:50:27.751][Main][BufferOutputStreamTest][Info] [TC1.Memory Buffer] 23th value = 23
[848:50:27.751][Main][BufferOutputStreamTest][Info] [TC1.Memory Buffer] 24th value = 24
[848:50:27.751][Main][BufferOutputStreamTest][Info] [TC1.Memory Buffer] 25th value = 25
[848:50:27.751][Main][BufferOutputStreamTest][Info] [TC1.Memory Buffer] 26th value = 26
[848:50:27.751][Main][BufferOutputStreamTest][Info] [TC1.Memory Buffer] 27th value = 27
[848:50:27.751][Main][BufferOutputStreamTest][Info] [TC1.Memory Buffer] 28th value = 28
[848:50:27.751][Main][BufferOutputStreamTest][Info] [TC1.Memory Buffer] 29th value = 29
[848:50:27.751][Main][BufferOutputStreamTest][Info] [TC1.Memory Buffer] 30th value = 30
[848:50:27.751][Main][BufferOutputStreamTest][Info] [TC1.Memory Buffer] 31th value = 31
[848:50:27.751][Main][BufferOutputStreamTest][Info] [TC1.Memory Buffer] 32th value = 32
[848:50:27.751][Main][BufferOutputStreamTest][Info] [TC1.Memory Buffer] 33th value = 33
[848:50:27.751][Main][BufferOutputStreamTest][Info] [TC1.Memory Buffer] 34th value = 34
[848:50:27.751][Main][BufferOutputStreamTest][Info] [TC1.Memory Buffer] 35th value = 35
[848:50:27.751][Main][BufferOutputStreamTest][Info] [TC1.Memory Buffer] 36th value = 36
[848:50:27.751][Main][BufferOutputStreamTest][Info] [TC1.Memory Buffer] 37th value = 37
[848:50:27.752][Main][BufferOutputStreamTest][Info] [TC1.Memory Buffer] 38th value = 38
[848:50:27.752][Main][BufferOutputStreamTest][Info] [TC1.Memory Buffer] 39th value = 39
[848:50:27.752][Main][BufferOutputStreamTest][Info] [TC1.Memory Buffer] 40th value = 40
[848:50:27.752][Main][BufferOutputStreamTest][Info] [TC1.Memory Buffer] 41th value = 41
[848:50:27.752][Main][BufferOutputStreamTest][Info] [TC1.Memory Buffer] 42th value = 42
[848:50:27.752][Main][BufferOutputStreamTest][Info] [TC1.Memory Buffer] 43th value = 43
[848:50:27.752][Main][BufferOutputStreamTest][Info] [TC1.Memory Buffer] 44th value = 44
[848:50:27.752][Main][BufferOutputStreamTest][Info] [TC1.Memory Buffer] 45th value = 45
[848:50:27.752][Main][BufferOutputStreamTest][Info] [TC1.Memory Buffer] 46th value = 46
[848:50:27.752][Main][BufferOutputStreamTest][Info] [TC1.Memory Buffer] 47th value = 47
[848:50:27.752][Main][BufferOutputStreamTest][Info] [TC1.Memory Buffer] 48th value = 48
[848:50:27.752][Main][BufferOutputStreamTest][Info] [TC1.Memory Buffer] 49th value = 49
[848:50:27.752][Main][BufferOutputStreamTest][Info] [TC1.Memory Buffer] 50th value = 50
[848:50:27.752][Main][BufferOutputStreamTest][Info] [TC1.Memory Buffer] 51th value = 51
[848:50:27.752][Main][BufferOutputStreamTest][Info] [TC1.Memory Buffer] 52th value = 52
[848:50:27.752][Main][BufferOutputStreamTest][Info] [TC1.Memory Buffer] 53th value = 53
[848:50:27.752][Main][BufferOutputStreamTest][Info] [TC1.Memory Buffer] 54th value = 54
[848:50:27.752][Main][BufferOutputStreamTest][Info] [TC1.Memory Buffer] 55th value = 55
[848:50:27.752][Main][BufferOutputStreamTest][Info] [TC1.Memory Buffer] 56th value = 56
[848:50:27.752][Main][BufferOutputStreamTest][Info] [TC1.Memory Buffer] 57th value = 57
[848:50:27.752][Main][BufferOutputStreamTest][Info] [TC1.Memory Buffer] 58th value = 58
[848:50:27.752][Main][BufferOutputStreamTest][Info] [TC1.Memory Buffer] 59th value = 59
[848:50:27.752][Main][BufferOutputStreamTest][Info] [TC1.Memory Buffer] 60th value = 60
[848:50:27.752][Main][BufferOutputStreamTest][Info] [TC1.Memory Buffer] 61th value = 61
[848:50:27.752][Main][BufferOutputStreamTest][Info] [TC1.Memory Buffer] 62th value = 62
[848:50:27.752][Main][BufferOutputStreamTest][Info] [TC1.Memory Buffer] 63th value = 63
[848:50:27.752][Main][BufferOutputStreamTest][Info] [TC1.Memory Buffer] 64th value = 64
[848:50:27.752][Main][BufferOutputStreamTest][Info] [TC1.Memory Buffer] 65th value = 65
[848:50:27.752][Main][BufferOutputStreamTest][Info] [TC1.Memory Buffer] 66th value = 66
[848:50:27.752][Main][BufferOutputStreamTest][Info] [TC1.Memory Buffer] 67th value = 67
[848:50:27.752][Main][BufferOutputStreamTest][Info] [TC1.Memory Buffer] 68th value = 68
[848:50:27.752][Main][BufferOutputStreamTest][Info] [TC1.Memory Buffer] 69th value = 69
[848:50:27.752][Main][BufferOutputStreamTest][Info] [TC1.Memory Buffer] 70th value = 70
[848:50:27.752][Main][BufferOutputStreamTest][Info] [TC1.Memory Buffer] 71th value = 71
[848:50:27.752][Main][BufferOutputStreamTest][Info] [TC1.Memory Buffer] 72th value = 72
[848:50:27.752][Main][BufferOutputStreamTest][Info] [TC1.Memory Buffer] 73th value = 73
[848:50:27.752][Main][BufferOutputStreamTest][Info] [TC1.Memory Buffer] 74th value = 74
[848:50:27.752][Main][BufferOutputStreamTest][Info] [TC1.Memory Buffer] 75th value = 75
[848:50:27.752][Main][BufferOutputStreamTest][Info] [TC1.Memory Buffer] 76th value = 76
[848:50:27.752][Main][BufferOutputStreamTest][Info] [TC1.Memory Buffer] 77th value = 77
[848:50:27.752][Main][BufferOutputStreamTest][Info] [TC1.Memory Buffer] 78th value = 78
[848:50:27.752][Main][BufferOutputStreamTest][Info] [TC1.Memory Buffer] 79th value = 79
[848:50:27.752][Main][BufferOutputStreamTest][Info] [TC1.Memory Buffer] 80th value = 80
[848:50:27.752][Main][BufferOutputStreamTest][Info] [TC1.Memory Buffer] 81th value = 81
[848:50:27.752][Main][BufferOutputStreamTest][Info] [TC1.Memory Buffer] 82th value = 82
[848:50:27.752][Main][BufferOutputStreamTest][Info] [TC1.Memory Buffer] 83th value = 83
[848:50:27.752][Main][BufferOutputStreamTest][Info] [TC1.Memory Buffer] 84th value = 84
[848:50:27.752][Main][BufferOutputStreamTest][Info] [TC1.Memory Buffer] 85th value = 85
[848:50:27.752][Main][BufferOutputStreamTest][Info] [TC1.Memory Buffer] 86th value = 86
[848:50:27.752][Main][BufferOutputStreamTest][Info] [TC1.Memory Buffer] 87th value = 87
[848:50:27.752][Main][BufferOutputStreamTest][Info] [TC1.Memory Buffer] 88th value = 88
[848:50:27.752][Main][BufferOutputStreamTest][Info] [TC1.Memory Buffer] 89th value = 89
[848:50:27.752][Main][BufferOutputStreamTest][Info] [TC1.Memory Buffer] 90th value = 90
[848:50:27.752][Main][BufferOutputStreamTest][Info] [TC1.Memory Buffer] 91th value = 91
[848:50:27.752][Main][BufferOutputStreamTest][Info] [TC1.Memory Buffer] 92th value = 92
[848:50:27.752][Main][BufferOutputStreamTest][Info] [TC1.Memory Buffer] 93th value = 93
[848:50:27.752][Main][BufferOutputStreamTest][Info] [TC1.Memory Buffer] 94th value = 94
[848:50:27.752][Main][BufferOutputStreamTest][Info] [TC1.Memory Buffer] 95th value = 95
[848:50:27.752][Main][BufferOutputStreamTest][Info] [TC1.Memory Buffer] 96th value = 96
[848:50:27.752][Main][BufferOutputStreamTest][Info] [TC1.Memory Buffer] 97th value = 97
[848:50:27.752][Main][BufferOutputStreamTest][Info] [TC1.Memory Buffer] 98th value = 98
[848:50:27.752][Main][BufferOutputStreamTest][Info] [TC1.Memory Buffer] 99th value = 99
[848:50:27.752][Main][BufferOutputStreamTest][Info] [TC1.Memory Buffer] 100th value = 100
[848:50:27.752][Main][BufferOutputStreamTest][Info] [TC1.Memory Buffer] 101th value = 101
[848:50:27.752][Main][BufferOutputStreamTest][Info] [TC1.Memory Buffer] 102th value = 102
[848:50:27.752][Main][BufferOutputStreamTest][Info] [TC1.Memory Buffer] 103th value = 103
[848:50:27.752][Main][BufferOutputStreamTest][Info] [TC1.Memory Buffer] 104th value = 104
[848:50:27.752][Main][BufferOutputStreamTest][Info] [TC1.Memory Buffer] 105th value = 105
[848:50:27.752][Main][BufferOutputStreamTest][Info] [TC1.Memory Buffer] 106th value = 106
[848:50:27.752][Main][BufferOutputStreamTest][Info] [TC1.Memory Buffer] 107th value = 107
[848:50:27.752][Main][BufferOutputStreamTest][Info] [TC1.Memory Buffer] 108th value = 108
[848:50:27.752][Main][BufferOutputStreamTest][Info] [TC1.Memory Buffer] 109th value = 109
[848:50:27.752][Main][BufferOutputStreamTest][Info] [TC1.Memory Buffer] 110th value = 110
[848:50:27.752][Main][BufferOutputStreamTest][Info] [TC1.Memory Buffer] 111th value = 111
[848:50:27.752][Main][BufferOutputStreamTest][Info] [TC1.Memory Buffer] 112th value = 112
[848:50:27.752][Main][BufferOutputStreamTest][Info] [TC1.Memory Buffer] 113th value = 113
[848:50:27.752][Main][BufferOutputStreamTest][Info] [TC1.Memory Buffer] 114th value = 114
[848:50:27.752][Main][BufferOutputStreamTest][Info] [TC1.Memory Buffer] 115th value = 115
[848:50:27.752][Main][BufferOutputStreamTest][Info] [TC1.Memory Buffer] 116th value = 116
[848:50:27.752][Main][BufferOutputStreamTest][Info] [TC1.Memory Buffer] 117th value = 117
[848:50:27.752][Main][BufferOutputStreamTest][Info] [TC1.Memory Buffer] 118th value = 118
[848:50:27.752][Main][BufferOutputStreamTest][Info] [TC1.Memory Buffer] 119th value = 119
[848:50:27.752][Main][BufferOutputStreamTest][Info] [TC1.Memory Buffer] 120th value = 120
[848:50:27.752][Main][BufferOutputStreamTest][Info] [TC1.Memory Buffer] 121th value = 121
[848:50:27.752][Main][BufferOutputStreamTest][Info] [TC1.Memory Buffer] 122th value = 122
[848:50:27.752][Main][BufferOutputStreamTest][Info] [TC1.Memory Buffer] 123th value = 123
[848:50:27.752][Main][BufferOutputStreamTest][Info] [TC1.Memory Buffer] 124th value = 124
[848:50:27.752][Main][BufferOutputStreamTest][Info] [TC1.Memory Buffer] 125th value = 125
[848:50:27.752][Main][BufferOutputStreamTest][Info] [TC1.Memory Buffer] 126th value = 126
[848:50:27.752][Main][BufferOutputStreamTest][Info] [TC1.Memory Buffer] 127th value = 127
[848:50:27.752][Main][Memory Buffer][Info] = Allocator Usage ========================================
[848:50:27.752][Main][Memory Buffer][Info] [512] Memory = 0 / 1048576
[848:50:27.752][Main][Memory Buffer][Info] ==========================================================
[848:50:27.752][Main][BufferOutputStreamTest][Info] # TC1.Memory Buffer Result [PASS] #

[848:50:27.752][Main][BufferOutputStreamTest][Info] # TC2.Array #
[848:50:27.752][Main][BufferOutputStreamTest][Info] [TC2.Array] 0th value = 0
[848:50:27.752][Main][BufferOutputStreamTest][Info] [TC2.Array] 1th value = 1
[848:50:27.752][Main][BufferOutputStreamTest][Info] [TC2.Array] 2th value = 2
[848:50:27.752][Main][BufferOutputStreamTest][Info] [TC2.Array] 3th value = 3
[848:50:27.752][Main][BufferOutputStreamTest][Info] [TC2.Array] 4th value = 4
[848:50:27.752][Main][BufferOutputStreamTest][Info] [TC2.Array] 5th value = 5
[848:50:27.752][Main][BufferOutputStreamTest][Info] [TC2.Array] 6th value = 6
[848:50:27.752][Main][BufferOutputStreamTest][Info] [TC2.Array] 7th value = 7
[848:50:27.752][Main][BufferOutputStreamTest][Info] [TC2.Array] 8th value = 8
[848:50:27.752][Main][BufferOutputStreamTest][Info] [TC2.Array] 9th value = 9
[848:50:27.752][Main][Array][Info] = Allocator Usage ========================================
[848:50:27.752][Main][Array][Info] [128] Memory = 0 / 1048576
[848:50:27.752][Main][Array][Info] ==========================================================
[848:50:27.752][Main][BufferOutputStreamTest][Info] # TC2.Array Result [PASS] #

[848:50:27.752][Main][BufferOutputStreamTest][Info] # TC3.BufferInputStream #
[848:50:27.752][Main][BufferOutputStreamTest][Info] [TC3.BufferInputStream] 0 = 0
[848:50:27.752][Main][BufferOutputStreamTest][Info] [TC3.BufferInputStream] 1 = 1
[848:50:27.752][Main][BufferOutputStreamTest][Info] [TC3.BufferInputStream] 2 = 2
[848:50:27.752][Main][BufferOutputStreamTest][Info] [TC3.BufferInputStream] 3 = 3
[848:50:27.752][Main][BufferOutputStreamTest][Info] [TC3.BufferInputStream] 4 = 4
[848:50:27.752][Main][BufferOutputStreamTest][Info] [TC3.BufferInputStream] 5 = 5
[848:50:27.752][Main][BufferOutputStreamTest][Info] [TC3.BufferInputStream] 6 = 6
[848:50:27.752][Main][BufferOutputStreamTest][Info] [TC3.BufferInputStream] 7 = 7
[848:50:27.752][Main][BufferOutputStreamTest][Info] [TC3.BufferInputStream] 8 = 8
[848:50:27.752][Main][BufferOutputStreamTest][Info] [TC3.BufferInputStream] 9 = 9
[848:50:27.752][Main][BufferInputStream][Info] = Allocator Usage ========================================
[848:50:27.752][Main][BufferInputStream][Info] [128] Memory = 0 / 1048576
[848:50:27.752][Main][BufferInputStream][Info] ==========================================================
[848:50:27.752][Main][BufferOutputStreamTest][Info] # TC3.BufferInputStream Result [PASS] #

[848:50:27.752][Main][BufferOutputStreamTest][Info] = Collection Result: [SUCCESS] =================

[848:50:27.752][Main][HUnorderedMapTest][Info] = START ========================================
[848:50:27.752][Main][HUnorderedMapTest][Info] # TC0.Default Construction #
[848:50:27.752][Main][Default Construction][Info] = Allocator Usage ========================================
[848:50:27.752][Main][Default Construction][Info] ==========================================================
[848:50:27.752][Main][HUnorderedMapTest][Info] # TC0.Default Construction Result [PASS] #

[848:50:27.752][Main][HUnorderedMapTest][Info] # TC1.Insert Item #
[848:50:27.752][Main][HUnorderedMapTest][Info] [TC1.Insert Item] map[1] = 2
[848:50:27.752][Main][HUnorderedMapTest][Info] [TC1.Insert Item] map[2] = 1
[848:50:27.752][Main][HUnorderedMapTest][Info] [TC1.Insert Item] map[3] = 0
[848:50:27.752][Main][Insert Item][Info] = Allocator Usage ========================================
[848:50:27.752][Main][Insert Item][Info] [32] Memory = 0 / 1048576
[848:50:27.752][Main][Insert Item][Info] [64] Memory = 0 / 1048576
[848:50:27.752][Main][Insert Item][Info] ==========================================================
[848:50:27.752][Main][HUnorderedMapTest][Info] # TC1.Insert Item Result [PASS] #

[848:50:27.752][Main][HUnorderedMapTest][Info] = Collection Result: [SUCCESS] =================

[848:50:27.752][Main][ArrayTest][Info] = START ========================================
[848:50:27.752][Main][ArrayTest][Info] # TC0.Default Constructor #
[848:50:27.752][Main][Default Constructor][Info] = Allocator Usage ========================================
[848:50:27.752][Main][Default Constructor][Info] ==========================================================
[848:50:27.752][Main][ArrayTest][Info] # TC0.Default Constructor Result [PASS] #

[848:50:27.752][Main][ArrayTest][Info] # TC1.Initializer List #
[848:50:27.752][Main][Initializer List][Info] = Allocator Usage ========================================
[848:50:27.752][Main][Initializer List][Info] [64] Memory = 0 / 1048576
[848:50:27.752][Main][Initializer List][Info] ==========================================================
[848:50:27.752][Main][ArrayTest][Info] # TC1.Initializer List Result [PASS] #

[848:50:27.752][Main][ArrayTest][Info] # TC2.Initializer List (2) #
[848:50:27.752][Main][Initializer List (2)][Info] = Allocator Usage ========================================
[848:50:27.752][Main][Initializer List (2)][Info] [64] Memory = 0 / 1048576
[848:50:27.752][Main][Initializer List (2)][Info] ==========================================================
[848:50:27.752][Main][ArrayTest][Info] # TC2.Initializer List (2) Result [PASS] #

[848:50:27.752][Main][ArrayTest][Info] = Collection Result: [SUCCESS] =================

[848:50:27.752][Main][BoundedPriorityQueueTest][Info] = START ========================================
[848:50:27.752][Main][BoundedPriorityQueueTest][Info] # TC0.Push and Pop basic #
[848:50:27.752][Main][Push and Pop basic][Info] = Allocator Usage ========================================
[848:50:27.752][Main][Push and Pop basic][Info] [16] Memory = 0 / 1048576
[848:50:27.752][Main][Push and Pop basic][Info] ==========================================================
[848:50:27.752][Main][BoundedPriorityQueueTest][Info] # TC0.Push and Pop basic Result [PASS] #

[848:50:27.752][Main][BoundedPriorityQueueTest][Info] # TC1.Pop priority order #
[848:50:27.752][Main][Pop priority order][Info] = Allocator Usage ========================================
[848:50:27.752][Main][Pop priority order][Info] [16] Memory = 0 / 1048576
[848:50:27.752][Main][Pop priority order][Info] ==========================================================
[848:50:27.752][Main][BoundedPriorityQueueTest][Info] # TC1.Pop priority order Result [PASS] #

[848:50:27.752][Main][BoundedPriorityQueueTest][Info] # TC2.Pop from empty returns nullopt #
[848:50:27.752][Main][Pop from empty returns nullopt][Info] = Allocator Usage ========================================
[848:50:27.752][Main][Pop from empty returns nullopt][Info] ==========================================================
[848:50:27.752][Main][BoundedPriorityQueueTest][Info] # TC2.Pop from empty returns nullopt Result [PASS] #

[848:50:27.752][Main][BoundedPriorityQueueTest][Info] # TC3.Top returns highest priority without removing #
[848:50:27.753][Main][Top returns highest priority without removing][Info] = Allocator Usage ========================================
[848:50:27.753][Main][Top returns highest priority without removing][Info] [16] Memory = 0 / 1048576
[848:50:27.753][Main][Top returns highest priority without removing][Info] ==========================================================
[848:50:27.753][Main][BoundedPriorityQueueTest][Info] # TC3.Top returns highest priority without removing Result [PASS] #

[848:50:27.753][Main][BoundedPriorityQueueTest][Info] # TC4.PushRange #
[848:50:27.753][Main][PushRange][Info] = Allocator Usage ========================================
[848:50:27.753][Main][PushRange][Info] [16] Memory = 0 / 1048576
[848:50:27.753][Main][PushRange][Info] ==========================================================
[848:50:27.753][Main][BoundedPriorityQueueTest][Info] # TC4.PushRange Result [PASS] #

[848:50:27.753][Main][BoundedPriorityQueueTest][Info] # TC5.Remove finished items #
[848:50:27.753][Main][Remove finished items][Info] = Allocator Usage ========================================
[848:50:27.753][Main][Remove finished items][Info] [16] Memory = 0 / 1048576
[848:50:27.753][Main][Remove finished items][Info] ==========================================================
[848:50:27.753][Main][BoundedPriorityQueueTest][Info] # TC5.Remove finished items Result [PASS] #

[848:50:27.753][Main][BoundedPriorityQueueTest][Info] # TC6.Clear #
[848:50:27.753][Main][Clear][Info] = Allocator Usage ========================================
[848:50:27.753][Main][Clear][Info] [16] Memory = 0 / 1048576
[848:50:27.753][Main][Clear][Info] ==========================================================
[848:50:27.753][Main][BoundedPriorityQueueTest][Info] # TC6.Clear Result [PASS] #

[848:50:27.753][Main][BoundedPriorityQueueTest][Info] # TC7.Move semantics #
[848:50:27.753][Main][Move semantics][Info] = Allocator Usage ========================================
[848:50:27.753][Main][Move semantics][Info] [16] Memory = 0 / 1048576
[848:50:27.753][Main][Move semantics][Info] ==========================================================
[848:50:27.753][Main][BoundedPriorityQueueTest][Info] # TC7.Move semantics Result [PASS] #

[848:50:27.753][Main][BoundedPriorityQueueTest][Info] # TC8.Performance comparison with std::priority_queue #
[848:50:28.118][Main][BoundedPriorityQueueTest][Info] [TC8.Performance comparison with std::priority_queue] BoundedPriorityQueue: 68058083 us
[848:50:28.118][Main][BoundedPriorityQueueTest][Info] [TC8.Performance comparison with std::priority_queue] std::priority_queue: 297005500 us
[848:50:28.118][Main][Performance comparison with std::priority_queue][Info] = Allocator Usage ========================================
[848:50:28.118][Main][Performance comparison with std::priority_queue][Info] [16] Memory = 0 / 1048576
[848:50:28.118][Main][Performance comparison with std::priority_queue][Info] [32] Memory = 0 / 1048576
[848:50:28.118][Main][Performance comparison with std::priority_queue][Info] [64] Memory = 0 / 1048576
[848:50:28.118][Main][Performance comparison with std::priority_queue][Info] [128] Memory = 0 / 1048576
[848:50:28.118][Main][Performance comparison with std::priority_queue][Info] ==========================================================
[848:50:28.118][Main][BoundedPriorityQueueTest][Info] # TC8.Performance comparison with std::priority_queue Result [PASS] #

[848:50:28.118][Main][BoundedPriorityQueueTest][Info] = Collection Result: [SUCCESS] =================

[848:50:28.118][Main][AtomicStackViewTest][Info] = START ========================================
[848:50:28.118][Main][AtomicStackViewTest][Info] # TC0.Default Constructor #
[848:50:28.118][Main][AtomicStackViewTest][Info] [TC0.Default Constructor] Bool Stack: [Done]
[848:50:28.118][Main][AtomicStackViewTest][Info] [TC0.Default Constructor] Char Stack: [Done]
[848:50:28.118][Main][AtomicStackViewTest][Info] [TC0.Default Constructor] Int Stack: [Done]
[848:50:28.118][Main][AtomicStackViewTest][Info] [TC0.Default Constructor] Float Stack: [Done]
[848:50:28.118][Main][AtomicStackViewTest][Info] [TC0.Default Constructor] Double Stack: [Done]
[848:50:28.118][Main][Default Constructor][Info] = Allocator Usage ========================================
[848:50:28.118][Main][Default Constructor][Info] ==========================================================
[848:50:28.118][Main][AtomicStackViewTest][Info] # TC0.Default Constructor Result [PASS] #

[848:50:28.118][Main][AtomicStackViewTest][Info] # TC1.Push #
[848:50:28.118][Main][AtomicStackViewTest][Info] [TC1.Push] Push Input = 1
[848:50:28.118][Main][AtomicStackViewTest][Info] [TC1.Push] Push Input = 1
[848:50:28.118][Main][AtomicStackViewTest][Info] [TC1.Push] Push Input = 1
[848:50:28.118][Main][AtomicStackViewTest][Info] [TC1.Push] Push Input = 0
[848:50:28.118][Main][AtomicStackViewTest][Info] [TC1.Push] Push Input = 0
[848:50:28.118][Main][AtomicStackViewTest][Info] [TC1.Push] Push Input = 0
[848:50:28.118][Main][AtomicStackViewTest][Info] [TC1.Push] Pop Output = 0
[848:50:28.118][Main][AtomicStackViewTest][Info] [TC1.Push] Pop Output = 0
[848:50:28.118][Main][AtomicStackViewTest][Info] [TC1.Push] Pop Output = 0
[848:50:28.118][Main][AtomicStackViewTest][Info] [TC1.Push] Pop Output = 1
[848:50:28.118][Main][AtomicStackViewTest][Info] [TC1.Push] Pop Output = 1
[848:50:28.118][Main][AtomicStackViewTest][Info] [TC1.Push] Pop Output = 1
[848:50:28.118][Main][Push][Info] = Allocator Usage ========================================
[848:50:28.118][Main][Push][Info] ==========================================================
[848:50:28.118][Main][AtomicStackViewTest][Info] # TC1.Push Result [PASS] #

[848:50:28.118][Main][AtomicStackViewTest][Info] # TC2.Thread-Safety #
[848:50:28.119][None][AtomicStackViewTest][Info] Num Pop = 845
[848:50:28.119][None][AtomicStackViewTest][Info] Num Pop = 155
[848:50:28.119][None][AtomicStackViewTest][Info] Num Pop = 0
[848:50:28.119][None][AtomicStackViewTest][Info] Num Pop = 0
[848:50:28.119][Main][AtomicStackViewTest][Info] Num Pop = 0
[848:50:28.119][Main][AtomicStackViewTest][Info] [TC2.Thread-Safety] Iteration: 0, push count = 1000, pop count = 1000
[848:50:28.119][None][AtomicStackViewTest][Info] Num Pop = 74
[848:50:28.119][None][AtomicStackViewTest][Info] Num Pop = 397
[848:50:28.119][None][AtomicStackViewTest][Info] Num Pop = 23
[848:50:28.119][None][AtomicStackViewTest][Info] Num Pop = 31
[848:50:28.119][Main][AtomicStackViewTest][Info] Num Pop = 475
[848:50:28.119][Main][AtomicStackViewTest][Info] [TC2.Thread-Safety] Iteration: 1, push count = 2000, pop count = 2000
[848:50:28.119][None][AtomicStackViewTest][Info] Num Pop = 113
[848:50:28.119][None][AtomicStackViewTest][Info] Num Pop = 100
[848:50:28.119][None][AtomicStackViewTest][Info] Num Pop = 0
[848:50:28.119][None][AtomicStackViewTest][Info] Num Pop = 787
[848:50:28.119][Main][AtomicStackViewTest][Info] Num Pop = 0
[848:50:28.119][Main][AtomicStackViewTest][Info] [TC2.Thread-Safety] Iteration: 2, push count = 3000, pop count = 3000
[848:50:28.119][None][AtomicStackViewTest][Info] Num Pop = 36
[848:50:28.119][None][AtomicStackViewTest][Info] Num Pop = 205
[848:50:28.119][None][AtomicStackViewTest][Info] Num Pop = 7
[848:50:28.119][None][AtomicStackViewTest][Info] Num Pop = 25
[848:50:28.119][Main][AtomicStackViewTest][Info] Num Pop = 727
[848:50:28.119][Main][AtomicStackViewTest][Info] [TC2.Thread-Safety] Iteration: 3, push count = 4000, pop count = 4000
[848:50:28.119][None][AtomicStackViewTest][Info] Num Pop = 179
[848:50:28.119][None][AtomicStackViewTest][Info] Num Pop = 214
[848:50:28.119][None][AtomicStackViewTest][Info] Num Pop = 102
[848:50:28.119][None][AtomicStackViewTest][Info] Num Pop = 96
[848:50:28.119][Main][AtomicStackViewTest][Info] Num Pop = 409
[848:50:28.119][Main][AtomicStackViewTest][Info] [TC2.Thread-Safety] Iteration: 4, push count = 5000, pop count = 5000
[848:50:28.120][None][AtomicStackViewTest][Info] Num Pop = 30
[848:50:28.120][None][AtomicStackViewTest][Info] Num Pop = 223
[848:50:28.120][None][AtomicStackViewTest][Info] Num Pop = 91
[848:50:28.120][None][AtomicStackViewTest][Info] Num Pop = 656
[848:50:28.120][Main][AtomicStackViewTest][Info] Num Pop = 0
[848:50:28.120][Main][AtomicStackViewTest][Info] [TC2.Thread-Safety] Iteration: 5, push count = 6000, pop count = 6000
[848:50:28.120][None][AtomicStackViewTest][Info] Num Pop = 894
[848:50:28.120][None][AtomicStackViewTest][Info] Num Pop = 55
[848:50:28.120][None][AtomicStackViewTest][Info] Num Pop = 31
[848:50:28.120][None][AtomicStackViewTest][Info] Num Pop = 20
[848:50:28.120][Main][AtomicStackViewTest][Info] Num Pop = 0
[848:50:28.120][Main][AtomicStackViewTest][Info] [TC2.Thread-Safety] Iteration: 6, push count = 7000, pop count = 7000
[848:50:28.120][None][AtomicStackViewTest][Info] Num Pop = 212
[848:50:28.120][None][AtomicStackViewTest][Info] Num Pop = 264
[848:50:28.120][None][AtomicStackViewTest][Info] Num Pop = 96
[848:50:28.120][None][AtomicStackViewTest][Info] Num Pop = 18
[848:50:28.120][Main][AtomicStackViewTest][Info] Num Pop = 410
[848:50:28.120][Main][AtomicStackViewTest][Info] [TC2.Thread-Safety] Iteration: 7, push count = 8000, pop count = 8000
[848:50:28.120][None][AtomicStackViewTest][Info] Num Pop = 191
[848:50:28.120][None][AtomicStackViewTest][Info] Num Pop = 309
[848:50:28.120][None][AtomicStackViewTest][Info] Num Pop = 192
[848:50:28.120][None][AtomicStackViewTest][Info] Num Pop = 183
[848:50:28.120][Main][AtomicStackViewTest][Info] Num Pop = 125
[848:50:28.120][Main][AtomicStackViewTest][Info] [TC2.Thread-Safety] Iteration: 8, push count = 9000, pop count = 9000
[848:50:28.120][None][AtomicStackViewTest][Info] Num Pop = 186
[848:50:28.120][None][AtomicStackViewTest][Info] Num Pop = 231
[848:50:28.120][None][AtomicStackViewTest][Info] Num Pop = 455
[848:50:28.120][None][AtomicStackViewTest][Info] Num Pop = 128
[848:50:28.120][Main][AtomicStackViewTest][Info] Num Pop = 0
[848:50:28.120][Main][AtomicStackViewTest][Info] [TC2.Thread-Safety] Iteration: 9, push count = 10000, pop count = 10000
[848:50:28.120][None][AtomicStackViewTest][Info] Num Pop = 571
[848:50:28.120][None][AtomicStackViewTest][Info] Num Pop = 20
[848:50:28.120][None][AtomicStackViewTest][Info] Num Pop = 47
[848:50:28.120][None][AtomicStackViewTest][Info] Num Pop = 362
[848:50:28.120][Main][AtomicStackViewTest][Info] Num Pop = 0
[848:50:28.121][Main][AtomicStackViewTest][Info] [TC2.Thread-Safety] Iteration: 10, push count = 11000, pop count = 11000
[848:50:28.121][None][AtomicStackViewTest][Info] Num Pop = 212
[848:50:28.121][None][AtomicStackViewTest][Info] Num Pop = 412
[848:50:28.121][None][AtomicStackViewTest][Info] Num Pop = 143
[848:50:28.121][None][AtomicStackViewTest][Info] Num Pop = 233
[848:50:28.121][Main][AtomicStackViewTest][Info] Num Pop = 0
[848:50:28.121][Main][AtomicStackViewTest][Info] [TC2.Thread-Safety] Iteration: 11, push count = 12000, pop count = 12000
[848:50:28.121][None][AtomicStackViewTest][Info] Num Pop = 155
[848:50:28.121][None][AtomicStackViewTest][Info] Num Pop = 49
[848:50:28.121][None][AtomicStackViewTest][Info] Num Pop = 56
[848:50:28.121][None][AtomicStackViewTest][Info] Num Pop = 210
[848:50:28.121][Main][AtomicStackViewTest][Info] Num Pop = 530
[848:50:28.121][Main][AtomicStackViewTest][Info] [TC2.Thread-Safety] Iteration: 12, push count = 13000, pop count = 13000
[848:50:28.121][None][AtomicStackViewTest][Info] Num Pop = 22
[848:50:28.121][None][AtomicStackViewTest][Info] Num Pop = 77
[848:50:28.121][None][AtomicStackViewTest][Info] Num Pop = 214
[848:50:28.121][None][AtomicStackViewTest][Info] Num Pop = 301
[848:50:28.121][Main][AtomicStackViewTest][Info] Num Pop = 386
[848:50:28.121][Main][AtomicStackViewTest][Info] [TC2.Thread-Safety] Iteration: 13, push count = 14000, pop count = 14000
[848:50:28.121][None][AtomicStackViewTest][Info] Num Pop = 417
[848:50:28.121][None][AtomicStackViewTest][Info] Num Pop = 19
[848:50:28.121][None][AtomicStackViewTest][Info] Num Pop = 3
[848:50:28.121][None][AtomicStackViewTest][Info] Num Pop = 65
[848:50:28.121][Main][AtomicStackViewTest][Info] Num Pop = 496
[848:50:28.121][Main][AtomicStackViewTest][Info] [TC2.Thread-Safety] Iteration: 14, push count = 15000, pop count = 15000
[848:50:28.121][None][AtomicStackViewTest][Info] Num Pop = 0
[848:50:28.121][None][AtomicStackViewTest][Info] Num Pop = 48
[848:50:28.121][None][AtomicStackViewTest][Info] Num Pop = 7
[848:50:28.121][None][AtomicStackViewTest][Info] Num Pop = 54
[848:50:28.121][Main][AtomicStackViewTest][Info] Num Pop = 891
[848:50:28.121][Main][AtomicStackViewTest][Info] [TC2.Thread-Safety] Iteration: 15, push count = 16000, pop count = 16000
[848:50:28.121][None][AtomicStackViewTest][Info] Num Pop = 816
[848:50:28.121][None][AtomicStackViewTest][Info] Num Pop = 33
[848:50:28.121][None][AtomicStackViewTest][Info] Num Pop = 113
[848:50:28.121][None][AtomicStackViewTest][Info] Num Pop = 38
[848:50:28.121][Main][AtomicStackViewTest][Info] Num Pop = 0
[848:50:28.121][Main][AtomicStackViewTest][Info] [TC2.Thread-Safety] Iteration: 16, push count = 17000, pop count = 17000
[848:50:28.122][None][AtomicStackViewTest][Info] Num Pop = 106
[848:50:28.122][None][AtomicStackViewTest][Info] Num Pop = 213
[848:50:28.122][None][AtomicStackViewTest][Info] Num Pop = 269
[848:50:28.122][None][AtomicStackViewTest][Info] Num Pop = 153
[848:50:28.122][Main][AtomicStackViewTest][Info] Num Pop = 259
[848:50:28.122][Main][AtomicStackViewTest][Info] [TC2.Thread-Safety] Iteration: 17, push count = 18000, pop count = 18000
[848:50:28.122][None][AtomicStackViewTest][Info] Num Pop = 321
[848:50:28.122][None][AtomicStackViewTest][Info] Num Pop = 13
[848:50:28.122][None][AtomicStackViewTest][Info] Num Pop = 79
[848:50:28.122][None][AtomicStackViewTest][Info] Num Pop = 587
[848:50:28.122][Main][AtomicStackViewTest][Info] Num Pop = 0
[848:50:28.122][Main][AtomicStackViewTest][Info] [TC2.Thread-Safety] Iteration: 18, push count = 19000, pop count = 19000
[848:50:28.122][None][AtomicStackViewTest][Info] Num Pop = 225
[848:50:28.122][None][AtomicStackViewTest][Info] Num Pop = 94
[848:50:28.122][None][AtomicStackViewTest][Info] Num Pop = 187
[848:50:28.122][None][AtomicStackViewTest][Info] Num Pop = 494
[848:50:28.122][Main][AtomicStackViewTest][Info] Num Pop = 0
[848:50:28.122][Main][AtomicStackViewTest][Info] [TC2.Thread-Safety] Iteration: 19, push count = 20000, pop count = 20000
[848:50:28.122][None][AtomicStackViewTest][Info] Num Pop = 216
[848:50:28.122][None][AtomicStackViewTest][Info] Num Pop = 181
[848:50:28.122][None][AtomicStackViewTest][Info] Num Pop = 135
[848:50:28.122][None][AtomicStackViewTest][Info] Num Pop = 468
[848:50:28.122][Main][AtomicStackViewTest][Info] Num Pop = 0
[848:50:28.122][Main][AtomicStackViewTest][Info] [TC2.Thread-Safety] Iteration: 20, push count = 21000, pop count = 21000
[848:50:28.122][None][AtomicStackViewTest][Info] Num Pop = 111
[848:50:28.122][None][AtomicStackViewTest][Info] Num Pop = 110
[848:50:28.122][None][AtomicStackViewTest][Info] Num Pop = 331
[848:50:28.122][None][AtomicStackViewTest][Info] Num Pop = 343
[848:50:28.122][Main][AtomicStackViewTest][Info] Num Pop = 105
[848:50:28.122][Main][AtomicStackViewTest][Info] [TC2.Thread-Safety] Iteration: 21, push count = 22000, pop count = 22000
[848:50:28.122][None][AtomicStackViewTest][Info] Num Pop = 289
[848:50:28.122][None][AtomicStackViewTest][Info] Num Pop = 235
[848:50:28.122][None][AtomicStackViewTest][Info] Num Pop = 255
[848:50:28.122][None][AtomicStackViewTest][Info] Num Pop = 221
[848:50:28.122][Main][AtomicStackViewTest][Info] Num Pop = 0
[848:50:28.122][Main][AtomicStackViewTest][Info] [TC2.Thread-Safety] Iteration: 22, push count = 23000, pop count = 23000
[848:50:28.123][None][AtomicStackViewTest][Info] Num Pop = 255
[848:50:28.123][None][AtomicStackViewTest][Info] Num Pop = 274
[848:50:28.123][None][AtomicStackViewTest][Info] Num Pop = 320
[848:50:28.123][None][AtomicStackViewTest][Info] Num Pop = 151
[848:50:28.123][Main][AtomicStackViewTest][Info] Num Pop = 0
[848:50:28.123][Main][AtomicStackViewTest][Info] [TC2.Thread-Safety] Iteration: 23, push count = 24000, pop count = 24000
[848:50:28.123][None][AtomicStackViewTest][Info] Num Pop = 90
[848:50:28.123][None][AtomicStackViewTest][Info] Num Pop = 185
[848:50:28.123][None][AtomicStackViewTest][Info] Num Pop = 227
[848:50:28.123][None][AtomicStackViewTest][Info] Num Pop = 285
[848:50:28.123][Main][AtomicStackViewTest][Info] Num Pop = 213
[848:50:28.123][Main][AtomicStackViewTest][Info] [TC2.Thread-Safety] Iteration: 24, push count = 25000, pop count = 25000
[848:50:28.123][None][AtomicStackViewTest][Info] Num Pop = 263
[848:50:28.123][None][AtomicStackViewTest][Info] Num Pop = 83
[848:50:28.123][None][AtomicStackViewTest][Info] Num Pop = 387
[848:50:28.123][None][AtomicStackViewTest][Info] Num Pop = 267
[848:50:28.123][Main][AtomicStackViewTest][Info] Num Pop = 0
[848:50:28.123][Main][AtomicStackViewTest][Info] [TC2.Thread-Safety] Iteration: 25, push count = 26000, pop count = 26000
[848:50:28.123][None][AtomicStackViewTest][Info] Num Pop = 169
[848:50:28.123][None][AtomicStackViewTest][Info] Num Pop = 80
[848:50:28.123][None][AtomicStackViewTest][Info] Num Pop = 190
[848:50:28.123][None][AtomicStackViewTest][Info] Num Pop = 258
[848:50:28.123][Main][AtomicStackViewTest][Info] Num Pop = 303
[848:50:28.123][Main][AtomicStackViewTest][Info] [TC2.Thread-Safety] Iteration: 26, push count = 27000, pop count = 27000
[848:50:28.123][None][AtomicStackViewTest][Info] Num Pop = 78
[848:50:28.123][None][AtomicStackViewTest][Info] Num Pop = 299
[848:50:28.123][None][AtomicStackViewTest][Info] Num Pop = 154
[848:50:28.123][None][AtomicStackViewTest][Info] Num Pop = 214
[848:50:28.123][Main][AtomicStackViewTest][Info] Num Pop = 255
[848:50:28.123][Main][AtomicStackViewTest][Info] [TC2.Thread-Safety] Iteration: 27, push count = 28000, pop count = 28000
[848:50:28.124][None][AtomicStackViewTest][Info] Num Pop = 114
[848:50:28.124][None][AtomicStackViewTest][Info] Num Pop = 221
[848:50:28.124][None][AtomicStackViewTest][Info] Num Pop = 157
[848:50:28.124][None][AtomicStackViewTest][Info] Num Pop = 508
[848:50:28.124][Main][AtomicStackViewTest][Info] Num Pop = 0
[848:50:28.124][Main][AtomicStackViewTest][Info] [TC2.Thread-Safety] Iteration: 28, push count = 29000, pop count = 29000
[848:50:28.124][None][AtomicStackViewTest][Info] Num Pop = 156
[848:50:28.124][None][AtomicStackViewTest][Info] Num Pop = 2
[848:50:28.124][None][AtomicStackViewTest][Info] Num Pop = 450
[848:50:28.124][None][AtomicStackViewTest][Info] Num Pop = 392
[848:50:28.124][Main][AtomicStackViewTest][Info] Num Pop = 0
[848:50:28.124][Main][AtomicStackViewTest][Info] [TC2.Thread-Safety] Iteration: 29, push count = 30000, pop count = 30000
[848:50:28.124][None][AtomicStackViewTest][Info] Num Pop = 583
[848:50:28.124][None][AtomicStackViewTest][Info] Num Pop = 68
[848:50:28.124][None][AtomicStackViewTest][Info] Num Pop = 95
[848:50:28.124][None][AtomicStackViewTest][Info] Num Pop = 54
[848:50:28.124][Main][AtomicStackViewTest][Info] Num Pop = 200
[848:50:28.124][Main][AtomicStackViewTest][Info] [TC2.Thread-Safety] Iteration: 30, push count = 31000, pop count = 31000
[848:50:28.124][None][AtomicStackViewTest][Info] Num Pop = 21
[848:50:28.124][None][AtomicStackViewTest][Info] Num Pop = 0
[848:50:28.124][None][AtomicStackViewTest][Info] Num Pop = 25
[848:50:28.124][None][AtomicStackViewTest][Info] Num Pop = 145
[848:50:28.124][Main][AtomicStackViewTest][Info] Num Pop = 809
[848:50:28.124][Main][AtomicStackViewTest][Info] [TC2.Thread-Safety] Iteration: 31, push count = 32000, pop count = 32000
[848:50:28.124][None][AtomicStackViewTest][Info] Num Pop = 180
[848:50:28.124][None][AtomicStackViewTest][Info] Num Pop = 111
[848:50:28.124][None][AtomicStackViewTest][Info] Num Pop = 55
[848:50:28.124][None][AtomicStackViewTest][Info] Num Pop = 181
[848:50:28.124][Main][AtomicStackViewTest][Info] Num Pop = 473
[848:50:28.124][Main][AtomicStackViewTest][Info] [TC2.Thread-Safety] Iteration: 32, push count = 33000, pop count = 33000
[848:50:28.124][None][AtomicStackViewTest][Info] Num Pop = 659
[848:50:28.124][None][AtomicStackViewTest][Info] Num Pop = 133
[848:50:28.124][None][AtomicStackViewTest][Info] Num Pop = 54
[848:50:28.124][None][AtomicStackViewTest][Info] Num Pop = 154
[848:50:28.124][Main][AtomicStackViewTest][Info] Num Pop = 0
[848:50:28.124][Main][AtomicStackViewTest][Info] [TC2.Thread-Safety] Iteration: 33, push count = 34000, pop count = 34000
[848:50:28.124][None][AtomicStackViewTest][Info] Num Pop = 66
[848:50:28.124][None][AtomicStackViewTest][Info] Num Pop = 15
[848:50:28.124][None][AtomicStackViewTest][Info] Num Pop = 138
[848:50:28.124][None][AtomicStackViewTest][Info] Num Pop = 781
[848:50:28.124][Main][AtomicStackViewTest][Info] Num Pop = 0
[848:50:28.124][Main][AtomicStackViewTest][Info] [TC2.Thread-Safety] Iteration: 34, push count = 35000, pop count = 35000
[848:50:28.124][None][AtomicStackViewTest][Info] Num Pop = 108
[848:50:28.124][None][AtomicStackViewTest][Info] Num Pop = 26
[848:50:28.124][None][AtomicStackViewTest][Info] Num Pop = 24
[848:50:28.124][None][AtomicStackViewTest][Info] Num Pop = 238
[848:50:28.124][Main][AtomicStackViewTest][Info] Num Pop = 604
[848:50:28.124][Main][AtomicStackViewTest][Info] [TC2.Thread-Safety] Iteration: 35, push count = 36000, pop count = 36000
[848:50:28.124][None][AtomicStackViewTest][Info] Num Pop = 17
[848:50:28.124][None][AtomicStackViewTest][Info] Num Pop = 116
[848:50:28.124][None][AtomicStackViewTest][Info] Num Pop = 13
[848:50:28.124][None][AtomicStackViewTest][Info] Num Pop = 4
[848:50:28.125][Main][AtomicStackViewTest][Info] Num Pop = 850
[848:50:28.125][Main][AtomicStackViewTest][Info] [TC2.Thread-Safety] Iteration: 36, push count = 37000, pop count = 37000
[848:50:28.125][None][AtomicStackViewTest][Info] Num Pop = 18
[848:50:28.125][None][AtomicStackViewTest][Info] Num Pop = 49
[848:50:28.125][None][AtomicStackViewTest][Info] Num Pop = 37
[848:50:28.125][None][AtomicStackViewTest][Info] Num Pop = 46
[848:50:28.125][Main][AtomicStackViewTest][Info] Num Pop = 850
[848:50:28.125][Main][AtomicStackViewTest][Info] [TC2.Thread-Safety] Iteration: 37, push count = 38000, pop count = 38000
[848:50:28.125][None][AtomicStackViewTest][Info] Num Pop = 15
[848:50:28.125][None][AtomicStackViewTest][Info] Num Pop = 0
[848:50:28.125][None][AtomicStackViewTest][Info] Num Pop = 122
[848:50:28.125][None][AtomicStackViewTest][Info] Num Pop = 131
[848:50:28.125][Main][AtomicStackViewTest][Info] Num Pop = 732
[848:50:28.125][Main][AtomicStackViewTest][Info] [TC2.Thread-Safety] Iteration: 38, push count = 39000, pop count = 39000
[848:50:28.125][None][AtomicStackViewTest][Info] Num Pop = 33
[848:50:28.125][None][AtomicStackViewTest][Info] Num Pop = 18
[848:50:28.125][None][AtomicStackViewTest][Info] Num Pop = 19
[848:50:28.125][None][AtomicStackViewTest][Info] Num Pop = 54
[848:50:28.125][Main][AtomicStackViewTest][Info] Num Pop = 876
[848:50:28.125][Main][AtomicStackViewTest][Info] [TC2.Thread-Safety] Iteration: 39, push count = 40000, pop count = 40000
[848:50:28.125][None][AtomicStackViewTest][Info] Num Pop = 78
[848:50:28.125][None][AtomicStackViewTest][Info] Num Pop = 197
[848:50:28.125][None][AtomicStackViewTest][Info] Num Pop = 0
[848:50:28.125][None][AtomicStackViewTest][Info] Num Pop = 25
[848:50:28.125][Main][AtomicStackViewTest][Info] Num Pop = 700
[848:50:28.125][Main][AtomicStackViewTest][Info] [TC2.Thread-Safety] Iteration: 40, push count = 41000, pop count = 41000
[848:50:28.125][None][AtomicStackViewTest][Info] Num Pop = 354
[848:50:28.125][None][AtomicStackViewTest][Info] Num Pop = 147
[848:50:28.125][None][AtomicStackViewTest][Info] Num Pop = 149
[848:50:28.125][None][AtomicStackViewTest][Info] Num Pop = 153
[848:50:28.125][Main][AtomicStackViewTest][Info] Num Pop = 197
[848:50:28.125][Main][AtomicStackViewTest][Info] [TC2.Thread-Safety] Iteration: 41, push count = 42000, pop count = 42000
[848:50:28.126][None][AtomicStackViewTest][Info] Num Pop = 595
[848:50:28.126][None][AtomicStackViewTest][Info] Num Pop = 112
[848:50:28.126][None][AtomicStackViewTest][Info] Num Pop = 134
[848:50:28.126][None][AtomicStackViewTest][Info] Num Pop = 159
[848:50:28.126][Main][AtomicStackViewTest][Info] Num Pop = 0
[848:50:28.126][Main][AtomicStackViewTest][Info] [TC2.Thread-Safety] Iteration: 42, push count = 43000, pop count = 43000
[848:50:28.126][None][AtomicStackViewTest][Info] Num Pop = 226
[848:50:28.126][None][AtomicStackViewTest][Info] Num Pop = 140
[848:50:28.126][None][AtomicStackViewTest][Info] Num Pop = 183
[848:50:28.126][None][AtomicStackViewTest][Info] Num Pop = 451
[848:50:28.126][Main][AtomicStackViewTest][Info] Num Pop = 0
[848:50:28.126][Main][AtomicStackViewTest][Info] [TC2.Thread-Safety] Iteration: 43, push count = 44000, pop count = 44000
[848:50:28.126][None][AtomicStackViewTest][Info] Num Pop = 155
[848:50:28.126][None][AtomicStackViewTest][Info] Num Pop = 114
[848:50:28.126][None][AtomicStackViewTest][Info] Num Pop = 148
[848:50:28.126][None][AtomicStackViewTest][Info] Num Pop = 193
[848:50:28.126][Main][AtomicStackViewTest][Info] Num Pop = 390
[848:50:28.126][Main][AtomicStackViewTest][Info] [TC2.Thread-Safety] Iteration: 44, push count = 45000, pop count = 45000
[848:50:28.126][None][AtomicStackViewTest][Info] Num Pop = 377
[848:50:28.126][None][AtomicStackViewTest][Info] Num Pop = 108
[848:50:28.126][None][AtomicStackViewTest][Info] Num Pop = 334
[848:50:28.126][None][AtomicStackViewTest][Info] Num Pop = 181
[848:50:28.126][Main][AtomicStackViewTest][Info] Num Pop = 0
[848:50:28.126][Main][AtomicStackViewTest][Info] [TC2.Thread-Safety] Iteration: 45, push count = 46000, pop count = 46000
[848:50:28.126][None][AtomicStackViewTest][Info] Num Pop = 127
[848:50:28.126][None][AtomicStackViewTest][Info] Num Pop = 306
[848:50:28.126][None][AtomicStackViewTest][Info] Num Pop = 350
[848:50:28.126][None][AtomicStackViewTest][Info] Num Pop = 217
[848:50:28.126][Main][AtomicStackViewTest][Info] Num Pop = 0
[848:50:28.126][Main][AtomicStackViewTest][Info] [TC2.Thread-Safety] Iteration: 46, push count = 47000, pop count = 47000
[848:50:28.126][None][AtomicStackViewTest][Info] Num Pop = 148
[848:50:28.126][None][AtomicStackViewTest][Info] Num Pop = 176
[848:50:28.126][None][AtomicStackViewTest][Info] Num Pop = 142
[848:50:28.126][None][AtomicStackViewTest][Info] Num Pop = 534
[848:50:28.126][Main][AtomicStackViewTest][Info] Num Pop = 0
[848:50:28.126][Main][AtomicStackViewTest][Info] [TC2.Thread-Safety] Iteration: 47, push count = 48000, pop count = 48000
[848:50:28.126][None][AtomicStackViewTest][Info] Num Pop = 143
[848:50:28.126][None][AtomicStackViewTest][Info] Num Pop = 239
[848:50:28.127][None][AtomicStackViewTest][Info] Num Pop = 317
[848:50:28.127][None][AtomicStackViewTest][Info] Num Pop = 301
[848:50:28.127][Main][AtomicStackViewTest][Info] Num Pop = 0
[848:50:28.127][Main][AtomicStackViewTest][Info] [TC2.Thread-Safety] Iteration: 48, push count = 49000, pop count = 49000
[848:50:28.127][None][AtomicStackViewTest][Info] Num Pop = 63
[848:50:28.127][None][AtomicStackViewTest][Info] Num Pop = 410
[848:50:28.127][None][AtomicStackViewTest][Info] Num Pop = 306
[848:50:28.127][None][AtomicStackViewTest][Info] Num Pop = 221
[848:50:28.127][Main][AtomicStackViewTest][Info] Num Pop = 0
[848:50:28.127][Main][AtomicStackViewTest][Info] [TC2.Thread-Safety] Iteration: 49, push count = 50000, pop count = 50000
[848:50:28.127][None][AtomicStackViewTest][Info] Num Pop = 267
[848:50:28.127][None][AtomicStackViewTest][Info] Num Pop = 174
[848:50:28.127][None][AtomicStackViewTest][Info] Num Pop = 228
[848:50:28.127][None][AtomicStackViewTest][Info] Num Pop = 331
[848:50:28.127][Main][AtomicStackViewTest][Info] Num Pop = 0
[848:50:28.127][Main][AtomicStackViewTest][Info] [TC2.Thread-Safety] Iteration: 50, push count = 51000, pop count = 51000
[848:50:28.127][None][AtomicStackViewTest][Info] Num Pop = 2
[848:50:28.127][None][AtomicStackViewTest][Info] Num Pop = 0
[848:50:28.127][None][AtomicStackViewTest][Info] Num Pop = 22
[848:50:28.127][None][AtomicStackViewTest][Info] Num Pop = 40
[848:50:28.127][Main][AtomicStackViewTest][Info] Num Pop = 936
[848:50:28.127][Main][AtomicStackViewTest][Info] [TC2.Thread-Safety] Iteration: 51, push count = 52000, pop count = 52000
[848:50:28.127][None][AtomicStackViewTest][Info] Num Pop = 120
[848:50:28.127][None][AtomicStackViewTest][Info] Num Pop = 78
[848:50:28.127][None][AtomicStackViewTest][Info] Num Pop = 264
[848:50:28.127][None][AtomicStackViewTest][Info] Num Pop = 279
[848:50:28.127][Main][AtomicStackViewTest][Info] Num Pop = 259
[848:50:28.127][Main][AtomicStackViewTest][Info] [TC2.Thread-Safety] Iteration: 52, push count = 53000, pop count = 53000
[848:50:28.127][None][AtomicStackViewTest][Info] Num Pop = 214
[848:50:28.127][None][AtomicStackViewTest][Info] Num Pop = 185
[848:50:28.127][None][AtomicStackViewTest][Info] Num Pop = 187
[848:50:28.127][None][AtomicStackViewTest][Info] Num Pop = 414
[848:50:28.127][Main][AtomicStackViewTest][Info] Num Pop = 0
[848:50:28.127][Main][AtomicStackViewTest][Info] [TC2.Thread-Safety] Iteration: 53, push count = 54000, pop count = 54000
[848:50:28.127][None][AtomicStackViewTest][Info] Num Pop = 48
[848:50:28.127][None][AtomicStackViewTest][Info] Num Pop = 284
[848:50:28.127][None][AtomicStackViewTest][Info] Num Pop = 154
[848:50:28.127][None][AtomicStackViewTest][Info] Num Pop = 95
[848:50:28.127][Main][AtomicStackViewTest][Info] Num Pop = 419
[848:50:28.127][Main][AtomicStackViewTest][Info] [TC2.Thread-Safety] Iteration: 54, push count = 55000, pop count = 55000
[848:50:28.128][None][AtomicStackViewTest][Info] Num Pop = 175
[848:50:28.128][None][AtomicStackViewTest][Info] Num Pop = 346
[848:50:28.128][None][AtomicStackViewTest][Info] Num Pop = 217
[848:50:28.128][None][AtomicStackViewTest][Info] Num Pop = 262
[848:50:28.128][Main][AtomicStackViewTest][Info] Num Pop = 0
[848:50:28.128][Main][AtomicStackViewTest][Info] [TC2.Thread-Safety] Iteration: 55, push count = 56000, pop count = 56000
[848:50:28.128][None][AtomicStackViewTest][Info] Num Pop = 68
[848:50:28.128][None][AtomicStackViewTest][Info] Num Pop = 28
[848:50:28.128][None][AtomicStackViewTest][Info] Num Pop = 115
[848:50:28.128][None][AtomicStackViewTest][Info] Num Pop = 89
[848:50:28.128][Main][AtomicStackViewTest][Info] Num Pop = 700
[848:50:28.128][Main][AtomicStackViewTest][Info] [TC2.Thread-Safety] Iteration: 56, push count = 57000, pop count = 57000
[848:50:28.128][None][AtomicStackViewTest][Info] Num Pop = 349
[848:50:28.128][None][AtomicStackViewTest][Info] Num Pop = 101
[848:50:28.128][None][AtomicStackViewTest][Info] Num Pop = 239
[848:50:28.128][None][AtomicStackViewTest][Info] Num Pop = 311
[848:50:28.128][Main][AtomicStackViewTest][Info] Num Pop = 0
[848:50:28.128][Main][AtomicStackViewTest][Info] [TC2.Thread-Safety] Iteration: 57, push count = 58000, pop count = 58000
[848:50:28.128][None][AtomicStackViewTest][Info] Num Pop = 124
[848:50:28.128][None][AtomicStackViewTest][Info] Num Pop = 101
[848:50:28.128][None][AtomicStackViewTest][Info] Num Pop = 168
[848:50:28.128][None][AtomicStackViewTest][Info] Num Pop = 51
[848:50:28.128][Main][AtomicStackViewTest][Info] Num Pop = 556
[848:50:28.128][Main][AtomicStackViewTest][Info] [TC2.Thread-Safety] Iteration: 58, push count = 59000, pop count = 59000
[848:50:28.128][None][AtomicStackViewTest][Info] Num Pop = 284
[848:50:28.128][None][AtomicStackViewTest][Info] Num Pop = 241
[848:50:28.128][None][AtomicStackViewTest][Info] Num Pop = 97
[848:50:28.128][None][AtomicStackViewTest][Info] Num Pop = 378
[848:50:28.128][Main][AtomicStackViewTest][Info] Num Pop = 0
[848:50:28.128][Main][AtomicStackViewTest][Info] [TC2.Thread-Safety] Iteration: 59, push count = 60000, pop count = 60000
[848:50:28.128][None][AtomicStackViewTest][Info] Num Pop = 102
[848:50:28.128][None][AtomicStackViewTest][Info] Num Pop = 280
[848:50:28.128][None][AtomicStackViewTest][Info] Num Pop = 212
[848:50:28.128][None][AtomicStackViewTest][Info] Num Pop = 175
[848:50:28.129][Main][AtomicStackViewTest][Info] Num Pop = 231
[848:50:28.129][Main][AtomicStackViewTest][Info] [TC2.Thread-Safety] Iteration: 60, push count = 61000, pop count = 61000
[848:50:28.129][None][AtomicStackViewTest][Info] Num Pop = 405
[848:50:28.129][None][AtomicStackViewTest][Info] Num Pop = 90
[848:50:28.129][None][AtomicStackViewTest][Info] Num Pop = 30
[848:50:28.129][None][AtomicStackViewTest][Info] Num Pop = 297
[848:50:28.129][Main][AtomicStackViewTest][Info] Num Pop = 178
[848:50:28.129][Main][AtomicStackViewTest][Info] [TC2.Thread-Safety] Iteration: 61, push count = 62000, pop count = 62000
[848:50:28.129][None][AtomicStackViewTest][Info] Num Pop = 300
[848:50:28.129][None][AtomicStackViewTest][Info] Num Pop = 294
[848:50:28.129][None][AtomicStackViewTest][Info] Num Pop = 120
[848:50:28.129][None][AtomicStackViewTest][Info] Num Pop = 286
[848:50:28.129][Main][AtomicStackViewTest][Info] Num Pop = 0
[848:50:28.129][Main][AtomicStackViewTest][Info] [TC2.Thread-Safety] Iteration: 62, push count = 63000, pop count = 63000
[848:50:28.129][None][AtomicStackViewTest][Info] Num Pop = 237
[848:50:28.129][None][AtomicStackViewTest][Info] Num Pop = 29
[848:50:28.129][None][AtomicStackViewTest][Info] Num Pop = 287
[848:50:28.129][None][AtomicStackViewTest][Info] Num Pop = 447
[848:50:28.129][Main][AtomicStackViewTest][Info] Num Pop = 0
[848:50:28.129][Main][AtomicStackViewTest][Info] [TC2.Thread-Safety] Iteration: 63, push count = 64000, pop count = 64000
[848:50:28.129][None][AtomicStackViewTest][Info] Num Pop = 50
[848:50:28.129][None][AtomicStackViewTest][Info] Num Pop = 0
[848:50:28.129][None][AtomicStackViewTest][Info] Num Pop = 71
[848:50:28.129][None][AtomicStackViewTest][Info] Num Pop = 879
[848:50:28.129][Main][AtomicStackViewTest][Info] Num Pop = 0
[848:50:28.129][Main][AtomicStackViewTest][Info] [TC2.Thread-Safety] Iteration: 64, push count = 65000, pop count = 65000
[848:50:28.129][None][AtomicStackViewTest][Info] Num Pop = 199
[848:50:28.129][None][AtomicStackViewTest][Info] Num Pop = 76
[848:50:28.129][None][AtomicStackViewTest][Info] Num Pop = 270
[848:50:28.129][None][AtomicStackViewTest][Info] Num Pop = 121
[848:50:28.129][Main][AtomicStackViewTest][Info] Num Pop = 334
[848:50:28.129][Main][AtomicStackViewTest][Info] [TC2.Thread-Safety] Iteration: 65, push count = 66000, pop count = 66000
[848:50:28.129][None][AtomicStackViewTest][Info] Num Pop = 116
[848:50:28.129][None][AtomicStackViewTest][Info] Num Pop = 265
[848:50:28.129][None][AtomicStackViewTest][Info] Num Pop = 49
[848:50:28.129][None][AtomicStackViewTest][Info] Num Pop = 124
[848:50:28.129][Main][AtomicStackViewTest][Info] Num Pop = 446
[848:50:28.129][Main][AtomicStackViewTest][Info] [TC2.Thread-Safety] Iteration: 66, push count = 67000, pop count = 67000
[848:50:28.130][None][AtomicStackViewTest][Info] Num Pop = 153
[848:50:28.130][None][AtomicStackViewTest][Info] Num Pop = 288
[848:50:28.130][None][AtomicStackViewTest][Info] Num Pop = 146
[848:50:28.130][None][AtomicStackViewTest][Info] Num Pop = 152
[848:50:28.130][Main][AtomicStackViewTest][Info] Num Pop = 261
[848:50:28.130][Main][AtomicStackViewTest][Info] [TC2.Thread-Safety] Iteration: 67, push count = 68000, pop count = 68000
[848:50:28.130][None][AtomicStackViewTest][Info] Num Pop = 94
[848:50:28.130][None][AtomicStackViewTest][Info] Num Pop = 206
[848:50:28.130][None][AtomicStackViewTest][Info] Num Pop = 269
[848:50:28.130][None][AtomicStackViewTest][Info] Num Pop = 431
[848:50:28.130][Main][AtomicStackViewTest][Info] Num Pop = 0
[848:50:28.130][Main][AtomicStackViewTest][Info] [TC2.Thread-Safety] Iteration: 68, push count = 69000, pop count = 69000
[848:50:28.130][None][AtomicStackViewTest][Info] Num Pop = 132
[848:50:28.130][None][AtomicStackViewTest][Info] Num Pop = 342
[848:50:28.130][None][AtomicStackViewTest][Info] Num Pop = 45
[848:50:28.130][None][AtomicStackViewTest][Info] Num Pop = 76
[848:50:28.130][Main][AtomicStackViewTest][Info] Num Pop = 405
[848:50:28.130][Main][AtomicStackViewTest][Info] [TC2.Thread-Safety] Iteration: 69, push count = 70000, pop count = 70000
[848:50:28.130][None][AtomicStackViewTest][Info] Num Pop = 73
[848:50:28.130][None][AtomicStackViewTest][Info] Num Pop = 201
[848:50:28.130][None][AtomicStackViewTest][Info] Num Pop = 249
[848:50:28.130][None][AtomicStackViewTest][Info] Num Pop = 201
[848:50:28.130][Main][AtomicStackViewTest][Info] Num Pop = 276
[848:50:28.130][Main][AtomicStackViewTest][Info] [TC2.Thread-Safety] Iteration: 70, push count = 71000, pop count = 71000
[848:50:28.130][None][AtomicStackViewTest][Info] Num Pop = 450
[848:50:28.130][None][AtomicStackViewTest][Info] Num Pop = 75
[848:50:28.130][None][AtomicStackViewTest][Info] Num Pop = 66
[848:50:28.130][None][AtomicStackViewTest][Info] Num Pop = 152
[848:50:28.130][Main][AtomicStackViewTest][Info] Num Pop = 257
[848:50:28.130][Main][AtomicStackViewTest][Info] [TC2.Thread-Safety] Iteration: 71, push count = 72000, pop count = 72000
[848:50:28.130][None][AtomicStackViewTest][Info] Num Pop = 140
[848:50:28.130][None][AtomicStackViewTest][Info] Num Pop = 300
[848:50:28.130][None][AtomicStackViewTest][Info] Num Pop = 148
[848:50:28.130][None][AtomicStackViewTest][Info] Num Pop = 412
[848:50:28.130][Main][AtomicStackViewTest][Info] Num Pop = 0
[848:50:28.130][Main][AtomicStackViewTest][Info] [TC2.Thread-Safety] Iteration: 72, push count = 73000, pop count = 73000
[848:50:28.131][None][AtomicStackViewTest][Info] Num Pop = 0
[848:50:28.131][None][AtomicStackViewTest][Info] Num Pop = 6
[848:50:28.131][None][AtomicStackViewTest][Info] Num Pop = 42
[848:50:28.131][None][AtomicStackViewTest][Info] Num Pop = 151
[848:50:28.131][Main][AtomicStackViewTest][Info] Num Pop = 801
[848:50:28.131][Main][AtomicStackViewTest][Info] [TC2.Thread-Safety] Iteration: 73, push count = 74000, pop count = 74000
[848:50:28.131][None][AtomicStackViewTest][Info] Num Pop = 273
[848:50:28.131][None][AtomicStackViewTest][Info] Num Pop = 54
[848:50:28.131][None][AtomicStackViewTest][Info] Num Pop = 226
[848:50:28.131][None][AtomicStackViewTest][Info] Num Pop = 112
[848:50:28.131][Main][AtomicStackViewTest][Info] Num Pop = 335
[848:50:28.131][Main][AtomicStackViewTest][Info] [TC2.Thread-Safety] Iteration: 74, push count = 75000, pop count = 75000
[848:50:28.131][None][AtomicStackViewTest][Info] Num Pop = 95
[848:50:28.131][None][AtomicStackViewTest][Info] Num Pop = 35
[848:50:28.131][None][AtomicStackViewTest][Info] Num Pop = 224
[848:50:28.131][None][AtomicStackViewTest][Info] Num Pop = 58
[848:50:28.131][Main][AtomicStackViewTest][Info] Num Pop = 588
[848:50:28.131][Main][AtomicStackViewTest][Info] [TC2.Thread-Safety] Iteration: 75, push count = 76000, pop count = 76000
[848:50:28.131][None][AtomicStackViewTest][Info] Num Pop = 97
[848:50:28.131][None][AtomicStackViewTest][Info] Num Pop = 82
[848:50:28.131][None][AtomicStackViewTest][Info] Num Pop = 259
[848:50:28.131][None][AtomicStackViewTest][Info] Num Pop = 187
[848:50:28.131][Main][AtomicStackViewTest][Info] Num Pop = 375
[848:50:28.131][Main][AtomicStackViewTest][Info] [TC2.Thread-Safety] Iteration: 76, push count = 77000, pop count = 77000
[848:50:28.131][None][AtomicStackViewTest][Info] Num Pop = 95
[848:50:28.131][None][AtomicStackViewTest][Info] Num Pop = 209
[848:50:28.131][None][AtomicStackViewTest][Info] Num Pop = 168
[848:50:28.131][None][AtomicStackViewTest][Info] Num Pop = 528
[848:50:28.131][Main][AtomicStackViewTest][Info] Num Pop = 0
[848:50:28.131][Main][AtomicStackViewTest][Info] [TC2.Thread-Safety] Iteration: 77, push count = 78000, pop count = 78000
[848:50:28.131][None][AtomicStackViewTest][Info] Num Pop = 89
[848:50:28.131][None][AtomicStackViewTest][Info] Num Pop = 289
[848:50:28.131][None][AtomicStackViewTest][Info] Num Pop = 283
[848:50:28.131][None][AtomicStackViewTest][Info] Num Pop = 339
[848:50:28.131][Main][AtomicStackViewTest][Info] Num Pop = 0
[848:50:28.131][Main][AtomicStackViewTest][Info] [TC2.Thread-Safety] Iteration: 78, push count = 79000, pop count = 79000
[848:50:28.131][None][AtomicStackViewTest][Info] Num Pop = 41
[848:50:28.131][None][AtomicStackViewTest][Info] Num Pop = 290
[848:50:28.131][None][AtomicStackViewTest][Info] Num Pop = 343
[848:50:28.131][None][AtomicStackViewTest][Info] Num Pop = 100
[848:50:28.131][Main][AtomicStackViewTest][Info] Num Pop = 226
[848:50:28.131][Main][AtomicStackViewTest][Info] [TC2.Thread-Safety] Iteration: 79, push count = 80000, pop count = 80000
[848:50:28.132][None][AtomicStackViewTest][Info] Num Pop = 141
[848:50:28.132][None][AtomicStackViewTest][Info] Num Pop = 226
[848:50:28.132][None][AtomicStackViewTest][Info] Num Pop = 409
[848:50:28.132][None][AtomicStackViewTest][Info] Num Pop = 224
[848:50:28.132][Main][AtomicStackViewTest][Info] Num Pop = 0
[848:50:28.132][Main][AtomicStackViewTest][Info] [TC2.Thread-Safety] Iteration: 80, push count = 81000, pop count = 81000
[848:50:28.132][None][AtomicStackViewTest][Info] Num Pop = 277
[848:50:28.132][None][AtomicStackViewTest][Info] Num Pop = 163
[848:50:28.132][None][AtomicStackViewTest][Info] Num Pop = 375
[848:50:28.132][None][AtomicStackViewTest][Info] Num Pop = 185
[848:50:28.132][Main][AtomicStackViewTest][Info] Num Pop = 0
[848:50:28.132][Main][AtomicStackViewTest][Info] [TC2.Thread-Safety] Iteration: 81, push count = 82000, pop count = 82000
[848:50:28.132][None][AtomicStackViewTest][Info] Num Pop = 15
[848:50:28.132][None][AtomicStackViewTest][Info] Num Pop = 214
[848:50:28.132][None][AtomicStackViewTest][Info] Num Pop = 39
[848:50:28.132][None][AtomicStackViewTest][Info] Num Pop = 732
[848:50:28.132][Main][AtomicStackViewTest][Info] Num Pop = 0
[848:50:28.132][Main][AtomicStackViewTest][Info] [TC2.Thread-Safety] Iteration: 82, push count = 83000, pop count = 83000
[848:50:28.132][None][AtomicStackViewTest][Info] Num Pop = 34
[848:50:28.132][None][AtomicStackViewTest][Info] Num Pop = 358
[848:50:28.132][None][AtomicStackViewTest][Info] Num Pop = 186
[848:50:28.132][None][AtomicStackViewTest][Info] Num Pop = 319
[848:50:28.132][Main][AtomicStackViewTest][Info] Num Pop = 103
[848:50:28.132][Main][AtomicStackViewTest][Info] [TC2.Thread-Safety] Iteration: 83, push count = 84000, pop count = 84000
[848:50:28.132][None][AtomicStackViewTest][Info] Num Pop = 122
[848:50:28.132][None][AtomicStackViewTest][Info] Num Pop = 122
[848:50:28.132][None][AtomicStackViewTest][Info] Num Pop = 269
[848:50:28.132][None][AtomicStackViewTest][Info] Num Pop = 160
[848:50:28.132][Main][AtomicStackViewTest][Info] Num Pop = 327
[848:50:28.132][Main][AtomicStackViewTest][Info] [TC2.Thread-Safety] Iteration: 84, push count = 85000, pop count = 85000
[848:50:28.132][None][AtomicStackViewTest][Info] Num Pop = 65
[848:50:28.132][None][AtomicStackViewTest][Info] Num Pop = 305
[848:50:28.132][None][AtomicStackViewTest][Info] Num Pop = 123
[848:50:28.132][None][AtomicStackViewTest][Info] Num Pop = 157
[848:50:28.132][Main][AtomicStackViewTest][Info] Num Pop = 350
[848:50:28.132][Main][AtomicStackViewTest][Info] [TC2.Thread-Safety] Iteration: 85, push count = 86000, pop count = 86000
[848:50:28.133][None][AtomicStackViewTest][Info] Num Pop = 53
[848:50:28.133][None][AtomicStackViewTest][Info] Num Pop = 218
[848:50:28.133][None][AtomicStackViewTest][Info] Num Pop = 44
[848:50:28.133][None][AtomicStackViewTest][Info] Num Pop = 685
[848:50:28.133][Main][AtomicStackViewTest][Info] Num Pop = 0
[848:50:28.133][Main][AtomicStackViewTest][Info] [TC2.Thread-Safety] Iteration: 86, push count = 87000, pop count = 87000
[848:50:28.133][None][AtomicStackViewTest][Info] Num Pop = 19
[848:50:28.133][None][AtomicStackViewTest][Info] Num Pop = 18
[848:50:28.133][None][AtomicStackViewTest][Info] Num Pop = 360
[848:50:28.133][None][AtomicStackViewTest][Info] Num Pop = 603
[848:50:28.133][Main][AtomicStackViewTest][Info] Num Pop = 0
[848:50:28.133][Main][AtomicStackViewTest][Info] [TC2.Thread-Safety] Iteration: 87, push count = 88000, pop count = 88000
[848:50:28.133][None][AtomicStackViewTest][Info] Num Pop = 9
[848:50:28.133][None][AtomicStackViewTest][Info] Num Pop = 0
[848:50:28.133][None][AtomicStackViewTest][Info] Num Pop = 107
[848:50:28.133][None][AtomicStackViewTest][Info] Num Pop = 0
[848:50:28.133][Main][AtomicStackViewTest][Info] Num Pop = 884
[848:50:28.133][Main][AtomicStackViewTest][Info] [TC2.Thread-Safety] Iteration: 88, push count = 89000, pop count = 89000
[848:50:28.133][None][AtomicStackViewTest][Info] Num Pop = 150
[848:50:28.133][None][AtomicStackViewTest][Info] Num Pop = 306
[848:50:28.133][None][AtomicStackViewTest][Info] Num Pop = 310
[848:50:28.133][None][AtomicStackViewTest][Info] Num Pop = 234
[848:50:28.133][Main][AtomicStackViewTest][Info] Num Pop = 0
[848:50:28.133][Main][AtomicStackViewTest][Info] [TC2.Thread-Safety] Iteration: 89, push count = 90000, pop count = 90000
[848:50:28.133][None][AtomicStackViewTest][Info] Num Pop = 420
[848:50:28.133][None][AtomicStackViewTest][Info] Num Pop = 80
[848:50:28.133][None][AtomicStackViewTest][Info] Num Pop = 73
[848:50:28.133][None][AtomicStackViewTest][Info] Num Pop = 64
[848:50:28.133][Main][AtomicStackViewTest][Info] Num Pop = 363
[848:50:28.133][Main][AtomicStackViewTest][Info] [TC2.Thread-Safety] Iteration: 90, push count = 91000, pop count = 91000
[848:50:28.133][None][AtomicStackViewTest][Info] Num Pop = 354
[848:50:28.133][None][AtomicStackViewTest][Info] Num Pop = 161
[848:50:28.133][None][AtomicStackViewTest][Info] Num Pop = 120
[848:50:28.133][None][AtomicStackViewTest][Info] Num Pop = 234
[848:50:28.133][Main][AtomicStackViewTest][Info] Num Pop = 131
[848:50:28.133][Main][AtomicStackViewTest][Info] [TC2.Thread-Safety] Iteration: 91, push count = 92000, pop count = 92000
[848:50:28.133][None][AtomicStackViewTest][Info] Num Pop = 20
[848:50:28.133][None][AtomicStackViewTest][Info] Num Pop = 30
[848:50:28.133][None][AtomicStackViewTest][Info] Num Pop = 41
[848:50:28.133][None][AtomicStackViewTest][Info] Num Pop = 392
[848:50:28.133][Main][AtomicStackViewTest][Info] Num Pop = 517
[848:50:28.133][Main][AtomicStackViewTest][Info] [TC2.Thread-Safety] Iteration: 92, push count = 93000, pop count = 93000
[848:50:28.134][None][AtomicStackViewTest][Info] Num Pop = 235
[848:50:28.134][None][AtomicStackViewTest][Info] Num Pop = 381
[848:50:28.134][None][AtomicStackViewTest][Info] Num Pop = 182
[848:50:28.134][None][AtomicStackViewTest][Info] Num Pop = 202
[848:50:28.134][Main][AtomicStackViewTest][Info] Num Pop = 0
[848:50:28.134][Main][AtomicStackViewTest][Info] [TC2.Thread-Safety] Iteration: 93, push count = 94000, pop count = 94000
[848:50:28.134][None][AtomicStackViewTest][Info] Num Pop = 21
[848:50:28.134][None][AtomicStackViewTest][Info] Num Pop = 22
[848:50:28.134][None][AtomicStackViewTest][Info] Num Pop = 331
[848:50:28.134][None][AtomicStackViewTest][Info] Num Pop = 626
[848:50:28.134][Main][AtomicStackViewTest][Info] Num Pop = 0
[848:50:28.134][Main][AtomicStackViewTest][Info] [TC2.Thread-Safety] Iteration: 94, push count = 95000, pop count = 95000
[848:50:28.134][None][AtomicStackViewTest][Info] Num Pop = 715
[848:50:28.134][None][AtomicStackViewTest][Info] Num Pop = 35
[848:50:28.134][None][AtomicStackViewTest][Info] Num Pop = 54
[848:50:28.134][None][AtomicStackViewTest][Info] Num Pop = 196
[848:50:28.134][Main][AtomicStackViewTest][Info] Num Pop = 0
[848:50:28.134][Main][AtomicStackViewTest][Info] [TC2.Thread-Safety] Iteration: 95, push count = 96000, pop count = 96000
[848:50:28.134][None][AtomicStackViewTest][Info] Num Pop = 518
[848:50:28.134][None][AtomicStackViewTest][Info] Num Pop = 33
[848:50:28.134][None][AtomicStackViewTest][Info] Num Pop = 42
[848:50:28.134][None][AtomicStackViewTest][Info] Num Pop = 55
[848:50:28.134][Main][AtomicStackViewTest][Info] Num Pop = 352
[848:50:28.134][Main][AtomicStackViewTest][Info] [TC2.Thread-Safety] Iteration: 96, push count = 97000, pop count = 97000
[848:50:28.134][None][AtomicStackViewTest][Info] Num Pop = 182
[848:50:28.134][None][AtomicStackViewTest][Info] Num Pop = 153
[848:50:28.134][None][AtomicStackViewTest][Info] Num Pop = 30
[848:50:28.134][None][AtomicStackViewTest][Info] Num Pop = 61
[848:50:28.134][Main][AtomicStackViewTest][Info] Num Pop = 574
[848:50:28.134][Main][AtomicStackViewTest][Info] [TC2.Thread-Safety] Iteration: 97, push count = 98000, pop count = 98000
[848:50:28.134][None][AtomicStackViewTest][Info] Num Pop = 160
[848:50:28.134][None][AtomicStackViewTest][Info] Num Pop = 135
[848:50:28.134][None][AtomicStackViewTest][Info] Num Pop = 344
[848:50:28.134][None][AtomicStackViewTest][Info] Num Pop = 340
[848:50:28.134][Main][AtomicStackViewTest][Info] Num Pop = 21
[848:50:28.134][Main][AtomicStackViewTest][Info] [TC2.Thread-Safety] Iteration: 98, push count = 99000, pop count = 99000
[848:50:28.135][None][AtomicStackViewTest][Info] Num Pop = 115
[848:50:28.135][None][AtomicStackViewTest][Info] Num Pop = 96
[848:50:28.135][None][AtomicStackViewTest][Info] Num Pop = 93
[848:50:28.135][None][AtomicStackViewTest][Info] Num Pop = 224
[848:50:28.135][Main][AtomicStackViewTest][Info] Num Pop = 472
[848:50:28.135][Main][AtomicStackViewTest][Info] [TC2.Thread-Safety] Iteration: 99, push count = 100000, pop count = 100000
[848:50:28.135][None][AtomicStackViewTest][Info] Num Pop = 196
[848:50:28.135][None][AtomicStackViewTest][Info] Num Pop = 220
[848:50:28.135][None][AtomicStackViewTest][Info] Num Pop = 218
[848:50:28.135][None][AtomicStackViewTest][Info] Num Pop = 339
[848:50:28.135][Main][AtomicStackViewTest][Info] Num Pop = 27
[848:50:28.135][Main][AtomicStackViewTest][Info] [TC2.Thread-Safety] Iteration: 100, push count = 101000, pop count = 101000
[848:50:28.135][None][AtomicStackViewTest][Info] Num Pop = 138
[848:50:28.135][None][AtomicStackViewTest][Info] Num Pop = 156
[848:50:28.135][None][AtomicStackViewTest][Info] Num Pop = 186
[848:50:28.135][None][AtomicStackViewTest][Info] Num Pop = 143
[848:50:28.135][Main][AtomicStackViewTest][Info] Num Pop = 377
[848:50:28.135][Main][AtomicStackViewTest][Info] [TC2.Thread-Safety] Iteration: 101, push count = 102000, pop count = 102000
[848:50:28.135][None][AtomicStackViewTest][Info] Num Pop = 165
[848:50:28.135][None][AtomicStackViewTest][Info] Num Pop = 162
[848:50:28.135][None][AtomicStackViewTest][Info] Num Pop = 157
[848:50:28.135][None][AtomicStackViewTest][Info] Num Pop = 364
[848:50:28.135][Main][AtomicStackViewTest][Info] Num Pop = 152
[848:50:28.135][Main][AtomicStackViewTest][Info] [TC2.Thread-Safety] Iteration: 102, push count = 103000, pop count = 103000
[848:50:28.135][None][AtomicStackViewTest][Info] Num Pop = 234
[848:50:28.135][None][AtomicStackViewTest][Info] Num Pop = 80
[848:50:28.135][None][AtomicStackViewTest][Info] Num Pop = 237
[848:50:28.135][None][AtomicStackViewTest][Info] Num Pop = 231
[848:50:28.136][Main][AtomicStackViewTest][Info] Num Pop = 218
[848:50:28.136][Main][AtomicStackViewTest][Info] [TC2.Thread-Safety] Iteration: 103, push count = 104000, pop count = 104000
[848:50:28.136][None][AtomicStackViewTest][Info] Num Pop = 86
[848:50:28.136][None][AtomicStackViewTest][Info] Num Pop = 92
[848:50:28.136][None][AtomicStackViewTest][Info] Num Pop = 0
[848:50:28.136][None][AtomicStackViewTest][Info] Num Pop = 443
[848:50:28.136][Main][AtomicStackViewTest][Info] Num Pop = 379
[848:50:28.136][Main][AtomicStackViewTest][Info] [TC2.Thread-Safety] Iteration: 104, push count = 105000, pop count = 105000
[848:50:28.136][None][AtomicStackViewTest][Info] Num Pop = 205
[848:50:28.136][None][AtomicStackViewTest][Info] Num Pop = 352
[848:50:28.136][None][AtomicStackViewTest][Info] Num Pop = 206
[848:50:28.136][None][AtomicStackViewTest][Info] Num Pop = 237
[848:50:28.136][Main][AtomicStackViewTest][Info] Num Pop = 0
[848:50:28.136][Main][AtomicStackViewTest][Info] [TC2.Thread-Safety] Iteration: 105, push count = 106000, pop count = 106000
[848:50:28.136][None][AtomicStackViewTest][Info] Num Pop = 35
[848:50:28.136][None][AtomicStackViewTest][Info] Num Pop = 305
[848:50:28.136][None][AtomicStackViewTest][Info] Num Pop = 22
[848:50:28.136][None][AtomicStackViewTest][Info] Num Pop = 638
[848:50:28.136][Main][AtomicStackViewTest][Info] Num Pop = 0
[848:50:28.136][Main][AtomicStackViewTest][Info] [TC2.Thread-Safety] Iteration: 106, push count = 107000, pop count = 107000
[848:50:28.136][None][AtomicStackViewTest][Info] Num Pop = 328
[848:50:28.136][None][AtomicStackViewTest][Info] Num Pop = 95
[848:50:28.136][None][AtomicStackViewTest][Info] Num Pop = 136
[848:50:28.136][None][AtomicStackViewTest][Info] Num Pop = 344
[848:50:28.136][Main][AtomicStackViewTest][Info] Num Pop = 97
[848:50:28.136][Main][AtomicStackViewTest][Info] [TC2.Thread-Safety] Iteration: 107, push count = 108000, pop count = 108000
[848:50:28.136][None][AtomicStackViewTest][Info] Num Pop = 67
[848:50:28.136][None][AtomicStackViewTest][Info] Num Pop = 0
[848:50:28.136][None][AtomicStackViewTest][Info] Num Pop = 0
[848:50:28.136][None][AtomicStackViewTest][Info] Num Pop = 933
[848:50:28.136][Main][AtomicStackViewTest][Info] Num Pop = 0
[848:50:28.136][Main][AtomicStackViewTest][Info] [TC2.Thread-Safety] Iteration: 108, push count = 109000, pop count = 109000
[848:50:28.136][None][AtomicStackViewTest][Info] Num Pop = 203
[848:50:28.136][None][AtomicStackViewTest][Info] Num Pop = 61
[848:50:28.136][None][AtomicStackViewTest][Info] Num Pop = 0
[848:50:28.136][None][AtomicStackViewTest][Info] Num Pop = 736
[848:50:28.136][Main][AtomicStackViewTest][Info] Num Pop = 0
[848:50:28.136][Main][AtomicStackViewTest][Info] [TC2.Thread-Safety] Iteration: 109, push count = 110000, pop count = 110000
[848:50:28.136][None][AtomicStackViewTest][Info] Num Pop = 106
[848:50:28.136][None][AtomicStackViewTest][Info] Num Pop = 0
[848:50:28.136][None][AtomicStackViewTest][Info] Num Pop = 7
[848:50:28.136][None][AtomicStackViewTest][Info] Num Pop = 57
[848:50:28.136][Main][AtomicStackViewTest][Info] Num Pop = 830
[848:50:28.136][Main][AtomicStackViewTest][Info] [TC2.Thread-Safety] Iteration: 110, push count = 111000, pop count = 111000
[848:50:28.136][None][AtomicStackViewTest][Info] Num Pop = 281
[848:50:28.137][None][AtomicStackViewTest][Info] Num Pop = 101
[848:50:28.137][None][AtomicStackViewTest][Info] Num Pop = 291
[848:50:28.137][None][AtomicStackViewTest][Info] Num Pop = 327
[848:50:28.137][Main][AtomicStackViewTest][Info] Num Pop = 0
[848:50:28.137][Main][AtomicStackViewTest][Info] [TC2.Thread-Safety] Iteration: 111, push count = 112000, pop count = 112000
[848:50:28.137][None][AtomicStackViewTest][Info] Num Pop = 7
[848:50:28.137][None][AtomicStackViewTest][Info] Num Pop = 32
[848:50:28.137][None][AtomicStackViewTest][Info] Num Pop = 122
[848:50:28.137][None][AtomicStackViewTest][Info] Num Pop = 35
[848:50:28.137][Main][AtomicStackViewTest][Info] Num Pop = 804
[848:50:28.137][Main][AtomicStackViewTest][Info] [TC2.Thread-Safety] Iteration: 112, push count = 113000, pop count = 113000
[848:50:28.137][None][AtomicStackViewTest][Info] Num Pop = 497
[848:50:28.137][None][AtomicStackViewTest][Info] Num Pop = 104
[848:50:28.137][None][AtomicStackViewTest][Info] Num Pop = 388
[848:50:28.137][None][AtomicStackViewTest][Info] Num Pop = 11
[848:50:28.137][Main][AtomicStackViewTest][Info] Num Pop = 0
[848:50:28.137][Main][AtomicStackViewTest][Info] [TC2.Thread-Safety] Iteration: 113, push count = 114000, pop count = 114000
[848:50:28.137][None][AtomicStackViewTest][Info] Num Pop = 131
[848:50:28.137][None][AtomicStackViewTest][Info] Num Pop = 294
[848:50:28.137][None][AtomicStackViewTest][Info] Num Pop = 179
[848:50:28.137][None][AtomicStackViewTest][Info] Num Pop = 396
[848:50:28.137][Main][AtomicStackViewTest][Info] Num Pop = 0
[848:50:28.137][Main][AtomicStackViewTest][Info] [TC2.Thread-Safety] Iteration: 114, push count = 115000, pop count = 115000
[848:50:28.137][None][AtomicStackViewTest][Info] Num Pop = 72
[848:50:28.137][None][AtomicStackViewTest][Info] Num Pop = 196
[848:50:28.137][None][AtomicStackViewTest][Info] Num Pop = 307
[848:50:28.137][None][AtomicStackViewTest][Info] Num Pop = 194
[848:50:28.137][Main][AtomicStackViewTest][Info] Num Pop = 231
[848:50:28.137][Main][AtomicStackViewTest][Info] [TC2.Thread-Safety] Iteration: 115, push count = 116000, pop count = 116000
[848:50:28.137][None][AtomicStackViewTest][Info] Num Pop = 22
[848:50:28.137][None][AtomicStackViewTest][Info] Num Pop = 144
[848:50:28.137][None][AtomicStackViewTest][Info] Num Pop = 16
[848:50:28.137][None][AtomicStackViewTest][Info] Num Pop = 21
[848:50:28.137][Main][AtomicStackViewTest][Info] Num Pop = 797
[848:50:28.137][Main][AtomicStackViewTest][Info] [TC2.Thread-Safety] Iteration: 116, push count = 117000, pop count = 117000
[848:50:28.137][None][AtomicStackViewTest][Info] Num Pop = 148
[848:50:28.137][None][AtomicStackViewTest][Info] Num Pop = 115
[848:50:28.137][None][AtomicStackViewTest][Info] Num Pop = 54
[848:50:28.137][None][AtomicStackViewTest][Info] Num Pop = 229
[848:50:28.137][Main][AtomicStackViewTest][Info] Num Pop = 454
[848:50:28.137][Main][AtomicStackViewTest][Info] [TC2.Thread-Safety] Iteration: 117, push count = 118000, pop count = 118000
[848:50:28.137][None][AtomicStackViewTest][Info] Num Pop = 29
[848:50:28.137][None][AtomicStackViewTest][Info] Num Pop = 210
[848:50:28.138][None][AtomicStackViewTest][Info] Num Pop = 258
[848:50:28.138][None][AtomicStackViewTest][Info] Num Pop = 503
[848:50:28.138][Main][AtomicStackViewTest][Info] Num Pop = 0
[848:50:28.138][Main][AtomicStackViewTest][Info] [TC2.Thread-Safety] Iteration: 118, push count = 119000, pop count = 119000
[848:50:28.138][None][AtomicStackViewTest][Info] Num Pop = 299
[848:50:28.138][None][AtomicStackViewTest][Info] Num Pop = 162
[848:50:28.138][None][AtomicStackViewTest][Info] Num Pop = 106
[848:50:28.138][None][AtomicStackViewTest][Info] Num Pop = 289
[848:50:28.138][Main][AtomicStackViewTest][Info] Num Pop = 144
[848:50:28.138][Main][AtomicStackViewTest][Info] [TC2.Thread-Safety] Iteration: 119, push count = 120000, pop count = 120000
[848:50:28.138][None][AtomicStackViewTest][Info] Num Pop = 241
[848:50:28.138][None][AtomicStackViewTest][Info] Num Pop = 204
[848:50:28.138][None][AtomicStackViewTest][Info] Num Pop = 101
[848:50:28.138][None][AtomicStackViewTest][Info] Num Pop = 312
[848:50:28.138][Main][AtomicStackViewTest][Info] Num Pop = 142
[848:50:28.138][Main][AtomicStackViewTest][Info] [TC2.Thread-Safety] Iteration: 120, push count = 121000, pop count = 121000
[848:50:28.138][None][AtomicStackViewTest][Info] Num Pop = 70
[848:50:28.138][None][AtomicStackViewTest][Info] Num Pop = 218
[848:50:28.138][None][AtomicStackViewTest][Info] Num Pop = 20
[848:50:28.138][None][AtomicStackViewTest][Info] Num Pop = 49
[848:50:28.138][Main][AtomicStackViewTest][Info] Num Pop = 643
[848:50:28.138][Main][AtomicStackViewTest][Info] [TC2.Thread-Safety] Iteration: 121, push count = 122000, pop count = 122000
[848:50:28.138][None][AtomicStackViewTest][Info] Num Pop = 0
[848:50:28.138][None][AtomicStackViewTest][Info] Num Pop = 453
[848:50:28.138][None][AtomicStackViewTest][Info] Num Pop = 404
[848:50:28.138][None][AtomicStackViewTest][Info] Num Pop = 143
[848:50:28.138][Main][AtomicStackViewTest][Info] Num Pop = 0
[848:50:28.138][Main][AtomicStackViewTest][Info] [TC2.Thread-Safety] Iteration: 122, push count = 123000, pop count = 123000
[848:50:28.138][None][AtomicStackViewTest][Info] Num Pop = 0
[848:50:28.138][None][AtomicStackViewTest][Info] Num Pop = 0
[848:50:28.138][None][AtomicStackViewTest][Info] Num Pop = 121
[848:50:28.138][None][AtomicStackViewTest][Info] Num Pop = 18
[848:50:28.138][Main][AtomicStackViewTest][Info] Num Pop = 861
[848:50:28.138][Main][AtomicStackViewTest][Info] [TC2.Thread-Safety] Iteration: 123, push count = 124000, pop count = 124000
[848:50:28.138][None][AtomicStackViewTest][Info] Num Pop = 108
[848:50:28.138][None][AtomicStackViewTest][Info] Num Pop = 99
[848:50:28.138][None][AtomicStackViewTest][Info] Num Pop = 154
[848:50:28.139][None][AtomicStackViewTest][Info] Num Pop = 266
[848:50:28.139][Main][AtomicStackViewTest][Info] Num Pop = 373
[848:50:28.139][Main][AtomicStackViewTest][Info] [TC2.Thread-Safety] Iteration: 124, push count = 125000, pop count = 125000
[848:50:28.139][None][AtomicStackViewTest][Info] Num Pop = 319
[848:50:28.139][None][AtomicStackViewTest][Info] Num Pop = 93
[848:50:28.139][None][AtomicStackViewTest][Info] Num Pop = 51
[848:50:28.139][None][AtomicStackViewTest][Info] Num Pop = 56
[848:50:28.139][Main][AtomicStackViewTest][Info] Num Pop = 481
[848:50:28.139][Main][AtomicStackViewTest][Info] [TC2.Thread-Safety] Iteration: 125, push count = 126000, pop count = 126000
[848:50:28.139][None][AtomicStackViewTest][Info] Num Pop = 527
[848:50:28.139][None][AtomicStackViewTest][Info] Num Pop = 98
[848:50:28.139][None][AtomicStackViewTest][Info] Num Pop = 129
[848:50:28.139][None][AtomicStackViewTest][Info] Num Pop = 123
[848:50:28.139][Main][AtomicStackViewTest][Info] Num Pop = 123
[848:50:28.139][Main][AtomicStackViewTest][Info] [TC2.Thread-Safety] Iteration: 126, push count = 127000, pop count = 127000
[848:50:28.139][None][AtomicStackViewTest][Info] Num Pop = 18
[848:50:28.139][None][AtomicStackViewTest][Info] Num Pop = 82
[848:50:28.139][None][AtomicStackViewTest][Info] Num Pop = 22
[848:50:28.139][None][AtomicStackViewTest][Info] Num Pop = 15
[848:50:28.139][Main][AtomicStackViewTest][Info] Num Pop = 863
[848:50:28.139][Main][AtomicStackViewTest][Info] [TC2.Thread-Safety] Iteration: 127, push count = 128000, pop count = 128000
[848:50:28.139][None][AtomicStackViewTest][Info] Num Pop = 31
[848:50:28.139][None][AtomicStackViewTest][Info] Num Pop = 0
[848:50:28.139][None][AtomicStackViewTest][Info] Num Pop = 90
[848:50:28.139][None][AtomicStackViewTest][Info] Num Pop = 77
[848:50:28.139][Main][AtomicStackViewTest][Info] Num Pop = 802
[848:50:28.139][Main][AtomicStackViewTest][Info] [TC2.Thread-Safety] Iteration: 128, push count = 129000, pop count = 129000
[848:50:28.139][None][AtomicStackViewTest][Info] Num Pop = 42
[848:50:28.139][None][AtomicStackViewTest][Info] Num Pop = 217
[848:50:28.139][None][AtomicStackViewTest][Info] Num Pop = 22
[848:50:28.139][None][AtomicStackViewTest][Info] Num Pop = 33
[848:50:28.139][Main][AtomicStackViewTest][Info] Num Pop = 686
[848:50:28.139][Main][AtomicStackViewTest][Info] [TC2.Thread-Safety] Iteration: 129, push count = 130000, pop count = 130000
[848:50:28.139][None][AtomicStackViewTest][Info] Num Pop = 0
[848:50:28.139][None][AtomicStackViewTest][Info] Num Pop = 176
[848:50:28.139][None][AtomicStackViewTest][Info] Num Pop = 499
[848:50:28.139][None][AtomicStackViewTest][Info] Num Pop = 325
[848:50:28.139][Main][AtomicStackViewTest][Info] Num Pop = 0
[848:50:28.139][Main][AtomicStackViewTest][Info] [TC2.Thread-Safety] Iteration: 130, push count = 131000, pop count = 131000
[848:50:28.139][None][AtomicStackViewTest][Info] Num Pop = 254
[848:50:28.139][None][AtomicStackViewTest][Info] Num Pop = 615
[848:50:28.140][None][AtomicStackViewTest][Info] Num Pop = 48
[848:50:28.140][None][AtomicStackViewTest][Info] Num Pop = 83
[848:50:28.140][Main][AtomicStackViewTest][Info] Num Pop = 0
[848:50:28.140][Main][AtomicStackViewTest][Info] [TC2.Thread-Safety] Iteration: 131, push count = 132000, pop count = 132000
[848:50:28.140][None][AtomicStackViewTest][Info] Num Pop = 445
[848:50:28.140][None][AtomicStackViewTest][Info] Num Pop = 201
[848:50:28.140][None][AtomicStackViewTest][Info] Num Pop = 145
[848:50:28.140][None][AtomicStackViewTest][Info] Num Pop = 157
[848:50:28.140][Main][AtomicStackViewTest][Info] Num Pop = 52
[848:50:28.140][Main][AtomicStackViewTest][Info] [TC2.Thread-Safety] Iteration: 132, push count = 133000, pop count = 133000
[848:50:28.140][None][AtomicStackViewTest][Info] Num Pop = 254
[848:50:28.140][None][AtomicStackViewTest][Info] Num Pop = 554
[848:50:28.140][None][AtomicStackViewTest][Info] Num Pop = 99
[848:50:28.140][None][AtomicStackViewTest][Info] Num Pop = 93
[848:50:28.140][Main][AtomicStackViewTest][Info] Num Pop = 0
[848:50:28.140][Main][AtomicStackViewTest][Info] [TC2.Thread-Safety] Iteration: 133, push count = 134000, pop count = 134000
[848:50:28.140][None][AtomicStackViewTest][Info] Num Pop = 51
[848:50:28.140][None][AtomicStackViewTest][Info] Num Pop = 14
[848:50:28.140][None][AtomicStackViewTest][Info] Num Pop = 23
[848:50:28.140][None][AtomicStackViewTest][Info] Num Pop = 34
[848:50:28.140][Main][AtomicStackViewTest][Info] Num Pop = 878
[848:50:28.140][Main][AtomicStackViewTest][Info] [TC2.Thread-Safety] Iteration: 134, push count = 135000, pop count = 135000
[848:50:28.140][None][AtomicStackViewTest][Info] Num Pop = 385
[848:50:28.140][None][AtomicStackViewTest][Info] Num Pop = 0
[848:50:28.140][None][AtomicStackViewTest][Info] Num Pop = 40
[848:50:28.140][None][AtomicStackViewTest][Info] Num Pop = 0
[848:50:28.140][Main][AtomicStackViewTest][Info] Num Pop = 575
[848:50:28.140][Main][AtomicStackViewTest][Info] [TC2.Thread-Safety] Iteration: 135, push count = 136000, pop count = 136000
[848:50:28.140][None][AtomicStackViewTest][Info] Num Pop = 62
[848:50:28.140][None][AtomicStackViewTest][Info] Num Pop = 276
[848:50:28.140][None][AtomicStackViewTest][Info] Num Pop = 148
[848:50:28.140][None][AtomicStackViewTest][Info] Num Pop = 66
[848:50:28.140][Main][AtomicStackViewTest][Info] Num Pop = 448
[848:50:28.140][Main][AtomicStackViewTest][Info] [TC2.Thread-Safety] Iteration: 136, push count = 137000, pop count = 137000
[848:50:28.140][None][AtomicStackViewTest][Info] Num Pop = 58
[848:50:28.140][None][AtomicStackViewTest][Info] Num Pop = 12
[848:50:28.140][None][AtomicStackViewTest][Info] Num Pop = 301
[848:50:28.140][None][AtomicStackViewTest][Info] Num Pop = 106
[848:50:28.140][Main][AtomicStackViewTest][Info] Num Pop = 523
[848:50:28.140][Main][AtomicStackViewTest][Info] [TC2.Thread-Safety] Iteration: 137, push count = 138000, pop count = 138000
[848:50:28.141][None][AtomicStackViewTest][Info] Num Pop = 254
[848:50:28.141][None][AtomicStackViewTest][Info] Num Pop = 291
[848:50:28.141][None][AtomicStackViewTest][Info] Num Pop = 160
[848:50:28.141][None][AtomicStackViewTest][Info] Num Pop = 100
[848:50:28.141][Main][AtomicStackViewTest][Info] Num Pop = 195
[848:50:28.141][Main][AtomicStackViewTest][Info] [TC2.Thread-Safety] Iteration: 138, push count = 139000, pop count = 139000
[848:50:28.141][None][AtomicStackViewTest][Info] Num Pop = 1
[848:50:28.141][None][AtomicStackViewTest][Info] Num Pop = 0
[848:50:28.141][None][AtomicStackViewTest][Info] Num Pop = 48
[848:50:28.141][None][AtomicStackViewTest][Info] Num Pop = 8
[848:50:28.141][Main][AtomicStackViewTest][Info] Num Pop = 943
[848:50:28.141][Main][AtomicStackViewTest][Info] [TC2.Thread-Safety] Iteration: 139, push count = 140000, pop count = 140000
[848:50:28.141][None][AtomicStackViewTest][Info] Num Pop = 0
[848:50:28.141][None][AtomicStackViewTest][Info] Num Pop = 119
[848:50:28.141][None][AtomicStackViewTest][Info] Num Pop = 242
[848:50:28.141][None][AtomicStackViewTest][Info] Num Pop = 639
[848:50:28.141][Main][AtomicStackViewTest][Info] Num Pop = 0
[848:50:28.141][Main][AtomicStackViewTest][Info] [TC2.Thread-Safety] Iteration: 140, push count = 141000, pop count = 141000
[848:50:28.141][None][AtomicStackViewTest][Info] Num Pop = 1
[848:50:28.141][None][AtomicStackViewTest][Info] Num Pop = 4
[848:50:28.141][None][AtomicStackViewTest][Info] Num Pop = 24
[848:50:28.141][None][AtomicStackViewTest][Info] Num Pop = 971
[848:50:28.141][Main][AtomicStackViewTest][Info] Num Pop = 0
[848:50:28.141][Main][AtomicStackViewTest][Info] [TC2.Thread-Safety] Iteration: 141, push count = 142000, pop count = 142000
[848:50:28.141][None][AtomicStackViewTest][Info] Num Pop = 391
[848:50:28.141][None][AtomicStackViewTest][Info] Num Pop = 345
[848:50:28.141][None][AtomicStackViewTest][Info] Num Pop = 147
[848:50:28.141][None][AtomicStackViewTest][Info] Num Pop = 117
[848:50:28.141][Main][AtomicStackViewTest][Info] Num Pop = 0
[848:50:28.141][Main][AtomicStackViewTest][Info] [TC2.Thread-Safety] Iteration: 142, push count = 143000, pop count = 143000
[848:50:28.141][None][AtomicStackViewTest][Info] Num Pop = 964
[848:50:28.141][None][AtomicStackViewTest][Info] Num Pop = 9
[848:50:28.141][None][AtomicStackViewTest][Info] Num Pop = 24
[848:50:28.141][None][AtomicStackViewTest][Info] Num Pop = 3
[848:50:28.141][Main][AtomicStackViewTest][Info] Num Pop = 0
[848:50:28.141][Main][AtomicStackViewTest][Info] [TC2.Thread-Safety] Iteration: 143, push count = 144000, pop count = 144000
[848:50:28.141][None][AtomicStackViewTest][Info] Num Pop = 340
[848:50:28.141][None][AtomicStackViewTest][Info] Num Pop = 188
[848:50:28.141][None][AtomicStackViewTest][Info] Num Pop = 174
[848:50:28.141][None][AtomicStackViewTest][Info] Num Pop = 160
[848:50:28.141][Main][AtomicStackViewTest][Info] Num Pop = 138
[848:50:28.141][Main][AtomicStackViewTest][Info] [TC2.Thread-Safety] Iteration: 144, push count = 145000, pop count = 145000
[848:50:28.142][None][AtomicStackViewTest][Info] Num Pop = 638
[848:50:28.142][None][AtomicStackViewTest][Info] Num Pop = 236
[848:50:28.142][None][AtomicStackViewTest][Info] Num Pop = 69
[848:50:28.142][None][AtomicStackViewTest][Info] Num Pop = 57
[848:50:28.142][Main][AtomicStackViewTest][Info] Num Pop = 0
[848:50:28.142][Main][AtomicStackViewTest][Info] [TC2.Thread-Safety] Iteration: 145, push count = 146000, pop count = 146000
[848:50:28.142][None][AtomicStackViewTest][Info] Num Pop = 437
[848:50:28.142][None][AtomicStackViewTest][Info] Num Pop = 127
[848:50:28.142][None][AtomicStackViewTest][Info] Num Pop = 249
[848:50:28.142][None][AtomicStackViewTest][Info] Num Pop = 187
[848:50:28.142][Main][AtomicStackViewTest][Info] Num Pop = 0
[848:50:28.142][Main][AtomicStackViewTest][Info] [TC2.Thread-Safety] Iteration: 146, push count = 147000, pop count = 147000
[848:50:28.142][None][AtomicStackViewTest][Info] Num Pop = 363
[848:50:28.142][None][AtomicStackViewTest][Info] Num Pop = 118
[848:50:28.142][None][AtomicStackViewTest][Info] Num Pop = 185
[848:50:28.142][None][AtomicStackViewTest][Info] Num Pop = 263
[848:50:28.142][Main][AtomicStackViewTest][Info] Num Pop = 71
[848:50:28.142][Main][AtomicStackViewTest][Info] [TC2.Thread-Safety] Iteration: 147, push count = 148000, pop count = 148000
[848:50:28.142][None][AtomicStackViewTest][Info] Num Pop = 623
[848:50:28.142][None][AtomicStackViewTest][Info] Num Pop = 120
[848:50:28.142][None][AtomicStackViewTest][Info] Num Pop = 138
[848:50:28.142][None][AtomicStackViewTest][Info] Num Pop = 91
[848:50:28.142][Main][AtomicStackViewTest][Info] Num Pop = 28
[848:50:28.142][Main][AtomicStackViewTest][Info] [TC2.Thread-Safety] Iteration: 148, push count = 149000, pop count = 149000
[848:50:28.142][None][AtomicStackViewTest][Info] Num Pop = 576
[848:50:28.142][None][AtomicStackViewTest][Info] Num Pop = 22
[848:50:28.142][None][AtomicStackViewTest][Info] Num Pop = 38
[848:50:28.142][None][AtomicStackViewTest][Info] Num Pop = 5
[848:50:28.142][Main][AtomicStackViewTest][Info] Num Pop = 359
[848:50:28.142][Main][AtomicStackViewTest][Info] [TC2.Thread-Safety] Iteration: 149, push count = 150000, pop count = 150000
[848:50:28.142][None][AtomicStackViewTest][Info] Num Pop = 299
[848:50:28.142][None][AtomicStackViewTest][Info] Num Pop = 91
[848:50:28.142][None][AtomicStackViewTest][Info] Num Pop = 201
[848:50:28.142][None][AtomicStackViewTest][Info] Num Pop = 242
[848:50:28.142][Main][AtomicStackViewTest][Info] Num Pop = 167
[848:50:28.142][Main][AtomicStackViewTest][Info] [TC2.Thread-Safety] Iteration: 150, push count = 151000, pop count = 151000
[848:50:28.142][None][AtomicStackViewTest][Info] Num Pop = 40
[848:50:28.143][None][AtomicStackViewTest][Info] Num Pop = 73
[848:50:28.143][None][AtomicStackViewTest][Info] Num Pop = 21
[848:50:28.143][None][AtomicStackViewTest][Info] Num Pop = 31
[848:50:28.143][Main][AtomicStackViewTest][Info] Num Pop = 835
[848:50:28.143][Main][AtomicStackViewTest][Info] [TC2.Thread-Safety] Iteration: 151, push count = 152000, pop count = 152000
[848:50:28.143][None][AtomicStackViewTest][Info] Num Pop = 159
[848:50:28.143][None][AtomicStackViewTest][Info] Num Pop = 292
[848:50:28.143][None][AtomicStackViewTest][Info] Num Pop = 371
[848:50:28.143][None][AtomicStackViewTest][Info] Num Pop = 178
[848:50:28.143][Main][AtomicStackViewTest][Info] Num Pop = 0
[848:50:28.143][Main][AtomicStackViewTest][Info] [TC2.Thread-Safety] Iteration: 152, push count = 153000, pop count = 153000
[848:50:28.143][None][AtomicStackViewTest][Info] Num Pop = 335
[848:50:28.143][None][AtomicStackViewTest][Info] Num Pop = 300
[848:50:28.143][None][AtomicStackViewTest][Info] Num Pop = 141
[848:50:28.143][None][AtomicStackViewTest][Info] Num Pop = 163
[848:50:28.143][Main][AtomicStackViewTest][Info] Num Pop = 61
[848:50:28.143][Main][AtomicStackViewTest][Info] [TC2.Thread-Safety] Iteration: 153, push count = 154000, pop count = 154000
[848:50:28.143][None][AtomicStackViewTest][Info] Num Pop = 133
[848:50:28.143][None][AtomicStackViewTest][Info] Num Pop = 80
[848:50:28.143][None][AtomicStackViewTest][Info] Num Pop = 426
[848:50:28.143][None][AtomicStackViewTest][Info] Num Pop = 55
[848:50:28.143][Main][AtomicStackViewTest][Info] Num Pop = 306
[848:50:28.143][Main][AtomicStackViewTest][Info] [TC2.Thread-Safety] Iteration: 154, push count = 155000, pop count = 155000
[848:50:28.143][None][AtomicStackViewTest][Info] Num Pop = 1000
[848:50:28.143][None][AtomicStackViewTest][Info] Num Pop = 0
[848:50:28.143][None][AtomicStackViewTest][Info] Num Pop = 0
[848:50:28.143][None][AtomicStackViewTest][Info] Num Pop = 0
[848:50:28.143][Main][AtomicStackViewTest][Info] Num Pop = 0
[848:50:28.143][Main][AtomicStackViewTest][Info] [TC2.Thread-Safety] Iteration: 155, push count = 156000, pop count = 156000
[848:50:28.143][None][AtomicStackViewTest][Info] Num Pop = 222
[848:50:28.143][None][AtomicStackViewTest][Info] Num Pop = 713
[848:50:28.143][None][AtomicStackViewTest][Info] Num Pop = 48
[848:50:28.143][None][AtomicStackViewTest][Info] Num Pop = 17
[848:50:28.143][Main][AtomicStackViewTest][Info] Num Pop = 0
[848:50:28.143][Main][AtomicStackViewTest][Info] [TC2.Thread-Safety] Iteration: 156, push count = 157000, pop count = 157000
[848:50:28.143][None][AtomicStackViewTest][Info] Num Pop = 0
[848:50:28.143][None][AtomicStackViewTest][Info] Num Pop = 99
[848:50:28.143][None][AtomicStackViewTest][Info] Num Pop = 29
[848:50:28.143][None][AtomicStackViewTest][Info] Num Pop = 125
[848:50:28.143][Main][AtomicStackViewTest][Info] Num Pop = 747
[848:50:28.144][Main][AtomicStackViewTest][Info] [TC2.Thread-Safety] Iteration: 157, push count = 158000, pop count = 158000
[848:50:28.144][None][AtomicStackViewTest][Info] Num Pop = 143
[848:50:28.144][None][AtomicStackViewTest][Info] Num Pop = 98
[848:50:28.144][None][AtomicStackViewTest][Info] Num Pop = 23
[848:50:28.144][None][AtomicStackViewTest][Info] Num Pop = 15
[848:50:28.144][Main][AtomicStackViewTest][Info] Num Pop = 721
[848:50:28.144][Main][AtomicStackViewTest][Info] [TC2.Thread-Safety] Iteration: 158, push count = 159000, pop count = 159000
[848:50:28.144][None][AtomicStackViewTest][Info] Num Pop = 406
[848:50:28.144][None][AtomicStackViewTest][Info] Num Pop = 123
[848:50:28.144][None][AtomicStackViewTest][Info] Num Pop = 53
[848:50:28.144][None][AtomicStackViewTest][Info] Num Pop = 0
[848:50:28.144][Main][AtomicStackViewTest][Info] Num Pop = 418
[848:50:28.144][Main][AtomicStackViewTest][Info] [TC2.Thread-Safety] Iteration: 159, push count = 160000, pop count = 160000
[848:50:28.144][None][AtomicStackViewTest][Info] Num Pop = 461
[848:50:28.144][None][AtomicStackViewTest][Info] Num Pop = 17
[848:50:28.144][None][AtomicStackViewTest][Info] Num Pop = 212
[848:50:28.144][None][AtomicStackViewTest][Info] Num Pop = 310
[848:50:28.144][Main][AtomicStackViewTest][Info] Num Pop = 0
[848:50:28.144][Main][AtomicStackViewTest][Info] [TC2.Thread-Safety] Iteration: 160, push count = 161000, pop count = 161000
[848:50:28.144][None][AtomicStackViewTest][Info] Num Pop = 0
[848:50:28.144][None][AtomicStackViewTest][Info] Num Pop = 30
[848:50:28.144][None][AtomicStackViewTest][Info] Num Pop = 660
[848:50:28.144][None][AtomicStackViewTest][Info] Num Pop = 310
[848:50:28.144][Main][AtomicStackViewTest][Info] Num Pop = 0
[848:50:28.144][Main][AtomicStackViewTest][Info] [TC2.Thread-Safety] Iteration: 161, push count = 162000, pop count = 162000
[848:50:28.144][None][AtomicStackViewTest][Info] Num Pop = 215
[848:50:28.144][None][AtomicStackViewTest][Info] Num Pop = 198
[848:50:28.144][None][AtomicStackViewTest][Info] Num Pop = 155
[848:50:28.144][None][AtomicStackViewTest][Info] Num Pop = 432
[848:50:28.144][Main][AtomicStackViewTest][Info] Num Pop = 0
[848:50:28.144][Main][AtomicStackViewTest][Info] [TC2.Thread-Safety] Iteration: 162, push count = 163000, pop count = 163000
[848:50:28.144][None][AtomicStackViewTest][Info] Num Pop = 320
[848:50:28.144][None][AtomicStackViewTest][Info] Num Pop = 84
[848:50:28.144][None][AtomicStackViewTest][Info] Num Pop = 228
[848:50:28.144][None][AtomicStackViewTest][Info] Num Pop = 123
[848:50:28.144][Main][AtomicStackViewTest][Info] Num Pop = 245
[848:50:28.144][Main][AtomicStackViewTest][Info] [TC2.Thread-Safety] Iteration: 163, push count = 164000, pop count = 164000
[848:50:28.145][None][AtomicStackViewTest][Info] Num Pop = 257
[848:50:28.145][None][AtomicStackViewTest][Info] Num Pop = 138
[848:50:28.145][None][AtomicStackViewTest][Info] Num Pop = 145
[848:50:28.145][None][AtomicStackViewTest][Info] Num Pop = 103
[848:50:28.145][Main][AtomicStackViewTest][Info] Num Pop = 357
[848:50:28.145][Main][AtomicStackViewTest][Info] [TC2.Thread-Safety] Iteration: 164, push count = 165000, pop count = 165000
[848:50:28.145][None][AtomicStackViewTest][Info] Num Pop = 76
[848:50:28.145][None][AtomicStackViewTest][Info] Num Pop = 197
[848:50:28.145][None][AtomicStackViewTest][Info] Num Pop = 42
[848:50:28.145][None][AtomicStackViewTest][Info] Num Pop = 685
[848:50:28.145][Main][AtomicStackViewTest][Info] Num Pop = 0
[848:50:28.145][Main][AtomicStackViewTest][Info] [TC2.Thread-Safety] Iteration: 165, push count = 166000, pop count = 166000
[848:50:28.145][None][AtomicStackViewTest][Info] Num Pop = 263
[848:50:28.145][None][AtomicStackViewTest][Info] Num Pop = 81
[848:50:28.145][None][AtomicStackViewTest][Info] Num Pop = 85
[848:50:28.145][None][AtomicStackViewTest][Info] Num Pop = 85
[848:50:28.145][Main][AtomicStackViewTest][Info] Num Pop = 486
[848:50:28.145][Main][AtomicStackViewTest][Info] [TC2.Thread-Safety] Iteration: 166, push count = 167000, pop count = 167000
[848:50:28.145][None][AtomicStackViewTest][Info] Num Pop = 145
[848:50:28.145][None][AtomicStackViewTest][Info] Num Pop = 62
[848:50:28.145][None][AtomicStackViewTest][Info] Num Pop = 442
[848:50:28.145][None][AtomicStackViewTest][Info] Num Pop = 168
[848:50:28.145][Main][AtomicStackViewTest][Info] Num Pop = 183
[848:50:28.145][Main][AtomicStackViewTest][Info] [TC2.Thread-Safety] Iteration: 167, push count = 168000, pop count = 168000
[848:50:28.145][None][AtomicStackViewTest][Info] Num Pop = 339
[848:50:28.145][None][AtomicStackViewTest][Info] Num Pop = 126
[848:50:28.145][None][AtomicStackViewTest][Info] Num Pop = 47
[848:50:28.145][None][AtomicStackViewTest][Info] Num Pop = 167
[848:50:28.145][Main][AtomicStackViewTest][Info] Num Pop = 321
[848:50:28.145][Main][AtomicStackViewTest][Info] [TC2.Thread-Safety] Iteration: 168, push count = 169000, pop count = 169000
[848:50:28.145][None][AtomicStackViewTest][Info] Num Pop = 73
[848:50:28.145][None][AtomicStackViewTest][Info] Num Pop = 182
[848:50:28.145][None][AtomicStackViewTest][Info] Num Pop = 184
[848:50:28.145][None][AtomicStackViewTest][Info] Num Pop = 166
[848:50:28.145][Main][AtomicStackViewTest][Info] Num Pop = 395
[848:50:28.145][Main][AtomicStackViewTest][Info] [TC2.Thread-Safety] Iteration: 169, push count = 170000, pop count = 170000
[848:50:28.145][None][AtomicStackViewTest][Info] Num Pop = 104
[848:50:28.145][None][AtomicStackViewTest][Info] Num Pop = 160
[848:50:28.145][None][AtomicStackViewTest][Info] Num Pop = 13
[848:50:28.145][None][AtomicStackViewTest][Info] Num Pop = 24
[848:50:28.145][Main][AtomicStackViewTest][Info] Num Pop = 699
[848:50:28.145][Main][AtomicStackViewTest][Info] [TC2.Thread-Safety] Iteration: 170, push count = 171000, pop count = 171000
[848:50:28.146][None][AtomicStackViewTest][Info] Num Pop = 84
[848:50:28.146][None][AtomicStackViewTest][Info] Num Pop = 271
[848:50:28.146][None][AtomicStackViewTest][Info] Num Pop = 172
[848:50:28.146][None][AtomicStackViewTest][Info] Num Pop = 56
[848:50:28.146][Main][AtomicStackViewTest][Info] Num Pop = 417
[848:50:28.146][Main][AtomicStackViewTest][Info] [TC2.Thread-Safety] Iteration: 171, push count = 172000, pop count = 172000
[848:50:28.146][None][AtomicStackViewTest][Info] Num Pop = 187
[848:50:28.146][None][AtomicStackViewTest][Info] Num Pop = 103
[848:50:28.146][None][AtomicStackViewTest][Info] Num Pop = 364
[848:50:28.146][None][AtomicStackViewTest][Info] Num Pop = 218
[848:50:28.146][Main][AtomicStackViewTest][Info] Num Pop = 128
[848:50:28.146][Main][AtomicStackViewTest][Info] [TC2.Thread-Safety] Iteration: 172, push count = 173000, pop count = 173000
[848:50:28.146][None][AtomicStackViewTest][Info] Num Pop = 109
[848:50:28.146][None][AtomicStackViewTest][Info] Num Pop = 94
[848:50:28.146][None][AtomicStackViewTest][Info] Num Pop = 631
[848:50:28.146][None][AtomicStackViewTest][Info] Num Pop = 166
[848:50:28.146][Main][AtomicStackViewTest][Info] Num Pop = 0
[848:50:28.146][Main][AtomicStackViewTest][Info] [TC2.Thread-Safety] Iteration: 173, push count = 174000, pop count = 174000
[848:50:28.146][None][AtomicStackViewTest][Info] Num Pop = 465
[848:50:28.146][None][AtomicStackViewTest][Info] Num Pop = 195
[848:50:28.146][None][AtomicStackViewTest][Info] Num Pop = 64
[848:50:28.146][None][AtomicStackViewTest][Info] Num Pop = 185
[848:50:28.146][Main][AtomicStackViewTest][Info] Num Pop = 91
[848:50:28.146][Main][AtomicStackViewTest][Info] [TC2.Thread-Safety] Iteration: 174, push count = 175000, pop count = 175000
[848:50:28.146][None][AtomicStackViewTest][Info] Num Pop = 242
[848:50:28.146][None][AtomicStackViewTest][Info] Num Pop = 89
[848:50:28.146][None][AtomicStackViewTest][Info] Num Pop = 70
[848:50:28.146][None][AtomicStackViewTest][Info] Num Pop = 230
[848:50:28.146][Main][AtomicStackViewTest][Info] Num Pop = 369
[848:50:28.146][Main][AtomicStackViewTest][Info] [TC2.Thread-Safety] Iteration: 175, push count = 176000, pop count = 176000
[848:50:28.146][None][AtomicStackViewTest][Info] Num Pop = 196
[848:50:28.146][None][AtomicStackViewTest][Info] Num Pop = 116
[848:50:28.146][None][AtomicStackViewTest][Info] Num Pop = 25
[848:50:28.146][None][AtomicStackViewTest][Info] Num Pop = 663
[848:50:28.146][Main][AtomicStackViewTest][Info] Num Pop = 0
[848:50:28.146][Main][AtomicStackViewTest][Info] [TC2.Thread-Safety] Iteration: 176, push count = 177000, pop count = 177000
[848:50:28.147][None][AtomicStackViewTest][Info] Num Pop = 265
[848:50:28.147][None][AtomicStackViewTest][Info] Num Pop = 163
[848:50:28.147][None][AtomicStackViewTest][Info] Num Pop = 13
[848:50:28.147][None][AtomicStackViewTest][Info] Num Pop = 110
[848:50:28.147][Main][AtomicStackViewTest][Info] Num Pop = 449
[848:50:28.147][Main][AtomicStackViewTest][Info] [TC2.Thread-Safety] Iteration: 177, push count = 178000, pop count = 178000
[848:50:28.147][None][AtomicStackViewTest][Info] Num Pop = 158
[848:50:28.147][None][AtomicStackViewTest][Info] Num Pop = 41
[848:50:28.147][None][AtomicStackViewTest][Info] Num Pop = 210
[848:50:28.147][None][AtomicStackViewTest][Info] Num Pop = 591
[848:50:28.147][Main][AtomicStackViewTest][Info] Num Pop = 0
[848:50:28.147][Main][AtomicStackViewTest][Info] [TC2.Thread-Safety] Iteration: 178, push count = 179000, pop count = 179000
[848:50:28.147][None][AtomicStackViewTest][Info] Num Pop = 308
[848:50:28.147][None][AtomicStackViewTest][Info] Num Pop = 411
[848:50:28.147][None][AtomicStackViewTest][Info] Num Pop = 61
[848:50:28.147][None][AtomicStackViewTest][Info] Num Pop = 220
[848:50:28.147][Main][AtomicStackViewTest][Info] Num Pop = 0
[848:50:28.147][Main][AtomicStackViewTest][Info] [TC2.Thread-Safety] Iteration: 179, push count = 180000, pop count = 180000
[848:50:28.147][None][AtomicStackViewTest][Info] Num Pop = 66
[848:50:28.147][None][AtomicStackViewTest][Info] Num Pop = 28
[848:50:28.147][None][AtomicStackViewTest][Info] Num Pop = 90
[848:50:28.147][None][AtomicStackViewTest][Info] Num Pop = 336
[848:50:28.147][Main][AtomicStackViewTest][Info] Num Pop = 480
[848:50:28.147][Main][AtomicStackViewTest][Info] [TC2.Thread-Safety] Iteration: 180, push count = 181000, pop count = 181000
[848:50:28.147][None][AtomicStackViewTest][Info] Num Pop = 88
[848:50:28.147][None][AtomicStackViewTest][Info] Num Pop = 42
[848:50:28.147][None][AtomicStackViewTest][Info] Num Pop = 318
[848:50:28.147][None][AtomicStackViewTest][Info] Num Pop = 199
[848:50:28.147][Main][AtomicStackViewTest][Info] Num Pop = 353
[848:50:28.147][Main][AtomicStackViewTest][Info] [TC2.Thread-Safety] Iteration: 181, push count = 182000, pop count = 182000
[848:50:28.147][None][AtomicStackViewTest][Info] Num Pop = 30
[848:50:28.147][None][AtomicStackViewTest][Info] Num Pop = 388
[848:50:28.147][None][AtomicStackViewTest][Info] Num Pop = 131
[848:50:28.147][None][AtomicStackViewTest][Info] Num Pop = 78
[848:50:28.147][Main][AtomicStackViewTest][Info] Num Pop = 373
[848:50:28.147][Main][AtomicStackViewTest][Info] [TC2.Thread-Safety] Iteration: 182, push count = 183000, pop count = 183000
[848:50:28.147][None][AtomicStackViewTest][Info] Num Pop = 214
[848:50:28.147][None][AtomicStackViewTest][Info] Num Pop = 511
[848:50:28.147][None][AtomicStackViewTest][Info] Num Pop = 148
[848:50:28.147][None][AtomicStackViewTest][Info] Num Pop = 127
[848:50:28.147][Main][AtomicStackViewTest][Info] Num Pop = 0
[848:50:28.147][Main][AtomicStackViewTest][Info] [TC2.Thread-Safety] Iteration: 183, push count = 184000, pop count = 184000
[848:50:28.147][None][AtomicStackViewTest][Info] Num Pop = 80
[848:50:28.147][None][AtomicStackViewTest][Info] Num Pop = 140
[848:50:28.147][None][AtomicStackViewTest][Info] Num Pop = 183
[848:50:28.147][None][AtomicStackViewTest][Info] Num Pop = 239
[848:50:28.148][Main][AtomicStackViewTest][Info] Num Pop = 358
[848:50:28.148][Main][AtomicStackViewTest][Info] [TC2.Thread-Safety] Iteration: 184, push count = 185000, pop count = 185000
[848:50:28.148][None][AtomicStackViewTest][Info] Num Pop = 177
[848:50:28.148][None][AtomicStackViewTest][Info] Num Pop = 335
[848:50:28.148][None][AtomicStackViewTest][Info] Num Pop = 270
[848:50:28.148][None][AtomicStackViewTest][Info] Num Pop = 45
[848:50:28.148][Main][AtomicStackViewTest][Info] Num Pop = 173
[848:50:28.148][Main][AtomicStackViewTest][Info] [TC2.Thread-Safety] Iteration: 185, push count = 186000, pop count = 186000
[848:50:28.148][None][AtomicStackViewTest][Info] Num Pop = 29
[848:50:28.148][None][AtomicStackViewTest][Info] Num Pop = 61
[848:50:28.148][None][AtomicStackViewTest][Info] Num Pop = 293
[848:50:28.148][None][AtomicStackViewTest][Info] Num Pop = 62
[848:50:28.148][Main][AtomicStackViewTest][Info] Num Pop = 555
[848:50:28.148][Main][AtomicStackViewTest][Info] [TC2.Thread-Safety] Iteration: 186, push count = 187000, pop count = 187000
[848:50:28.148][None][AtomicStackViewTest][Info] Num Pop = 115
[848:50:28.148][None][AtomicStackViewTest][Info] Num Pop = 108
[848:50:28.148][None][AtomicStackViewTest][Info] Num Pop = 150
[848:50:28.148][None][AtomicStackViewTest][Info] Num Pop = 170
[848:50:28.148][Main][AtomicStackViewTest][Info] Num Pop = 457
[848:50:28.148][Main][AtomicStackViewTest][Info] [TC2.Thread-Safety] Iteration: 187, push count = 188000, pop count = 188000
[848:50:28.148][None][AtomicStackViewTest][Info] Num Pop = 97
[848:50:28.148][None][AtomicStackViewTest][Info] Num Pop = 281
[848:50:28.148][None][AtomicStackViewTest][Info] Num Pop = 232
[848:50:28.148][None][AtomicStackViewTest][Info] Num Pop = 390
[848:50:28.148][Main][AtomicStackViewTest][Info] Num Pop = 0
[848:50:28.148][Main][AtomicStackViewTest][Info] [TC2.Thread-Safety] Iteration: 188, push count = 189000, pop count = 189000
[848:50:28.148][None][AtomicStackViewTest][Info] Num Pop = 156
[848:50:28.148][None][AtomicStackViewTest][Info] Num Pop = 248
[848:50:28.148][None][AtomicStackViewTest][Info] Num Pop = 100
[848:50:28.148][None][AtomicStackViewTest][Info] Num Pop = 165
[848:50:28.148][Main][AtomicStackViewTest][Info] Num Pop = 331
[848:50:28.148][Main][AtomicStackViewTest][Info] [TC2.Thread-Safety] Iteration: 189, push count = 190000, pop count = 190000
[848:50:28.148][None][AtomicStackViewTest][Info] Num Pop = 313
[848:50:28.148][None][AtomicStackViewTest][Info] Num Pop = 75
[848:50:28.148][None][AtomicStackViewTest][Info] Num Pop = 56
[848:50:28.148][None][AtomicStackViewTest][Info] Num Pop = 512
[848:50:28.148][Main][AtomicStackViewTest][Info] Num Pop = 44
[848:50:28.148][Main][AtomicStackViewTest][Info] [TC2.Thread-Safety] Iteration: 190, push count = 191000, pop count = 191000
[848:50:28.149][None][AtomicStackViewTest][Info] Num Pop = 462
[848:50:28.149][None][AtomicStackViewTest][Info] Num Pop = 3
[848:50:28.149][None][AtomicStackViewTest][Info] Num Pop = 535
[848:50:28.149][None][AtomicStackViewTest][Info] Num Pop = 0
[848:50:28.149][Main][AtomicStackViewTest][Info] Num Pop = 0
[848:50:28.149][Main][AtomicStackViewTest][Info] [TC2.Thread-Safety] Iteration: 191, push count = 192000, pop count = 192000
[848:50:28.149][None][AtomicStackViewTest][Info] Num Pop = 79
[848:50:28.149][None][AtomicStackViewTest][Info] Num Pop = 498
[848:50:28.149][None][AtomicStackViewTest][Info] Num Pop = 335
[848:50:28.149][None][AtomicStackViewTest][Info] Num Pop = 88
[848:50:28.149][Main][AtomicStackViewTest][Info] Num Pop = 0
[848:50:28.149][Main][AtomicStackViewTest][Info] [TC2.Thread-Safety] Iteration: 192, push count = 193000, pop count = 193000
[848:50:28.149][None][AtomicStackViewTest][Info] Num Pop = 279
[848:50:28.149][None][AtomicStackViewTest][Info] Num Pop = 157
[848:50:28.149][None][AtomicStackViewTest][Info] Num Pop = 135
[848:50:28.149][None][AtomicStackViewTest][Info] Num Pop = 130
[848:50:28.149][Main][AtomicStackViewTest][Info] Num Pop = 299
[848:50:28.149][Main][AtomicStackViewTest][Info] [TC2.Thread-Safety] Iteration: 193, push count = 194000, pop count = 194000
[848:50:28.149][None][AtomicStackViewTest][Info] Num Pop = 542
[848:50:28.149][None][AtomicStackViewTest][Info] Num Pop = 325
[848:50:28.149][None][AtomicStackViewTest][Info] Num Pop = 57
[848:50:28.149][None][AtomicStackViewTest][Info] Num Pop = 76
[848:50:28.149][Main][AtomicStackViewTest][Info] Num Pop = 0
[848:50:28.149][Main][AtomicStackViewTest][Info] [TC2.Thread-Safety] Iteration: 194, push count = 195000, pop count = 195000
[848:50:28.149][None][AtomicStackViewTest][Info] Num Pop = 133
[848:50:28.149][None][AtomicStackViewTest][Info] Num Pop = 11
[848:50:28.149][None][AtomicStackViewTest][Info] Num Pop = 107
[848:50:28.149][None][AtomicStackViewTest][Info] Num Pop = 11
[848:50:28.149][Main][AtomicStackViewTest][Info] Num Pop = 738
[848:50:28.149][Main][AtomicStackViewTest][Info] [TC2.Thread-Safety] Iteration: 195, push count = 196000, pop count = 196000
[848:50:28.149][None][AtomicStackViewTest][Info] Num Pop = 333
[848:50:28.149][None][AtomicStackViewTest][Info] Num Pop = 281
[848:50:28.149][None][AtomicStackViewTest][Info] Num Pop = 225
[848:50:28.149][None][AtomicStackViewTest][Info] Num Pop = 161
[848:50:28.149][Main][AtomicStackViewTest][Info] Num Pop = 0
[848:50:28.149][Main][AtomicStackViewTest][Info] [TC2.Thread-Safety] Iteration: 196, push count = 197000, pop count = 197000
[848:50:28.150][None][AtomicStackViewTest][Info] Num Pop = 234
[848:50:28.150][None][AtomicStackViewTest][Info] Num Pop = 126
[848:50:28.150][None][AtomicStackViewTest][Info] Num Pop = 228
[848:50:28.150][None][AtomicStackViewTest][Info] Num Pop = 412
[848:50:28.150][Main][AtomicStackViewTest][Info] Num Pop = 0
[848:50:28.150][Main][AtomicStackViewTest][Info] [TC2.Thread-Safety] Iteration: 197, push count = 198000, pop count = 198000
[848:50:28.150][None][AtomicStackViewTest][Info] Num Pop = 135
[848:50:28.150][None][AtomicStackViewTest][Info] Num Pop = 52
[848:50:28.150][None][AtomicStackViewTest][Info] Num Pop = 421
[848:50:28.150][None][AtomicStackViewTest][Info] Num Pop = 269
[848:50:28.150][Main][AtomicStackViewTest][Info] Num Pop = 123
[848:50:28.150][Main][AtomicStackViewTest][Info] [TC2.Thread-Safety] Iteration: 198, push count = 199000, pop count = 199000
[848:50:28.150][None][AtomicStackViewTest][Info] Num Pop = 204
[848:50:28.150][None][AtomicStackViewTest][Info] Num Pop = 525
[848:50:28.150][None][AtomicStackViewTest][Info] Num Pop = 267
[848:50:28.150][None][AtomicStackViewTest][Info] Num Pop = 4
[848:50:28.150][Main][AtomicStackViewTest][Info] Num Pop = 0
[848:50:28.150][Main][AtomicStackViewTest][Info] [TC2.Thread-Safety] Iteration: 199, push count = 200000, pop count = 200000
[848:50:28.150][None][AtomicStackViewTest][Info] Num Pop = 12
[848:50:28.150][None][AtomicStackViewTest][Info] Num Pop = 7
[848:50:28.150][None][AtomicStackViewTest][Info] Num Pop = 135
[848:50:28.150][None][AtomicStackViewTest][Info] Num Pop = 846
[848:50:28.150][Main][AtomicStackViewTest][Info] Num Pop = 0
[848:50:28.150][Main][AtomicStackViewTest][Info] [TC2.Thread-Safety] Iteration: 200, push count = 201000, pop count = 201000
[848:50:28.150][None][AtomicStackViewTest][Info] Num Pop = 482
[848:50:28.150][None][AtomicStackViewTest][Info] Num Pop = 29
[848:50:28.150][None][AtomicStackViewTest][Info] Num Pop = 37
[848:50:28.150][None][AtomicStackViewTest][Info] Num Pop = 22
[848:50:28.150][Main][AtomicStackViewTest][Info] Num Pop = 430
[848:50:28.150][Main][AtomicStackViewTest][Info] [TC2.Thread-Safety] Iteration: 201, push count = 202000, pop count = 202000
[848:50:28.150][None][AtomicStackViewTest][Info] Num Pop = 45
[848:50:28.150][None][AtomicStackViewTest][Info] Num Pop = 424
[848:50:28.150][None][AtomicStackViewTest][Info] Num Pop = 18
[848:50:28.150][None][AtomicStackViewTest][Info] Num Pop = 16
[848:50:28.150][Main][AtomicStackViewTest][Info] Num Pop = 497
[848:50:28.150][Main][AtomicStackViewTest][Info] [TC2.Thread-Safety] Iteration: 202, push count = 203000, pop count = 203000
[848:50:28.150][None][AtomicStackViewTest][Info] Num Pop = 50
[848:50:28.150][None][AtomicStackViewTest][Info] Num Pop = 43
[848:50:28.150][None][AtomicStackViewTest][Info] Num Pop = 862
[848:50:28.150][None][AtomicStackViewTest][Info] Num Pop = 45
[848:50:28.150][Main][AtomicStackViewTest][Info] Num Pop = 0
[848:50:28.150][Main][AtomicStackViewTest][Info] [TC2.Thread-Safety] Iteration: 203, push count = 204000, pop count = 204000
[848:50:28.150][None][AtomicStackViewTest][Info] Num Pop = 327
[848:50:28.150][None][AtomicStackViewTest][Info] Num Pop = 0
[848:50:28.150][None][AtomicStackViewTest][Info] Num Pop = 75
[848:50:28.150][None][AtomicStackViewTest][Info] Num Pop = 16
[848:50:28.150][Main][AtomicStackViewTest][Info] Num Pop = 582
[848:50:28.150][Main][AtomicStackViewTest][Info] [TC2.Thread-Safety] Iteration: 204, push count = 205000, pop count = 205000
[848:50:28.151][None][AtomicStackViewTest][Info] Num Pop = 282
[848:50:28.151][None][AtomicStackViewTest][Info] Num Pop = 203
[848:50:28.151][None][AtomicStackViewTest][Info] Num Pop = 161
[848:50:28.151][None][AtomicStackViewTest][Info] Num Pop = 152
[848:50:28.151][Main][AtomicStackViewTest][Info] Num Pop = 202
[848:50:28.151][Main][AtomicStackViewTest][Info] [TC2.Thread-Safety] Iteration: 205, push count = 206000, pop count = 206000
[848:50:28.151][None][AtomicStackViewTest][Info] Num Pop = 47
[848:50:28.151][None][AtomicStackViewTest][Info] Num Pop = 21
[848:50:28.151][None][AtomicStackViewTest][Info] Num Pop = 40
[848:50:28.151][None][AtomicStackViewTest][Info] Num Pop = 33
[848:50:28.151][Main][AtomicStackViewTest][Info] Num Pop = 859
[848:50:28.151][Main][AtomicStackViewTest][Info] [TC2.Thread-Safety] Iteration: 206, push count = 207000, pop count = 207000
[848:50:28.151][None][AtomicStackViewTest][Info] Num Pop = 47
[848:50:28.151][None][AtomicStackViewTest][Info] Num Pop = 256
[848:50:28.151][None][AtomicStackViewTest][Info] Num Pop = 191
[848:50:28.151][None][AtomicStackViewTest][Info] Num Pop = 157
[848:50:28.151][Main][AtomicStackViewTest][Info] Num Pop = 349
[848:50:28.151][Main][AtomicStackViewTest][Info] [TC2.Thread-Safety] Iteration: 207, push count = 208000, pop count = 208000
[848:50:28.151][None][AtomicStackViewTest][Info] Num Pop = 137
[848:50:28.151][None][AtomicStackViewTest][Info] Num Pop = 96
[848:50:28.151][None][AtomicStackViewTest][Info] Num Pop = 266
[848:50:28.151][None][AtomicStackViewTest][Info] Num Pop = 501
[848:50:28.151][Main][AtomicStackViewTest][Info] Num Pop = 0
[848:50:28.151][Main][AtomicStackViewTest][Info] [TC2.Thread-Safety] Iteration: 208, push count = 209000, pop count = 209000
[848:50:28.151][None][AtomicStackViewTest][Info] Num Pop = 147
[848:50:28.151][None][AtomicStackViewTest][Info] Num Pop = 146
[848:50:28.151][None][AtomicStackViewTest][Info] Num Pop = 303
[848:50:28.151][None][AtomicStackViewTest][Info] Num Pop = 331
[848:50:28.151][Main][AtomicStackViewTest][Info] Num Pop = 73
[848:50:28.151][Main][AtomicStackViewTest][Info] [TC2.Thread-Safety] Iteration: 209, push count = 210000, pop count = 210000
[848:50:28.151][None][AtomicStackViewTest][Info] Num Pop = 301
[848:50:28.151][None][AtomicStackViewTest][Info] Num Pop = 170
[848:50:28.151][None][AtomicStackViewTest][Info] Num Pop = 68
[848:50:28.151][None][AtomicStackViewTest][Info] Num Pop = 170
[848:50:28.152][Main][AtomicStackViewTest][Info] Num Pop = 291
[848:50:28.152][Main][AtomicStackViewTest][Info] [TC2.Thread-Safety] Iteration: 210, push count = 211000, pop count = 211000
[848:50:28.152][None][AtomicStackViewTest][Info] Num Pop = 145
[848:50:28.152][None][AtomicStackViewTest][Info] Num Pop = 296
[848:50:28.152][None][AtomicStackViewTest][Info] Num Pop = 237
[848:50:28.152][None][AtomicStackViewTest][Info] Num Pop = 322
[848:50:28.152][Main][AtomicStackViewTest][Info] Num Pop = 0
[848:50:28.152][Main][AtomicStackViewTest][Info] [TC2.Thread-Safety] Iteration: 211, push count = 212000, pop count = 212000
[848:50:28.152][None][AtomicStackViewTest][Info] Num Pop = 8
[848:50:28.152][None][AtomicStackViewTest][Info] Num Pop = 234
[848:50:28.152][None][AtomicStackViewTest][Info] Num Pop = 506
[848:50:28.152][None][AtomicStackViewTest][Info] Num Pop = 29
[848:50:28.152][Main][AtomicStackViewTest][Info] Num Pop = 223
[848:50:28.152][Main][AtomicStackViewTest][Info] [TC2.Thread-Safety] Iteration: 212, push count = 213000, pop count = 213000
[848:50:28.152][None][AtomicStackViewTest][Info] Num Pop = 188
[848:50:28.152][None][AtomicStackViewTest][Info] Num Pop = 130
[848:50:28.152][None][AtomicStackViewTest][Info] Num Pop = 223
[848:50:28.152][None][AtomicStackViewTest][Info] Num Pop = 229
[848:50:28.152][Main][AtomicStackViewTest][Info] Num Pop = 230
[848:50:28.152][Main][AtomicStackViewTest][Info] [TC2.Thread-Safety] Iteration: 213, push count = 214000, pop count = 214000
[848:50:28.152][None][AtomicStackViewTest][Info] Num Pop = 366
[848:50:28.152][None][AtomicStackViewTest][Info] Num Pop = 27
[848:50:28.152][None][AtomicStackViewTest][Info] Num Pop = 113
[848:50:28.152][None][AtomicStackViewTest][Info] Num Pop = 494
[848:50:28.152][Main][AtomicStackViewTest][Info] Num Pop = 0
[848:50:28.152][Main][AtomicStackViewTest][Info] [TC2.Thread-Safety] Iteration: 214, push count = 215000, pop count = 215000
[848:50:28.152][None][AtomicStackViewTest][Info] Num Pop = 277
[848:50:28.152][None][AtomicStackViewTest][Info] Num Pop = 110
[848:50:28.152][None][AtomicStackViewTest][Info] Num Pop = 289
[848:50:28.152][None][AtomicStackViewTest][Info] Num Pop = 298
[848:50:28.152][Main][AtomicStackViewTest][Info] Num Pop = 26
[848:50:28.152][Main][AtomicStackViewTest][Info] [TC2.Thread-Safety] Iteration: 215, push count = 216000, pop count = 216000
[848:50:28.152][None][AtomicStackViewTest][Info] Num Pop = 126
[848:50:28.152][None][AtomicStackViewTest][Info] Num Pop = 194
[848:50:28.152][None][AtomicStackViewTest][Info] Num Pop = 87
[848:50:28.152][None][AtomicStackViewTest][Info] Num Pop = 142
[848:50:28.152][Main][AtomicStackViewTest][Info] Num Pop = 451
[848:50:28.152][Main][AtomicStackViewTest][Info] [TC2.Thread-Safety] Iteration: 216, push count = 217000, pop count = 217000
[848:50:28.152][None][AtomicStackViewTest][Info] Num Pop = 87
[848:50:28.153][None][AtomicStackViewTest][Info] Num Pop = 151
[848:50:28.153][None][AtomicStackViewTest][Info] Num Pop = 341
[848:50:28.153][None][AtomicStackViewTest][Info] Num Pop = 94
[848:50:28.153][Main][AtomicStackViewTest][Info] Num Pop = 327
[848:50:28.153][Main][AtomicStackViewTest][Info] [TC2.Thread-Safety] Iteration: 217, push count = 218000, pop count = 218000
[848:50:28.153][None][AtomicStackViewTest][Info] Num Pop = 126
[848:50:28.153][None][AtomicStackViewTest][Info] Num Pop = 234
[848:50:28.153][None][AtomicStackViewTest][Info] Num Pop = 54
[848:50:28.153][None][AtomicStackViewTest][Info] Num Pop = 176
[848:50:28.153][Main][AtomicStackViewTest][Info] Num Pop = 410
[848:50:28.153][Main][AtomicStackViewTest][Info] [TC2.Thread-Safety] Iteration: 218, push count = 219000, pop count = 219000
[848:50:28.153][None][AtomicStackViewTest][Info] Num Pop = 66
[848:50:28.153][None][AtomicStackViewTest][Info] Num Pop = 159
[848:50:28.153][None][AtomicStackViewTest][Info] Num Pop = 121
[848:50:28.153][None][AtomicStackViewTest][Info] Num Pop = 204
[848:50:28.153][Main][AtomicStackViewTest][Info] Num Pop = 450
[848:50:28.153][Main][AtomicStackViewTest][Info] [TC2.Thread-Safety] Iteration: 219, push count = 220000, pop count = 220000
[848:50:28.153][None][AtomicStackViewTest][Info] Num Pop = 163
[848:50:28.153][None][AtomicStackViewTest][Info] Num Pop = 272
[848:50:28.153][None][AtomicStackViewTest][Info] Num Pop = 68
[848:50:28.153][None][AtomicStackViewTest][Info] Num Pop = 207
[848:50:28.153][Main][AtomicStackViewTest][Info] Num Pop = 290
[848:50:28.153][Main][AtomicStackViewTest][Info] [TC2.Thread-Safety] Iteration: 220, push count = 221000, pop count = 221000
[848:50:28.153][None][AtomicStackViewTest][Info] Num Pop = 84
[848:50:28.153][None][AtomicStackViewTest][Info] Num Pop = 202
[848:50:28.153][None][AtomicStackViewTest][Info] Num Pop = 146
[848:50:28.153][None][AtomicStackViewTest][Info] Num Pop = 128
[848:50:28.153][Main][AtomicStackViewTest][Info] Num Pop = 440
[848:50:28.153][Main][AtomicStackViewTest][Info] [TC2.Thread-Safety] Iteration: 221, push count = 222000, pop count = 222000
[848:50:28.153][None][AtomicStackViewTest][Info] Num Pop = 140
[848:50:28.153][None][AtomicStackViewTest][Info] Num Pop = 207
[848:50:28.153][None][AtomicStackViewTest][Info] Num Pop = 392
[848:50:28.153][None][AtomicStackViewTest][Info] Num Pop = 261
[848:50:28.153][Main][AtomicStackViewTest][Info] Num Pop = 0
[848:50:28.153][Main][AtomicStackViewTest][Info] [TC2.Thread-Safety] Iteration: 222, push count = 223000, pop count = 223000
[848:50:28.154][None][AtomicStackViewTest][Info] Num Pop = 223
[848:50:28.154][None][AtomicStackViewTest][Info] Num Pop = 303
[848:50:28.154][None][AtomicStackViewTest][Info] Num Pop = 62
[848:50:28.154][None][AtomicStackViewTest][Info] Num Pop = 177
[848:50:28.154][Main][AtomicStackViewTest][Info] Num Pop = 235
[848:50:28.154][Main][AtomicStackViewTest][Info] [TC2.Thread-Safety] Iteration: 223, push count = 224000, pop count = 224000
[848:50:28.154][None][AtomicStackViewTest][Info] Num Pop = 564
[848:50:28.154][None][AtomicStackViewTest][Info] Num Pop = 153
[848:50:28.154][None][AtomicStackViewTest][Info] Num Pop = 75
[848:50:28.154][None][AtomicStackViewTest][Info] Num Pop = 208
[848:50:28.154][Main][AtomicStackViewTest][Info] Num Pop = 0
[848:50:28.154][Main][AtomicStackViewTest][Info] [TC2.Thread-Safety] Iteration: 224, push count = 225000, pop count = 225000
[848:50:28.154][None][AtomicStackViewTest][Info] Num Pop = 466
[848:50:28.154][None][AtomicStackViewTest][Info] Num Pop = 210
[848:50:28.154][None][AtomicStackViewTest][Info] Num Pop = 213
[848:50:28.154][None][AtomicStackViewTest][Info] Num Pop = 64
[848:50:28.154][Main][AtomicStackViewTest][Info] Num Pop = 47
[848:50:28.154][Main][AtomicStackViewTest][Info] [TC2.Thread-Safety] Iteration: 225, push count = 226000, pop count = 226000
[848:50:28.154][None][AtomicStackViewTest][Info] Num Pop = 0
[848:50:28.154][None][AtomicStackViewTest][Info] Num Pop = 0
[848:50:28.154][None][AtomicStackViewTest][Info] Num Pop = 89
[848:50:28.154][None][AtomicStackViewTest][Info] Num Pop = 20
[848:50:28.154][Main][AtomicStackViewTest][Info] Num Pop = 891
[848:50:28.154][Main][AtomicStackViewTest][Info] [TC2.Thread-Safety] Iteration: 226, push count = 227000, pop count = 227000
[848:50:28.154][None][AtomicStackViewTest][Info] Num Pop = 256
[848:50:28.154][None][AtomicStackViewTest][Info] Num Pop = 246
[848:50:28.154][None][AtomicStackViewTest][Info] Num Pop = 385
[848:50:28.154][None][AtomicStackViewTest][Info] Num Pop = 113
[848:50:28.154][Main][AtomicStackViewTest][Info] Num Pop = 0
[848:50:28.154][Main][AtomicStackViewTest][Info] [TC2.Thread-Safety] Iteration: 227, push count = 228000, pop count = 228000
[848:50:28.154][None][AtomicStackViewTest][Info] Num Pop = 175
[848:50:28.154][None][AtomicStackViewTest][Info] Num Pop = 84
[848:50:28.154][None][AtomicStackViewTest][Info] Num Pop = 170
[848:50:28.154][None][AtomicStackViewTest][Info] Num Pop = 25
[848:50:28.154][Main][AtomicStackViewTest][Info] Num Pop = 546
[848:50:28.154][Main][AtomicStackViewTest][Info] [TC2.Thread-Safety] Iteration: 228, push count = 229000, pop count = 229000
[848:50:28.154][None][AtomicStackViewTest][Info] Num Pop = 358
[848:50:28.154][None][AtomicStackViewTest][Info] Num Pop = 84
[848:50:28.154][None][AtomicStackViewTest][Info] Num Pop = 377
[848:50:28.154][None][AtomicStackViewTest][Info] Num Pop = 181
[848:50:28.154][Main][AtomicStackViewTest][Info] Num Pop = 0
[848:50:28.154][Main][AtomicStackViewTest][Info] [TC2.Thread-Safety] Iteration: 229, push count = 230000, pop count = 230000
[848:50:28.154][None][AtomicStackViewTest][Info] Num Pop = 209
[848:50:28.154][None][AtomicStackViewTest][Info] Num Pop = 132
[848:50:28.154][None][AtomicStackViewTest][Info] Num Pop = 240
[848:50:28.154][None][AtomicStackViewTest][Info] Num Pop = 388
[848:50:28.154][Main][AtomicStackViewTest][Info] Num Pop = 31
[848:50:28.154][Main][AtomicStackViewTest][Info] [TC2.Thread-Safety] Iteration: 230, push count = 231000, pop count = 231000
[848:50:28.155][None][AtomicStackViewTest][Info] Num Pop = 201
[848:50:28.155][None][AtomicStackViewTest][Info] Num Pop = 408
[848:50:28.155][None][AtomicStackViewTest][Info] Num Pop = 129
[848:50:28.155][None][AtomicStackViewTest][Info] Num Pop = 67
[848:50:28.155][Main][AtomicStackViewTest][Info] Num Pop = 195
[848:50:28.155][Main][AtomicStackViewTest][Info] [TC2.Thread-Safety] Iteration: 231, push count = 232000, pop count = 232000
[848:50:28.155][None][AtomicStackViewTest][Info] Num Pop = 150
[848:50:28.155][None][AtomicStackViewTest][Info] Num Pop = 188
[848:50:28.155][None][AtomicStackViewTest][Info] Num Pop = 343
[848:50:28.155][None][AtomicStackViewTest][Info] Num Pop = 319
[848:50:28.155][Main][AtomicStackViewTest][Info] Num Pop = 0
[848:50:28.155][Main][AtomicStackViewTest][Info] [TC2.Thread-Safety] Iteration: 232, push count = 233000, pop count = 233000
[848:50:28.155][None][AtomicStackViewTest][Info] Num Pop = 136
[848:50:28.155][None][AtomicStackViewTest][Info] Num Pop = 224
[848:50:28.155][None][AtomicStackViewTest][Info] Num Pop = 46
[848:50:28.155][None][AtomicStackViewTest][Info] Num Pop = 155
[848:50:28.155][Main][AtomicStackViewTest][Info] Num Pop = 439
[848:50:28.155][Main][AtomicStackViewTest][Info] [TC2.Thread-Safety] Iteration: 233, push count = 234000, pop count = 234000
[848:50:28.155][None][AtomicStackViewTest][Info] Num Pop = 299
[848:50:28.155][None][AtomicStackViewTest][Info] Num Pop = 190
[848:50:28.155][None][AtomicStackViewTest][Info] Num Pop = 88
[848:50:28.155][None][AtomicStackViewTest][Info] Num Pop = 146
[848:50:28.155][Main][AtomicStackViewTest][Info] Num Pop = 277
[848:50:28.155][Main][AtomicStackViewTest][Info] [TC2.Thread-Safety] Iteration: 234, push count = 235000, pop count = 235000
[848:50:28.155][None][AtomicStackViewTest][Info] Num Pop = 144
[848:50:28.155][None][AtomicStackViewTest][Info] Num Pop = 158
[848:50:28.155][None][AtomicStackViewTest][Info] Num Pop = 138
[848:50:28.155][None][AtomicStackViewTest][Info] Num Pop = 73
[848:50:28.155][Main][AtomicStackViewTest][Info] Num Pop = 487
[848:50:28.155][Main][AtomicStackViewTest][Info] [TC2.Thread-Safety] Iteration: 235, push count = 236000, pop count = 236000
[848:50:28.156][None][AtomicStackViewTest][Info] Num Pop = 56
[848:50:28.156][None][AtomicStackViewTest][Info] Num Pop = 145
[848:50:28.156][None][AtomicStackViewTest][Info] Num Pop = 260
[848:50:28.156][None][AtomicStackViewTest][Info] Num Pop = 342
[848:50:28.156][Main][AtomicStackViewTest][Info] Num Pop = 197
[848:50:28.156][Main][AtomicStackViewTest][Info] [TC2.Thread-Safety] Iteration: 236, push count = 237000, pop count = 237000
[848:50:28.156][None][AtomicStackViewTest][Info] Num Pop = 277
[848:50:28.156][None][AtomicStackViewTest][Info] Num Pop = 254
[848:50:28.156][None][AtomicStackViewTest][Info] Num Pop = 133
[848:50:28.156][None][AtomicStackViewTest][Info] Num Pop = 336
[848:50:28.156][Main][AtomicStackViewTest][Info] Num Pop = 0
[848:50:28.156][Main][AtomicStackViewTest][Info] [TC2.Thread-Safety] Iteration: 237, push count = 238000, pop count = 238000
[848:50:28.156][None][AtomicStackViewTest][Info] Num Pop = 210
[848:50:28.156][None][AtomicStackViewTest][Info] Num Pop = 301
[848:50:28.156][None][AtomicStackViewTest][Info] Num Pop = 446
[848:50:28.156][None][AtomicStackViewTest][Info] Num Pop = 43
[848:50:28.156][Main][AtomicStackViewTest][Info] Num Pop = 0
[848:50:28.156][Main][AtomicStackViewTest][Info] [TC2.Thread-Safety] Iteration: 238, push count = 239000, pop count = 239000
[848:50:28.156][None][AtomicStackViewTest][Info] Num Pop = 244
[848:50:28.156][None][AtomicStackViewTest][Info] Num Pop = 104
[848:50:28.156][None][AtomicStackViewTest][Info] Num Pop = 400
[848:50:28.156][None][AtomicStackViewTest][Info] Num Pop = 190
[848:50:28.156][Main][AtomicStackViewTest][Info] Num Pop = 62
[848:50:28.156][Main][AtomicStackViewTest][Info] [TC2.Thread-Safety] Iteration: 239, push count = 240000, pop count = 240000
[848:50:28.156][None][AtomicStackViewTest][Info] Num Pop = 332
[848:50:28.156][None][AtomicStackViewTest][Info] Num Pop = 211
[848:50:28.156][None][AtomicStackViewTest][Info] Num Pop = 103
[848:50:28.156][None][AtomicStackViewTest][Info] Num Pop = 353
[848:50:28.156][Main][AtomicStackViewTest][Info] Num Pop = 1
[848:50:28.156][Main][AtomicStackViewTest][Info] [TC2.Thread-Safety] Iteration: 240, push count = 241000, pop count = 241000
[848:50:28.156][None][AtomicStackViewTest][Info] Num Pop = 128
[848:50:28.156][None][AtomicStackViewTest][Info] Num Pop = 99
[848:50:28.156][None][AtomicStackViewTest][Info] Num Pop = 58
[848:50:28.156][None][AtomicStackViewTest][Info] Num Pop = 484
[848:50:28.157][Main][AtomicStackViewTest][Info] Num Pop = 231
[848:50:28.157][Main][AtomicStackViewTest][Info] [TC2.Thread-Safety] Iteration: 241, push count = 242000, pop count = 242000
[848:50:28.157][None][AtomicStackViewTest][Info] Num Pop = 121
[848:50:28.157][None][AtomicStackViewTest][Info] Num Pop = 142
[848:50:28.157][None][AtomicStackViewTest][Info] Num Pop = 184
[848:50:28.157][None][AtomicStackViewTest][Info] Num Pop = 256
[848:50:28.157][Main][AtomicStackViewTest][Info] Num Pop = 297
[848:50:28.157][Main][AtomicStackViewTest][Info] [TC2.Thread-Safety] Iteration: 242, push count = 243000, pop count = 243000
[848:50:28.157][None][AtomicStackViewTest][Info] Num Pop = 212
[848:50:28.157][None][AtomicStackViewTest][Info] Num Pop = 336
[848:50:28.157][None][AtomicStackViewTest][Info] Num Pop = 91
[848:50:28.157][None][AtomicStackViewTest][Info] Num Pop = 206
[848:50:28.157][Main][AtomicStackViewTest][Info] Num Pop = 155
[848:50:28.157][Main][AtomicStackViewTest][Info] [TC2.Thread-Safety] Iteration: 243, push count = 244000, pop count = 244000
[848:50:28.157][None][AtomicStackViewTest][Info] Num Pop = 95
[848:50:28.157][None][AtomicStackViewTest][Info] Num Pop = 132
[848:50:28.157][None][AtomicStackViewTest][Info] Num Pop = 171
[848:50:28.157][None][AtomicStackViewTest][Info] Num Pop = 255
[848:50:28.157][Main][AtomicStackViewTest][Info] Num Pop = 347
[848:50:28.157][Main][AtomicStackViewTest][Info] [TC2.Thread-Safety] Iteration: 244, push count = 245000, pop count = 245000
[848:50:28.157][None][AtomicStackViewTest][Info] Num Pop = 132
[848:50:28.157][None][AtomicStackViewTest][Info] Num Pop = 212
[848:50:28.157][None][AtomicStackViewTest][Info] Num Pop = 272
[848:50:28.157][None][AtomicStackViewTest][Info] Num Pop = 384
[848:50:28.157][Main][AtomicStackViewTest][Info] Num Pop = 0
[848:50:28.157][Main][AtomicStackViewTest][Info] [TC2.Thread-Safety] Iteration: 245, push count = 246000, pop count = 246000
[848:50:28.157][None][AtomicStackViewTest][Info] Num Pop = 246
[848:50:28.157][None][AtomicStackViewTest][Info] Num Pop = 208
[848:50:28.157][None][AtomicStackViewTest][Info] Num Pop = 189
[848:50:28.157][None][AtomicStackViewTest][Info] Num Pop = 178
[848:50:28.157][Main][AtomicStackViewTest][Info] Num Pop = 179
[848:50:28.157][Main][AtomicStackViewTest][Info] [TC2.Thread-Safety] Iteration: 246, push count = 247000, pop count = 247000
[848:50:28.157][None][AtomicStackViewTest][Info] Num Pop = 265
[848:50:28.157][None][AtomicStackViewTest][Info] Num Pop = 187
[848:50:28.157][None][AtomicStackViewTest][Info] Num Pop = 149
[848:50:28.157][None][AtomicStackViewTest][Info] Num Pop = 399
[848:50:28.157][Main][AtomicStackViewTest][Info] Num Pop = 0
[848:50:28.157][Main][AtomicStackViewTest][Info] [TC2.Thread-Safety] Iteration: 247, push count = 248000, pop count = 248000
[848:50:28.158][None][AtomicStackViewTest][Info] Num Pop = 145
[848:50:28.158][None][AtomicStackViewTest][Info] Num Pop = 44
[848:50:28.158][None][AtomicStackViewTest][Info] Num Pop = 344
[848:50:28.158][None][AtomicStackViewTest][Info] Num Pop = 467
[848:50:28.158][Main][AtomicStackViewTest][Info] Num Pop = 0
[848:50:28.158][Main][AtomicStackViewTest][Info] [TC2.Thread-Safety] Iteration: 248, push count = 249000, pop count = 249000
[848:50:28.158][None][AtomicStackViewTest][Info] Num Pop = 223
[848:50:28.158][None][AtomicStackViewTest][Info] Num Pop = 180
[848:50:28.158][None][AtomicStackViewTest][Info] Num Pop = 217
[848:50:28.158][None][AtomicStackViewTest][Info] Num Pop = 237
[848:50:28.158][Main][AtomicStackViewTest][Info] Num Pop = 143
[848:50:28.158][Main][AtomicStackViewTest][Info] [TC2.Thread-Safety] Iteration: 249, push count = 250000, pop count = 250000
[848:50:28.158][None][AtomicStackViewTest][Info] Num Pop = 230
[848:50:28.158][None][AtomicStackViewTest][Info] Num Pop = 123
[848:50:28.158][None][AtomicStackViewTest][Info] Num Pop = 267
[848:50:28.158][None][AtomicStackViewTest][Info] Num Pop = 274
[848:50:28.158][Main][AtomicStackViewTest][Info] Num Pop = 106
[848:50:28.158][Main][AtomicStackViewTest][Info] [TC2.Thread-Safety] Iteration: 250, push count = 251000, pop count = 251000
[848:50:28.158][None][AtomicStackViewTest][Info] Num Pop = 125
[848:50:28.158][None][AtomicStackViewTest][Info] Num Pop = 295
[848:50:28.158][None][AtomicStackViewTest][Info] Num Pop = 295
[848:50:28.158][None][AtomicStackViewTest][Info] Num Pop = 167
[848:50:28.158][Main][AtomicStackViewTest][Info] Num Pop = 118
[848:50:28.158][Main][AtomicStackViewTest][Info] [TC2.Thread-Safety] Iteration: 251, push count = 252000, pop count = 252000
[848:50:28.158][None][AtomicStackViewTest][Info] Num Pop = 165
[848:50:28.158][None][AtomicStackViewTest][Info] Num Pop = 43
[848:50:28.158][None][AtomicStackViewTest][Info] Num Pop = 107
[848:50:28.158][None][AtomicStackViewTest][Info] Num Pop = 125
[848:50:28.158][Main][AtomicStackViewTest][Info] Num Pop = 560
[848:50:28.158][Main][AtomicStackViewTest][Info] [TC2.Thread-Safety] Iteration: 252, push count = 253000, pop count = 253000
[848:50:28.158][None][AtomicStackViewTest][Info] Num Pop = 63
[848:50:28.158][None][AtomicStackViewTest][Info] Num Pop = 188
[848:50:28.158][None][AtomicStackViewTest][Info] Num Pop = 248
[848:50:28.158][None][AtomicStackViewTest][Info] Num Pop = 158
[848:50:28.158][Main][AtomicStackViewTest][Info] Num Pop = 343
[848:50:28.158][Main][AtomicStackViewTest][Info] [TC2.Thread-Safety] Iteration: 253, push count = 254000, pop count = 254000
[848:50:28.159][None][AtomicStackViewTest][Info] Num Pop = 204
[848:50:28.159][None][AtomicStackViewTest][Info] Num Pop = 150
[848:50:28.159][None][AtomicStackViewTest][Info] Num Pop = 205
[848:50:28.159][None][AtomicStackViewTest][Info] Num Pop = 277
[848:50:28.159][Main][AtomicStackViewTest][Info] Num Pop = 164
[848:50:28.159][Main][AtomicStackViewTest][Info] [TC2.Thread-Safety] Iteration: 254, push count = 255000, pop count = 255000
[848:50:28.159][None][AtomicStackViewTest][Info] Num Pop = 300
[848:50:28.159][None][AtomicStackViewTest][Info] Num Pop = 359
[848:50:28.159][None][AtomicStackViewTest][Info] Num Pop = 75
[848:50:28.159][None][AtomicStackViewTest][Info] Num Pop = 266
[848:50:28.159][Main][AtomicStackViewTest][Info] Num Pop = 0
[848:50:28.159][Main][AtomicStackViewTest][Info] [TC2.Thread-Safety] Iteration: 255, push count = 256000, pop count = 256000
[848:50:28.159][None][AtomicStackViewTest][Info] Num Pop = 438
[848:50:28.159][None][AtomicStackViewTest][Info] Num Pop = 309
[848:50:28.159][None][AtomicStackViewTest][Info] Num Pop = 141
[848:50:28.159][None][AtomicStackViewTest][Info] Num Pop = 112
[848:50:28.159][Main][AtomicStackViewTest][Info] Num Pop = 0
[848:50:28.159][Main][AtomicStackViewTest][Info] [TC2.Thread-Safety] Iteration: 256, push count = 257000, pop count = 257000
[848:50:28.159][None][AtomicStackViewTest][Info] Num Pop = 28
[848:50:28.159][None][AtomicStackViewTest][Info] Num Pop = 208
[848:50:28.159][None][AtomicStackViewTest][Info] Num Pop = 84
[848:50:28.159][None][AtomicStackViewTest][Info] Num Pop = 58
[848:50:28.159][Main][AtomicStackViewTest][Info] Num Pop = 622
[848:50:28.159][Main][AtomicStackViewTest][Info] [TC2.Thread-Safety] Iteration: 257, push count = 258000, pop count = 258000
[848:50:28.159][None][AtomicStackViewTest][Info] Num Pop = 31
[848:50:28.159][None][AtomicStackViewTest][Info] Num Pop = 27
[848:50:28.159][None][AtomicStackViewTest][Info] Num Pop = 257
[848:50:28.159][None][AtomicStackViewTest][Info] Num Pop = 685
[848:50:28.159][Main][AtomicStackViewTest][Info] Num Pop = 0
[848:50:28.159][Main][AtomicStackViewTest][Info] [TC2.Thread-Safety] Iteration: 258, push count = 259000, pop count = 259000
[848:50:28.159][None][AtomicStackViewTest][Info] Num Pop = 294
[848:50:28.159][None][AtomicStackViewTest][Info] Num Pop = 318
[848:50:28.159][None][AtomicStackViewTest][Info] Num Pop = 123
[848:50:28.159][None][AtomicStackViewTest][Info] Num Pop = 265
[848:50:28.159][Main][AtomicStackViewTest][Info] Num Pop = 0
[848:50:28.159][Main][AtomicStackViewTest][Info] [TC2.Thread-Safety] Iteration: 259, push count = 260000, pop count = 260000
[848:50:28.159][None][AtomicStackViewTest][Info] Num Pop = 169
[848:50:28.159][None][AtomicStackViewTest][Info] Num Pop = 80
[848:50:28.159][None][AtomicStackViewTest][Info] Num Pop = 48
[848:50:28.159][None][AtomicStackViewTest][Info] Num Pop = 134
[848:50:28.159][Main][AtomicStackViewTest][Info] Num Pop = 569
[848:50:28.159][Main][AtomicStackViewTest][Info] [TC2.Thread-Safety] Iteration: 260, push count = 261000, pop count = 261000
[848:50:28.159][None][AtomicStackViewTest][Info] Num Pop = 128
[848:50:28.159][None][AtomicStackViewTest][Info] Num Pop = 310
[848:50:28.159][None][AtomicStackViewTest][Info] Num Pop = 51
[848:50:28.159][None][AtomicStackViewTest][Info] Num Pop = 44
[848:50:28.159][Main][AtomicStackViewTest][Info] Num Pop = 467
[848:50:28.159][Main][AtomicStackViewTest][Info] [TC2.Thread-Safety] Iteration: 261, push count = 262000, pop count = 262000
[848:50:28.160][None][AtomicStackViewTest][Info] Num Pop = 138
[848:50:28.160][None][AtomicStackViewTest][Info] Num Pop = 149
[848:50:28.160][None][AtomicStackViewTest][Info] Num Pop = 130
[848:50:28.160][None][AtomicStackViewTest][Info] Num Pop = 179
[848:50:28.160][Main][AtomicStackViewTest][Info] Num Pop = 404
[848:50:28.160][Main][AtomicStackViewTest][Info] [TC2.Thread-Safety] Iteration: 262, push count = 263000, pop count = 263000
[848:50:28.160][None][AtomicStackViewTest][Info] Num Pop = 0
[848:50:28.160][None][AtomicStackViewTest][Info] Num Pop = 355
[848:50:28.160][None][AtomicStackViewTest][Info] Num Pop = 185
[848:50:28.160][None][AtomicStackViewTest][Info] Num Pop = 460
[848:50:28.160][Main][AtomicStackViewTest][Info] Num Pop = 0
[848:50:28.160][Main][AtomicStackViewTest][Info] [TC2.Thread-Safety] Iteration: 263, push count = 264000, pop count = 264000
[848:50:28.160][None][AtomicStackViewTest][Info] Num Pop = 250
[848:50:28.160][None][AtomicStackViewTest][Info] Num Pop = 91
[848:50:28.160][None][AtomicStackViewTest][Info] Num Pop = 19
[848:50:28.160][None][AtomicStackViewTest][Info] Num Pop = 640
[848:50:28.160][Main][AtomicStackViewTest][Info] Num Pop = 0
[848:50:28.160][Main][AtomicStackViewTest][Info] [TC2.Thread-Safety] Iteration: 264, push count = 265000, pop count = 265000
[848:50:28.160][None][AtomicStackViewTest][Info] Num Pop = 41
[848:50:28.160][None][AtomicStackViewTest][Info] Num Pop = 58
[848:50:28.160][None][AtomicStackViewTest][Info] Num Pop = 226
[848:50:28.160][None][AtomicStackViewTest][Info] Num Pop = 109
[848:50:28.160][Main][AtomicStackViewTest][Info] Num Pop = 566
[848:50:28.160][Main][AtomicStackViewTest][Info] [TC2.Thread-Safety] Iteration: 265, push count = 266000, pop count = 266000
[848:50:28.160][None][AtomicStackViewTest][Info] Num Pop = 96
[848:50:28.160][None][AtomicStackViewTest][Info] Num Pop = 165
[848:50:28.160][None][AtomicStackViewTest][Info] Num Pop = 573
[848:50:28.160][None][AtomicStackViewTest][Info] Num Pop = 166
[848:50:28.160][Main][AtomicStackViewTest][Info] Num Pop = 0
[848:50:28.160][Main][AtomicStackViewTest][Info] [TC2.Thread-Safety] Iteration: 266, push count = 267000, pop count = 267000
[848:50:28.161][None][AtomicStackViewTest][Info] Num Pop = 156
[848:50:28.161][None][AtomicStackViewTest][Info] Num Pop = 590
[848:50:28.161][None][AtomicStackViewTest][Info] Num Pop = 123
[848:50:28.161][None][AtomicStackViewTest][Info] Num Pop = 131
[848:50:28.161][Main][AtomicStackViewTest][Info] Num Pop = 0
[848:50:28.161][Main][AtomicStackViewTest][Info] [TC2.Thread-Safety] Iteration: 267, push count = 268000, pop count = 268000
[848:50:28.161][None][AtomicStackViewTest][Info] Num Pop = 241
[848:50:28.161][None][AtomicStackViewTest][Info] Num Pop = 152
[848:50:28.161][None][AtomicStackViewTest][Info] Num Pop = 120
[848:50:28.161][None][AtomicStackViewTest][Info] Num Pop = 133
[848:50:28.161][Main][AtomicStackViewTest][Info] Num Pop = 354
[848:50:28.161][Main][AtomicStackViewTest][Info] [TC2.Thread-Safety] Iteration: 268, push count = 269000, pop count = 269000
[848:50:28.161][None][AtomicStackViewTest][Info] Num Pop = 100
[848:50:28.161][None][AtomicStackViewTest][Info] Num Pop = 88
[848:50:28.161][None][AtomicStackViewTest][Info] Num Pop = 165
[848:50:28.161][None][AtomicStackViewTest][Info] Num Pop = 348
[848:50:28.161][Main][AtomicStackViewTest][Info] Num Pop = 299
[848:50:28.161][Main][AtomicStackViewTest][Info] [TC2.Thread-Safety] Iteration: 269, push count = 270000, pop count = 270000
[848:50:28.161][None][AtomicStackViewTest][Info] Num Pop = 157
[848:50:28.161][None][AtomicStackViewTest][Info] Num Pop = 125
[848:50:28.161][None][AtomicStackViewTest][Info] Num Pop = 328
[848:50:28.161][None][AtomicStackViewTest][Info] Num Pop = 93
[848:50:28.161][Main][AtomicStackViewTest][Info] Num Pop = 297
[848:50:28.161][Main][AtomicStackViewTest][Info] [TC2.Thread-Safety] Iteration: 270, push count = 271000, pop count = 271000
[848:50:28.161][None][AtomicStackViewTest][Info] Num Pop = 150
[848:50:28.161][None][AtomicStackViewTest][Info] Num Pop = 118
[848:50:28.161][None][AtomicStackViewTest][Info] Num Pop = 172
[848:50:28.161][None][AtomicStackViewTest][Info] Num Pop = 75
[848:50:28.161][Main][AtomicStackViewTest][Info] Num Pop = 485
[848:50:28.161][Main][AtomicStackViewTest][Info] [TC2.Thread-Safety] Iteration: 271, push count = 272000, pop count = 272000
[848:50:28.161][None][AtomicStackViewTest][Info] Num Pop = 170
[848:50:28.161][None][AtomicStackViewTest][Info] Num Pop = 8
[848:50:28.161][None][AtomicStackViewTest][Info] Num Pop = 79
[848:50:28.161][None][AtomicStackViewTest][Info] Num Pop = 743
[848:50:28.161][Main][AtomicStackViewTest][Info] Num Pop = 0
[848:50:28.161][Main][AtomicStackViewTest][Info] [TC2.Thread-Safety] Iteration: 272, push count = 273000, pop count = 273000
[848:50:28.161][None][AtomicStackViewTest][Info] Num Pop = 246
[848:50:28.161][None][AtomicStackViewTest][Info] Num Pop = 165
[848:50:28.161][None][AtomicStackViewTest][Info] Num Pop = 156
[848:50:28.161][None][AtomicStackViewTest][Info] Num Pop = 93
[848:50:28.161][Main][AtomicStackViewTest][Info] Num Pop = 340
[848:50:28.161][Main][AtomicStackViewTest][Info] [TC2.Thread-Safety] Iteration: 273, push count = 274000, pop count = 274000
[848:50:28.161][None][AtomicStackViewTest][Info] Num Pop = 163
[848:50:28.161][None][AtomicStackViewTest][Info] Num Pop = 32
[848:50:28.161][None][AtomicStackViewTest][Info] Num Pop = 205
[848:50:28.161][None][AtomicStackViewTest][Info] Num Pop = 192
[848:50:28.161][Main][AtomicStackViewTest][Info] Num Pop = 408
[848:50:28.161][Main][AtomicStackViewTest][Info] [TC2.Thread-Safety] Iteration: 274, push count = 275000, pop count = 275000
[848:50:28.162][None][AtomicStackViewTest][Info] Num Pop = 258
[848:50:28.162][None][AtomicStackViewTest][Info] Num Pop = 91
[848:50:28.162][None][AtomicStackViewTest][Info] Num Pop = 273
[848:50:28.162][None][AtomicStackViewTest][Info] Num Pop = 179
[848:50:28.162][Main][AtomicStackViewTest][Info] Num Pop = 199
[848:50:28.162][Main][AtomicStackViewTest][Info] [TC2.Thread-Safety] Iteration: 275, push count = 276000, pop count = 276000
[848:50:28.162][None][AtomicStackViewTest][Info] Num Pop = 92
[848:50:28.162][None][AtomicStackViewTest][Info] Num Pop = 240
[848:50:28.162][None][AtomicStackViewTest][Info] Num Pop = 118
[848:50:28.162][None][AtomicStackViewTest][Info] Num Pop = 377
[848:50:28.162][Main][AtomicStackViewTest][Info] Num Pop = 173
[848:50:28.162][Main][AtomicStackViewTest][Info] [TC2.Thread-Safety] Iteration: 276, push count = 277000, pop count = 277000
[848:50:28.162][None][AtomicStackViewTest][Info] Num Pop = 124
[848:50:28.162][None][AtomicStackViewTest][Info] Num Pop = 46
[848:50:28.162][None][AtomicStackViewTest][Info] Num Pop = 135
[848:50:28.162][None][AtomicStackViewTest][Info] Num Pop = 94
[848:50:28.162][Main][AtomicStackViewTest][Info] Num Pop = 601
[848:50:28.162][Main][AtomicStackViewTest][Info] [TC2.Thread-Safety] Iteration: 277, push count = 278000, pop count = 278000
[848:50:28.162][None][AtomicStackViewTest][Info] Num Pop = 195
[848:50:28.162][None][AtomicStackViewTest][Info] Num Pop = 91
[848:50:28.162][None][AtomicStackViewTest][Info] Num Pop = 124
[848:50:28.162][None][AtomicStackViewTest][Info] Num Pop = 204
[848:50:28.162][Main][AtomicStackViewTest][Info] Num Pop = 386
[848:50:28.162][Main][AtomicStackViewTest][Info] [TC2.Thread-Safety] Iteration: 278, push count = 279000, pop count = 279000
[848:50:28.162][None][AtomicStackViewTest][Info] Num Pop = 74
[848:50:28.162][None][AtomicStackViewTest][Info] Num Pop = 31
[848:50:28.162][None][AtomicStackViewTest][Info] Num Pop = 235
[848:50:28.162][None][AtomicStackViewTest][Info] Num Pop = 122
[848:50:28.162][Main][AtomicStackViewTest][Info] Num Pop = 538
[848:50:28.162][Main][AtomicStackViewTest][Info] [TC2.Thread-Safety] Iteration: 279, push count = 280000, pop count = 280000
[848:50:28.162][None][AtomicStackViewTest][Info] Num Pop = 125
[848:50:28.162][None][AtomicStackViewTest][Info] Num Pop = 106
[848:50:28.162][None][AtomicStackViewTest][Info] Num Pop = 322
[848:50:28.162][None][AtomicStackViewTest][Info] Num Pop = 236
[848:50:28.162][Main][AtomicStackViewTest][Info] Num Pop = 211
[848:50:28.162][Main][AtomicStackViewTest][Info] [TC2.Thread-Safety] Iteration: 280, push count = 281000, pop count = 281000
[848:50:28.163][None][AtomicStackViewTest][Info] Num Pop = 64
[848:50:28.163][None][AtomicStackViewTest][Info] Num Pop = 145
[848:50:28.163][None][AtomicStackViewTest][Info] Num Pop = 344
[848:50:28.163][None][AtomicStackViewTest][Info] Num Pop = 206
[848:50:28.163][Main][AtomicStackViewTest][Info] Num Pop = 241
[848:50:28.163][Main][AtomicStackViewTest][Info] [TC2.Thread-Safety] Iteration: 281, push count = 282000, pop count = 282000
[848:50:28.163][None][AtomicStackViewTest][Info] Num Pop = 276
[848:50:28.163][None][AtomicStackViewTest][Info] Num Pop = 152
[848:50:28.163][None][AtomicStackViewTest][Info] Num Pop = 218
[848:50:28.163][None][AtomicStackViewTest][Info] Num Pop = 354
[848:50:28.163][Main][AtomicStackViewTest][Info] Num Pop = 0
[848:50:28.163][Main][AtomicStackViewTest][Info] [TC2.Thread-Safety] Iteration: 282, push count = 283000, pop count = 283000
[848:50:28.163][None][AtomicStackViewTest][Info] Num Pop = 326
[848:50:28.163][None][AtomicStackViewTest][Info] Num Pop = 90
[848:50:28.163][None][AtomicStackViewTest][Info] Num Pop = 138
[848:50:28.163][None][AtomicStackViewTest][Info] Num Pop = 192
[848:50:28.163][Main][AtomicStackViewTest][Info] Num Pop = 254
[848:50:28.163][Main][AtomicStackViewTest][Info] [TC2.Thread-Safety] Iteration: 283, push count = 284000, pop count = 284000
[848:50:28.163][None][AtomicStackViewTest][Info] Num Pop = 184
[848:50:28.163][None][AtomicStackViewTest][Info] Num Pop = 169
[848:50:28.163][None][AtomicStackViewTest][Info] Num Pop = 109
[848:50:28.163][None][AtomicStackViewTest][Info] Num Pop = 111
[848:50:28.163][Main][AtomicStackViewTest][Info] Num Pop = 427
[848:50:28.163][Main][AtomicStackViewTest][Info] [TC2.Thread-Safety] Iteration: 284, push count = 285000, pop count = 285000
[848:50:28.163][None][AtomicStackViewTest][Info] Num Pop = 179
[848:50:28.163][None][AtomicStackViewTest][Info] Num Pop = 173
[848:50:28.163][None][AtomicStackViewTest][Info] Num Pop = 366
[848:50:28.163][None][AtomicStackViewTest][Info] Num Pop = 12
[848:50:28.163][Main][AtomicStackViewTest][Info] Num Pop = 270
[848:50:28.163][Main][AtomicStackViewTest][Info] [TC2.Thread-Safety] Iteration: 285, push count = 286000, pop count = 286000
[848:50:28.163][None][AtomicStackViewTest][Info] Num Pop = 27
[848:50:28.163][None][AtomicStackViewTest][Info] Num Pop = 73
[848:50:28.163][None][AtomicStackViewTest][Info] Num Pop = 0
[848:50:28.163][None][AtomicStackViewTest][Info] Num Pop = 0
[848:50:28.163][Main][AtomicStackViewTest][Info] Num Pop = 900
[848:50:28.163][Main][AtomicStackViewTest][Info] [TC2.Thread-Safety] Iteration: 286, push count = 287000, pop count = 287000
[848:50:28.163][None][AtomicStackViewTest][Info] Num Pop = 68
[848:50:28.163][None][AtomicStackViewTest][Info] Num Pop = 197
[848:50:28.163][None][AtomicStackViewTest][Info] Num Pop = 201
[848:50:28.163][None][AtomicStackViewTest][Info] Num Pop = 242
[848:50:28.163][Main][AtomicStackViewTest][Info] Num Pop = 292
[848:50:28.163][Main][AtomicStackViewTest][Info] [TC2.Thread-Safety] Iteration: 287, push count = 288000, pop count = 288000
[848:50:28.164][None][AtomicStackViewTest][Info] Num Pop = 132
[848:50:28.164][None][AtomicStackViewTest][Info] Num Pop = 149
[848:50:28.164][None][AtomicStackViewTest][Info] Num Pop = 206
[848:50:28.164][None][AtomicStackViewTest][Info] Num Pop = 109
[848:50:28.164][Main][AtomicStackViewTest][Info] Num Pop = 404
[848:50:28.164][Main][AtomicStackViewTest][Info] [TC2.Thread-Safety] Iteration: 288, push count = 289000, pop count = 289000
[848:50:28.164][None][AtomicStackViewTest][Info] Num Pop = 37
[848:50:28.164][None][AtomicStackViewTest][Info] Num Pop = 32
[848:50:28.164][None][AtomicStackViewTest][Info] Num Pop = 12
[848:50:28.164][None][AtomicStackViewTest][Info] Num Pop = 160
[848:50:28.164][Main][AtomicStackViewTest][Info] Num Pop = 759
[848:50:28.164][Main][AtomicStackViewTest][Info] [TC2.Thread-Safety] Iteration: 289, push count = 290000, pop count = 290000
[848:50:28.164][None][AtomicStackViewTest][Info] Num Pop = 128
[848:50:28.164][None][AtomicStackViewTest][Info] Num Pop = 87
[848:50:28.164][None][AtomicStackViewTest][Info] Num Pop = 618
[848:50:28.164][None][AtomicStackViewTest][Info] Num Pop = 167
[848:50:28.164][Main][AtomicStackViewTest][Info] Num Pop = 0
[848:50:28.164][Main][AtomicStackViewTest][Info] [TC2.Thread-Safety] Iteration: 290, push count = 291000, pop count = 291000
[848:50:28.164][None][AtomicStackViewTest][Info] Num Pop = 285
[848:50:28.164][None][AtomicStackViewTest][Info] Num Pop = 233
[848:50:28.164][None][AtomicStackViewTest][Info] Num Pop = 431
[848:50:28.164][None][AtomicStackViewTest][Info] Num Pop = 51
[848:50:28.164][Main][AtomicStackViewTest][Info] Num Pop = 0
[848:50:28.164][Main][AtomicStackViewTest][Info] [TC2.Thread-Safety] Iteration: 291, push count = 292000, pop count = 292000
[848:50:28.164][None][AtomicStackViewTest][Info] Num Pop = 82
[848:50:28.164][None][AtomicStackViewTest][Info] Num Pop = 35
[848:50:28.164][None][AtomicStackViewTest][Info] Num Pop = 308
[848:50:28.164][None][AtomicStackViewTest][Info] Num Pop = 70
[848:50:28.164][Main][AtomicStackViewTest][Info] Num Pop = 505
[848:50:28.164][Main][AtomicStackViewTest][Info] [TC2.Thread-Safety] Iteration: 292, push count = 293000, pop count = 293000
[848:50:28.164][None][AtomicStackViewTest][Info] Num Pop = 236
[848:50:28.164][None][AtomicStackViewTest][Info] Num Pop = 53
[848:50:28.164][None][AtomicStackViewTest][Info] Num Pop = 321
[848:50:28.164][None][AtomicStackViewTest][Info] Num Pop = 173
[848:50:28.164][Main][AtomicStackViewTest][Info] Num Pop = 217
[848:50:28.164][Main][AtomicStackViewTest][Info] [TC2.Thread-Safety] Iteration: 293, push count = 294000, pop count = 294000
[848:50:28.164][None][AtomicStackViewTest][Info] Num Pop = 75
[848:50:28.164][None][AtomicStackViewTest][Info] Num Pop = 151
[848:50:28.164][None][AtomicStackViewTest][Info] Num Pop = 253
[848:50:28.164][None][AtomicStackViewTest][Info] Num Pop = 65
[848:50:28.164][Main][AtomicStackViewTest][Info] Num Pop = 456
[848:50:28.164][Main][AtomicStackViewTest][Info] [TC2.Thread-Safety] Iteration: 294, push count = 295000, pop count = 295000
[848:50:28.165][None][AtomicStackViewTest][Info] Num Pop = 170
[848:50:28.165][None][AtomicStackViewTest][Info] Num Pop = 71
[848:50:28.165][None][AtomicStackViewTest][Info] Num Pop = 56
[848:50:28.165][None][AtomicStackViewTest][Info] Num Pop = 53
[848:50:28.165][Main][AtomicStackViewTest][Info] Num Pop = 650
[848:50:28.165][Main][AtomicStackViewTest][Info] [TC2.Thread-Safety] Iteration: 295, push count = 296000, pop count = 296000
[848:50:28.165][None][AtomicStackViewTest][Info] Num Pop = 197
[848:50:28.165][None][AtomicStackViewTest][Info] Num Pop = 59
[848:50:28.165][None][AtomicStackViewTest][Info] Num Pop = 62
[848:50:28.165][None][AtomicStackViewTest][Info] Num Pop = 101
[848:50:28.165][Main][AtomicStackViewTest][Info] Num Pop = 581
[848:50:28.165][Main][AtomicStackViewTest][Info] [TC2.Thread-Safety] Iteration: 296, push count = 297000, pop count = 297000
[848:50:28.165][None][AtomicStackViewTest][Info] Num Pop = 287
[848:50:28.165][None][AtomicStackViewTest][Info] Num Pop = 87
[848:50:28.165][None][AtomicStackViewTest][Info] Num Pop = 97
[848:50:28.165][None][AtomicStackViewTest][Info] Num Pop = 529
[848:50:28.165][Main][AtomicStackViewTest][Info] Num Pop = 0
[848:50:28.165][Main][AtomicStackViewTest][Info] [TC2.Thread-Safety] Iteration: 297, push count = 298000, pop count = 298000
[848:50:28.165][None][AtomicStackViewTest][Info] Num Pop = 337
[848:50:28.165][None][AtomicStackViewTest][Info] Num Pop = 124
[848:50:28.165][None][AtomicStackViewTest][Info] Num Pop = 120
[848:50:28.165][None][AtomicStackViewTest][Info] Num Pop = 419
[848:50:28.165][Main][AtomicStackViewTest][Info] Num Pop = 0
[848:50:28.165][Main][AtomicStackViewTest][Info] [TC2.Thread-Safety] Iteration: 298, push count = 299000, pop count = 299000
[848:50:28.165][None][AtomicStackViewTest][Info] Num Pop = 137
[848:50:28.165][None][AtomicStackViewTest][Info] Num Pop = 260
[848:50:28.165][None][AtomicStackViewTest][Info] Num Pop = 145
[848:50:28.165][None][AtomicStackViewTest][Info] Num Pop = 44
[848:50:28.165][Main][AtomicStackViewTest][Info] Num Pop = 414
[848:50:28.165][Main][AtomicStackViewTest][Info] [TC2.Thread-Safety] Iteration: 299, push count = 300000, pop count = 300000
[848:50:28.165][None][AtomicStackViewTest][Info] Num Pop = 108
[848:50:28.165][None][AtomicStackViewTest][Info] Num Pop = 74
[848:50:28.165][None][AtomicStackViewTest][Info] Num Pop = 207
[848:50:28.165][None][AtomicStackViewTest][Info] Num Pop = 68
[848:50:28.165][Main][AtomicStackViewTest][Info] Num Pop = 543
[848:50:28.165][Main][AtomicStackViewTest][Info] [TC2.Thread-Safety] Iteration: 300, push count = 301000, pop count = 301000
[848:50:28.165][None][AtomicStackViewTest][Info] Num Pop = 99
[848:50:28.165][None][AtomicStackViewTest][Info] Num Pop = 48
[848:50:28.165][None][AtomicStackViewTest][Info] Num Pop = 242
[848:50:28.165][None][AtomicStackViewTest][Info] Num Pop = 78
[848:50:28.165][Main][AtomicStackViewTest][Info] Num Pop = 533
[848:50:28.165][Main][AtomicStackViewTest][Info] [TC2.Thread-Safety] Iteration: 301, push count = 302000, pop count = 302000
[848:50:28.165][None][AtomicStackViewTest][Info] Num Pop = 159
[848:50:28.165][None][AtomicStackViewTest][Info] Num Pop = 61
[848:50:28.165][None][AtomicStackViewTest][Info] Num Pop = 259
[848:50:28.165][None][AtomicStackViewTest][Info] Num Pop = 521
[848:50:28.165][Main][AtomicStackViewTest][Info] Num Pop = 0
[848:50:28.165][Main][AtomicStackViewTest][Info] [TC2.Thread-Safety] Iteration: 302, push count = 303000, pop count = 303000
[848:50:28.166][None][AtomicStackViewTest][Info] Num Pop = 104
[848:50:28.166][None][AtomicStackViewTest][Info] Num Pop = 86
[848:50:28.166][None][AtomicStackViewTest][Info] Num Pop = 214
[848:50:28.166][None][AtomicStackViewTest][Info] Num Pop = 23
[848:50:28.166][Main][AtomicStackViewTest][Info] Num Pop = 573
[848:50:28.166][Main][AtomicStackViewTest][Info] [TC2.Thread-Safety] Iteration: 303, push count = 304000, pop count = 304000
[848:50:28.166][None][AtomicStackViewTest][Info] Num Pop = 242
[848:50:28.166][None][AtomicStackViewTest][Info] Num Pop = 36
[848:50:28.166][None][AtomicStackViewTest][Info] Num Pop = 198
[848:50:28.166][None][AtomicStackViewTest][Info] Num Pop = 117
[848:50:28.166][Main][AtomicStackViewTest][Info] Num Pop = 407
[848:50:28.166][Main][AtomicStackViewTest][Info] [TC2.Thread-Safety] Iteration: 304, push count = 305000, pop count = 305000
[848:50:28.166][None][AtomicStackViewTest][Info] Num Pop = 115
[848:50:28.166][None][AtomicStackViewTest][Info] Num Pop = 232
[848:50:28.166][None][AtomicStackViewTest][Info] Num Pop = 33
[848:50:28.166][None][AtomicStackViewTest][Info] Num Pop = 111
[848:50:28.166][Main][AtomicStackViewTest][Info] Num Pop = 509
[848:50:28.166][Main][AtomicStackViewTest][Info] [TC2.Thread-Safety] Iteration: 305, push count = 306000, pop count = 306000
[848:50:28.166][None][AtomicStackViewTest][Info] Num Pop = 244
[848:50:28.166][None][AtomicStackViewTest][Info] Num Pop = 317
[848:50:28.166][None][AtomicStackViewTest][Info] Num Pop = 119
[848:50:28.166][None][AtomicStackViewTest][Info] Num Pop = 320
[848:50:28.166][Main][AtomicStackViewTest][Info] Num Pop = 0
[848:50:28.166][Main][AtomicStackViewTest][Info] [TC2.Thread-Safety] Iteration: 306, push count = 307000, pop count = 307000
[848:50:28.166][None][AtomicStackViewTest][Info] Num Pop = 86
[848:50:28.166][None][AtomicStackViewTest][Info] Num Pop = 151
[848:50:28.166][None][AtomicStackViewTest][Info] Num Pop = 50
[848:50:28.166][None][AtomicStackViewTest][Info] Num Pop = 94
[848:50:28.166][Main][AtomicStackViewTest][Info] Num Pop = 619
[848:50:28.166][Main][AtomicStackViewTest][Info] [TC2.Thread-Safety] Iteration: 307, push count = 308000, pop count = 308000
[848:50:28.166][None][AtomicStackViewTest][Info] Num Pop = 146
[848:50:28.166][None][AtomicStackViewTest][Info] Num Pop = 132
[848:50:28.166][None][AtomicStackViewTest][Info] Num Pop = 110
[848:50:28.166][None][AtomicStackViewTest][Info] Num Pop = 612
[848:50:28.166][Main][AtomicStackViewTest][Info] Num Pop = 0
[848:50:28.166][Main][AtomicStackViewTest][Info] [TC2.Thread-Safety] Iteration: 308, push count = 309000, pop count = 309000
[848:50:28.166][None][AtomicStackViewTest][Info] Num Pop = 194
[848:50:28.166][None][AtomicStackViewTest][Info] Num Pop = 180
[848:50:28.166][None][AtomicStackViewTest][Info] Num Pop = 235
[848:50:28.166][None][AtomicStackViewTest][Info] Num Pop = 391
[848:50:28.166][Main][AtomicStackViewTest][Info] Num Pop = 0
[848:50:28.166][Main][AtomicStackViewTest][Info] [TC2.Thread-Safety] Iteration: 309, push count = 310000, pop count = 310000
[848:50:28.166][None][AtomicStackViewTest][Info] Num Pop = 117
[848:50:28.166][None][AtomicStackViewTest][Info] Num Pop = 208
[848:50:28.166][None][AtomicStackViewTest][Info] Num Pop = 442
[848:50:28.166][None][AtomicStackViewTest][Info] Num Pop = 128
[848:50:28.166][Main][AtomicStackViewTest][Info] Num Pop = 105
[848:50:28.166][Main][AtomicStackViewTest][Info] [TC2.Thread-Safety] Iteration: 310, push count = 311000, pop count = 311000
[848:50:28.166][None][AtomicStackViewTest][Info] Num Pop = 0
[848:50:28.167][None][AtomicStackViewTest][Info] Num Pop = 245
[848:50:28.167][None][AtomicStackViewTest][Info] Num Pop = 64
[848:50:28.167][None][AtomicStackViewTest][Info] Num Pop = 126
[848:50:28.167][Main][AtomicStackViewTest][Info] Num Pop = 565
[848:50:28.167][Main][AtomicStackViewTest][Info] [TC2.Thread-Safety] Iteration: 311, push count = 312000, pop count = 312000
[848:50:28.167][None][AtomicStackViewTest][Info] Num Pop = 149
[848:50:28.167][None][AtomicStackViewTest][Info] Num Pop = 153
[848:50:28.167][None][AtomicStackViewTest][Info] Num Pop = 345
[848:50:28.167][None][AtomicStackViewTest][Info] Num Pop = 353
[848:50:28.167][Main][AtomicStackViewTest][Info] Num Pop = 0
[848:50:28.167][Main][AtomicStackViewTest][Info] [TC2.Thread-Safety] Iteration: 312, push count = 313000, pop count = 313000
[848:50:28.167][None][AtomicStackViewTest][Info] Num Pop = 77
[848:50:28.167][None][AtomicStackViewTest][Info] Num Pop = 110
[848:50:28.167][None][AtomicStackViewTest][Info] Num Pop = 138
[848:50:28.167][None][AtomicStackViewTest][Info] Num Pop = 68
[848:50:28.167][Main][AtomicStackViewTest][Info] Num Pop = 607
[848:50:28.167][Main][AtomicStackViewTest][Info] [TC2.Thread-Safety] Iteration: 313, push count = 314000, pop count = 314000
[848:50:28.167][None][AtomicStackViewTest][Info] Num Pop = 193
[848:50:28.167][None][AtomicStackViewTest][Info] Num Pop = 2
[848:50:28.167][None][AtomicStackViewTest][Info] Num Pop = 304
[848:50:28.167][None][AtomicStackViewTest][Info] Num Pop = 501
[848:50:28.167][Main][AtomicStackViewTest][Info] Num Pop = 0
[848:50:28.167][Main][AtomicStackViewTest][Info] [TC2.Thread-Safety] Iteration: 314, push count = 315000, pop count = 315000
[848:50:28.167][None][AtomicStackViewTest][Info] Num Pop = 155
[848:50:28.167][None][AtomicStackViewTest][Info] Num Pop = 323
[848:50:28.167][None][AtomicStackViewTest][Info] Num Pop = 94
[848:50:28.167][None][AtomicStackViewTest][Info] Num Pop = 428
[848:50:28.167][Main][AtomicStackViewTest][Info] Num Pop = 0
[848:50:28.167][Main][AtomicStackViewTest][Info] [TC2.Thread-Safety] Iteration: 315, push count = 316000, pop count = 316000
[848:50:28.167][None][AtomicStackViewTest][Info] Num Pop = 0
[848:50:28.167][None][AtomicStackViewTest][Info] Num Pop = 34
[848:50:28.167][None][AtomicStackViewTest][Info] Num Pop = 13
[848:50:28.167][None][AtomicStackViewTest][Info] Num Pop = 953
[848:50:28.167][Main][AtomicStackViewTest][Info] Num Pop = 0
[848:50:28.167][Main][AtomicStackViewTest][Info] [TC2.Thread-Safety] Iteration: 316, push count = 317000, pop count = 317000
[848:50:28.167][None][AtomicStackViewTest][Info] Num Pop = 85
[848:50:28.167][None][AtomicStackViewTest][Info] Num Pop = 31
[848:50:28.167][None][AtomicStackViewTest][Info] Num Pop = 222
[848:50:28.167][None][AtomicStackViewTest][Info] Num Pop = 662
[848:50:28.167][Main][AtomicStackViewTest][Info] Num Pop = 0
[848:50:28.167][Main][AtomicStackViewTest][Info] [TC2.Thread-Safety] Iteration: 317, push count = 318000, pop count = 318000
[848:50:28.168][None][AtomicStackViewTest][Info] Num Pop = 249
[848:50:28.168][None][AtomicStackViewTest][Info] Num Pop = 231
[848:50:28.168][None][AtomicStackViewTest][Info] Num Pop = 237
[848:50:28.168][None][AtomicStackViewTest][Info] Num Pop = 283
[848:50:28.168][Main][AtomicStackViewTest][Info] Num Pop = 0
[848:50:28.168][Main][AtomicStackViewTest][Info] [TC2.Thread-Safety] Iteration: 318, push count = 319000, pop count = 319000
[848:50:28.168][None][AtomicStackViewTest][Info] Num Pop = 196
[848:50:28.168][None][AtomicStackViewTest][Info] Num Pop = 173
[848:50:28.168][None][AtomicStackViewTest][Info] Num Pop = 154
[848:50:28.168][None][AtomicStackViewTest][Info] Num Pop = 56
[848:50:28.168][Main][AtomicStackViewTest][Info] Num Pop = 421
[848:50:28.168][Main][AtomicStackViewTest][Info] [TC2.Thread-Safety] Iteration: 319, push count = 320000, pop count = 320000
[848:50:28.168][None][AtomicStackViewTest][Info] Num Pop = 307
[848:50:28.168][None][AtomicStackViewTest][Info] Num Pop = 90
[848:50:28.168][None][AtomicStackViewTest][Info] Num Pop = 45
[848:50:28.168][None][AtomicStackViewTest][Info] Num Pop = 64
[848:50:28.168][Main][AtomicStackViewTest][Info] Num Pop = 494
[848:50:28.168][Main][AtomicStackViewTest][Info] [TC2.Thread-Safety] Iteration: 320, push count = 321000, pop count = 321000
[848:50:28.168][None][AtomicStackViewTest][Info] Num Pop = 89
[848:50:28.168][None][AtomicStackViewTest][Info] Num Pop = 190
[848:50:28.168][None][AtomicStackViewTest][Info] Num Pop = 88
[848:50:28.168][None][AtomicStackViewTest][Info] Num Pop = 350
[848:50:28.168][Main][AtomicStackViewTest][Info] Num Pop = 283
[848:50:28.168][Main][AtomicStackViewTest][Info] [TC2.Thread-Safety] Iteration: 321, push count = 322000, pop count = 322000
[848:50:28.168][None][AtomicStackViewTest][Info] Num Pop = 148
[848:50:28.168][None][AtomicStackViewTest][Info] Num Pop = 286
[848:50:28.168][None][AtomicStackViewTest][Info] Num Pop = 174
[848:50:28.168][None][AtomicStackViewTest][Info] Num Pop = 257
[848:50:28.168][Main][AtomicStackViewTest][Info] Num Pop = 135
[848:50:28.168][Main][AtomicStackViewTest][Info] [TC2.Thread-Safety] Iteration: 322, push count = 323000, pop count = 323000
[848:50:28.168][None][AtomicStackViewTest][Info] Num Pop = 94
[848:50:28.168][None][AtomicStackViewTest][Info] Num Pop = 285
[848:50:28.168][None][AtomicStackViewTest][Info] Num Pop = 174
[848:50:28.168][None][AtomicStackViewTest][Info] Num Pop = 32
[848:50:28.168][Main][AtomicStackViewTest][Info] Num Pop = 415
[848:50:28.168][Main][AtomicStackViewTest][Info] [TC2.Thread-Safety] Iteration: 323, push count = 324000, pop count = 324000
[848:50:28.168][None][AtomicStackViewTest][Info] Num Pop = 53
[848:50:28.168][None][AtomicStackViewTest][Info] Num Pop = 257
[848:50:28.168][None][AtomicStackViewTest][Info] Num Pop = 321
[848:50:28.168][None][AtomicStackViewTest][Info] Num Pop = 183
[848:50:28.168][Main][AtomicStackViewTest][Info] Num Pop = 186
[848:50:28.168][Main][AtomicStackViewTest][Info] [TC2.Thread-Safety] Iteration: 324, push count = 325000, pop count = 325000
[848:50:28.169][None][AtomicStackViewTest][Info] Num Pop = 94
[848:50:28.169][None][AtomicStackViewTest][Info] Num Pop = 103
[848:50:28.169][None][AtomicStackViewTest][Info] Num Pop = 133
[848:50:28.169][None][AtomicStackViewTest][Info] Num Pop = 184
[848:50:28.169][Main][AtomicStackViewTest][Info] Num Pop = 486
[848:50:28.169][Main][AtomicStackViewTest][Info] [TC2.Thread-Safety] Iteration: 325, push count = 326000, pop count = 326000
[848:50:28.169][None][AtomicStackViewTest][Info] Num Pop = 356
[848:50:28.169][None][AtomicStackViewTest][Info] Num Pop = 342
[848:50:28.169][None][AtomicStackViewTest][Info] Num Pop = 143
[848:50:28.169][None][AtomicStackViewTest][Info] Num Pop = 159
[848:50:28.169][Main][AtomicStackViewTest][Info] Num Pop = 0
[848:50:28.169][Main][AtomicStackViewTest][Info] [TC2.Thread-Safety] Iteration: 326, push count = 327000, pop count = 327000
[848:50:28.169][None][AtomicStackViewTest][Info] Num Pop = 118
[848:50:28.169][None][AtomicStackViewTest][Info] Num Pop = 194
[848:50:28.169][None][AtomicStackViewTest][Info] Num Pop = 494
[848:50:28.169][None][AtomicStackViewTest][Info] Num Pop = 127
[848:50:28.169][Main][AtomicStackViewTest][Info] Num Pop = 67
[848:50:28.169][Main][AtomicStackViewTest][Info] [TC2.Thread-Safety] Iteration: 327, push count = 328000, pop count = 328000
[848:50:28.169][None][AtomicStackViewTest][Info] Num Pop = 377
[848:50:28.169][None][AtomicStackViewTest][Info] Num Pop = 174
[848:50:28.169][None][AtomicStackViewTest][Info] Num Pop = 251
[848:50:28.169][None][AtomicStackViewTest][Info] Num Pop = 198
[848:50:28.169][Main][AtomicStackViewTest][Info] Num Pop = 0
[848:50:28.169][Main][AtomicStackViewTest][Info] [TC2.Thread-Safety] Iteration: 328, push count = 329000, pop count = 329000
[848:50:28.169][None][AtomicStackViewTest][Info] Num Pop = 726
[848:50:28.169][None][AtomicStackViewTest][Info] Num Pop = 39
[848:50:28.169][None][AtomicStackViewTest][Info] Num Pop = 90
[848:50:28.169][None][AtomicStackViewTest][Info] Num Pop = 145
[848:50:28.169][Main][AtomicStackViewTest][Info] Num Pop = 0
[848:50:28.169][Main][AtomicStackViewTest][Info] [TC2.Thread-Safety] Iteration: 329, push count = 330000, pop count = 330000
[848:50:28.169][None][AtomicStackViewTest][Info] Num Pop = 93
[848:50:28.169][None][AtomicStackViewTest][Info] Num Pop = 563
[848:50:28.169][None][AtomicStackViewTest][Info] Num Pop = 9
[848:50:28.169][None][AtomicStackViewTest][Info] Num Pop = 238
[848:50:28.169][Main][AtomicStackViewTest][Info] Num Pop = 97
[848:50:28.169][Main][AtomicStackViewTest][Info] [TC2.Thread-Safety] Iteration: 330, push count = 331000, pop count = 331000
[848:50:28.169][None][AtomicStackViewTest][Info] Num Pop = 48
[848:50:28.169][None][AtomicStackViewTest][Info] Num Pop = 24
[848:50:28.169][None][AtomicStackViewTest][Info] Num Pop = 51
[848:50:28.169][None][AtomicStackViewTest][Info] Num Pop = 38
[848:50:28.169][Main][AtomicStackViewTest][Info] Num Pop = 839
[848:50:28.169][Main][AtomicStackViewTest][Info] [TC2.Thread-Safety] Iteration: 331, push count = 332000, pop count = 332000
[848:50:28.170][None][AtomicStackViewTest][Info] Num Pop = 386
[848:50:28.170][None][AtomicStackViewTest][Info] Num Pop = 78
[848:50:28.170][None][AtomicStackViewTest][Info] Num Pop = 91
[848:50:28.170][None][AtomicStackViewTest][Info] Num Pop = 2
[848:50:28.170][Main][AtomicStackViewTest][Info] Num Pop = 443
[848:50:28.170][Main][AtomicStackViewTest][Info] [TC2.Thread-Safety] Iteration: 332, push count = 333000, pop count = 333000
[848:50:28.170][None][AtomicStackViewTest][Info] Num Pop = 206
[848:50:28.170][None][AtomicStackViewTest][Info] Num Pop = 506
[848:50:28.170][None][AtomicStackViewTest][Info] Num Pop = 115
[848:50:28.170][None][AtomicStackViewTest][Info] Num Pop = 173
[848:50:28.170][Main][AtomicStackViewTest][Info] Num Pop = 0
[848:50:28.170][Main][AtomicStackViewTest][Info] [TC2.Thread-Safety] Iteration: 333, push count = 334000, pop count = 334000
[848:50:28.170][None][AtomicStackViewTest][Info] Num Pop = 591
[848:50:28.170][None][AtomicStackViewTest][Info] Num Pop = 146
[848:50:28.170][None][AtomicStackViewTest][Info] Num Pop = 70
[848:50:28.170][None][AtomicStackViewTest][Info] Num Pop = 193
[848:50:28.170][Main][AtomicStackViewTest][Info] Num Pop = 0
[848:50:28.170][Main][AtomicStackViewTest][Info] [TC2.Thread-Safety] Iteration: 334, push count = 335000, pop count = 335000
[848:50:28.170][None][AtomicStackViewTest][Info] Num Pop = 146
[848:50:28.170][None][AtomicStackViewTest][Info] Num Pop = 337
[848:50:28.170][None][AtomicStackViewTest][Info] Num Pop = 335
[848:50:28.170][None][AtomicStackViewTest][Info] Num Pop = 182
[848:50:28.170][Main][AtomicStackViewTest][Info] Num Pop = 0
[848:50:28.170][Main][AtomicStackViewTest][Info] [TC2.Thread-Safety] Iteration: 335, push count = 336000, pop count = 336000
[848:50:28.170][None][AtomicStackViewTest][Info] Num Pop = 414
[848:50:28.170][None][AtomicStackViewTest][Info] Num Pop = 2
[848:50:28.170][None][AtomicStackViewTest][Info] Num Pop = 576
[848:50:28.170][None][AtomicStackViewTest][Info] Num Pop = 8
[848:50:28.170][Main][AtomicStackViewTest][Info] Num Pop = 0
[848:50:28.170][Main][AtomicStackViewTest][Info] [TC2.Thread-Safety] Iteration: 336, push count = 337000, pop count = 337000
[848:50:28.171][None][AtomicStackViewTest][Info] Num Pop = 202
[848:50:28.171][None][AtomicStackViewTest][Info] Num Pop = 135
[848:50:28.171][None][AtomicStackViewTest][Info] Num Pop = 487
[848:50:28.171][None][AtomicStackViewTest][Info] Num Pop = 176
[848:50:28.171][Main][AtomicStackViewTest][Info] Num Pop = 0
[848:50:28.171][Main][AtomicStackViewTest][Info] [TC2.Thread-Safety] Iteration: 337, push count = 338000, pop count = 338000
[848:50:28.171][None][AtomicStackViewTest][Info] Num Pop = 303
[848:50:28.171][None][AtomicStackViewTest][Info] Num Pop = 48
[848:50:28.171][None][AtomicStackViewTest][Info] Num Pop = 595
[848:50:28.171][None][AtomicStackViewTest][Info] Num Pop = 54
[848:50:28.171][Main][AtomicStackViewTest][Info] Num Pop = 0
[848:50:28.171][Main][AtomicStackViewTest][Info] [TC2.Thread-Safety] Iteration: 338, push count = 339000, pop count = 339000
[848:50:28.171][None][AtomicStackViewTest][Info] Num Pop = 431
[848:50:28.171][None][AtomicStackViewTest][Info] Num Pop = 258
[848:50:28.171][None][AtomicStackViewTest][Info] Num Pop = 232
[848:50:28.171][None][AtomicStackViewTest][Info] Num Pop = 79
[848:50:28.171][Main][AtomicStackViewTest][Info] Num Pop = 0
[848:50:28.171][Main][AtomicStackViewTest][Info] [TC2.Thread-Safety] Iteration: 339, push count = 340000, pop count = 340000
[848:50:28.171][None][AtomicStackViewTest][Info] Num Pop = 373
[848:50:28.171][None][AtomicStackViewTest][Info] Num Pop = 91
[848:50:28.171][None][AtomicStackViewTest][Info] Num Pop = 180
[848:50:28.171][None][AtomicStackViewTest][Info] Num Pop = 356
[848:50:28.171][Main][AtomicStackViewTest][Info] Num Pop = 0
[848:50:28.171][Main][AtomicStackViewTest][Info] [TC2.Thread-Safety] Iteration: 340, push count = 341000, pop count = 341000
[848:50:28.171][None][AtomicStackViewTest][Info] Num Pop = 137
[848:50:28.171][None][AtomicStackViewTest][Info] Num Pop = 237
[848:50:28.171][None][AtomicStackViewTest][Info] Num Pop = 9
[848:50:28.171][None][AtomicStackViewTest][Info] Num Pop = 3
[848:50:28.171][Main][AtomicStackViewTest][Info] Num Pop = 614
[848:50:28.171][Main][AtomicStackViewTest][Info] [TC2.Thread-Safety] Iteration: 341, push count = 342000, pop count = 342000
[848:50:28.171][None][AtomicStackViewTest][Info] Num Pop = 204
[848:50:28.171][None][AtomicStackViewTest][Info] Num Pop = 405
[848:50:28.171][None][AtomicStackViewTest][Info] Num Pop = 53
[848:50:28.171][None][AtomicStackViewTest][Info] Num Pop = 66
[848:50:28.171][Main][AtomicStackViewTest][Info] Num Pop = 272
[848:50:28.171][Main][AtomicStackViewTest][Info] [TC2.Thread-Safety] Iteration: 342, push count = 343000, pop count = 343000
[848:50:28.171][None][AtomicStackViewTest][Info] Num Pop = 396
[848:50:28.171][None][AtomicStackViewTest][Info] Num Pop = 60
[848:50:28.171][None][AtomicStackViewTest][Info] Num Pop = 92
[848:50:28.171][None][AtomicStackViewTest][Info] Num Pop = 80
[848:50:28.171][Main][AtomicStackViewTest][Info] Num Pop = 372
[848:50:28.171][Main][AtomicStackViewTest][Info] [TC2.Thread-Safety] Iteration: 343, push count = 344000, pop count = 344000
[848:50:28.171][None][AtomicStackViewTest][Info] Num Pop = 29
[848:50:28.171][None][AtomicStackViewTest][Info] Num Pop = 229
[848:50:28.171][None][AtomicStackViewTest][Info] Num Pop = 31
[848:50:28.171][None][AtomicStackViewTest][Info] Num Pop = 38
[848:50:28.171][Main][AtomicStackViewTest][Info] Num Pop = 673
[848:50:28.171][Main][AtomicStackViewTest][Info] [TC2.Thread-Safety] Iteration: 344, push count = 345000, pop count = 345000
[848:50:28.172][None][AtomicStackViewTest][Info] Num Pop = 609
[848:50:28.172][None][AtomicStackViewTest][Info] Num Pop = 46
[848:50:28.172][None][AtomicStackViewTest][Info] Num Pop = 63
[848:50:28.172][None][AtomicStackViewTest][Info] Num Pop = 282
[848:50:28.172][Main][AtomicStackViewTest][Info] Num Pop = 0
[848:50:28.172][Main][AtomicStackViewTest][Info] [TC2.Thread-Safety] Iteration: 345, push count = 346000, pop count = 346000
[848:50:28.172][None][AtomicStackViewTest][Info] Num Pop = 195
[848:50:28.172][None][AtomicStackViewTest][Info] Num Pop = 58
[848:50:28.172][None][AtomicStackViewTest][Info] Num Pop = 0
[848:50:28.172][None][AtomicStackViewTest][Info] Num Pop = 0
[848:50:28.172][Main][AtomicStackViewTest][Info] Num Pop = 747
[848:50:28.172][Main][AtomicStackViewTest][Info] [TC2.Thread-Safety] Iteration: 346, push count = 347000, pop count = 347000
[848:50:28.172][None][AtomicStackViewTest][Info] Num Pop = 520
[848:50:28.172][None][AtomicStackViewTest][Info] Num Pop = 330
[848:50:28.172][None][AtomicStackViewTest][Info] Num Pop = 83
[848:50:28.172][None][AtomicStackViewTest][Info] Num Pop = 67
[848:50:28.172][Main][AtomicStackViewTest][Info] Num Pop = 0
[848:50:28.172][Main][AtomicStackViewTest][Info] [TC2.Thread-Safety] Iteration: 347, push count = 348000, pop count = 348000
[848:50:28.172][None][AtomicStackViewTest][Info] Num Pop = 342
[848:50:28.172][None][AtomicStackViewTest][Info] Num Pop = 354
[848:50:28.172][None][AtomicStackViewTest][Info] Num Pop = 187
[848:50:28.172][None][AtomicStackViewTest][Info] Num Pop = 117
[848:50:28.172][Main][AtomicStackViewTest][Info] Num Pop = 0
[848:50:28.172][Main][AtomicStackViewTest][Info] [TC2.Thread-Safety] Iteration: 348, push count = 349000, pop count = 349000
[848:50:28.172][None][AtomicStackViewTest][Info] Num Pop = 593
[848:50:28.172][None][AtomicStackViewTest][Info] Num Pop = 180
[848:50:28.172][None][AtomicStackViewTest][Info] Num Pop = 141
[848:50:28.172][None][AtomicStackViewTest][Info] Num Pop = 86
[848:50:28.172][Main][AtomicStackViewTest][Info] Num Pop = 0
[848:50:28.172][Main][AtomicStackViewTest][Info] [TC2.Thread-Safety] Iteration: 349, push count = 350000, pop count = 350000
[848:50:28.172][None][AtomicStackViewTest][Info] Num Pop = 428
[848:50:28.172][None][AtomicStackViewTest][Info] Num Pop = 119
[848:50:28.172][None][AtomicStackViewTest][Info] Num Pop = 131
[848:50:28.172][None][AtomicStackViewTest][Info] Num Pop = 141
[848:50:28.172][Main][AtomicStackViewTest][Info] Num Pop = 181
[848:50:28.172][Main][AtomicStackViewTest][Info] [TC2.Thread-Safety] Iteration: 350, push count = 351000, pop count = 351000
[848:50:28.173][None][AtomicStackViewTest][Info] Num Pop = 149
[848:50:28.173][None][AtomicStackViewTest][Info] Num Pop = 546
[848:50:28.173][None][AtomicStackViewTest][Info] Num Pop = 192
[848:50:28.173][None][AtomicStackViewTest][Info] Num Pop = 113
[848:50:28.173][Main][AtomicStackViewTest][Info] Num Pop = 0
[848:50:28.173][Main][AtomicStackViewTest][Info] [TC2.Thread-Safety] Iteration: 351, push count = 352000, pop count = 352000
[848:50:28.173][None][AtomicStackViewTest][Info] Num Pop = 396
[848:50:28.173][None][AtomicStackViewTest][Info] Num Pop = 42
[848:50:28.173][None][AtomicStackViewTest][Info] Num Pop = 50
[848:50:28.173][None][AtomicStackViewTest][Info] Num Pop = 110
[848:50:28.173][Main][AtomicStackViewTest][Info] Num Pop = 402
[848:50:28.173][Main][AtomicStackViewTest][Info] [TC2.Thread-Safety] Iteration: 352, push count = 353000, pop count = 353000
[848:50:28.173][None][AtomicStackViewTest][Info] Num Pop = 368
[848:50:28.173][None][AtomicStackViewTest][Info] Num Pop = 99
[848:50:28.173][None][AtomicStackViewTest][Info] Num Pop = 427
[848:50:28.173][None][AtomicStackViewTest][Info] Num Pop = 106
[848:50:28.173][Main][AtomicStackViewTest][Info] Num Pop = 0
[848:50:28.173][Main][AtomicStackViewTest][Info] [TC2.Thread-Safety] Iteration: 353, push count = 354000, pop count = 354000
[848:50:28.173][None][AtomicStackViewTest][Info] Num Pop = 103
[848:50:28.173][None][AtomicStackViewTest][Info] Num Pop = 574
[848:50:28.173][None][AtomicStackViewTest][Info] Num Pop = 4
[848:50:28.173][None][AtomicStackViewTest][Info] Num Pop = 3
[848:50:28.173][Main][AtomicStackViewTest][Info] Num Pop = 316
[848:50:28.173][Main][AtomicStackViewTest][Info] [TC2.Thread-Safety] Iteration: 354, push count = 355000, pop count = 355000
[848:50:28.173][None][AtomicStackViewTest][Info] Num Pop = 91
[848:50:28.173][None][AtomicStackViewTest][Info] Num Pop = 746
[848:50:28.173][None][AtomicStackViewTest][Info] Num Pop = 69
[848:50:28.173][None][AtomicStackViewTest][Info] Num Pop = 94
[848:50:28.173][Main][AtomicStackViewTest][Info] Num Pop = 0
[848:50:28.173][Main][AtomicStackViewTest][Info] [TC2.Thread-Safety] Iteration: 355, push count = 356000, pop count = 356000
[848:50:28.173][None][AtomicStackViewTest][Info] Num Pop = 400
[848:50:28.173][None][AtomicStackViewTest][Info] Num Pop = 184
[848:50:28.173][None][AtomicStackViewTest][Info] Num Pop = 205
[848:50:28.173][None][AtomicStackViewTest][Info] Num Pop = 211
[848:50:28.173][Main][AtomicStackViewTest][Info] Num Pop = 0
[848:50:28.173][Main][AtomicStackViewTest][Info] [TC2.Thread-Safety] Iteration: 356, push count = 357000, pop count = 357000
[848:50:28.174][None][AtomicStackViewTest][Info] Num Pop = 448
[848:50:28.174][None][AtomicStackViewTest][Info] Num Pop = 170
[848:50:28.174][None][AtomicStackViewTest][Info] Num Pop = 112
[848:50:28.174][None][AtomicStackViewTest][Info] Num Pop = 84
[848:50:28.174][Main][AtomicStackViewTest][Info] Num Pop = 186
[848:50:28.174][Main][AtomicStackViewTest][Info] [TC2.Thread-Safety] Iteration: 357, push count = 358000, pop count = 358000
[848:50:28.174][None][AtomicStackViewTest][Info] Num Pop = 0
[848:50:28.174][None][AtomicStackViewTest][Info] Num Pop = 18
[848:50:28.174][None][AtomicStackViewTest][Info] Num Pop = 294
[848:50:28.174][None][AtomicStackViewTest][Info] Num Pop = 508
[848:50:28.174][Main][AtomicStackViewTest][Info] Num Pop = 180
[848:50:28.174][Main][AtomicStackViewTest][Info] [TC2.Thread-Safety] Iteration: 358, push count = 359000, pop count = 359000
[848:50:28.174][None][AtomicStackViewTest][Info] Num Pop = 76
[848:50:28.174][None][AtomicStackViewTest][Info] Num Pop = 1
[848:50:28.174][None][AtomicStackViewTest][Info] Num Pop = 4
[848:50:28.174][None][AtomicStackViewTest][Info] Num Pop = 120
[848:50:28.174][Main][AtomicStackViewTest][Info] Num Pop = 799
[848:50:28.174][Main][AtomicStackViewTest][Info] [TC2.Thread-Safety] Iteration: 359, push count = 360000, pop count = 360000
[848:50:28.174][None][AtomicStackViewTest][Info] Num Pop = 314
[848:50:28.174][None][AtomicStackViewTest][Info] Num Pop = 89
[848:50:28.174][None][AtomicStackViewTest][Info] Num Pop = 0
[848:50:28.174][None][AtomicStackViewTest][Info] Num Pop = 597
[848:50:28.174][Main][AtomicStackViewTest][Info] Num Pop = 0
[848:50:28.174][Main][AtomicStackViewTest][Info] [TC2.Thread-Safety] Iteration: 360, push count = 361000, pop count = 361000
[848:50:28.174][None][AtomicStackViewTest][Info] Num Pop = 307
[848:50:28.174][None][AtomicStackViewTest][Info] Num Pop = 507
[848:50:28.174][None][AtomicStackViewTest][Info] Num Pop = 72
[848:50:28.174][None][AtomicStackViewTest][Info] Num Pop = 114
[848:50:28.174][Main][AtomicStackViewTest][Info] Num Pop = 0
[848:50:28.174][Main][AtomicStackViewTest][Info] [TC2.Thread-Safety] Iteration: 361, push count = 362000, pop count = 362000
[848:50:28.174][None][AtomicStackViewTest][Info] Num Pop = 0
[848:50:28.174][None][AtomicStackViewTest][Info] Num Pop = 173
[848:50:28.174][None][AtomicStackViewTest][Info] Num Pop = 128
[848:50:28.174][None][AtomicStackViewTest][Info] Num Pop = 165
[848:50:28.174][Main][AtomicStackViewTest][Info] Num Pop = 534
[848:50:28.174][Main][AtomicStackViewTest][Info] [TC2.Thread-Safety] Iteration: 362, push count = 363000, pop count = 363000
[848:50:28.175][None][AtomicStackViewTest][Info] Num Pop = 538
[848:50:28.175][None][AtomicStackViewTest][Info] Num Pop = 72
[848:50:28.175][None][AtomicStackViewTest][Info] Num Pop = 287
[848:50:28.175][None][AtomicStackViewTest][Info] Num Pop = 103
[848:50:28.175][Main][AtomicStackViewTest][Info] Num Pop = 0
[848:50:28.175][Main][AtomicStackViewTest][Info] [TC2.Thread-Safety] Iteration: 363, push count = 364000, pop count = 364000
[848:50:28.175][None][AtomicStackViewTest][Info] Num Pop = 728
[848:50:28.175][None][AtomicStackViewTest][Info] Num Pop = 104
[848:50:28.175][None][AtomicStackViewTest][Info] Num Pop = 95
[848:50:28.175][None][AtomicStackViewTest][Info] Num Pop = 73
[848:50:28.175][Main][AtomicStackViewTest][Info] Num Pop = 0
[848:50:28.175][Main][AtomicStackViewTest][Info] [TC2.Thread-Safety] Iteration: 364, push count = 365000, pop count = 365000
[848:50:28.175][None][AtomicStackViewTest][Info] Num Pop = 50
[848:50:28.175][None][AtomicStackViewTest][Info] Num Pop = 76
[848:50:28.175][None][AtomicStackViewTest][Info] Num Pop = 206
[848:50:28.175][None][AtomicStackViewTest][Info] Num Pop = 668
[848:50:28.175][Main][AtomicStackViewTest][Info] Num Pop = 0
[848:50:28.175][Main][AtomicStackViewTest][Info] [TC2.Thread-Safety] Iteration: 365, push count = 366000, pop count = 366000
[848:50:28.175][None][AtomicStackViewTest][Info] Num Pop = 519
[848:50:28.175][None][AtomicStackViewTest][Info] Num Pop = 112
[848:50:28.175][None][AtomicStackViewTest][Info] Num Pop = 37
[848:50:28.175][None][AtomicStackViewTest][Info] Num Pop = 332
[848:50:28.175][Main][AtomicStackViewTest][Info] Num Pop = 0
[848:50:28.175][Main][AtomicStackViewTest][Info] [TC2.Thread-Safety] Iteration: 366, push count = 367000, pop count = 367000
[848:50:28.175][None][AtomicStackViewTest][Info] Num Pop = 370
[848:50:28.175][None][AtomicStackViewTest][Info] Num Pop = 101
[848:50:28.175][None][AtomicStackViewTest][Info] Num Pop = 220
[848:50:28.175][None][AtomicStackViewTest][Info] Num Pop = 309
[848:50:28.175][Main][AtomicStackViewTest][Info] Num Pop = 0
[848:50:28.175][Main][AtomicStackViewTest][Info] [TC2.Thread-Safety] Iteration: 367, push count = 368000, pop count = 368000
[848:50:28.175][None][AtomicStackViewTest][Info] Num Pop = 247
[848:50:28.175][None][AtomicStackViewTest][Info] Num Pop = 199
[848:50:28.175][None][AtomicStackViewTest][Info] Num Pop = 35
[848:50:28.175][None][AtomicStackViewTest][Info] Num Pop = 105
[848:50:28.175][Main][AtomicStackViewTest][Info] Num Pop = 414
[848:50:28.175][Main][AtomicStackViewTest][Info] [TC2.Thread-Safety] Iteration: 368, push count = 369000, pop count = 369000
[848:50:28.175][None][AtomicStackViewTest][Info] Num Pop = 33
[848:50:28.175][None][AtomicStackViewTest][Info] Num Pop = 258
[848:50:28.175][None][AtomicStackViewTest][Info] Num Pop = 23
[848:50:28.175][None][AtomicStackViewTest][Info] Num Pop = 40
[848:50:28.175][Main][AtomicStackViewTest][Info] Num Pop = 646
[848:50:28.175][Main][AtomicStackViewTest][Info] [TC2.Thread-Safety] Iteration: 369, push count = 370000, pop count = 370000
[848:50:28.176][None][AtomicStackViewTest][Info] Num Pop = 192
[848:50:28.176][None][AtomicStackViewTest][Info] Num Pop = 113
[848:50:28.176][None][AtomicStackViewTest][Info] Num Pop = 215
[848:50:28.176][None][AtomicStackViewTest][Info] Num Pop = 355
[848:50:28.176][Main][AtomicStackViewTest][Info] Num Pop = 125
[848:50:28.176][Main][AtomicStackViewTest][Info] [TC2.Thread-Safety] Iteration: 370, push count = 371000, pop count = 371000
[848:50:28.176][None][AtomicStackViewTest][Info] Num Pop = 169
[848:50:28.176][None][AtomicStackViewTest][Info] Num Pop = 143
[848:50:28.176][None][AtomicStackViewTest][Info] Num Pop = 359
[848:50:28.176][None][AtomicStackViewTest][Info] Num Pop = 184
[848:50:28.176][Main][AtomicStackViewTest][Info] Num Pop = 145
[848:50:28.176][Main][AtomicStackViewTest][Info] [TC2.Thread-Safety] Iteration: 371, push count = 372000, pop count = 372000
[848:50:28.176][None][AtomicStackViewTest][Info] Num Pop = 193
[848:50:28.176][None][AtomicStackViewTest][Info] Num Pop = 178
[848:50:28.176][None][AtomicStackViewTest][Info] Num Pop = 120
[848:50:28.176][None][AtomicStackViewTest][Info] Num Pop = 509
[848:50:28.176][Main][AtomicStackViewTest][Info] Num Pop = 0
[848:50:28.176][Main][AtomicStackViewTest][Info] [TC2.Thread-Safety] Iteration: 372, push count = 373000, pop count = 373000
[848:50:28.176][None][AtomicStackViewTest][Info] Num Pop = 81
[848:50:28.176][None][AtomicStackViewTest][Info] Num Pop = 322
[848:50:28.176][None][AtomicStackViewTest][Info] Num Pop = 27
[848:50:28.176][None][AtomicStackViewTest][Info] Num Pop = 115
[848:50:28.176][Main][AtomicStackViewTest][Info] Num Pop = 455
[848:50:28.176][Main][AtomicStackViewTest][Info] [TC2.Thread-Safety] Iteration: 373, push count = 374000, pop count = 374000
[848:50:28.176][None][AtomicStackViewTest][Info] Num Pop = 209
[848:50:28.176][None][AtomicStackViewTest][Info] Num Pop = 82
[848:50:28.176][None][AtomicStackViewTest][Info] Num Pop = 53
[848:50:28.176][None][AtomicStackViewTest][Info] Num Pop = 40
[848:50:28.176][Main][AtomicStackViewTest][Info] Num Pop = 616
[848:50:28.176][Main][AtomicStackViewTest][Info] [TC2.Thread-Safety] Iteration: 374, push count = 375000, pop count = 375000
[848:50:28.177][None][AtomicStackViewTest][Info] Num Pop = 161
[848:50:28.177][None][AtomicStackViewTest][Info] Num Pop = 483
[848:50:28.177][None][AtomicStackViewTest][Info] Num Pop = 204
[848:50:28.177][None][AtomicStackViewTest][Info] Num Pop = 152
[848:50:28.177][Main][AtomicStackViewTest][Info] Num Pop = 0
[848:50:28.177][Main][AtomicStackViewTest][Info] [TC2.Thread-Safety] Iteration: 375, push count = 376000, pop count = 376000
[848:50:28.177][None][AtomicStackViewTest][Info] Num Pop = 173
[848:50:28.177][None][AtomicStackViewTest][Info] Num Pop = 210
[848:50:28.177][None][AtomicStackViewTest][Info] Num Pop = 285
[848:50:28.177][None][AtomicStackViewTest][Info] Num Pop = 20
[848:50:28.177][Main][AtomicStackViewTest][Info] Num Pop = 312
[848:50:28.177][Main][AtomicStackViewTest][Info] [TC2.Thread-Safety] Iteration: 376, push count = 377000, pop count = 377000
[848:50:28.177][None][AtomicStackViewTest][Info] Num Pop = 119
[848:50:28.177][None][AtomicStackViewTest][Info] Num Pop = 174
[848:50:28.177][None][AtomicStackViewTest][Info] Num Pop = 314
[848:50:28.177][None][AtomicStackViewTest][Info] Num Pop = 116
[848:50:28.177][Main][AtomicStackViewTest][Info] Num Pop = 277
[848:50:28.177][Main][AtomicStackViewTest][Info] [TC2.Thread-Safety] Iteration: 377, push count = 378000, pop count = 378000
[848:50:28.177][None][AtomicStackViewTest][Info] Num Pop = 317
[848:50:28.177][None][AtomicStackViewTest][Info] Num Pop = 35
[848:50:28.177][None][AtomicStackViewTest][Info] Num Pop = 40
[848:50:28.177][None][AtomicStackViewTest][Info] Num Pop = 13
[848:50:28.177][Main][AtomicStackViewTest][Info] Num Pop = 595
[848:50:28.177][Main][AtomicStackViewTest][Info] [TC2.Thread-Safety] Iteration: 378, push count = 379000, pop count = 379000
[848:50:28.177][None][AtomicStackViewTest][Info] Num Pop = 94
[848:50:28.177][None][AtomicStackViewTest][Info] Num Pop = 174
[848:50:28.177][None][AtomicStackViewTest][Info] Num Pop = 228
[848:50:28.177][None][AtomicStackViewTest][Info] Num Pop = 37
[848:50:28.177][Main][AtomicStackViewTest][Info] Num Pop = 467
[848:50:28.177][Main][AtomicStackViewTest][Info] [TC2.Thread-Safety] Iteration: 379, push count = 380000, pop count = 380000
[848:50:28.177][None][AtomicStackViewTest][Info] Num Pop = 67
[848:50:28.177][None][AtomicStackViewTest][Info] Num Pop = 197
[848:50:28.177][None][AtomicStackViewTest][Info] Num Pop = 74
[848:50:28.177][None][AtomicStackViewTest][Info] Num Pop = 662
[848:50:28.177][Main][AtomicStackViewTest][Info] Num Pop = 0
[848:50:28.177][Main][AtomicStackViewTest][Info] [TC2.Thread-Safety] Iteration: 380, push count = 381000, pop count = 381000
[848:50:28.177][None][AtomicStackViewTest][Info] Num Pop = 178
[848:50:28.177][None][AtomicStackViewTest][Info] Num Pop = 280
[848:50:28.177][None][AtomicStackViewTest][Info] Num Pop = 489
[848:50:28.177][None][AtomicStackViewTest][Info] Num Pop = 53
[848:50:28.177][Main][AtomicStackViewTest][Info] Num Pop = 0
[848:50:28.177][Main][AtomicStackViewTest][Info] [TC2.Thread-Safety] Iteration: 381, push count = 382000, pop count = 382000
[848:50:28.177][None][AtomicStackViewTest][Info] Num Pop = 149
[848:50:28.177][None][AtomicStackViewTest][Info] Num Pop = 298
[848:50:28.177][None][AtomicStackViewTest][Info] Num Pop = 136
[848:50:28.177][None][AtomicStackViewTest][Info] Num Pop = 102
[848:50:28.177][Main][AtomicStackViewTest][Info] Num Pop = 315
[848:50:28.177][Main][AtomicStackViewTest][Info] [TC2.Thread-Safety] Iteration: 382, push count = 383000, pop count = 383000
[848:50:28.178][None][AtomicStackViewTest][Info] Num Pop = 230
[848:50:28.178][None][AtomicStackViewTest][Info] Num Pop = 236
[848:50:28.178][None][AtomicStackViewTest][Info] Num Pop = 78
[848:50:28.178][None][AtomicStackViewTest][Info] Num Pop = 361
[848:50:28.178][Main][AtomicStackViewTest][Info] Num Pop = 95
[848:50:28.178][Main][AtomicStackViewTest][Info] [TC2.Thread-Safety] Iteration: 383, push count = 384000, pop count = 384000
[848:50:28.178][None][AtomicStackViewTest][Info] Num Pop = 130
[848:50:28.178][None][AtomicStackViewTest][Info] Num Pop = 230
[848:50:28.178][None][AtomicStackViewTest][Info] Num Pop = 82
[848:50:28.178][None][AtomicStackViewTest][Info] Num Pop = 558
[848:50:28.178][Main][AtomicStackViewTest][Info] Num Pop = 0
[848:50:28.178][Main][AtomicStackViewTest][Info] [TC2.Thread-Safety] Iteration: 384, push count = 385000, pop count = 385000
[848:50:28.178][None][AtomicStackViewTest][Info] Num Pop = 155
[848:50:28.178][None][AtomicStackViewTest][Info] Num Pop = 87
[848:50:28.178][None][AtomicStackViewTest][Info] Num Pop = 295
[848:50:28.178][None][AtomicStackViewTest][Info] Num Pop = 220
[848:50:28.178][Main][AtomicStackViewTest][Info] Num Pop = 243
[848:50:28.178][Main][AtomicStackViewTest][Info] [TC2.Thread-Safety] Iteration: 385, push count = 386000, pop count = 386000
[848:50:28.178][None][AtomicStackViewTest][Info] Num Pop = 33
[848:50:28.178][None][AtomicStackViewTest][Info] Num Pop = 292
[848:50:28.178][None][AtomicStackViewTest][Info] Num Pop = 216
[848:50:28.178][None][AtomicStackViewTest][Info] Num Pop = 118
[848:50:28.178][Main][AtomicStackViewTest][Info] Num Pop = 341
[848:50:28.178][Main][AtomicStackViewTest][Info] [TC2.Thread-Safety] Iteration: 386, push count = 387000, pop count = 387000
[848:50:28.178][None][AtomicStackViewTest][Info] Num Pop = 201
[848:50:28.178][None][AtomicStackViewTest][Info] Num Pop = 155
[848:50:28.178][None][AtomicStackViewTest][Info] Num Pop = 139
[848:50:28.178][None][AtomicStackViewTest][Info] Num Pop = 96
[848:50:28.178][Main][AtomicStackViewTest][Info] Num Pop = 409
[848:50:28.178][Main][AtomicStackViewTest][Info] [TC2.Thread-Safety] Iteration: 387, push count = 388000, pop count = 388000
[848:50:28.178][None][AtomicStackViewTest][Info] Num Pop = 87
[848:50:28.178][None][AtomicStackViewTest][Info] Num Pop = 293
[848:50:28.178][None][AtomicStackViewTest][Info] Num Pop = 247
[848:50:28.178][None][AtomicStackViewTest][Info] Num Pop = 302
[848:50:28.178][Main][AtomicStackViewTest][Info] Num Pop = 71
[848:50:28.178][Main][AtomicStackViewTest][Info] [TC2.Thread-Safety] Iteration: 388, push count = 389000, pop count = 389000
[848:50:28.178][None][AtomicStackViewTest][Info] Num Pop = 126
[848:50:28.179][None][AtomicStackViewTest][Info] Num Pop = 391
[848:50:28.179][None][AtomicStackViewTest][Info] Num Pop = 375
[848:50:28.179][None][AtomicStackViewTest][Info] Num Pop = 108
[848:50:28.179][Main][AtomicStackViewTest][Info] Num Pop = 0
[848:50:28.179][Main][AtomicStackViewTest][Info] [TC2.Thread-Safety] Iteration: 389, push count = 390000, pop count = 390000
[848:50:28.179][None][AtomicStackViewTest][Info] Num Pop = 75
[848:50:28.179][None][AtomicStackViewTest][Info] Num Pop = 624
[848:50:28.179][None][AtomicStackViewTest][Info] Num Pop = 91
[848:50:28.179][None][AtomicStackViewTest][Info] Num Pop = 97
[848:50:28.179][Main][AtomicStackViewTest][Info] Num Pop = 113
[848:50:28.179][Main][AtomicStackViewTest][Info] [TC2.Thread-Safety] Iteration: 390, push count = 391000, pop count = 391000
[848:50:28.179][None][AtomicStackViewTest][Info] Num Pop = 490
[848:50:28.179][None][AtomicStackViewTest][Info] Num Pop = 18
[848:50:28.179][None][AtomicStackViewTest][Info] Num Pop = 7
[848:50:28.179][None][AtomicStackViewTest][Info] Num Pop = 4
[848:50:28.179][Main][AtomicStackViewTest][Info] Num Pop = 481
[848:50:28.179][Main][AtomicStackViewTest][Info] [TC2.Thread-Safety] Iteration: 391, push count = 392000, pop count = 392000
[848:50:28.179][None][AtomicStackViewTest][Info] Num Pop = 855
[848:50:28.179][None][AtomicStackViewTest][Info] Num Pop = 52
[848:50:28.179][None][AtomicStackViewTest][Info] Num Pop = 27
[848:50:28.179][None][AtomicStackViewTest][Info] Num Pop = 66
[848:50:28.179][Main][AtomicStackViewTest][Info] Num Pop = 0
[848:50:28.179][Main][AtomicStackViewTest][Info] [TC2.Thread-Safety] Iteration: 392, push count = 393000, pop count = 393000
[848:50:28.179][None][AtomicStackViewTest][Info] Num Pop = 34
[848:50:28.179][None][AtomicStackViewTest][Info] Num Pop = 703
[848:50:28.179][None][AtomicStackViewTest][Info] Num Pop = 210
[848:50:28.179][None][AtomicStackViewTest][Info] Num Pop = 31
[848:50:28.179][Main][AtomicStackViewTest][Info] Num Pop = 22
[848:50:28.179][Main][AtomicStackViewTest][Info] [TC2.Thread-Safety] Iteration: 393, push count = 394000, pop count = 394000
[848:50:28.179][None][AtomicStackViewTest][Info] Num Pop = 382
[848:50:28.179][None][AtomicStackViewTest][Info] Num Pop = 31
[848:50:28.179][None][AtomicStackViewTest][Info] Num Pop = 56
[848:50:28.179][None][AtomicStackViewTest][Info] Num Pop = 8
[848:50:28.179][Main][AtomicStackViewTest][Info] Num Pop = 523
[848:50:28.179][Main][AtomicStackViewTest][Info] [TC2.Thread-Safety] Iteration: 394, push count = 395000, pop count = 395000
[848:50:28.179][None][AtomicStackViewTest][Info] Num Pop = 58
[848:50:28.179][None][AtomicStackViewTest][Info] Num Pop = 266
[848:50:28.179][None][AtomicStackViewTest][Info] Num Pop = 244
[848:50:28.179][None][AtomicStackViewTest][Info] Num Pop = 432
[848:50:28.179][Main][AtomicStackViewTest][Info] Num Pop = 0
[848:50:28.179][Main][AtomicStackViewTest][Info] [TC2.Thread-Safety] Iteration: 395, push count = 396000, pop count = 396000
[848:50:28.180][None][AtomicStackViewTest][Info] Num Pop = 184
[848:50:28.180][None][AtomicStackViewTest][Info] Num Pop = 84
[848:50:28.180][None][AtomicStackViewTest][Info] Num Pop = 314
[848:50:28.180][None][AtomicStackViewTest][Info] Num Pop = 353
[848:50:28.180][Main][AtomicStackViewTest][Info] Num Pop = 65
[848:50:28.180][Main][AtomicStackViewTest][Info] [TC2.Thread-Safety] Iteration: 396, push count = 397000, pop count = 397000
[848:50:28.180][None][AtomicStackViewTest][Info] Num Pop = 323
[848:50:28.180][None][AtomicStackViewTest][Info] Num Pop = 334
[848:50:28.180][None][AtomicStackViewTest][Info] Num Pop = 199
[848:50:28.180][None][AtomicStackViewTest][Info] Num Pop = 144
[848:50:28.180][Main][AtomicStackViewTest][Info] Num Pop = 0
[848:50:28.180][Main][AtomicStackViewTest][Info] [TC2.Thread-Safety] Iteration: 397, push count = 398000, pop count = 398000
[848:50:28.180][None][AtomicStackViewTest][Info] Num Pop = 213
[848:50:28.180][None][AtomicStackViewTest][Info] Num Pop = 305
[848:50:28.180][None][AtomicStackViewTest][Info] Num Pop = 265
[848:50:28.180][None][AtomicStackViewTest][Info] Num Pop = 217
[848:50:28.180][Main][AtomicStackViewTest][Info] Num Pop = 0
[848:50:28.180][Main][AtomicStackViewTest][Info] [TC2.Thread-Safety] Iteration: 398, push count = 399000, pop count = 399000
[848:50:28.180][None][AtomicStackViewTest][Info] Num Pop = 158
[848:50:28.180][None][AtomicStackViewTest][Info] Num Pop = 154
[848:50:28.180][None][AtomicStackViewTest][Info] Num Pop = 222
[848:50:28.180][None][AtomicStackViewTest][Info] Num Pop = 143
[848:50:28.180][Main][AtomicStackViewTest][Info] Num Pop = 323
[848:50:28.180][Main][AtomicStackViewTest][Info] [TC2.Thread-Safety] Iteration: 399, push count = 400000, pop count = 400000
[848:50:28.180][None][AtomicStackViewTest][Info] Num Pop = 137
[848:50:28.180][None][AtomicStackViewTest][Info] Num Pop = 137
[848:50:28.180][None][AtomicStackViewTest][Info] Num Pop = 100
[848:50:28.180][None][AtomicStackViewTest][Info] Num Pop = 212
[848:50:28.180][Main][AtomicStackViewTest][Info] Num Pop = 414
[848:50:28.180][Main][AtomicStackViewTest][Info] [TC2.Thread-Safety] Iteration: 400, push count = 401000, pop count = 401000
[848:50:28.180][None][AtomicStackViewTest][Info] Num Pop = 0
[848:50:28.180][None][AtomicStackViewTest][Info] Num Pop = 52
[848:50:28.180][None][AtomicStackViewTest][Info] Num Pop = 33
[848:50:28.180][None][AtomicStackViewTest][Info] Num Pop = 915
[848:50:28.180][Main][AtomicStackViewTest][Info] Num Pop = 0
[848:50:28.180][Main][AtomicStackViewTest][Info] [TC2.Thread-Safety] Iteration: 401, push count = 402000, pop count = 402000
[848:50:28.181][None][AtomicStackViewTest][Info] Num Pop = 47
[848:50:28.181][None][AtomicStackViewTest][Info] Num Pop = 192
[848:50:28.181][None][AtomicStackViewTest][Info] Num Pop = 271
[848:50:28.181][None][AtomicStackViewTest][Info] Num Pop = 109
[848:50:28.181][Main][AtomicStackViewTest][Info] Num Pop = 381
[848:50:28.181][Main][AtomicStackViewTest][Info] [TC2.Thread-Safety] Iteration: 402, push count = 403000, pop count = 403000
[848:50:28.181][None][AtomicStackViewTest][Info] Num Pop = 178
[848:50:28.181][None][AtomicStackViewTest][Info] Num Pop = 109
[848:50:28.181][None][AtomicStackViewTest][Info] Num Pop = 25
[848:50:28.181][None][AtomicStackViewTest][Info] Num Pop = 688
[848:50:28.181][Main][AtomicStackViewTest][Info] Num Pop = 0
[848:50:28.181][Main][AtomicStackViewTest][Info] [TC2.Thread-Safety] Iteration: 403, push count = 404000, pop count = 404000
[848:50:28.181][None][AtomicStackViewTest][Info] Num Pop = 289
[848:50:28.181][None][AtomicStackViewTest][Info] Num Pop = 60
[848:50:28.181][None][AtomicStackViewTest][Info] Num Pop = 215
[848:50:28.181][None][AtomicStackViewTest][Info] Num Pop = 436
[848:50:28.181][Main][AtomicStackViewTest][Info] Num Pop = 0
[848:50:28.181][Main][AtomicStackViewTest][Info] [TC2.Thread-Safety] Iteration: 404, push count = 405000, pop count = 405000
[848:50:28.181][None][AtomicStackViewTest][Info] Num Pop = 44
[848:50:28.181][None][AtomicStackViewTest][Info] Num Pop = 193
[848:50:28.181][None][AtomicStackViewTest][Info] Num Pop = 98
[848:50:28.181][None][AtomicStackViewTest][Info] Num Pop = 58
[848:50:28.181][Main][AtomicStackViewTest][Info] Num Pop = 607
[848:50:28.181][Main][AtomicStackViewTest][Info] [TC2.Thread-Safety] Iteration: 405, push count = 406000, pop count = 406000
[848:50:28.181][None][AtomicStackViewTest][Info] Num Pop = 145
[848:50:28.181][None][AtomicStackViewTest][Info] Num Pop = 338
[848:50:28.181][None][AtomicStackViewTest][Info] Num Pop = 395
[848:50:28.181][None][AtomicStackViewTest][Info] Num Pop = 122
[848:50:28.181][Main][AtomicStackViewTest][Info] Num Pop = 0
[848:50:28.181][Main][AtomicStackViewTest][Info] [TC2.Thread-Safety] Iteration: 406, push count = 407000, pop count = 407000
[848:50:28.181][None][AtomicStackViewTest][Info] Num Pop = 157
[848:50:28.181][None][AtomicStackViewTest][Info] Num Pop = 213
[848:50:28.181][None][AtomicStackViewTest][Info] Num Pop = 83
[848:50:28.181][None][AtomicStackViewTest][Info] Num Pop = 341
[848:50:28.181][Main][AtomicStackViewTest][Info] Num Pop = 206
[848:50:28.181][Main][AtomicStackViewTest][Info] [TC2.Thread-Safety] Iteration: 407, push count = 408000, pop count = 408000
[848:50:28.181][None][AtomicStackViewTest][Info] Num Pop = 77
[848:50:28.181][None][AtomicStackViewTest][Info] Num Pop = 239
[848:50:28.181][None][AtomicStackViewTest][Info] Num Pop = 17
[848:50:28.181][None][AtomicStackViewTest][Info] Num Pop = 33
[848:50:28.181][Main][AtomicStackViewTest][Info] Num Pop = 634
[848:50:28.181][Main][AtomicStackViewTest][Info] [TC2.Thread-Safety] Iteration: 408, push count = 409000, pop count = 409000
[848:50:28.182][None][AtomicStackViewTest][Info] Num Pop = 281
[848:50:28.182][None][AtomicStackViewTest][Info] Num Pop = 189
[848:50:28.182][None][AtomicStackViewTest][Info] Num Pop = 129
[848:50:28.182][None][AtomicStackViewTest][Info] Num Pop = 174
[848:50:28.182][Main][AtomicStackViewTest][Info] Num Pop = 227
[848:50:28.182][Main][AtomicStackViewTest][Info] [TC2.Thread-Safety] Iteration: 409, push count = 410000, pop count = 410000
[848:50:28.182][None][AtomicStackViewTest][Info] Num Pop = 73
[848:50:28.182][None][AtomicStackViewTest][Info] Num Pop = 149
[848:50:28.182][None][AtomicStackViewTest][Info] Num Pop = 230
[848:50:28.182][None][AtomicStackViewTest][Info] Num Pop = 177
[848:50:28.182][Main][AtomicStackViewTest][Info] Num Pop = 371
[848:50:28.182][Main][AtomicStackViewTest][Info] [TC2.Thread-Safety] Iteration: 410, push count = 411000, pop count = 411000
[848:50:28.182][None][AtomicStackViewTest][Info] Num Pop = 243
[848:50:28.182][None][AtomicStackViewTest][Info] Num Pop = 298
[848:50:28.182][None][AtomicStackViewTest][Info] Num Pop = 289
[848:50:28.182][None][AtomicStackViewTest][Info] Num Pop = 170
[848:50:28.182][Main][AtomicStackViewTest][Info] Num Pop = 0
[848:50:28.182][Main][AtomicStackViewTest][Info] [TC2.Thread-Safety] Iteration: 411, push count = 412000, pop count = 412000
[848:50:28.182][None][AtomicStackViewTest][Info] Num Pop = 103
[848:50:28.182][None][AtomicStackViewTest][Info] Num Pop = 74
[848:50:28.182][None][AtomicStackViewTest][Info] Num Pop = 244
[848:50:28.182][None][AtomicStackViewTest][Info] Num Pop = 520
[848:50:28.182][Main][AtomicStackViewTest][Info] Num Pop = 59
[848:50:28.182][Main][AtomicStackViewTest][Info] [TC2.Thread-Safety] Iteration: 412, push count = 413000, pop count = 413000
[848:50:28.182][None][AtomicStackViewTest][Info] Num Pop = 288
[848:50:28.182][None][AtomicStackViewTest][Info] Num Pop = 115
[848:50:28.182][None][AtomicStackViewTest][Info] Num Pop = 35
[848:50:28.182][None][AtomicStackViewTest][Info] Num Pop = 562
[848:50:28.182][Main][AtomicStackViewTest][Info] Num Pop = 0
[848:50:28.182][Main][AtomicStackViewTest][Info] [TC2.Thread-Safety] Iteration: 413, push count = 414000, pop count = 414000
[848:50:28.182][None][AtomicStackViewTest][Info] Num Pop = 9
[848:50:28.182][None][AtomicStackViewTest][Info] Num Pop = 289
[848:50:28.182][None][AtomicStackViewTest][Info] Num Pop = 27
[848:50:28.182][None][AtomicStackViewTest][Info] Num Pop = 675
[848:50:28.182][Main][AtomicStackViewTest][Info] Num Pop = 0
[848:50:28.182][Main][AtomicStackViewTest][Info] [TC2.Thread-Safety] Iteration: 414, push count = 415000, pop count = 415000
[848:50:28.182][None][AtomicStackViewTest][Info] Num Pop = 48
[848:50:28.182][None][AtomicStackViewTest][Info] Num Pop = 62
[848:50:28.182][None][AtomicStackViewTest][Info] Num Pop = 229
[848:50:28.182][None][AtomicStackViewTest][Info] Num Pop = 547
[848:50:28.182][Main][AtomicStackViewTest][Info] Num Pop = 114
[848:50:28.182][Main][AtomicStackViewTest][Info] [TC2.Thread-Safety] Iteration: 415, push count = 416000, pop count = 416000
[848:50:28.182][None][AtomicStackViewTest][Info] Num Pop = 87
[848:50:28.182][None][AtomicStackViewTest][Info] Num Pop = 190
[848:50:28.182][None][AtomicStackViewTest][Info] Num Pop = 458
[848:50:28.182][None][AtomicStackViewTest][Info] Num Pop = 265
[848:50:28.182][Main][AtomicStackViewTest][Info] Num Pop = 0
[848:50:28.182][Main][AtomicStackViewTest][Info] [TC2.Thread-Safety] Iteration: 416, push count = 417000, pop count = 417000
[848:50:28.183][None][AtomicStackViewTest][Info] Num Pop = 288
[848:50:28.183][None][AtomicStackViewTest][Info] Num Pop = 242
[848:50:28.183][None][AtomicStackViewTest][Info] Num Pop = 59
[848:50:28.183][None][AtomicStackViewTest][Info] Num Pop = 172
[848:50:28.183][Main][AtomicStackViewTest][Info] Num Pop = 239
[848:50:28.183][Main][AtomicStackViewTest][Info] [TC2.Thread-Safety] Iteration: 417, push count = 418000, pop count = 418000
[848:50:28.183][None][AtomicStackViewTest][Info] Num Pop = 0
[848:50:28.183][None][AtomicStackViewTest][Info] Num Pop = 49
[848:50:28.183][None][AtomicStackViewTest][Info] Num Pop = 29
[848:50:28.183][None][AtomicStackViewTest][Info] Num Pop = 922
[848:50:28.183][Main][AtomicStackViewTest][Info] Num Pop = 0
[848:50:28.183][Main][AtomicStackViewTest][Info] [TC2.Thread-Safety] Iteration: 418, push count = 419000, pop count = 419000
[848:50:28.183][None][AtomicStackViewTest][Info] Num Pop = 78
[848:50:28.183][None][AtomicStackViewTest][Info] Num Pop = 0
[848:50:28.183][None][AtomicStackViewTest][Info] Num Pop = 107
[848:50:28.183][None][AtomicStackViewTest][Info] Num Pop = 112
[848:50:28.183][Main][AtomicStackViewTest][Info] Num Pop = 703
[848:50:28.183][Main][AtomicStackViewTest][Info] [TC2.Thread-Safety] Iteration: 419, push count = 420000, pop count = 420000
[848:50:28.183][None][AtomicStackViewTest][Info] Num Pop = 84
[848:50:28.183][None][AtomicStackViewTest][Info] Num Pop = 34
[848:50:28.183][None][AtomicStackViewTest][Info] Num Pop = 25
[848:50:28.183][None][AtomicStackViewTest][Info] Num Pop = 306
[848:50:28.183][Main][AtomicStackViewTest][Info] Num Pop = 551
[848:50:28.183][Main][AtomicStackViewTest][Info] [TC2.Thread-Safety] Iteration: 420, push count = 421000, pop count = 421000
[848:50:28.183][None][AtomicStackViewTest][Info] Num Pop = 282
[848:50:28.183][None][AtomicStackViewTest][Info] Num Pop = 285
[848:50:28.183][None][AtomicStackViewTest][Info] Num Pop = 267
[848:50:28.183][None][AtomicStackViewTest][Info] Num Pop = 166
[848:50:28.183][Main][AtomicStackViewTest][Info] Num Pop = 0
[848:50:28.183][Main][AtomicStackViewTest][Info] [TC2.Thread-Safety] Iteration: 421, push count = 422000, pop count = 422000
[848:50:28.183][None][AtomicStackViewTest][Info] Num Pop = 167
[848:50:28.183][None][AtomicStackViewTest][Info] Num Pop = 188
[848:50:28.183][None][AtomicStackViewTest][Info] Num Pop = 173
[848:50:28.183][None][AtomicStackViewTest][Info] Num Pop = 106
[848:50:28.183][Main][AtomicStackViewTest][Info] Num Pop = 366
[848:50:28.183][Main][AtomicStackViewTest][Info] [TC2.Thread-Safety] Iteration: 422, push count = 423000, pop count = 423000
[848:50:28.183][None][AtomicStackViewTest][Info] Num Pop = 364
[848:50:28.183][None][AtomicStackViewTest][Info] Num Pop = 260
[848:50:28.183][None][AtomicStackViewTest][Info] Num Pop = 232
[848:50:28.183][None][AtomicStackViewTest][Info] Num Pop = 144
[848:50:28.183][Main][AtomicStackViewTest][Info] Num Pop = 0
[848:50:28.183][Main][AtomicStackViewTest][Info] [TC2.Thread-Safety] Iteration: 423, push count = 424000, pop count = 424000
[848:50:28.184][None][AtomicStackViewTest][Info] Num Pop = 160
[848:50:28.184][None][AtomicStackViewTest][Info] Num Pop = 122
[848:50:28.184][None][AtomicStackViewTest][Info] Num Pop = 77
[848:50:28.184][None][AtomicStackViewTest][Info] Num Pop = 641
[848:50:28.184][Main][AtomicStackViewTest][Info] Num Pop = 0
[848:50:28.184][Main][AtomicStackViewTest][Info] [TC2.Thread-Safety] Iteration: 424, push count = 425000, pop count = 425000
[848:50:28.184][None][AtomicStackViewTest][Info] Num Pop = 43
[848:50:28.184][None][AtomicStackViewTest][Info] Num Pop = 74
[848:50:28.184][None][AtomicStackViewTest][Info] Num Pop = 50
[848:50:28.184][None][AtomicStackViewTest][Info] Num Pop = 41
[848:50:28.184][Main][AtomicStackViewTest][Info] Num Pop = 792
[848:50:28.184][Main][AtomicStackViewTest][Info] [TC2.Thread-Safety] Iteration: 425, push count = 426000, pop count = 426000
[848:50:28.184][None][AtomicStackViewTest][Info] Num Pop = 166
[848:50:28.184][None][AtomicStackViewTest][Info] Num Pop = 433
[848:50:28.184][None][AtomicStackViewTest][Info] Num Pop = 269
[848:50:28.184][None][AtomicStackViewTest][Info] Num Pop = 132
[848:50:28.184][Main][AtomicStackViewTest][Info] Num Pop = 0
[848:50:28.184][Main][AtomicStackViewTest][Info] [TC2.Thread-Safety] Iteration: 426, push count = 427000, pop count = 427000
[848:50:28.184][None][AtomicStackViewTest][Info] Num Pop = 753
[848:50:28.184][None][AtomicStackViewTest][Info] Num Pop = 16
[848:50:28.184][None][AtomicStackViewTest][Info] Num Pop = 71
[848:50:28.184][None][AtomicStackViewTest][Info] Num Pop = 99
[848:50:28.184][Main][AtomicStackViewTest][Info] Num Pop = 61
[848:50:28.184][Main][AtomicStackViewTest][Info] [TC2.Thread-Safety] Iteration: 427, push count = 428000, pop count = 428000
[848:50:28.184][None][AtomicStackViewTest][Info] Num Pop = 266
[848:50:28.184][None][AtomicStackViewTest][Info] Num Pop = 326
[848:50:28.184][None][AtomicStackViewTest][Info] Num Pop = 221
[848:50:28.184][None][AtomicStackViewTest][Info] Num Pop = 187
[848:50:28.184][Main][AtomicStackViewTest][Info] Num Pop = 0
[848:50:28.184][Main][AtomicStackViewTest][Info] [TC2.Thread-Safety] Iteration: 428, push count = 429000, pop count = 429000
[848:50:28.184][None][AtomicStackViewTest][Info] Num Pop = 520
[848:50:28.184][None][AtomicStackViewTest][Info] Num Pop = 180
[848:50:28.184][None][AtomicStackViewTest][Info] Num Pop = 150
[848:50:28.184][None][AtomicStackViewTest][Info] Num Pop = 150
[848:50:28.184][Main][AtomicStackViewTest][Info] Num Pop = 0
[848:50:28.184][Main][AtomicStackViewTest][Info] [TC2.Thread-Safety] Iteration: 429, push count = 430000, pop count = 430000
[848:50:28.185][None][AtomicStackViewTest][Info] Num Pop = 279
[848:50:28.185][None][AtomicStackViewTest][Info] Num Pop = 371
[848:50:28.185][None][AtomicStackViewTest][Info] Num Pop = 194
[848:50:28.185][None][AtomicStackViewTest][Info] Num Pop = 156
[848:50:28.185][Main][AtomicStackViewTest][Info] Num Pop = 0
[848:50:28.185][Main][AtomicStackViewTest][Info] [TC2.Thread-Safety] Iteration: 430, push count = 431000, pop count = 431000
[848:50:28.185][None][AtomicStackViewTest][Info] Num Pop = 95
[848:50:28.185][None][AtomicStackViewTest][Info] Num Pop = 57
[848:50:28.185][None][AtomicStackViewTest][Info] Num Pop = 590
[848:50:28.185][None][AtomicStackViewTest][Info] Num Pop = 258
[848:50:28.185][Main][AtomicStackViewTest][Info] Num Pop = 0
[848:50:28.185][Main][AtomicStackViewTest][Info] [TC2.Thread-Safety] Iteration: 431, push count = 432000, pop count = 432000
[848:50:28.185][None][AtomicStackViewTest][Info] Num Pop = 192
[848:50:28.185][None][AtomicStackViewTest][Info] Num Pop = 325
[848:50:28.185][None][AtomicStackViewTest][Info] Num Pop = 365
[848:50:28.185][None][AtomicStackViewTest][Info] Num Pop = 118
[848:50:28.185][Main][AtomicStackViewTest][Info] Num Pop = 0
[848:50:28.185][Main][AtomicStackViewTest][Info] [TC2.Thread-Safety] Iteration: 432, push count = 433000, pop count = 433000
[848:50:28.185][None][AtomicStackViewTest][Info] Num Pop = 157
[848:50:28.185][None][AtomicStackViewTest][Info] Num Pop = 285
[848:50:28.185][None][AtomicStackViewTest][Info] Num Pop = 454
[848:50:28.185][None][AtomicStackViewTest][Info] Num Pop = 104
[848:50:28.185][Main][AtomicStackViewTest][Info] Num Pop = 0
[848:50:28.185][Main][AtomicStackViewTest][Info] [TC2.Thread-Safety] Iteration: 433, push count = 434000, pop count = 434000
[848:50:28.185][None][AtomicStackViewTest][Info] Num Pop = 473
[848:50:28.185][None][AtomicStackViewTest][Info] Num Pop = 100
[848:50:28.185][None][AtomicStackViewTest][Info] Num Pop = 62
[848:50:28.185][None][AtomicStackViewTest][Info] Num Pop = 31
[848:50:28.185][Main][AtomicStackViewTest][Info] Num Pop = 334
[848:50:28.185][Main][AtomicStackViewTest][Info] [TC2.Thread-Safety] Iteration: 434, push count = 435000, pop count = 435000
[848:50:28.186][None][AtomicStackViewTest][Info] Num Pop = 301
[848:50:28.186][None][AtomicStackViewTest][Info] Num Pop = 92
[848:50:28.186][None][AtomicStackViewTest][Info] Num Pop = 538
[848:50:28.186][None][AtomicStackViewTest][Info] Num Pop = 69
[848:50:28.186][Main][AtomicStackViewTest][Info] Num Pop = 0
[848:50:28.186][Main][AtomicStackViewTest][Info] [TC2.Thread-Safety] Iteration: 435, push count = 436000, pop count = 436000
[848:50:28.186][None][AtomicStackViewTest][Info] Num Pop = 466
[848:50:28.186][None][AtomicStackViewTest][Info] Num Pop = 137
[848:50:28.186][None][AtomicStackViewTest][Info] Num Pop = 261
[848:50:28.186][None][AtomicStackViewTest][Info] Num Pop = 136
[848:50:28.186][Main][AtomicStackViewTest][Info] Num Pop = 0
[848:50:28.186][Main][AtomicStackViewTest][Info] [TC2.Thread-Safety] Iteration: 436, push count = 437000, pop count = 437000
[848:50:28.186][None][AtomicStackViewTest][Info] Num Pop = 207
[848:50:28.186][None][AtomicStackViewTest][Info] Num Pop = 311
[848:50:28.186][None][AtomicStackViewTest][Info] Num Pop = 427
[848:50:28.186][None][AtomicStackViewTest][Info] Num Pop = 55
[848:50:28.186][Main][AtomicStackViewTest][Info] Num Pop = 0
[848:50:28.186][Main][AtomicStackViewTest][Info] [TC2.Thread-Safety] Iteration: 437, push count = 438000, pop count = 438000
[848:50:28.186][None][AtomicStackViewTest][Info] Num Pop = 218
[848:50:28.186][None][AtomicStackViewTest][Info] Num Pop = 0
[848:50:28.186][None][AtomicStackViewTest][Info] Num Pop = 0
[848:50:28.186][None][AtomicStackViewTest][Info] Num Pop = 657
[848:50:28.186][Main][AtomicStackViewTest][Info] Num Pop = 125
[848:50:28.186][Main][AtomicStackViewTest][Info] [TC2.Thread-Safety] Iteration: 438, push count = 439000, pop count = 439000
[848:50:28.186][None][AtomicStackViewTest][Info] Num Pop = 66
[848:50:28.186][None][AtomicStackViewTest][Info] Num Pop = 123
[848:50:28.186][None][AtomicStackViewTest][Info] Num Pop = 41
[848:50:28.186][None][AtomicStackViewTest][Info] Num Pop = 63
[848:50:28.186][Main][AtomicStackViewTest][Info] Num Pop = 707
[848:50:28.186][Main][AtomicStackViewTest][Info] [TC2.Thread-Safety] Iteration: 439, push count = 440000, pop count = 440000
[848:50:28.186][None][AtomicStackViewTest][Info] Num Pop = 253
[848:50:28.186][None][AtomicStackViewTest][Info] Num Pop = 146
[848:50:28.186][None][AtomicStackViewTest][Info] Num Pop = 172
[848:50:28.186][None][AtomicStackViewTest][Info] Num Pop = 429
[848:50:28.186][Main][AtomicStackViewTest][Info] Num Pop = 0
[848:50:28.186][Main][AtomicStackViewTest][Info] [TC2.Thread-Safety] Iteration: 440, push count = 441000, pop count = 441000
[848:50:28.186][None][AtomicStackViewTest][Info] Num Pop = 313
[848:50:28.186][None][AtomicStackViewTest][Info] Num Pop = 187
[848:50:28.186][None][AtomicStackViewTest][Info] Num Pop = 447
[848:50:28.186][None][AtomicStackViewTest][Info] Num Pop = 53
[848:50:28.186][Main][AtomicStackViewTest][Info] Num Pop = 0
[848:50:28.186][Main][AtomicStackViewTest][Info] [TC2.Thread-Safety] Iteration: 441, push count = 442000, pop count = 442000
[848:50:28.186][None][AtomicStackViewTest][Info] Num Pop = 325
[848:50:28.186][None][AtomicStackViewTest][Info] Num Pop = 453
[848:50:28.186][None][AtomicStackViewTest][Info] Num Pop = 75
[848:50:28.187][None][AtomicStackViewTest][Info] Num Pop = 147
[848:50:28.187][Main][AtomicStackViewTest][Info] Num Pop = 0
[848:50:28.187][Main][AtomicStackViewTest][Info] [TC2.Thread-Safety] Iteration: 442, push count = 443000, pop count = 443000
[848:50:28.187][None][AtomicStackViewTest][Info] Num Pop = 395
[848:50:28.187][None][AtomicStackViewTest][Info] Num Pop = 56
[848:50:28.187][None][AtomicStackViewTest][Info] Num Pop = 51
[848:50:28.187][None][AtomicStackViewTest][Info] Num Pop = 498
[848:50:28.187][Main][AtomicStackViewTest][Info] Num Pop = 0
[848:50:28.187][Main][AtomicStackViewTest][Info] [TC2.Thread-Safety] Iteration: 443, push count = 444000, pop count = 444000
[848:50:28.187][None][AtomicStackViewTest][Info] Num Pop = 469
[848:50:28.187][None][AtomicStackViewTest][Info] Num Pop = 212
[848:50:28.187][None][AtomicStackViewTest][Info] Num Pop = 141
[848:50:28.187][None][AtomicStackViewTest][Info] Num Pop = 178
[848:50:28.187][Main][AtomicStackViewTest][Info] Num Pop = 0
[848:50:28.187][Main][AtomicStackViewTest][Info] [TC2.Thread-Safety] Iteration: 444, push count = 445000, pop count = 445000
[848:50:28.187][None][AtomicStackViewTest][Info] Num Pop = 149
[848:50:28.187][None][AtomicStackViewTest][Info] Num Pop = 364
[848:50:28.187][None][AtomicStackViewTest][Info] Num Pop = 249
[848:50:28.187][None][AtomicStackViewTest][Info] Num Pop = 238
[848:50:28.187][Main][AtomicStackViewTest][Info] Num Pop = 0
[848:50:28.187][Main][AtomicStackViewTest][Info] [TC2.Thread-Safety] Iteration: 445, push count = 446000, pop count = 446000
[848:50:28.187][None][AtomicStackViewTest][Info] Num Pop = 98
[848:50:28.187][None][AtomicStackViewTest][Info] Num Pop = 176
[848:50:28.187][None][AtomicStackViewTest][Info] Num Pop = 279
[848:50:28.187][None][AtomicStackViewTest][Info] Num Pop = 360
[848:50:28.187][Main][AtomicStackViewTest][Info] Num Pop = 87
[848:50:28.187][Main][AtomicStackViewTest][Info] [TC2.Thread-Safety] Iteration: 446, push count = 447000, pop count = 447000
[848:50:28.187][None][AtomicStackViewTest][Info] Num Pop = 112
[848:50:28.187][None][AtomicStackViewTest][Info] Num Pop = 74
[848:50:28.187][None][AtomicStackViewTest][Info] Num Pop = 229
[848:50:28.187][None][AtomicStackViewTest][Info] Num Pop = 90
[848:50:28.187][Main][AtomicStackViewTest][Info] Num Pop = 495
[848:50:28.187][Main][AtomicStackViewTest][Info] [TC2.Thread-Safety] Iteration: 447, push count = 448000, pop count = 448000
[848:50:28.188][None][AtomicStackViewTest][Info] Num Pop = 192
[848:50:28.188][None][AtomicStackViewTest][Info] Num Pop = 108
[848:50:28.188][None][AtomicStackViewTest][Info] Num Pop = 233
[848:50:28.188][None][AtomicStackViewTest][Info] Num Pop = 467
[848:50:28.188][Main][AtomicStackViewTest][Info] Num Pop = 0
[848:50:28.188][Main][AtomicStackViewTest][Info] [TC2.Thread-Safety] Iteration: 448, push count = 449000, pop count = 449000
[848:50:28.188][None][AtomicStackViewTest][Info] Num Pop = 19
[848:50:28.188][None][AtomicStackViewTest][Info] Num Pop = 49
[848:50:28.188][None][AtomicStackViewTest][Info] Num Pop = 382
[848:50:28.188][None][AtomicStackViewTest][Info] Num Pop = 550
[848:50:28.188][Main][AtomicStackViewTest][Info] Num Pop = 0
[848:50:28.188][Main][AtomicStackViewTest][Info] [TC2.Thread-Safety] Iteration: 449, push count = 450000, pop count = 450000
[848:50:28.188][None][AtomicStackViewTest][Info] Num Pop = 31
[848:50:28.188][None][AtomicStackViewTest][Info] Num Pop = 232
[848:50:28.188][None][AtomicStackViewTest][Info] Num Pop = 82
[848:50:28.188][None][AtomicStackViewTest][Info] Num Pop = 69
[848:50:28.188][Main][AtomicStackViewTest][Info] Num Pop = 586
[848:50:28.188][Main][AtomicStackViewTest][Info] [TC2.Thread-Safety] Iteration: 450, push count = 451000, pop count = 451000
[848:50:28.188][None][AtomicStackViewTest][Info] Num Pop = 90
[848:50:28.188][None][AtomicStackViewTest][Info] Num Pop = 311
[848:50:28.188][None][AtomicStackViewTest][Info] Num Pop = 287
[848:50:28.188][None][AtomicStackViewTest][Info] Num Pop = 312
[848:50:28.188][Main][AtomicStackViewTest][Info] Num Pop = 0
[848:50:28.188][Main][AtomicStackViewTest][Info] [TC2.Thread-Safety] Iteration: 451, push count = 452000, pop count = 452000
[848:50:28.188][None][AtomicStackViewTest][Info] Num Pop = 246
[848:50:28.188][None][AtomicStackViewTest][Info] Num Pop = 72
[848:50:28.188][None][AtomicStackViewTest][Info] Num Pop = 59
[848:50:28.188][None][AtomicStackViewTest][Info] Num Pop = 623
[848:50:28.188][Main][AtomicStackViewTest][Info] Num Pop = 0
[848:50:28.188][Main][AtomicStackViewTest][Info] [TC2.Thread-Safety] Iteration: 452, push count = 453000, pop count = 453000
[848:50:28.188][None][AtomicStackViewTest][Info] Num Pop = 200
[848:50:28.188][None][AtomicStackViewTest][Info] Num Pop = 227
[848:50:28.188][None][AtomicStackViewTest][Info] Num Pop = 126
[848:50:28.188][None][AtomicStackViewTest][Info] Num Pop = 390
[848:50:28.188][Main][AtomicStackViewTest][Info] Num Pop = 57
[848:50:28.188][Main][AtomicStackViewTest][Info] [TC2.Thread-Safety] Iteration: 453, push count = 454000, pop count = 454000
[848:50:28.188][None][AtomicStackViewTest][Info] Num Pop = 140
[848:50:28.188][None][AtomicStackViewTest][Info] Num Pop = 100
[848:50:28.188][None][AtomicStackViewTest][Info] Num Pop = 38
[848:50:28.188][None][AtomicStackViewTest][Info] Num Pop = 179
[848:50:28.188][Main][AtomicStackViewTest][Info] Num Pop = 543
[848:50:28.188][Main][AtomicStackViewTest][Info] [TC2.Thread-Safety] Iteration: 454, push count = 455000, pop count = 455000
[848:50:28.188][None][AtomicStackViewTest][Info] Num Pop = 282
[848:50:28.188][None][AtomicStackViewTest][Info] Num Pop = 343
[848:50:28.188][None][AtomicStackViewTest][Info] Num Pop = 232
[848:50:28.188][None][AtomicStackViewTest][Info] Num Pop = 143
[848:50:28.188][Main][AtomicStackViewTest][Info] Num Pop = 0
[848:50:28.188][Main][AtomicStackViewTest][Info] [TC2.Thread-Safety] Iteration: 455, push count = 456000, pop count = 456000
[848:50:28.189][None][AtomicStackViewTest][Info] Num Pop = 117
[848:50:28.189][None][AtomicStackViewTest][Info] Num Pop = 121
[848:50:28.189][None][AtomicStackViewTest][Info] Num Pop = 169
[848:50:28.189][None][AtomicStackViewTest][Info] Num Pop = 57
[848:50:28.189][Main][AtomicStackViewTest][Info] Num Pop = 536
[848:50:28.189][Main][AtomicStackViewTest][Info] [TC2.Thread-Safety] Iteration: 456, push count = 457000, pop count = 457000
[848:50:28.189][None][AtomicStackViewTest][Info] Num Pop = 219
[848:50:28.189][None][AtomicStackViewTest][Info] Num Pop = 10
[848:50:28.189][None][AtomicStackViewTest][Info] Num Pop = 44
[848:50:28.189][None][AtomicStackViewTest][Info] Num Pop = 180
[848:50:28.189][Main][AtomicStackViewTest][Info] Num Pop = 547
[848:50:28.189][Main][AtomicStackViewTest][Info] [TC2.Thread-Safety] Iteration: 457, push count = 458000, pop count = 458000
[848:50:28.189][None][AtomicStackViewTest][Info] Num Pop = 76
[848:50:28.189][None][AtomicStackViewTest][Info] Num Pop = 176
[848:50:28.189][None][AtomicStackViewTest][Info] Num Pop = 503
[848:50:28.189][None][AtomicStackViewTest][Info] Num Pop = 245
[848:50:28.189][Main][AtomicStackViewTest][Info] Num Pop = 0
[848:50:28.189][Main][AtomicStackViewTest][Info] [TC2.Thread-Safety] Iteration: 458, push count = 459000, pop count = 459000
[848:50:28.189][None][AtomicStackViewTest][Info] Num Pop = 539
[848:50:28.189][None][AtomicStackViewTest][Info] Num Pop = 323
[848:50:28.189][None][AtomicStackViewTest][Info] Num Pop = 138
[848:50:28.189][None][AtomicStackViewTest][Info] Num Pop = 0
[848:50:28.189][Main][AtomicStackViewTest][Info] Num Pop = 0
[848:50:28.189][Main][AtomicStackViewTest][Info] [TC2.Thread-Safety] Iteration: 459, push count = 460000, pop count = 460000
[848:50:28.189][None][AtomicStackViewTest][Info] Num Pop = 49
[848:50:28.189][None][AtomicStackViewTest][Info] Num Pop = 22
[848:50:28.189][None][AtomicStackViewTest][Info] Num Pop = 109
[848:50:28.189][None][AtomicStackViewTest][Info] Num Pop = 820
[848:50:28.189][Main][AtomicStackViewTest][Info] Num Pop = 0
[848:50:28.189][Main][AtomicStackViewTest][Info] [TC2.Thread-Safety] Iteration: 460, push count = 461000, pop count = 461000
[848:50:28.189][None][AtomicStackViewTest][Info] Num Pop = 226
[848:50:28.189][None][AtomicStackViewTest][Info] Num Pop = 33
[848:50:28.189][None][AtomicStackViewTest][Info] Num Pop = 45
[848:50:28.189][None][AtomicStackViewTest][Info] Num Pop = 169
[848:50:28.189][Main][AtomicStackViewTest][Info] Num Pop = 527
[848:50:28.189][Main][AtomicStackViewTest][Info] [TC2.Thread-Safety] Iteration: 461, push count = 462000, pop count = 462000
[848:50:28.189][None][AtomicStackViewTest][Info] Num Pop = 219
[848:50:28.189][None][AtomicStackViewTest][Info] Num Pop = 62
[848:50:28.189][None][AtomicStackViewTest][Info] Num Pop = 92
[848:50:28.189][None][AtomicStackViewTest][Info] Num Pop = 176
[848:50:28.189][Main][AtomicStackViewTest][Info] Num Pop = 451
[848:50:28.189][Main][AtomicStackViewTest][Info] [TC2.Thread-Safety] Iteration: 462, push count = 463000, pop count = 463000
[848:50:28.189][None][AtomicStackViewTest][Info] Num Pop = 189
[848:50:28.189][None][AtomicStackViewTest][Info] Num Pop = 46
[848:50:28.190][None][AtomicStackViewTest][Info] Num Pop = 440
[848:50:28.190][None][AtomicStackViewTest][Info] Num Pop = 325
[848:50:28.190][Main][AtomicStackViewTest][Info] Num Pop = 0
[848:50:28.190][Main][AtomicStackViewTest][Info] [TC2.Thread-Safety] Iteration: 463, push count = 464000, pop count = 464000
[848:50:28.190][None][AtomicStackViewTest][Info] Num Pop = 129
[848:50:28.190][None][AtomicStackViewTest][Info] Num Pop = 86
[848:50:28.190][None][AtomicStackViewTest][Info] Num Pop = 131
[848:50:28.190][None][AtomicStackViewTest][Info] Num Pop = 115
[848:50:28.190][Main][AtomicStackViewTest][Info] Num Pop = 539
[848:50:28.190][Main][AtomicStackViewTest][Info] [TC2.Thread-Safety] Iteration: 464, push count = 465000, pop count = 465000
[848:50:28.190][None][AtomicStackViewTest][Info] Num Pop = 177
[848:50:28.190][None][AtomicStackViewTest][Info] Num Pop = 257
[848:50:28.190][None][AtomicStackViewTest][Info] Num Pop = 187
[848:50:28.190][None][AtomicStackViewTest][Info] Num Pop = 176
[848:50:28.190][Main][AtomicStackViewTest][Info] Num Pop = 203
[848:50:28.190][Main][AtomicStackViewTest][Info] [TC2.Thread-Safety] Iteration: 465, push count = 466000, pop count = 466000
[848:50:28.190][None][AtomicStackViewTest][Info] Num Pop = 199
[848:50:28.190][None][AtomicStackViewTest][Info] Num Pop = 87
[848:50:28.190][None][AtomicStackViewTest][Info] Num Pop = 197
[848:50:28.190][None][AtomicStackViewTest][Info] Num Pop = 16
[848:50:28.190][Main][AtomicStackViewTest][Info] Num Pop = 501
[848:50:28.190][Main][AtomicStackViewTest][Info] [TC2.Thread-Safety] Iteration: 466, push count = 467000, pop count = 467000
[848:50:28.190][None][AtomicStackViewTest][Info] Num Pop = 214
[848:50:28.190][None][AtomicStackViewTest][Info] Num Pop = 158
[848:50:28.190][None][AtomicStackViewTest][Info] Num Pop = 143
[848:50:28.190][None][AtomicStackViewTest][Info] Num Pop = 238
[848:50:28.190][Main][AtomicStackViewTest][Info] Num Pop = 247
[848:50:28.190][Main][AtomicStackViewTest][Info] [TC2.Thread-Safety] Iteration: 467, push count = 468000, pop count = 468000
[848:50:28.190][None][AtomicStackViewTest][Info] Num Pop = 331
[848:50:28.190][None][AtomicStackViewTest][Info] Num Pop = 80
[848:50:28.190][None][AtomicStackViewTest][Info] Num Pop = 10
[848:50:28.190][None][AtomicStackViewTest][Info] Num Pop = 564
[848:50:28.190][Main][AtomicStackViewTest][Info] Num Pop = 15
[848:50:28.190][Main][AtomicStackViewTest][Info] [TC2.Thread-Safety] Iteration: 468, push count = 469000, pop count = 469000
[848:50:28.190][None][AtomicStackViewTest][Info] Num Pop = 254
[848:50:28.190][None][AtomicStackViewTest][Info] Num Pop = 132
[848:50:28.190][None][AtomicStackViewTest][Info] Num Pop = 93
[848:50:28.190][None][AtomicStackViewTest][Info] Num Pop = 148
[848:50:28.190][Main][AtomicStackViewTest][Info] Num Pop = 373
[848:50:28.190][Main][AtomicStackViewTest][Info] [TC2.Thread-Safety] Iteration: 469, push count = 470000, pop count = 470000
[848:50:28.190][None][AtomicStackViewTest][Info] Num Pop = 72
[848:50:28.191][None][AtomicStackViewTest][Info] Num Pop = 245
[848:50:28.191][None][AtomicStackViewTest][Info] Num Pop = 347
[848:50:28.191][None][AtomicStackViewTest][Info] Num Pop = 336
[848:50:28.191][Main][AtomicStackViewTest][Info] Num Pop = 0
[848:50:28.191][Main][AtomicStackViewTest][Info] [TC2.Thread-Safety] Iteration: 470, push count = 471000, pop count = 471000
[848:50:28.191][None][AtomicStackViewTest][Info] Num Pop = 218
[848:50:28.191][None][AtomicStackViewTest][Info] Num Pop = 21
[848:50:28.191][None][AtomicStackViewTest][Info] Num Pop = 341
[848:50:28.191][None][AtomicStackViewTest][Info] Num Pop = 316
[848:50:28.191][Main][AtomicStackViewTest][Info] Num Pop = 104
[848:50:28.191][Main][AtomicStackViewTest][Info] [TC2.Thread-Safety] Iteration: 471, push count = 472000, pop count = 472000
[848:50:28.191][None][AtomicStackViewTest][Info] Num Pop = 127
[848:50:28.191][None][AtomicStackViewTest][Info] Num Pop = 257
[848:50:28.191][None][AtomicStackViewTest][Info] Num Pop = 122
[848:50:28.191][None][AtomicStackViewTest][Info] Num Pop = 245
[848:50:28.191][Main][AtomicStackViewTest][Info] Num Pop = 249
[848:50:28.191][Main][AtomicStackViewTest][Info] [TC2.Thread-Safety] Iteration: 472, push count = 473000, pop count = 473000
[848:50:28.191][None][AtomicStackViewTest][Info] Num Pop = 29
[848:50:28.191][None][AtomicStackViewTest][Info] Num Pop = 114
[848:50:28.191][None][AtomicStackViewTest][Info] Num Pop = 208
[848:50:28.191][None][AtomicStackViewTest][Info] Num Pop = 87
[848:50:28.191][Main][AtomicStackViewTest][Info] Num Pop = 562
[848:50:28.191][Main][AtomicStackViewTest][Info] [TC2.Thread-Safety] Iteration: 473, push count = 474000, pop count = 474000
[848:50:28.191][None][AtomicStackViewTest][Info] Num Pop = 299
[848:50:28.191][None][AtomicStackViewTest][Info] Num Pop = 244
[848:50:28.191][None][AtomicStackViewTest][Info] Num Pop = 146
[848:50:28.191][None][AtomicStackViewTest][Info] Num Pop = 311
[848:50:28.191][Main][AtomicStackViewTest][Info] Num Pop = 0
[848:50:28.191][Main][AtomicStackViewTest][Info] [TC2.Thread-Safety] Iteration: 474, push count = 475000, pop count = 475000
[848:50:28.191][None][AtomicStackViewTest][Info] Num Pop = 134
[848:50:28.191][None][AtomicStackViewTest][Info] Num Pop = 230
[848:50:28.191][None][AtomicStackViewTest][Info] Num Pop = 78
[848:50:28.191][None][AtomicStackViewTest][Info] Num Pop = 297
[848:50:28.191][Main][AtomicStackViewTest][Info] Num Pop = 261
[848:50:28.191][Main][AtomicStackViewTest][Info] [TC2.Thread-Safety] Iteration: 475, push count = 476000, pop count = 476000
[848:50:28.191][None][AtomicStackViewTest][Info] Num Pop = 99
[848:50:28.191][None][AtomicStackViewTest][Info] Num Pop = 98
[848:50:28.191][None][AtomicStackViewTest][Info] Num Pop = 224
[848:50:28.191][None][AtomicStackViewTest][Info] Num Pop = 205
[848:50:28.191][Main][AtomicStackViewTest][Info] Num Pop = 374
[848:50:28.191][Main][AtomicStackViewTest][Info] [TC2.Thread-Safety] Iteration: 476, push count = 477000, pop count = 477000
[848:50:28.191][None][AtomicStackViewTest][Info] Num Pop = 259
[848:50:28.192][None][AtomicStackViewTest][Info] Num Pop = 281
[848:50:28.192][None][AtomicStackViewTest][Info] Num Pop = 99
[848:50:28.192][None][AtomicStackViewTest][Info] Num Pop = 361
[848:50:28.192][Main][AtomicStackViewTest][Info] Num Pop = 0
[848:50:28.192][Main][AtomicStackViewTest][Info] [TC2.Thread-Safety] Iteration: 477, push count = 478000, pop count = 478000
[848:50:28.192][None][AtomicStackViewTest][Info] Num Pop = 238
[848:50:28.192][None][AtomicStackViewTest][Info] Num Pop = 312
[848:50:28.192][None][AtomicStackViewTest][Info] Num Pop = 382
[848:50:28.192][None][AtomicStackViewTest][Info] Num Pop = 68
[848:50:28.192][Main][AtomicStackViewTest][Info] Num Pop = 0
[848:50:28.192][Main][AtomicStackViewTest][Info] [TC2.Thread-Safety] Iteration: 478, push count = 479000, pop count = 479000
[848:50:28.192][None][AtomicStackViewTest][Info] Num Pop = 305
[848:50:28.192][None][AtomicStackViewTest][Info] Num Pop = 280
[848:50:28.192][None][AtomicStackViewTest][Info] Num Pop = 209
[848:50:28.192][None][AtomicStackViewTest][Info] Num Pop = 206
[848:50:28.192][Main][AtomicStackViewTest][Info] Num Pop = 0
[848:50:28.192][Main][AtomicStackViewTest][Info] [TC2.Thread-Safety] Iteration: 479, push count = 480000, pop count = 480000
[848:50:28.192][None][AtomicStackViewTest][Info] Num Pop = 80
[848:50:28.192][None][AtomicStackViewTest][Info] Num Pop = 262
[848:50:28.192][None][AtomicStackViewTest][Info] Num Pop = 420
[848:50:28.192][None][AtomicStackViewTest][Info] Num Pop = 238
[848:50:28.192][Main][AtomicStackViewTest][Info] Num Pop = 0
[848:50:28.192][Main][AtomicStackViewTest][Info] [TC2.Thread-Safety] Iteration: 480, push count = 481000, pop count = 481000
[848:50:28.192][None][AtomicStackViewTest][Info] Num Pop = 75
[848:50:28.192][None][AtomicStackViewTest][Info] Num Pop = 253
[848:50:28.192][None][AtomicStackViewTest][Info] Num Pop = 11
[848:50:28.192][None][AtomicStackViewTest][Info] Num Pop = 11
[848:50:28.192][Main][AtomicStackViewTest][Info] Num Pop = 650
[848:50:28.192][Main][AtomicStackViewTest][Info] [TC2.Thread-Safety] Iteration: 481, push count = 482000, pop count = 482000
[848:50:28.192][None][AtomicStackViewTest][Info] Num Pop = 96
[848:50:28.192][None][AtomicStackViewTest][Info] Num Pop = 218
[848:50:28.192][None][AtomicStackViewTest][Info] Num Pop = 312
[848:50:28.192][None][AtomicStackViewTest][Info] Num Pop = 285
[848:50:28.192][Main][AtomicStackViewTest][Info] Num Pop = 89
[848:50:28.192][Main][AtomicStackViewTest][Info] [TC2.Thread-Safety] Iteration: 482, push count = 483000, pop count = 483000
[848:50:28.192][None][AtomicStackViewTest][Info] Num Pop = 161
[848:50:28.192][None][AtomicStackViewTest][Info] Num Pop = 381
[848:50:28.192][None][AtomicStackViewTest][Info] Num Pop = 307
[848:50:28.192][None][AtomicStackViewTest][Info] Num Pop = 151
[848:50:28.192][Main][AtomicStackViewTest][Info] Num Pop = 0
[848:50:28.192][Main][AtomicStackViewTest][Info] [TC2.Thread-Safety] Iteration: 483, push count = 484000, pop count = 484000
[848:50:28.192][None][AtomicStackViewTest][Info] Num Pop = 129
[848:50:28.193][None][AtomicStackViewTest][Info] Num Pop = 33
[848:50:28.193][None][AtomicStackViewTest][Info] Num Pop = 41
[848:50:28.193][None][AtomicStackViewTest][Info] Num Pop = 797
[848:50:28.193][Main][AtomicStackViewTest][Info] Num Pop = 0
[848:50:28.193][Main][AtomicStackViewTest][Info] [TC2.Thread-Safety] Iteration: 484, push count = 485000, pop count = 485000
[848:50:28.193][None][AtomicStackViewTest][Info] Num Pop = 87
[848:50:28.193][None][AtomicStackViewTest][Info] Num Pop = 113
[848:50:28.193][None][AtomicStackViewTest][Info] Num Pop = 280
[848:50:28.193][None][AtomicStackViewTest][Info] Num Pop = 520
[848:50:28.193][Main][AtomicStackViewTest][Info] Num Pop = 0
[848:50:28.193][Main][AtomicStackViewTest][Info] [TC2.Thread-Safety] Iteration: 485, push count = 486000, pop count = 486000
[848:50:28.193][None][AtomicStackViewTest][Info] Num Pop = 19
[848:50:28.193][None][AtomicStackViewTest][Info] Num Pop = 286
[848:50:28.193][None][AtomicStackViewTest][Info] Num Pop = 161
[848:50:28.193][None][AtomicStackViewTest][Info] Num Pop = 534
[848:50:28.193][Main][AtomicStackViewTest][Info] Num Pop = 0
[848:50:28.193][Main][AtomicStackViewTest][Info] [TC2.Thread-Safety] Iteration: 486, push count = 487000, pop count = 487000
[848:50:28.193][None][AtomicStackViewTest][Info] Num Pop = 225
[848:50:28.193][None][AtomicStackViewTest][Info] Num Pop = 148
[848:50:28.193][None][AtomicStackViewTest][Info] Num Pop = 368
[848:50:28.193][None][AtomicStackViewTest][Info] Num Pop = 259
[848:50:28.193][Main][AtomicStackViewTest][Info] Num Pop = 0
[848:50:28.193][Main][AtomicStackViewTest][Info] [TC2.Thread-Safety] Iteration: 487, push count = 488000, pop count = 488000
[848:50:28.193][None][AtomicStackViewTest][Info] Num Pop = 262
[848:50:28.193][None][AtomicStackViewTest][Info] Num Pop = 91
[848:50:28.193][None][AtomicStackViewTest][Info] Num Pop = 163
[848:50:28.193][None][AtomicStackViewTest][Info] Num Pop = 359
[848:50:28.193][Main][AtomicStackViewTest][Info] Num Pop = 125
[848:50:28.193][Main][AtomicStackViewTest][Info] [TC2.Thread-Safety] Iteration: 488, push count = 489000, pop count = 489000
[848:50:28.193][None][AtomicStackViewTest][Info] Num Pop = 292
[848:50:28.193][None][AtomicStackViewTest][Info] Num Pop = 19
[848:50:28.193][None][AtomicStackViewTest][Info] Num Pop = 265
[848:50:28.193][None][AtomicStackViewTest][Info] Num Pop = 424
[848:50:28.193][Main][AtomicStackViewTest][Info] Num Pop = 0
[848:50:28.193][Main][AtomicStackViewTest][Info] [TC2.Thread-Safety] Iteration: 489, push count = 490000, pop count = 490000
[848:50:28.193][None][AtomicStackViewTest][Info] Num Pop = 208
[848:50:28.193][None][AtomicStackViewTest][Info] Num Pop = 294
[848:50:28.194][None][AtomicStackViewTest][Info] Num Pop = 279
[848:50:28.194][None][AtomicStackViewTest][Info] Num Pop = 176
[848:50:28.194][Main][AtomicStackViewTest][Info] Num Pop = 43
[848:50:28.194][Main][AtomicStackViewTest][Info] [TC2.Thread-Safety] Iteration: 490, push count = 491000, pop count = 491000
[848:50:28.194][None][AtomicStackViewTest][Info] Num Pop = 225
[848:50:28.194][None][AtomicStackViewTest][Info] Num Pop = 238
[848:50:28.194][None][AtomicStackViewTest][Info] Num Pop = 212
[848:50:28.194][None][AtomicStackViewTest][Info] Num Pop = 96
[848:50:28.194][Main][AtomicStackViewTest][Info] Num Pop = 229
[848:50:28.194][Main][AtomicStackViewTest][Info] [TC2.Thread-Safety] Iteration: 491, push count = 492000, pop count = 492000
[848:50:28.194][None][AtomicStackViewTest][Info] Num Pop = 391
[848:50:28.194][None][AtomicStackViewTest][Info] Num Pop = 212
[848:50:28.194][None][AtomicStackViewTest][Info] Num Pop = 196
[848:50:28.194][None][AtomicStackViewTest][Info] Num Pop = 201
[848:50:28.194][Main][AtomicStackViewTest][Info] Num Pop = 0
[848:50:28.194][Main][AtomicStackViewTest][Info] [TC2.Thread-Safety] Iteration: 492, push count = 493000, pop count = 493000
[848:50:28.194][None][AtomicStackViewTest][Info] Num Pop = 597
[848:50:28.194][None][AtomicStackViewTest][Info] Num Pop = 41
[848:50:28.194][None][AtomicStackViewTest][Info] Num Pop = 109
[848:50:28.194][None][AtomicStackViewTest][Info] Num Pop = 46
[848:50:28.194][Main][AtomicStackViewTest][Info] Num Pop = 207
[848:50:28.194][Main][AtomicStackViewTest][Info] [TC2.Thread-Safety] Iteration: 493, push count = 494000, pop count = 494000
[848:50:28.194][None][AtomicStackViewTest][Info] Num Pop = 168
[848:50:28.194][None][AtomicStackViewTest][Info] Num Pop = 246
[848:50:28.194][None][AtomicStackViewTest][Info] Num Pop = 142
[848:50:28.194][None][AtomicStackViewTest][Info] Num Pop = 251
[848:50:28.194][Main][AtomicStackViewTest][Info] Num Pop = 193
[848:50:28.194][Main][AtomicStackViewTest][Info] [TC2.Thread-Safety] Iteration: 494, push count = 495000, pop count = 495000
[848:50:28.194][None][AtomicStackViewTest][Info] Num Pop = 206
[848:50:28.194][None][AtomicStackViewTest][Info] Num Pop = 86
[848:50:28.194][None][AtomicStackViewTest][Info] Num Pop = 328
[848:50:28.194][None][AtomicStackViewTest][Info] Num Pop = 273
[848:50:28.194][Main][AtomicStackViewTest][Info] Num Pop = 107
[848:50:28.194][Main][AtomicStackViewTest][Info] [TC2.Thread-Safety] Iteration: 495, push count = 496000, pop count = 496000
[848:50:28.195][None][AtomicStackViewTest][Info] Num Pop = 201
[848:50:28.195][None][AtomicStackViewTest][Info] Num Pop = 302
[848:50:28.195][None][AtomicStackViewTest][Info] Num Pop = 145
[848:50:28.195][None][AtomicStackViewTest][Info] Num Pop = 89
[848:50:28.195][Main][AtomicStackViewTest][Info] Num Pop = 263
[848:50:28.195][Main][AtomicStackViewTest][Info] [TC2.Thread-Safety] Iteration: 496, push count = 497000, pop count = 497000
[848:50:28.195][None][AtomicStackViewTest][Info] Num Pop = 253
[848:50:28.195][None][AtomicStackViewTest][Info] Num Pop = 76
[848:50:28.195][None][AtomicStackViewTest][Info] Num Pop = 208
[848:50:28.195][None][AtomicStackViewTest][Info] Num Pop = 84
[848:50:28.195][Main][AtomicStackViewTest][Info] Num Pop = 379
[848:50:28.195][Main][AtomicStackViewTest][Info] [TC2.Thread-Safety] Iteration: 497, push count = 498000, pop count = 498000
[848:50:28.195][None][AtomicStackViewTest][Info] Num Pop = 448
[848:50:28.195][None][AtomicStackViewTest][Info] Num Pop = 105
[848:50:28.195][None][AtomicStackViewTest][Info] Num Pop = 201
[848:50:28.195][None][AtomicStackViewTest][Info] Num Pop = 178
[848:50:28.195][Main][AtomicStackViewTest][Info] Num Pop = 68
[848:50:28.195][Main][AtomicStackViewTest][Info] [TC2.Thread-Safety] Iteration: 498, push count = 499000, pop count = 499000
[848:50:28.195][None][AtomicStackViewTest][Info] Num Pop = 170
[848:50:28.195][None][AtomicStackViewTest][Info] Num Pop = 264
[848:50:28.195][None][AtomicStackViewTest][Info] Num Pop = 32
[848:50:28.195][None][AtomicStackViewTest][Info] Num Pop = 534
[848:50:28.195][Main][AtomicStackViewTest][Info] Num Pop = 0
[848:50:28.195][Main][AtomicStackViewTest][Info] [TC2.Thread-Safety] Iteration: 499, push count = 500000, pop count = 500000
[848:50:28.195][Main][AtomicStackViewTest][Info] [TC2.Thread-Safety] Multithreaded push & pop test done!
[848:50:28.195][Main][Thread-Safety][Info] = Allocator Usage ========================================
[848:50:28.195][Main][Thread-Safety][Info] [16] Memory = 0 / 1048576
[848:50:28.195][Main][Thread-Safety][Info] [32] Memory = 0 / 1048576
[848:50:28.195][Main][Thread-Safety][Info] [64] Memory = 0 / 1048576
[848:50:28.195][Main][Thread-Safety][Info] [16384] Memory = 0 / 1048576
[848:50:28.195][Main][Thread-Safety][Info] ==========================================================
[848:50:28.195][Main][AtomicStackViewTest][Info] # TC2.Thread-Safety Result [PASS] #

[848:50:28.195][Main][AtomicStackViewTest][Info] = Collection Result: [SUCCESS] =================

[848:50:28.195][Main][LinkedListTest][Info] = START ========================================
[848:50:28.195][Main][LinkedListTest][Info] # TC0.Iteration on the empty list #
[848:50:28.195][Main][Iteration on the empty list][Info] = Allocator Usage ========================================
[848:50:28.195][Main][Iteration on the empty list][Info] ==========================================================
[848:50:28.195][Main][LinkedListTest][Info] # TC0.Iteration on the empty list Result [PASS] #

[848:50:28.195][Main][LinkedListTest][Info] # TC1.Simple Construction & Destruction #
[848:50:28.196][Main][LinkedListTest][Info] [TC1.Simple Construction & Destruction] A list is constructed.
[848:50:28.197][Main][LinkedListTest][Info] [TC1.Simple Construction & Destruction] The list is destructed.
[848:50:28.197][Main][Simple Construction & Destruction][Info] = Allocator Usage ========================================
[848:50:28.197][Main][Simple Construction & Destruction][Info] [524288] Memory = 0 / 8388608
[848:50:28.197][Main][Simple Construction & Destruction][Info] ==========================================================
[848:50:28.197][Main][LinkedListTest][Info] # TC1.Simple Construction & Destruction Result [PASS] #

[848:50:28.197][Main][LinkedListTest][Info] # TC2.Growth and Iteration #
[848:50:28.199][Main][LinkedListTest][Info] [TC2.Growth and Iteration] Insert Time Compare : HE = 0.00139117, STL = 0.0008065
[848:50:28.199][Main][LinkedListTest][Warning] [TC2.Growth and Iteration] LinkedList is slower than the STL list
HE = 0.00139117, STL = 0.0008065
[848:50:28.199][Main][Growth and Iteration][Info] = Allocator Usage ========================================
[848:50:28.199][Main][Growth and Iteration][Info] [524288] Memory = 0 / 8388608
[848:50:28.199][Main][Growth and Iteration][Info] ==========================================================
[848:50:28.199][Main][LinkedListTest][Info] # TC2.Growth and Iteration Result [PASS] #

[848:50:28.199][Main][LinkedListTest][Info] # TC3.Growth and Iteration #
[848:50:28.314][Main][LinkedListTest][Info] [TC3.Growth and Iteration] Loop Time Compare : HE = 0.0421068, STL = 0.0705177
[848:50:28.314][Main][Growth and Iteration][Info] = Allocator Usage ========================================
[848:50:28.314][Main][Growth and Iteration][Info] [524288] Memory = 0 / 8388608
[848:50:28.314][Main][Growth and Iteration][Info] ==========================================================
[848:50:28.314][Main][LinkedListTest][Info] # TC3.Growth and Iteration Result [PASS] #

[848:50:28.314][Main][LinkedListTest][Info] = Collection Result: [SUCCESS] =================

[848:50:28.314][Main][OptionalTest][Info] = START ========================================
[848:50:28.314][Main][OptionalTest][Info] # TC0.Optional<int> #
[848:50:28.314][Main][Optional<int>][Info] = Allocator Usage ========================================
[848:50:28.314][Main][Optional<int>][Info] ==========================================================
[848:50:28.314][Main][OptionalTest][Info] # TC0.Optional<int> Result [PASS] #

[848:50:28.314][Main][OptionalTest][Info] # TC1.Optional<int&> #
[848:50:28.314][Main][Optional<int&>][Info] = Allocator Usage ========================================
[848:50:28.314][Main][Optional<int&>][Info] ==========================================================
[848:50:28.314][Main][OptionalTest][Info] # TC1.Optional<int&> Result [PASS] #

[848:50:28.314][Main][OptionalTest][Info] # TC2.Optional<Class&> #
[848:50:28.314][Main][Optional<Class&>][Info] = Allocator Usage ========================================
[848:50:28.314][Main][Optional<Class&>][Info] ==========================================================
[848:50:28.314][Main][OptionalTest][Info] # TC2.Optional<Class&> Result [PASS] #

[848:50:28.314][Main][OptionalTest][Info] = Collection Result: [SUCCESS] =================

[848:50:28.314][Main][StaticStringTest][Info] = START ========================================
[848:50:28.314][Main][StaticStringTest][Info] # TC0.Default Construct #
[848:50:28.314][Main][Default Construct][Info] = Allocator Usage ========================================
[848:50:28.314][Main][Default Construct][Info] ==========================================================
[848:50:28.314][Main][StaticStringTest][Info] # TC0.Default Construct Result [PASS] #

[848:50:28.314][Main][StaticStringTest][Info] # TC1.StaticStic Print #
[848:50:28.314][Main][StaticStringTest][Info] [TC1.StaticStic Print] Hello?
[848:50:28.314][Main][StaticStic Print][Info] = Allocator Usage ========================================
[848:50:28.314][Main][StaticStic Print][Info] ==========================================================
[848:50:28.314][Main][StaticStringTest][Info] # TC1.StaticStic Print Result [PASS] #

[848:50:28.314][Main][StaticStringTest][Info] # TC2.Hetero String Comparison #
[848:50:28.314][Main][StaticStringTest][Info] [TC2.Hetero String Comparison] Hello?
[848:50:28.314][Main][StaticStringTest][Info] [TC2.Hetero String Comparison] Hello?
[848:50:28.314][Main][StaticStringTest][Info] [TC2.Hetero String Comparison] Hello?
[848:50:28.314][Main][StaticStringTest][Info] [TC2.Hetero String Comparison] Hello?
[848:50:28.314][Main][Hetero String Comparison][Info] = Allocator Usage ========================================
[848:50:28.314][Main][Hetero String Comparison][Info] ==========================================================
[848:50:28.314][Main][StaticStringTest][Info] # TC2.Hetero String Comparison Result [PASS] #

[848:50:28.314][Main][StaticStringTest][Info] # TC3.Self-Comparison #
[848:50:28.314][Main][Self-Comparison][Info] = Allocator Usage ========================================
[848:50:28.314][Main][Self-Comparison][Info] ==========================================================
[848:50:28.314][Main][StaticStringTest][Info] # TC3.Self-Comparison Result [PASS] #

[848:50:28.314][Main][StaticStringTest][Info] # TC4.Two Strings Comparison #
[848:50:28.314][Main][Two Strings Comparison][Info] = Allocator Usage ========================================
[848:50:28.314][Main][Two Strings Comparison][Info] ==========================================================
[848:50:28.314][Main][StaticStringTest][Info] # TC4.Two Strings Comparison Result [PASS] #

[848:50:28.314][Main][StaticStringTest][Info] # TC5.Inequality #
[848:50:28.314][Main][Inequality][Info] = Allocator Usage ========================================
[848:50:28.314][Main][Inequality][Info] ==========================================================
[848:50:28.314][Main][StaticStringTest][Info] # TC5.Inequality Result [PASS] #

[848:50:28.314][Main][StaticStringTest][Info] = Collection Result: [SUCCESS] =================

[848:50:28.314][Main][StringTest][Info] = START ========================================
[848:50:28.314][Main][StringTest][Info] # TC0.Comparison with Zero-Terminated String #
[848:50:28.314][Main][StringTest][Info] [TC0.Comparison with Zero-Terminated String] Hello? World!
[848:50:28.314][Main][Comparison with Zero-Terminated String][Info] = Allocator Usage ========================================
[848:50:28.314][Main][Comparison with Zero-Terminated String][Info] [16] Memory = 0 / 1048576
[848:50:28.314][Main][Comparison with Zero-Terminated String][Info] [64] Memory = 0 / 1048576
[848:50:28.314][Main][Comparison with Zero-Terminated String][Info] ==========================================================
[848:50:28.314][Main][StringTest][Info] # TC0.Comparison with Zero-Terminated String Result [PASS] #

[848:50:28.314][Main][StringTest][Info] # TC1.To Lower Case #
[848:50:28.314][Main][StringTest][Info] [TC1.To Lower Case] hello? world!
[848:50:28.314][Main][To Lower Case][Info] = Allocator Usage ========================================
[848:50:28.314][Main][To Lower Case][Info] [16] Memory = 0 / 1048576
[848:50:28.314][Main][To Lower Case][Info] [64] Memory = 0 / 1048576
[848:50:28.314][Main][To Lower Case][Info] ==========================================================
[848:50:28.314][Main][StringTest][Info] # TC1.To Lower Case Result [PASS] #

[848:50:28.314][Main][StringTest][Info] # TC2.To Upper Case #
[848:50:28.314][Main][StringTest][Info] [TC2.To Upper Case] HELLO? WORLD!
[848:50:28.314][Main][To Upper Case][Info] = Allocator Usage ========================================
[848:50:28.314][Main][To Upper Case][Info] [16] Memory = 0 / 1048576
[848:50:28.314][Main][To Upper Case][Info] [64] Memory = 0 / 1048576
[848:50:28.314][Main][To Upper Case][Info] ==========================================================
[848:50:28.314][Main][StringTest][Info] # TC2.To Upper Case Result [PASS] #

[848:50:28.314][Main][StringTest][Info] # TC3.Move Semantics #
[848:50:28.315][Main][StringTest][Info] [TC3.Move Semantics] HELLO? WORLD!
[848:50:28.315][Main][Move Semantics][Info] = Allocator Usage ========================================
[848:50:28.315][Main][Move Semantics][Info] [16] Memory = 0 / 1048576
[848:50:28.315][Main][Move Semantics][Info] [64] Memory = 0 / 1048576
[848:50:28.315][Main][Move Semantics][Info] ==========================================================
[848:50:28.315][Main][StringTest][Info] # TC3.Move Semantics Result [PASS] #

[848:50:28.315][Main][StringTest][Info] # TC4.Find Last #
[848:50:28.315][Main][Find Last][Info] = Allocator Usage ========================================
[848:50:28.315][Main][Find Last][Info] [16] Memory = 0 / 1048576
[848:50:28.315][Main][Find Last][Info] [64] Memory = 0 / 1048576
[848:50:28.315][Main][Find Last][Info] ==========================================================
[848:50:28.315][Main][StringTest][Info] # TC4.Find Last Result [PASS] #

[848:50:28.315][Main][StringTest][Info] # TC5.SubString #
[848:50:28.315][Main][StringTest][Info] [TC5.SubString] ld!
[848:50:28.315][Main][SubString][Info] = Allocator Usage ========================================
[848:50:28.315][Main][SubString][Info] [16] Memory = 0 / 1048576
[848:50:28.315][Main][SubString][Info] [64] Memory = 0 / 1048576
[848:50:28.315][Main][SubString][Info] ==========================================================
[848:50:28.315][Main][StringTest][Info] # TC5.SubString Result [PASS] #

[848:50:28.315][Main][StringTest][Info] # TC6.Unsigned Short Constructor #
[848:50:28.315][Main][StringTest][Info] [TC6.Unsigned Short Constructor] Unsigned short 42 = 42
[848:50:28.315][Main][Unsigned Short Constructor][Info] = Allocator Usage ========================================
[848:50:28.315][Main][Unsigned Short Constructor][Info] [16] Memory = 0 / 1048576
[848:50:28.315][Main][Unsigned Short Constructor][Info] [64] Memory = 0 / 1048576
[848:50:28.315][Main][Unsigned Short Constructor][Info] ==========================================================
[848:50:28.315][Main][StringTest][Info] # TC6.Unsigned Short Constructor Result [PASS] #

[848:50:28.315][Main][StringTest][Info] # TC7.Replace Single #
[848:50:28.316][Main][StringTest][Info] [TC7.Replace Single] Replace: Hello Engine
[848:50:28.316][Main][Replace Single][Info] = Allocator Usage ========================================
[848:50:28.316][Main][Replace Single][Info] [16] Memory = 0 / 1048576
[848:50:28.316][Main][Replace Single][Info] [64] Memory = 0 / 1048576
[848:50:28.316][Main][Replace Single][Info] ==========================================================
[848:50:28.316][Main][StringTest][Info] # TC7.Replace Single Result [PASS] #

[848:50:28.316][Main][StringTest][Info] # TC8.Replace Not Found #
[848:50:28.316][Main][StringTest][Info] [TC8.Replace Not Found] Replace not found: Hello World
[848:50:28.316][Main][Replace Not Found][Info] = Allocator Usage ========================================
[848:50:28.316][Main][Replace Not Found][Info] [16] Memory = 0 / 1048576
[848:50:28.316][Main][Replace Not Found][Info] [64] Memory = 0 / 1048576
[848:50:28.316][Main][Replace Not Found][Info] ==========================================================
[848:50:28.316][Main][StringTest][Info] # TC8.Replace Not Found Result [PASS] #

[848:50:28.316][Main][StringTest][Info] # TC9.Replace With Offset #
[848:50:28.316][Main][StringTest][Info] [TC9.Replace With Offset] Replace with offset: foo bar XXX baz
[848:50:28.316][Main][Replace With Offset][Info] = Allocator Usage ========================================
[848:50:28.316][Main][Replace With Offset][Info] [16] Memory = 0 / 1048576
[848:50:28.316][Main][Replace With Offset][Info] [64] Memory = 0 / 1048576
[848:50:28.316][Main][Replace With Offset][Info] ==========================================================
[848:50:28.316][Main][StringTest][Info] # TC9.Replace With Offset Result [PASS] #

[848:50:28.316][Main][StringTest][Info] # TC10.Replace Empty From #
[848:50:28.316][Main][StringTest][Info] [TC10.Replace Empty From] Replace empty from: Hello
[848:50:28.316][Main][Replace Empty From][Info] = Allocator Usage ========================================
[848:50:28.316][Main][Replace Empty From][Info] [16] Memory = 0 / 1048576
[848:50:28.316][Main][Replace Empty From][Info] [64] Memory = 0 / 1048576
[848:50:28.316][Main][Replace Empty From][Info] ==========================================================
[848:50:28.316][Main][StringTest][Info] # TC10.Replace Empty From Result [PASS] #

[848:50:28.316][Main][StringTest][Info] # TC11.Replace Longer To #
[848:50:28.317][Main][StringTest][Info] [TC11.Replace Longer To] Replace longer to: aXYZc
[848:50:28.317][Main][Replace Longer To][Info] = Allocator Usage ========================================
[848:50:28.317][Main][Replace Longer To][Info] [16] Memory = 0 / 1048576
[848:50:28.317][Main][Replace Longer To][Info] [64] Memory = 0 / 1048576
[848:50:28.317][Main][Replace Longer To][Info] ==========================================================
[848:50:28.317][Main][StringTest][Info] # TC11.Replace Longer To Result [PASS] #

[848:50:28.317][Main][StringTest][Info] # TC12.Replace Shorter To #
[848:50:28.317][Main][StringTest][Info] [TC12.Replace Shorter To] Replace shorter to: Hello
[848:50:28.317][Main][Replace Shorter To][Info] = Allocator Usage ========================================
[848:50:28.317][Main][Replace Shorter To][Info] [16] Memory = 0 / 1048576
[848:50:28.317][Main][Replace Shorter To][Info] [64] Memory = 0 / 1048576
[848:50:28.317][Main][Replace Shorter To][Info] ==========================================================
[848:50:28.317][Main][StringTest][Info] # TC12.Replace Shorter To Result [PASS] #

[848:50:28.317][Main][StringTest][Info] # TC13.ReplaceAll Single Char Pattern #
[848:50:28.317][Main][StringTest][Info] [TC13.ReplaceAll Single Char Pattern] ReplaceAll: a-b-c-d
[848:50:28.317][Main][ReplaceAll Single Char Pattern][Info] = Allocator Usage ========================================
[848:50:28.317][Main][ReplaceAll Single Char Pattern][Info] [16] Memory = 0 / 1048576
[848:50:28.317][Main][ReplaceAll Single Char Pattern][Info] [64] Memory = 0 / 1048576
[848:50:28.317][Main][ReplaceAll Single Char Pattern][Info] ==========================================================
[848:50:28.317][Main][StringTest][Info] # TC13.ReplaceAll Single Char Pattern Result [PASS] #

[848:50:28.317][Main][StringTest][Info] # TC14.ReplaceAll Multi Char Pattern #
[848:50:28.317][Main][StringTest][Info] [TC14.ReplaceAll Multi Char Pattern] ReplaceAll multi: XXX bar XXX baz XXX
[848:50:28.317][Main][ReplaceAll Multi Char Pattern][Info] = Allocator Usage ========================================
[848:50:28.317][Main][ReplaceAll Multi Char Pattern][Info] [32] Memory = 0 / 1048576
[848:50:28.317][Main][ReplaceAll Multi Char Pattern][Info] [64] Memory = 0 / 1048576
[848:50:28.317][Main][ReplaceAll Multi Char Pattern][Info] ==========================================================
[848:50:28.317][Main][StringTest][Info] # TC14.ReplaceAll Multi Char Pattern Result [PASS] #

[848:50:28.317][Main][StringTest][Info] # TC15.ReplaceAll Not Found #
[848:50:28.318][Main][StringTest][Info] [TC15.ReplaceAll Not Found] ReplaceAll not found: Hello World
[848:50:28.318][Main][ReplaceAll Not Found][Info] = Allocator Usage ========================================
[848:50:28.318][Main][ReplaceAll Not Found][Info] [16] Memory = 0 / 1048576
[848:50:28.318][Main][ReplaceAll Not Found][Info] [64] Memory = 0 / 1048576
[848:50:28.318][Main][ReplaceAll Not Found][Info] ==========================================================
[848:50:28.318][Main][StringTest][Info] # TC15.ReplaceAll Not Found Result [PASS] #

[848:50:28.318][Main][StringTest][Info] # TC16.ReplaceAll Empty From #
[848:50:28.318][Main][StringTest][Info] [TC16.ReplaceAll Empty From] ReplaceAll empty from: Hello
[848:50:28.318][Main][ReplaceAll Empty From][Info] = Allocator Usage ========================================
[848:50:28.318][Main][ReplaceAll Empty From][Info] [16] Memory = 0 / 1048576
[848:50:28.318][Main][ReplaceAll Empty From][Info] [64] Memory = 0 / 1048576
[848:50:28.318][Main][ReplaceAll Empty From][Info] ==========================================================
[848:50:28.318][Main][StringTest][Info] # TC16.ReplaceAll Empty From Result [PASS] #

[848:50:28.318][Main][StringTest][Info] # TC17.ReplaceAll Longer Replacement #
[848:50:28.318][Main][StringTest][Info] [TC17.ReplaceAll Longer Replacement] ReplaceAll longer: aXYZc
[848:50:28.318][Main][ReplaceAll Longer Replacement][Info] = Allocator Usage ========================================
[848:50:28.318][Main][ReplaceAll Longer Replacement][Info] [16] Memory = 0 / 1048576
[848:50:28.318][Main][ReplaceAll Longer Replacement][Info] [64] Memory = 0 / 1048576
[848:50:28.318][Main][ReplaceAll Longer Replacement][Info] ==========================================================
[848:50:28.318][Main][StringTest][Info] # TC17.ReplaceAll Longer Replacement Result [PASS] #

[848:50:28.318][Main][StringTest][Info] # TC18.ReplaceAll Shorter Replacement #
[848:50:28.318][Main][StringTest][Info] [TC18.ReplaceAll Shorter Replacement] ReplaceAll shorter: Hell Wrld
[848:50:28.318][Main][ReplaceAll Shorter Replacement][Info] = Allocator Usage ========================================
[848:50:28.318][Main][ReplaceAll Shorter Replacement][Info] [16] Memory = 0 / 1048576
[848:50:28.318][Main][ReplaceAll Shorter Replacement][Info] [64] Memory = 0 / 1048576
[848:50:28.318][Main][ReplaceAll Shorter Replacement][Info] ==========================================================
[848:50:28.318][Main][StringTest][Info] # TC18.ReplaceAll Shorter Replacement Result [PASS] #

[848:50:28.318][Main][StringTest][Info] # TC19.ReplaceAll Adjacent Matches #
[848:50:28.319][Main][StringTest][Info] [TC19.ReplaceAll Adjacent Matches] ReplaceAll adjacent: aXbcc
[848:50:28.319][Main][ReplaceAll Adjacent Matches][Info] = Allocator Usage ========================================
[848:50:28.319][Main][ReplaceAll Adjacent Matches][Info] [16] Memory = 0 / 1048576
[848:50:28.319][Main][ReplaceAll Adjacent Matches][Info] [64] Memory = 0 / 1048576
[848:50:28.319][Main][ReplaceAll Adjacent Matches][Info] ==========================================================
[848:50:28.319][Main][StringTest][Info] # TC19.ReplaceAll Adjacent Matches Result [PASS] #

[848:50:28.319][Main][StringTest][Info] # TC20.Performance #
[848:50:28.407][Main][StringTest][Info] [TC20.Performance] Time: he = 0.0814497, stl = 0.00688383
[848:50:28.407][Main][StringTest][Warning] [TC20.Performance] HE String is slower than STL string.
Time: he = 0.0814497, stl = 0.00688383
[848:50:28.407][Main][Performance][Info] = Allocator Usage ========================================
[848:50:28.407][Main][Performance][Info] [16] Memory = 0 / 1048576
[848:50:28.407][Main][Performance][Info] [64] Memory = 0 / 1048576
[848:50:28.407][Main][Performance][Info] ==========================================================
[848:50:28.407][Main][StringTest][Info] # TC20.Performance Result [PASS] #

[848:50:28.407][Main][StringTest][Info] = Collection Result: [SUCCESS] =================

[848:50:28.407][Main][InlineStringBuilderTest][Info] = START ========================================
[848:50:28.407][Main][InlineStringBuilderTest][Info] # TC0.Default Construct #
[848:50:28.407][Main][Default Construct][Info] = Allocator Usage ========================================
[848:50:28.407][Main][Default Construct][Info] ==========================================================
[848:50:28.407][Main][InlineStringBuilderTest][Info] # TC0.Default Construct Result [PASS] #

[848:50:28.407][Main][InlineStringBuilderTest][Info] # TC1.Add Nullptr #
[848:50:28.407][Main][InlineStringBuilderTest][Info] [TC1.Add Nullptr] Result: Null <=> Null
[848:50:28.407][Main][Add Nullptr][Info] = Allocator Usage ========================================
[848:50:28.407][Main][Add Nullptr][Info] ==========================================================
[848:50:28.407][Main][InlineStringBuilderTest][Info] # TC1.Add Nullptr Result [PASS] #

[848:50:28.407][Main][InlineStringBuilderTest][Info] # TC2.Add Boolean(true) #
[848:50:28.407][Main][InlineStringBuilderTest][Info] [TC2.Add Boolean(true)] Result: True <=> True
[848:50:28.407][Main][Add Boolean(true)][Info] = Allocator Usage ========================================
[848:50:28.407][Main][Add Boolean(true)][Info] ==========================================================
[848:50:28.407][Main][InlineStringBuilderTest][Info] # TC2.Add Boolean(true) Result [PASS] #

[848:50:28.407][Main][InlineStringBuilderTest][Info] # TC3.Add Boolean(false) #
[848:50:28.407][Main][InlineStringBuilderTest][Info] [TC3.Add Boolean(false)] Result: False <=> False
[848:50:28.407][Main][Add Boolean(false)][Info] = Allocator Usage ========================================
[848:50:28.407][Main][Add Boolean(false)][Info] ==========================================================
[848:50:28.407][Main][InlineStringBuilderTest][Info] # TC3.Add Boolean(false) Result [PASS] #

[848:50:28.407][Main][InlineStringBuilderTest][Info] # TC4.Add Boolean(true, false) #
[848:50:28.407][Main][InlineStringBuilderTest][Info] [TC4.Add Boolean(true, false)] Result: True, False <=> True, False
[848:50:28.407][Main][Add Boolean(true, false)][Info] = Allocator Usage ========================================
[848:50:28.407][Main][Add Boolean(true, false)][Info] ==========================================================
[848:50:28.407][Main][InlineStringBuilderTest][Info] # TC4.Add Boolean(true, false) Result [PASS] #

[848:50:28.407][Main][InlineStringBuilderTest][Info] # TC5.Add Char #
[848:50:28.407][Main][InlineStringBuilderTest][Info] [TC5.Add Char] Result: a <=> a
[848:50:28.407][Main][Add Char][Info] = Allocator Usage ========================================
[848:50:28.407][Main][Add Char][Info] ==========================================================
[848:50:28.407][Main][InlineStringBuilderTest][Info] # TC5.Add Char Result [PASS] #

[848:50:28.407][Main][InlineStringBuilderTest][Info] # TC6.Add Chars #
[848:50:28.407][Main][InlineStringBuilderTest][Info] [TC6.Add Chars] Result: abc <=> abc
[848:50:28.407][Main][Add Chars][Info] = Allocator Usage ========================================
[848:50:28.407][Main][Add Chars][Info] ==========================================================
[848:50:28.407][Main][InlineStringBuilderTest][Info] # TC6.Add Chars Result [PASS] #

[848:50:28.407][Main][InlineStringBuilderTest][Info] # TC7.uint8_t #
[848:50:28.407][Main][InlineStringBuilderTest][Info] [TC7.uint8_t] Result: 255 <=> 255
[848:50:28.407][Main][uint8_t][Info] = Allocator Usage ========================================
[848:50:28.407][Main][uint8_t][Info] ==========================================================
[848:50:28.407][Main][InlineStringBuilderTest][Info] # TC7.uint8_t Result [PASS] #

[848:50:28.407][Main][InlineStringBuilderTest][Info] # TC8.int16_t #
[848:50:28.407][Main][InlineStringBuilderTest][Info] [TC8.int16_t] Result: 32767 <=> 32767
[848:50:28.407][Main][int16_t][Info] = Allocator Usage ========================================
[848:50:28.407][Main][int16_t][Info] ==========================================================
[848:50:28.407][Main][InlineStringBuilderTest][Info] # TC8.int16_t Result [PASS] #

[848:50:28.407][Main][InlineStringBuilderTest][Info] # TC9.uint16_t #
[848:50:28.407][Main][InlineStringBuilderTest][Info] [TC9.uint16_t] Result: 65535 <=> 65535
[848:50:28.407][Main][uint16_t][Info] = Allocator Usage ========================================
[848:50:28.407][Main][uint16_t][Info] ==========================================================
[848:50:28.407][Main][InlineStringBuilderTest][Info] # TC9.uint16_t Result [PASS] #

[848:50:28.407][Main][InlineStringBuilderTest][Info] # TC10.int32_t #
[848:50:28.407][Main][InlineStringBuilderTest][Info] [TC10.int32_t] Result: 2147483647 <=> 2147483647
[848:50:28.407][Main][int32_t][Info] = Allocator Usage ========================================
[848:50:28.407][Main][int32_t][Info] ==========================================================
[848:50:28.407][Main][InlineStringBuilderTest][Info] # TC10.int32_t Result [PASS] #

[848:50:28.407][Main][InlineStringBuilderTest][Info] # TC11.uint32_t #
[848:50:28.407][Main][InlineStringBuilderTest][Info] [TC11.uint32_t] Result: 4294967295 <=> 4294967295
[848:50:28.407][Main][uint32_t][Info] = Allocator Usage ========================================
[848:50:28.407][Main][uint32_t][Info] ==========================================================
[848:50:28.407][Main][InlineStringBuilderTest][Info] # TC11.uint32_t Result [PASS] #

[848:50:28.407][Main][InlineStringBuilderTest][Info] # TC12.int64_t #
[848:50:28.407][Main][InlineStringBuilderTest][Info] [TC12.int64_t] Result: 9223372036854775807 <=> 9223372036854775807
[848:50:28.407][Main][int64_t][Info] = Allocator Usage ========================================
[848:50:28.407][Main][int64_t][Info] ==========================================================
[848:50:28.407][Main][InlineStringBuilderTest][Info] # TC12.int64_t Result [PASS] #

[848:50:28.407][Main][InlineStringBuilderTest][Info] # TC13.uint64_t #
[848:50:28.407][Main][InlineStringBuilderTest][Info] [TC13.uint64_t] Result: 18446744073709551615 <=> 18446744073709551615
[848:50:28.407][Main][uint64_t][Info] = Allocator Usage ========================================
[848:50:28.407][Main][uint64_t][Info] ==========================================================
[848:50:28.407][Main][InlineStringBuilderTest][Info] # TC13.uint64_t Result [PASS] #

[848:50:28.407][Main][InlineStringBuilderTest][Info] # TC14.float #
[848:50:28.407][Main][InlineStringBuilderTest][Info] [TC14.float] Result: 340282346638528859811704183484516925440.000000 <=> 340282346638528859811704183484516925440.000000
[848:50:28.407][Main][float][Info] = Allocator Usage ========================================
[848:50:28.407][Main][float][Info] ==========================================================
[848:50:28.407][Main][InlineStringBuilderTest][Info] # TC14.float Result [PASS] #

[848:50:28.407][Main][InlineStringBuilderTest][Info] # TC15.double #
[848:50:28.407][Main][InlineStringBuilderTest][Info] [TC15.double] Result: 179769313486231570814527423731704356798070567525844996598917476803157260780028538760589558632766878171540458953514382464234321326889464182768467546703537516986049910576551282076245490090389328944075868508455133942304583236903222948165808559332123348274797826204144723168738177180919299881250404026184124858368.000000 <=> 179769313486231570814527423731704356798070567525844996598917476803157260780028538760589558632766878171540458953514382464234321326889464182768467546703537516986049910576551282076245490090389328944075868508455133942304583236903222948165808559332123348274797826204144723168738177180919299881250404026184124858368.000000
[848:50:28.407][Main][double][Info] = Allocator Usage ========================================
[848:50:28.407][Main][double][Info] ==========================================================
[848:50:28.407][Main][InlineStringBuilderTest][Info] # TC15.double Result [PASS] #

[848:50:28.407][Main][InlineStringBuilderTest][Info] # TC16.long double #
[848:50:28.407][Main][InlineStringBuilderTest][Info] [TC16.long double] Result: 1.797693e+308 <=> 1.797693e+308
[848:50:28.407][Main][long double][Info] = Allocator Usage ========================================
[848:50:28.407][Main][long double][Info] ==========================================================
[848:50:28.407][Main][InlineStringBuilderTest][Info] # TC16.long double Result [PASS] #

[848:50:28.407][Main][InlineStringBuilderTest][Info] = Collection Result: [SUCCESS] =================

[848:50:28.407][Main][StringBuilderTest][Info] = START ========================================
[848:50:28.407][Main][StringBuilderTest][Info] # TC0.Default Construct #
[848:50:28.407][Main][Default Construct][Info] = Allocator Usage ========================================
[848:50:28.407][Main][Default Construct][Info] [128] Memory = 0 / 1048576
[848:50:28.407][Main][Default Construct][Info] ==========================================================
[848:50:28.407][Main][StringBuilderTest][Info] # TC0.Default Construct Result [PASS] #

[848:50:28.407][Main][StringBuilderTest][Info] # TC1.Add Nullptr #
[848:50:28.407][Main][StringBuilderTest][Info] [TC1.Add Nullptr] Result: Null <=> Null
[848:50:28.407][Main][Add Nullptr][Info] = Allocator Usage ========================================
[848:50:28.407][Main][Add Nullptr][Info] ==========================================================
[848:50:28.407][Main][StringBuilderTest][Info] # TC1.Add Nullptr Result [PASS] #

[848:50:28.407][Main][StringBuilderTest][Info] # TC2.Add Boolean(true) #
[848:50:28.407][Main][StringBuilderTest][Info] [TC2.Add Boolean(true)] Result: True <=> True
[848:50:28.407][Main][Add Boolean(true)][Info] = Allocator Usage ========================================
[848:50:28.407][Main][Add Boolean(true)][Info] ==========================================================
[848:50:28.407][Main][StringBuilderTest][Info] # TC2.Add Boolean(true) Result [PASS] #

[848:50:28.407][Main][StringBuilderTest][Info] # TC3.Add Boolean(false) #
[848:50:28.407][Main][StringBuilderTest][Info] [TC3.Add Boolean(false)] Result: False <=> False
[848:50:28.407][Main][Add Boolean(false)][Info] = Allocator Usage ========================================
[848:50:28.407][Main][Add Boolean(false)][Info] ==========================================================
[848:50:28.407][Main][StringBuilderTest][Info] # TC3.Add Boolean(false) Result [PASS] #

[848:50:28.407][Main][StringBuilderTest][Info] # TC4.Add Boolean(true, false) #
[848:50:28.407][Main][StringBuilderTest][Info] [TC4.Add Boolean(true, false)] Result: True, False <=> True, False
[848:50:28.407][Main][Add Boolean(true, false)][Info] = Allocator Usage ========================================
[848:50:28.407][Main][Add Boolean(true, false)][Info] ==========================================================
[848:50:28.407][Main][StringBuilderTest][Info] # TC4.Add Boolean(true, false) Result [PASS] #

[848:50:28.407][Main][StringBuilderTest][Info] # TC5.Add Char #
[848:50:28.407][Main][StringBuilderTest][Info] [TC5.Add Char] Result: a <=> a
[848:50:28.407][Main][Add Char][Info] = Allocator Usage ========================================
[848:50:28.407][Main][Add Char][Info] ==========================================================
[848:50:28.407][Main][StringBuilderTest][Info] # TC5.Add Char Result [PASS] #

[848:50:28.407][Main][StringBuilderTest][Info] # TC6.Add Chars #
[848:50:28.407][Main][StringBuilderTest][Info] [TC6.Add Chars] Result: abc <=> abc
[848:50:28.407][Main][Add Chars][Info] = Allocator Usage ========================================
[848:50:28.407][Main][Add Chars][Info] ==========================================================
[848:50:28.407][Main][StringBuilderTest][Info] # TC6.Add Chars Result [PASS] #

[848:50:28.407][Main][StringBuilderTest][Info] # TC7.uint8_t #
[848:50:28.407][Main][StringBuilderTest][Info] [TC7.uint8_t] Result: 255 <=> 255
[848:50:28.407][Main][uint8_t][Info] = Allocator Usage ========================================
[848:50:28.407][Main][uint8_t][Info] ==========================================================
[848:50:28.407][Main][StringBuilderTest][Info] # TC7.uint8_t Result [PASS] #

[848:50:28.407][Main][StringBuilderTest][Info] # TC8.int16_t #
[848:50:28.407][Main][StringBuilderTest][Info] [TC8.int16_t] Result: 32767 <=> 32767
[848:50:28.407][Main][int16_t][Info] = Allocator Usage ========================================
[848:50:28.407][Main][int16_t][Info] ==========================================================
[848:50:28.407][Main][StringBuilderTest][Info] # TC8.int16_t Result [PASS] #

[848:50:28.407][Main][StringBuilderTest][Info] # TC9.uint16_t #
[848:50:28.407][Main][StringBuilderTest][Info] [TC9.uint16_t] Result: 65535 <=> 65535
[848:50:28.407][Main][uint16_t][Info] = Allocator Usage ========================================
[848:50:28.407][Main][uint16_t][Info] ==========================================================
[848:50:28.407][Main][StringBuilderTest][Info] # TC9.uint16_t Result [PASS] #

[848:50:28.407][Main][StringBuilderTest][Info] # TC10.int32_t #
[848:50:28.407][Main][StringBuilderTest][Info] [TC10.int32_t] Result: 2147483647 <=> 2147483647
[848:50:28.407][Main][int32_t][Info] = Allocator Usage ========================================
[848:50:28.407][Main][int32_t][Info] ==========================================================
[848:50:28.407][Main][StringBuilderTest][Info] # TC10.int32_t Result [PASS] #

[848:50:28.407][Main][StringBuilderTest][Info] # TC11.uint32_t #
[848:50:28.407][Main][StringBuilderTest][Info] [TC11.uint32_t] Result: 4294967295 <=> 4294967295
[848:50:28.407][Main][uint32_t][Info] = Allocator Usage ========================================
[848:50:28.407][Main][uint32_t][Info] ==========================================================
[848:50:28.407][Main][StringBuilderTest][Info] # TC11.uint32_t Result [PASS] #

[848:50:28.407][Main][StringBuilderTest][Info] # TC12.int64_t #
[848:50:28.407][Main][StringBuilderTest][Info] [TC12.int64_t] Result: 9223372036854775807 <=> 9223372036854775807
[848:50:28.407][Main][int64_t][Info] = Allocator Usage ========================================
[848:50:28.407][Main][int64_t][Info] ==========================================================
[848:50:28.407][Main][StringBuilderTest][Info] # TC12.int64_t Result [PASS] #

[848:50:28.407][Main][StringBuilderTest][Info] # TC13.uint64_t #
[848:50:28.407][Main][StringBuilderTest][Info] [TC13.uint64_t] Result: 18446744073709551615 <=> 18446744073709551615
[848:50:28.407][Main][uint64_t][Info] = Allocator Usage ========================================
[848:50:28.407][Main][uint64_t][Info] ==========================================================
[848:50:28.407][Main][StringBuilderTest][Info] # TC13.uint64_t Result [PASS] #

[848:50:28.407][Main][StringBuilderTest][Info] # TC14.float #
[848:50:28.407][Main][StringBuilderTest][Info] [TC14.float] Result: 340282346638528859811704183484516925440.000000 <=> 340282346638528859811704183484516925440.000000
[848:50:28.407][Main][float][Info] = Allocator Usage ========================================
[848:50:28.407][Main][float][Info] [64] Memory = 0 / 1048576
[848:50:28.407][Main][float][Info] ==========================================================
[848:50:28.407][Main][StringBuilderTest][Info] # TC14.float Result [PASS] #

[848:50:28.407][Main][StringBuilderTest][Info] # TC15.double #
[848:50:28.407][Main][StringBuilderTest][Info] [TC15.double] Result: 179769313486231570814527423731704356798070567525844996598917476803157260780028538760589558632766878171540458953514382464234321326889464182768467546703537516986049910576551282076245490090389328944075868508455133942304583236903222948165808559332123348274797826204144723168738177180919299881250404026184124858368.000000 <=> 179769313486231570814527423731704356798070567525844996598917476803157260780028538760589558632766878171540458953514382464234321326889464182768467546703537516986049910576551282076245490090389328944075868508455133942304583236903222948165808559332123348274797826204144723168738177180919299881250404026184124858368.000000
[848:50:28.407][Main][double][Info] = Allocator Usage ========================================
[848:50:28.407][Main][double][Info] [512] Memory = 0 / 1048576
[848:50:28.407][Main][double][Info] ==========================================================
[848:50:28.407][Main][StringBuilderTest][Info] # TC15.double Result [PASS] #

[848:50:28.407][Main][StringBuilderTest][Info] # TC16.long double #
[848:50:28.407][Main][StringBuilderTest][Info] [TC16.long double] Result: 1.797693e+308 <=> 1.797693e+308
[848:50:28.407][Main][long double][Info] = Allocator Usage ========================================
[848:50:28.407][Main][long double][Info] ==========================================================
[848:50:28.407][Main][StringBuilderTest][Info] # TC16.long double Result [PASS] #

[848:50:28.407][Main][StringBuilderTest][Info] = Collection Result: [SUCCESS] =================

[848:50:28.407][Main][StringUtilTest][Info] = START ========================================
[848:50:28.407][Main][StringUtilTest][Info] # TC0.Tokenizer(default) #
[848:50:28.408][Main][StringUtilTest][Info] [TC0.Tokenizer(default)] Token: abc
[848:50:28.408][Main][StringUtilTest][Info] [TC0.Tokenizer(default)] Token: def
[848:50:28.408][Main][StringUtilTest][Info] [TC0.Tokenizer(default)] Token: 123
[848:50:28.408][Main][StringUtilTest][Info] [TC0.Tokenizer(default)] Token: 456
[848:50:28.408][Main][StringUtilTest][Info] [TC0.Tokenizer(default)] Token: 789
[848:50:28.408][Main][StringUtilTest][Info] [TC0.Tokenizer(default)] Token: 000
[848:50:28.408][Main][StringUtilTest][Info] [TC0.Tokenizer(default)] Token: end.
[848:50:28.408][Main][Tokenizer(default)][Info] = Allocator Usage ========================================
[848:50:28.408][Main][Tokenizer(default)][Info] [32] Memory = 0 / 1048576
[848:50:28.408][Main][Tokenizer(default)][Info] [64] Memory = 0 / 1048576
[848:50:28.408][Main][Tokenizer(default)][Info] [128] Memory = 0 / 1048576
[848:50:28.408][Main][Tokenizer(default)][Info] [256] Memory = 0 / 1048576
[848:50:28.408][Main][Tokenizer(default)][Info] ==========================================================
[848:50:28.408][Main][StringUtilTest][Info] # TC0.Tokenizer(default) Result [PASS] #

[848:50:28.408][Main][StringUtilTest][Info] # TC1.Tokenizer #
[848:50:28.408][Main][StringUtilTest][Info] [TC1.Tokenizer] Token: abc
[848:50:28.408][Main][StringUtilTest][Info] [TC1.Tokenizer] Token: def
[848:50:28.408][Main][StringUtilTest][Info] [TC1.Tokenizer] Token: 123
[848:50:28.408][Main][StringUtilTest][Info] [TC1.Tokenizer] Token: 456
[848:50:28.408][Main][StringUtilTest][Info] [TC1.Tokenizer] Token: 789
[848:50:28.408][Main][StringUtilTest][Info] [TC1.Tokenizer] Token: 000
[848:50:28.408][Main][StringUtilTest][Info] [TC1.Tokenizer] Token: end
[848:50:28.408][Main][Tokenizer][Info] = Allocator Usage ========================================
[848:50:28.408][Main][Tokenizer][Info] [32] Memory = 0 / 1048576
[848:50:28.408][Main][Tokenizer][Info] [64] Memory = 0 / 1048576
[848:50:28.408][Main][Tokenizer][Info] [128] Memory = 0 / 1048576
[848:50:28.408][Main][Tokenizer][Info] [256] Memory = 0 / 1048576
[848:50:28.408][Main][Tokenizer][Info] ==========================================================
[848:50:28.408][Main][StringUtilTest][Info] # TC1.Tokenizer Result [PASS] #

[848:50:28.408][Main][StringUtilTest][Info] # TC2.ToClassName #
[848:50:28.408][Main][StringUtilTest][Info] [TC2.ToClassName] Class Name is hbe::StringUtilTest / hbe::StringUtilTest
[848:50:28.408][Main][ToClassName][Info] = Allocator Usage ========================================
[848:50:28.408][Main][ToClassName][Info] ==========================================================
[848:50:28.408][Main][StringUtilTest][Info] # TC2.ToClassName Result [PASS] #

[848:50:28.408][Main][StringUtilTest][Info] # TC3.ToCompactClassName #
[848:50:28.408][Main][StringUtilTest][Info] [TC3.ToCompactClassName] Compact Class Name is StringUtilTest / StringUtilTest
[848:50:28.408][Main][ToCompactClassName][Info] = Allocator Usage ========================================
[848:50:28.408][Main][ToCompactClassName][Info] ==========================================================
[848:50:28.408][Main][StringUtilTest][Info] # TC3.ToCompactClassName Result [PASS] #

[848:50:28.408][Main][StringUtilTest][Info] # TC4.ToFunctionName::Namespace #
[848:50:28.408][Main][StringUtilTest][Info] [TC4.ToFunctionName::Namespace] Function Name is Prepare() / (Prepare() or Prepare(void))
[848:50:28.408][Main][ToFunctionName::Namespace][Info] = Allocator Usage ========================================
[848:50:28.408][Main][ToFunctionName::Namespace][Info] ==========================================================
[848:50:28.408][Main][StringUtilTest][Info] # TC4.ToFunctionName::Namespace Result [PASS] #

[848:50:28.408][Main][StringUtilTest][Info] # TC5.ToMethodName #
[848:50:28.408][Main][StringUtilTest][Info] [TC5.ToMethodName] Function Name is hbe::StringUtilTest::Prepare / (hbe::StringUtilTest::Prepare)
[848:50:28.408][Main][ToMethodName][Info] = Allocator Usage ========================================
[848:50:28.408][Main][ToMethodName][Info] ==========================================================
[848:50:28.408][Main][StringUtilTest][Info] # TC5.ToMethodName Result [PASS] #

[848:50:28.408][Main][StringUtilTest][Info] # TC6.ToCompactMethodName #
[848:50:28.408][Main][StringUtilTest][Info] [TC6.ToCompactMethodName] Function Name is StringUtilTest::Prepare / (StringUtilTest::Prepare)
[848:50:28.408][Main][ToCompactMethodName][Info] = Allocator Usage ========================================
[848:50:28.408][Main][ToCompactMethodName][Info] ==========================================================
[848:50:28.408][Main][StringUtilTest][Info] # TC6.ToCompactMethodName Result [PASS] #

[848:50:28.408][Main][StringUtilTest][Info] = Collection Result: [SUCCESS] =================

[848:50:28.408][Main][MathUtilTest][Info] = START ========================================
[848:50:28.408][Main][MathUtilTest][Info] # TC0.Exponent #
[848:50:28.408][Main][Exponent][Info] = Allocator Usage ========================================
[848:50:28.408][Main][Exponent][Info] ==========================================================
[848:50:28.408][Main][MathUtilTest][Info] # TC0.Exponent Result [PASS] #

[848:50:28.408][Main][MathUtilTest][Info] = Collection Result: [SUCCESS] =================

[848:50:28.408][Main][Vector2Test][Info] = START ========================================
[848:50:28.408][Main][Vector2Test][Info] # TC0.Vector2 Constants & Operations #
[848:50:28.408][Main][Vector2Test][Info] [TC0.Vector2 Constants & Operations] Zero = (0, 0), norm = 0
[848:50:28.408][Main][Vector2Test][Info] [TC0.Vector2 Constants & Operations] X = (1, 0), norm = 1
[848:50:28.408][Main][Vector2Test][Info] [TC0.Vector2 Constants & Operations] Y = (0, 1), norm = 1
[848:50:28.408][Main][Vector2 Constants & Operations][Info] = Allocator Usage ========================================
[848:50:28.408][Main][Vector2 Constants & Operations][Info] ==========================================================
[848:50:28.408][Main][Vector2Test][Info] # TC0.Vector2 Constants & Operations Result [PASS] #

[848:50:28.408][Main][Vector2Test][Info] = Collection Result: [SUCCESS] =================

[848:50:28.408][Main][Vector3Test][Info] = START ========================================
[848:50:28.408][Main][Vector3Test][Info] # TC0.Constants #
[848:50:28.408][Main][Vector3Test][Info] [TC0.Constants] Forward = (0, 1, 0), norm = 1
[848:50:28.408][Main][Vector3Test][Info] [TC0.Constants] Right = (1, 0, 0), norm = 1
[848:50:28.408][Main][Vector3Test][Info] [TC0.Constants] Up = (0, 0, 1), norm = 1
[848:50:28.408][Main][Vector3Test][Info] [TC0.Constants] Zero = (0, 0, 0), norm = 0
[848:50:28.408][Main][Vector3Test][Info] [TC0.Constants] Unity = (1, 1, 1), norm = 1.73205
[848:50:28.408][Main][Constants][Info] = Allocator Usage ========================================
[848:50:28.408][Main][Constants][Info] ==========================================================
[848:50:28.408][Main][Vector3Test][Info] # TC0.Constants Result [PASS] #

[848:50:28.408][Main][Vector3Test][Info] # TC1.Cross Product #
[848:50:28.408][Main][Vector3Test][Info] [TC1.Cross Product] X x Y = (0, 0, 1), norm = 1
[848:50:28.408][Main][Vector3Test][Info] [TC1.Cross Product] Right x Forward = (0, 0, 1), norm = 1
[848:50:28.408][Main][Cross Product][Info] = Allocator Usage ========================================
[848:50:28.408][Main][Cross Product][Info] ==========================================================
[848:50:28.408][Main][Vector3Test][Info] # TC1.Cross Product Result [PASS] #

[848:50:28.408][Main][Vector3Test][Info] # TC2.Default Constructor #
[848:50:28.408][Main][Default Constructor][Info] = Allocator Usage ========================================
[848:50:28.408][Main][Default Constructor][Info] ==========================================================
[848:50:28.408][Main][Vector3Test][Info] # TC2.Default Constructor Result [PASS] #

[848:50:28.408][Main][Vector3Test][Info] # TC3.Constructors and Operators #
[848:50:28.602][Main][Vector3Test][Info] [TC3.Constructors and Operators] Float3 Dot Time = 0.042005, Result = 1.33402e+18
[848:50:28.613][Main][Constructors and Operators][Info] = Allocator Usage ========================================
[848:50:28.613][Main][Constructors and Operators][Info] [16] Memory = 0 / 1048576
[848:50:28.613][Main][Constructors and Operators][Info] [32] Memory = 0 / 1048576
[848:50:28.613][Main][Constructors and Operators][Info] [64] Memory = 0 / 1048576
[848:50:28.613][Main][Constructors and Operators][Info] [128] Memory = 0 / 1048576
[848:50:28.613][Main][Constructors and Operators][Info] [256] Memory = 0 / 1048576
[848:50:28.613][Main][Constructors and Operators][Info] [512] Memory = 0 / 1048576
[848:50:28.613][Main][Constructors and Operators][Info] [1024] Memory = 0 / 1048576
[848:50:28.613][Main][Constructors and Operators][Info] [2048] Memory = 0 / 1048576
[848:50:28.613][Main][Constructors and Operators][Info] [4096] Memory = 0 / 1048576
[848:50:28.613][Main][Constructors and Operators][Info] [8192] Memory = 0 / 1048576
[848:50:28.613][Main][Constructors and Operators][Info] [16384] Memory = 0 / 1048576
[848:50:28.613][Main][Constructors and Operators][Info] [32768] Memory = 0 / 1048576
[848:50:28.613][Main][Constructors and Operators][Info] [65536] Memory = 0 / 1048576
[848:50:28.613][Main][Constructors and Operators][Info] [131072] Memory = 0 / 2097152
[848:50:28.613][Main][Constructors and Operators][Info] [262144] Memory = 0 / 4194304
[848:50:28.613][Main][Constructors and Operators][Info] [524288] Memory = 0 / 8388608
[848:50:28.613][Main][Constructors and Operators][Info] [1048576] Memory = 0 / 1048576
[848:50:28.613][Main][Constructors and Operators][Info] [2097152] Memory = 0 / 2097152
[848:50:28.613][Main][Constructors and Operators][Info] [4194304] Memory = 0 / 4194304
[848:50:28.613][Main][Constructors and Operators][Info] [8388608] Memory = 0 / 8388608
[848:50:28.613][Main][Constructors and Operators][Info] [16777216] Memory = 0 / 16777216
[848:50:28.613][Main][Constructors and Operators][Info] [33554432] Memory = 0 / 33554432
[848:50:28.613][Main][Constructors and Operators][Info] [67108864] Memory = 0 / 67108864
[848:50:28.613][Main][Constructors and Operators][Info] [134217728] Memory = 0 / 134217728
[848:50:28.613][Main][Constructors and Operators][Info] ==========================================================
[848:50:28.613][Main][Vector3Test][Info] # TC3.Constructors and Operators Result [PASS] #

[848:50:28.613][Main][Vector3Test][Info] # TC4.Interpolation #
[848:50:28.613][Main][Vector3Test][Info] [TC4.Interpolation] Float3, Slerp half = (0.707107, 0.707107, 0), norm = 1
[848:50:28.613][Main][Interpolation][Info] = Allocator Usage ========================================
[848:50:28.613][Main][Interpolation][Info] ==========================================================
[848:50:28.613][Main][Vector3Test][Info] # TC4.Interpolation Result [PASS] #

[848:50:28.613][Main][Vector3Test][Info] = Collection Result: [SUCCESS] =================

[848:50:28.613][Main][Vector4Test][Info] = START ========================================
[848:50:28.613][Main][Vector4Test][Info] # TC0.Vector4 Constants #
[848:50:28.613][Main][Vector4Test][Info] [TC0.Vector4 Constants] Forward = (0, 1, 0, 1), norm = 1.41421
[848:50:28.613][Main][Vector4Test][Info] [TC0.Vector4 Constants] Right = (1, 0, 0, 1), norm = 1.41421
[848:50:28.613][Main][Vector4Test][Info] [TC0.Vector4 Constants] Up = (0, 0, 1, 1), norm = 1.41421
[848:50:28.613][Main][Vector4Test][Info] [TC0.Vector4 Constants] Zero = (0, 0, 0, 0), norm = 0
[848:50:28.613][Main][Vector4Test][Info] [TC0.Vector4 Constants] Unity = (1, 1, 1, 1), norm = 2
[848:50:28.613][Main][Vector4 Constants][Info] = Allocator Usage ========================================
[848:50:28.613][Main][Vector4 Constants][Info] ==========================================================
[848:50:28.613][Main][Vector4Test][Info] # TC0.Vector4 Constants Result [PASS] #

[848:50:28.613][Main][Vector4Test][Info] # TC1.Vector4 Constructors & Operator #
[848:50:28.809][Main][Vector4Test][Info] [TC1.Vector4 Constructors & Operator] Float4 Dot Time = 0.044177, Result = 1.33402e+18
[848:50:28.820][Main][Vector4 Constructors & Operator][Info] = Allocator Usage ========================================
[848:50:28.820][Main][Vector4 Constructors & Operator][Info] [16] Memory = 0 / 1048576
[848:50:28.820][Main][Vector4 Constructors & Operator][Info] [32] Memory = 0 / 1048576
[848:50:28.820][Main][Vector4 Constructors & Operator][Info] [64] Memory = 0 / 1048576
[848:50:28.820][Main][Vector4 Constructors & Operator][Info] [128] Memory = 0 / 1048576
[848:50:28.820][Main][Vector4 Constructors & Operator][Info] [256] Memory = 0 / 1048576
[848:50:28.820][Main][Vector4 Constructors & Operator][Info] [512] Memory = 0 / 1048576
[848:50:28.820][Main][Vector4 Constructors & Operator][Info] [1024] Memory = 0 / 1048576
[848:50:28.820][Main][Vector4 Constructors & Operator][Info] [2048] Memory = 0 / 1048576
[848:50:28.820][Main][Vector4 Constructors & Operator][Info] [4096] Memory = 0 / 1048576
[848:50:28.820][Main][Vector4 Constructors & Operator][Info] [8192] Memory = 0 / 1048576
[848:50:28.820][Main][Vector4 Constructors & Operator][Info] [16384] Memory = 0 / 1048576
[848:50:28.820][Main][Vector4 Constructors & Operator][Info] [32768] Memory = 0 / 1048576
[848:50:28.820][Main][Vector4 Constructors & Operator][Info] [65536] Memory = 0 / 1048576
[848:50:28.820][Main][Vector4 Constructors & Operator][Info] [131072] Memory = 0 / 2097152
[848:50:28.820][Main][Vector4 Constructors & Operator][Info] [262144] Memory = 0 / 4194304
[848:50:28.820][Main][Vector4 Constructors & Operator][Info] [524288] Memory = 0 / 8388608
[848:50:28.820][Main][Vector4 Constructors & Operator][Info] [1048576] Memory = 0 / 1048576
[848:50:28.820][Main][Vector4 Constructors & Operator][Info] [2097152] Memory = 0 / 2097152
[848:50:28.820][Main][Vector4 Constructors & Operator][Info] [4194304] Memory = 0 / 4194304
[848:50:28.820][Main][Vector4 Constructors & Operator][Info] [8388608] Memory = 0 / 8388608
[848:50:28.820][Main][Vector4 Constructors & Operator][Info] [16777216] Memory = 0 / 16777216
[848:50:28.820][Main][Vector4 Constructors & Operator][Info] [33554432] Memory = 0 / 33554432
[848:50:28.820][Main][Vector4 Constructors & Operator][Info] [67108864] Memory = 0 / 67108864
[848:50:28.820][Main][Vector4 Constructors & Operator][Info] [134217728] Memory = 0 / 134217728
[848:50:28.820][Main][Vector4 Constructors & Operator][Info] ==========================================================
[848:50:28.821][Main][Vector4Test][Info] # TC1.Vector4 Constructors & Operator Result [PASS] #

[848:50:28.821][Main][Vector4Test][Info] = Collection Result: [SUCCESS] =================

[848:50:28.821][Main][Monte Carlo Integration Test][Info] = START ========================================
[848:50:28.821][Main][Monte Carlo Integration Test][Info] # TC0.Calculate Pi #
[848:50:28.821][Main][Monte Carlo Integration Test][Info] [TC0.Calculate Pi] MC Samples = 1024, result = 3.16016, PI 3.14159
[848:50:28.821][Main][Monte Carlo Integration Test][Info] [TC0.Calculate Pi] MC Samples = 1024, result = 3.13672, PI 3.14159
[848:50:28.821][Main][Monte Carlo Integration Test][Info] [TC0.Calculate Pi] MC Samples = 1024, result = 3.08594, PI 3.14159
[848:50:28.821][Main][Monte Carlo Integration Test][Info] [TC0.Calculate Pi] MC Samples = 1024, result = 3.17188, PI 3.14159
[848:50:28.821][Main][Monte Carlo Integration Test][Info] [TC0.Calculate Pi] MC Samples = 1024, result = 3.11328, PI 3.14159
[848:50:28.821][Main][Monte Carlo Integration Test][Info] [TC0.Calculate Pi] MC Samples = 1024, result = 3.23828, PI 3.14159
[848:50:28.821][Main][Monte Carlo Integration Test][Info] [TC0.Calculate Pi] MC Samples = 1024, result = 3.10547, PI 3.14159
[848:50:28.821][Main][Monte Carlo Integration Test][Info] [TC0.Calculate Pi] MC Samples = 1024, result = 3.14062, PI 3.14159
[848:50:28.821][Main][Monte Carlo Integration Test][Info] [TC0.Calculate Pi] MC Samples = 1024, result = 3.09766, PI 3.14159
[848:50:28.821][Main][Monte Carlo Integration Test][Info] [TC0.Calculate Pi] MC Samples = 1024, result = 3.07422, PI 3.14159
[848:50:28.821][Main][Monte Carlo Integration Test][Info] [TC0.Calculate Pi] Average = 3.13242, Std. Deviation = 0.0463331
[848:50:28.821][Main][Calculate Pi][Info] = Allocator Usage ========================================
[848:50:28.821][Main][Calculate Pi][Info] ==========================================================
[848:50:28.821][Main][Monte Carlo Integration Test][Info] # TC0.Calculate Pi Result [PASS] #

[848:50:28.821][Main][Monte Carlo Integration Test][Info] # TC1.Calculate Pi (2) #
[848:50:28.821][Main][Monte Carlo Integration Test][Info] [TC1.Calculate Pi (2)] MC Samples = 1024, result = 3.20657, PI 3.14159
[848:50:28.821][Main][Monte Carlo Integration Test][Info] [TC1.Calculate Pi (2)] MC Samples = 1024, result = 3.19517, PI 3.14159
[848:50:28.821][Main][Monte Carlo Integration Test][Info] [TC1.Calculate Pi (2)] MC Samples = 1024, result = 3.1794, PI 3.14159
[848:50:28.821][Main][Monte Carlo Integration Test][Info] [TC1.Calculate Pi (2)] MC Samples = 1024, result = 3.13373, PI 3.14159
[848:50:28.822][Main][Monte Carlo Integration Test][Info] [TC1.Calculate Pi (2)] MC Samples = 1024, result = 3.11633, PI 3.14159
[848:50:28.822][Main][Monte Carlo Integration Test][Info] [TC1.Calculate Pi (2)] MC Samples = 1024, result = 3.1343, PI 3.14159
[848:50:28.822][Main][Monte Carlo Integration Test][Info] [TC1.Calculate Pi (2)] MC Samples = 1024, result = 3.10752, PI 3.14159
[848:50:28.822][Main][Monte Carlo Integration Test][Info] [TC1.Calculate Pi (2)] MC Samples = 1024, result = 2.87889, PI 3.14159
[848:50:28.822][Main][Monte Carlo Integration Test][Info] [TC1.Calculate Pi (2)] MC Samples = 1024, result = 3.21277, PI 3.14159
[848:50:28.822][Main][Monte Carlo Integration Test][Info] [TC1.Calculate Pi (2)] MC Samples = 1024, result = 2.94115, PI 3.14159
[848:50:28.822][Main][Monte Carlo Integration Test][Info] [TC1.Calculate Pi (2)] Average = 3.11058, Std. Deviation = 0.107275
[848:50:28.822][Main][Calculate Pi (2)][Info] = Allocator Usage ========================================
[848:50:28.822][Main][Calculate Pi (2)][Info] ==========================================================
[848:50:28.822][Main][Monte Carlo Integration Test][Info] # TC1.Calculate Pi (2) Result [PASS] #

[848:50:28.822][Main][Monte Carlo Integration Test][Info] = Collection Result: [SUCCESS] =================

[848:50:28.822][Main][Stratified Sampling Test][Info] = START ========================================
[848:50:28.822][Main][Stratified Sampling Test][Info] # TC0.Calculate Pi Comparison #
[848:50:28.822][Main][Stratified Sampling Test][Info] [TC0.Calculate Pi Comparison] MC Samples = 512, result = 3.05469, PI 3.14159
[848:50:28.822][Main][Stratified Sampling Test][Info] [TC0.Calculate Pi Comparison] MC Samples = 512, result = 2.98438, PI 3.14159
[848:50:28.822][Main][Stratified Sampling Test][Info] [TC0.Calculate Pi Comparison] MC Samples = 512, result = 3.10938, PI 3.14159
[848:50:28.822][Main][Stratified Sampling Test][Info] [TC0.Calculate Pi Comparison] MC Samples = 512, result = 3.30469, PI 3.14159
[848:50:28.822][Main][Stratified Sampling Test][Info] [TC0.Calculate Pi Comparison] MC Samples = 512, result = 3.10156, PI 3.14159
[848:50:28.822][Main][Stratified Sampling Test][Info] [TC0.Calculate Pi Comparison] MC Samples = 512, result = 3.22656, PI 3.14159
[848:50:28.822][Main][Stratified Sampling Test][Info] [TC0.Calculate Pi Comparison] MC Samples = 512, result = 3.19531, PI 3.14159
[848:50:28.822][Main][Stratified Sampling Test][Info] [TC0.Calculate Pi Comparison] MC Samples = 512, result = 3.17969, PI 3.14159
[848:50:28.822][Main][Stratified Sampling Test][Info] [TC0.Calculate Pi Comparison] MC Samples = 512, result = 3.14844, PI 3.14159
[848:50:28.822][Main][Stratified Sampling Test][Info] [TC0.Calculate Pi Comparison] MC Samples = 512, result = 3.14062, PI 3.14159
[848:50:28.822][Main][Stratified Sampling Test][Info] [TC0.Calculate Pi Comparison] Uniform Random: Average = 3.14453, Std. Deviation = 0.0854568
[848:50:28.822][Main][Stratified Sampling Test][Info] [TC0.Calculate Pi Comparison] MC Samples = 512, result = 3.125, PI 3.14159
[848:50:28.822][Main][Stratified Sampling Test][Info] [TC0.Calculate Pi Comparison] MC Samples = 512, result = 3.17188, PI 3.14159
[848:50:28.822][Main][Stratified Sampling Test][Info] [TC0.Calculate Pi Comparison] MC Samples = 512, result = 3.125, PI 3.14159
[848:50:28.822][Main][Stratified Sampling Test][Info] [TC0.Calculate Pi Comparison] MC Samples = 512, result = 3.17188, PI 3.14159
[848:50:28.823][Main][Stratified Sampling Test][Info] [TC0.Calculate Pi Comparison] MC Samples = 512, result = 3.11719, PI 3.14159
[848:50:28.823][Main][Stratified Sampling Test][Info] [TC0.Calculate Pi Comparison] MC Samples = 512, result = 3.10156, PI 3.14159
[848:50:28.823][Main][Stratified Sampling Test][Info] [TC0.Calculate Pi Comparison] MC Samples = 512, result = 3.22656, PI 3.14159
[848:50:28.823][Main][Stratified Sampling Test][Info] [TC0.Calculate Pi Comparison] MC Samples = 512, result = 3.17188, PI 3.14159
[848:50:28.823][Main][Stratified Sampling Test][Info] [TC0.Calculate Pi Comparison] MC Samples = 512, result = 3.11719, PI 3.14159
[848:50:28.823][Main][Stratified Sampling Test][Info] [TC0.Calculate Pi Comparison] MC Samples = 512, result = 3.24219, PI 3.14159
[848:50:28.823][Main][Stratified Sampling Test][Info] [TC0.Calculate Pi Comparison] Stratified Random: Average = 3.15703, Std. Deviation = 0.0458814
[848:50:28.823][Main][Calculate Pi Comparison][Info] = Allocator Usage ========================================
[848:50:28.823][Main][Calculate Pi Comparison][Info] ==========================================================
[848:50:28.823][Main][Stratified Sampling Test][Info] # TC0.Calculate Pi Comparison Result [PASS] #

[848:50:28.823][Main][Stratified Sampling Test][Info] = Collection Result: [SUCCESS] =================

[848:50:28.823][Main][Importance Resampling Test][Info] = START ========================================
[848:50:28.823][Main][Importance Resampling Test][Info] # TC0.Calculate Pi #
[848:50:28.823][Main][Importance Resampling Test][Info] [TC0.Calculate Pi] Samples = 200, Resampling = 50, result = 2.99711 <=> PI 3.14159, Error = 4.5991
[848:50:28.823][Main][Importance Resampling Test][Info] [TC0.Calculate Pi] Samples = 200, Resampling = 50, result = 3.05624 <=> PI 3.14159, Error = 2.71683
[848:50:28.823][Main][Importance Resampling Test][Info] [TC0.Calculate Pi] Samples = 200, Resampling = 50, result = 3.05822 <=> PI 3.14159, Error = 2.65395
[848:50:28.823][Main][Importance Resampling Test][Info] [TC0.Calculate Pi] Samples = 200, Resampling = 50, result = 3.05678 <=> PI 3.14159, Error = 2.69975
[848:50:28.823][Main][Importance Resampling Test][Info] [TC0.Calculate Pi] Samples = 200, Resampling = 50, result = 3.05464 <=> PI 3.14159, Error = 2.76793
[848:50:28.823][Main][Importance Resampling Test][Info] [TC0.Calculate Pi] Average = 3.0446, Std. Deviation = 0.0237716, Error = 3.08751
[848:50:28.823][Main][Calculate Pi][Info] = Allocator Usage ========================================
[848:50:28.823][Main][Calculate Pi][Info] [2048] Memory = 0 / 1048576
[848:50:28.823][Main][Calculate Pi][Info] ==========================================================
[848:50:28.823][Main][Importance Resampling Test][Info] # TC0.Calculate Pi Result [PASS] #

[848:50:28.823][Main][Importance Resampling Test][Info] # TC1.Calculate Pi(Stratified) #
[848:50:28.823][Main][Importance Resampling Test][Info] [TC1.Calculate Pi(Stratified)] Samples = 200, Resampling = 50, result = 3.13713 <=> PI 3.14159, Error = 0.14213
[848:50:28.823][Main][Importance Resampling Test][Info] [TC1.Calculate Pi(Stratified)] Samples = 200, Resampling = 50, result = 3.14188 <=> PI 3.14159, Error = 0.00900998
[848:50:28.823][Main][Importance Resampling Test][Info] [TC1.Calculate Pi(Stratified)] Samples = 200, Resampling = 50, result = 3.14327 <=> PI 3.14159, Error = 0.0534475
[848:50:28.823][Main][Importance Resampling Test][Info] [TC1.Calculate Pi(Stratified)] Samples = 200, Resampling = 50, result = 3.14296 <=> PI 3.14159, Error = 0.0434891
[848:50:28.823][Main][Importance Resampling Test][Info] [TC1.Calculate Pi(Stratified)] Samples = 200, Resampling = 50, result = 3.14287 <=> PI 3.14159, Error = 0.0407002
[848:50:28.823][Main][Importance Resampling Test][Info] [TC1.Calculate Pi(Stratified)] Average = 3.14162, Std. Deviation = 0.00229497, Error = 0.000903402
[848:50:28.823][Main][Calculate Pi(Stratified)][Info] = Allocator Usage ========================================
[848:50:28.823][Main][Calculate Pi(Stratified)][Info] [2048] Memory = 0 / 1048576
[848:50:28.823][Main][Calculate Pi(Stratified)][Info] ==========================================================
[848:50:28.823][Main][Importance Resampling Test][Info] # TC1.Calculate Pi(Stratified) Result [PASS] #

[848:50:28.823][Main][Importance Resampling Test][Info] # TC2.Calculate Pi (Growth) #
[848:50:28.823][Main][Importance Resampling Test][Info] [TC2.Calculate Pi (Growth)] Samples = 200, Resampling = 50, result = 3.13967 <=> PI 3.14159, Error = 0.0610754
[848:50:28.823][Main][Importance Resampling Test][Info] [TC2.Calculate Pi (Growth)] Samples = 200, Resampling = 50, result = 3.13571 <=> PI 3.14159, Error = 0.187294
[848:50:28.823][Main][Importance Resampling Test][Info] [TC2.Calculate Pi (Growth)] Samples = 200, Resampling = 50, result = 3.13493 <=> PI 3.14159, Error = 0.211985
[848:50:28.823][Main][Importance Resampling Test][Info] [TC2.Calculate Pi (Growth)] Samples = 200, Resampling = 50, result = 3.13955 <=> PI 3.14159, Error = 0.0649615
[848:50:28.823][Main][Importance Resampling Test][Info] [TC2.Calculate Pi (Growth)] Samples = 200, Resampling = 50, result = 3.1398 <=> PI 3.14159, Error = 0.0569875
[848:50:28.823][Main][Importance Resampling Test][Info] [TC2.Calculate Pi (Growth)] Average = 3.13793, Std. Deviation = 0.00214913, Error = 0.116461
[848:50:28.823][Main][Importance Resampling Test][Info] [TC2.Calculate Pi (Growth)] Samples = 400, Resampling = 50, result = 3.13426 <=> PI 3.14159, Error = 0.233312
[848:50:28.823][Main][Importance Resampling Test][Info] [TC2.Calculate Pi (Growth)] Samples = 400, Resampling = 50, result = 3.13412 <=> PI 3.14159, Error = 0.237825
[848:50:28.823][Main][Importance Resampling Test][Info] [TC2.Calculate Pi (Growth)] Samples = 400, Resampling = 50, result = 3.134 <=> PI 3.14159, Error = 0.241643
[848:50:28.823][Main][Importance Resampling Test][Info] [TC2.Calculate Pi (Growth)] Samples = 400, Resampling = 50, result = 3.13596 <=> PI 3.14159, Error = 0.179145
[848:50:28.823][Main][Importance Resampling Test][Info] [TC2.Calculate Pi (Growth)] Samples = 400, Resampling = 50, result = 3.13484 <=> PI 3.14159, Error = 0.214898
[848:50:28.823][Main][Importance Resampling Test][Info] [TC2.Calculate Pi (Growth)] Average = 3.13464, Std. Deviation = 0.000723138, Error = 0.221365
[848:50:28.823][Main][Importance Resampling Test][Info] [TC2.Calculate Pi (Growth)] Samples = 600, Resampling = 50, result = 3.14306 <=> PI 3.14159, Error = 0.046611
[848:50:28.823][Main][Importance Resampling Test][Info] [TC2.Calculate Pi (Growth)] Samples = 600, Resampling = 50, result = 3.1415 <=> PI 3.14159, Error = 0.00299387
[848:50:28.824][Main][Importance Resampling Test][Info] [TC2.Calculate Pi (Growth)] Samples = 600, Resampling = 50, result = 3.14078 <=> PI 3.14159, Error = 0.0259591
[848:50:28.824][Main][Importance Resampling Test][Info] [TC2.Calculate Pi (Growth)] Samples = 600, Resampling = 50, result = 3.14122 <=> PI 3.14159, Error = 0.0117936
[848:50:28.824][Main][Importance Resampling Test][Info] [TC2.Calculate Pi (Growth)] Samples = 600, Resampling = 50, result = 3.14248 <=> PI 3.14159, Error = 0.0283798
[848:50:28.824][Main][Importance Resampling Test][Info] [TC2.Calculate Pi (Growth)] Average = 3.14181, Std. Deviation = 0.000838916, Error = 0.00684885
[848:50:28.824][Main][Importance Resampling Test][Info] [TC2.Calculate Pi (Growth)] Samples = 800, Resampling = 50, result = 3.14058 <=> PI 3.14159, Error = 0.032256
[848:50:28.824][Main][Importance Resampling Test][Info] [TC2.Calculate Pi (Growth)] Samples = 800, Resampling = 50, result = 3.14163 <=> PI 3.14159, Error = 0.00108263
[848:50:28.824][Main][Importance Resampling Test][Info] [TC2.Calculate Pi (Growth)] Samples = 800, Resampling = 50, result = 3.14029 <=> PI 3.14159, Error = 0.0415743
[848:50:28.824][Main][Importance Resampling Test][Info] [TC2.Calculate Pi (Growth)] Samples = 800, Resampling = 50, result = 3.14092 <=> PI 3.14159, Error = 0.0214775
[848:50:28.824][Main][Importance Resampling Test][Info] [TC2.Calculate Pi (Growth)] Samples = 800, Resampling = 50, result = 3.13936 <=> PI 3.14159, Error = 0.0710825
[848:50:28.824][Main][Importance Resampling Test][Info] [TC2.Calculate Pi (Growth)] Average = 3.14055, Std. Deviation = 0.000745918, Error = 0.0330615
[848:50:28.824][Main][Importance Resampling Test][Info] [TC2.Calculate Pi (Growth)] Samples = 1000, Resampling = 50, result = 3.14143 <=> PI 3.14159, Error = 0.00519328
[848:50:28.824][Main][Importance Resampling Test][Info] [TC2.Calculate Pi (Growth)] Samples = 1000, Resampling = 50, result = 3.14342 <=> PI 3.14159, Error = 0.0582824
[848:50:28.824][Main][Importance Resampling Test][Info] [TC2.Calculate Pi (Growth)] Samples = 1000, Resampling = 50, result = 3.14514 <=> PI 3.14159, Error = 0.112968
[848:50:28.824][Main][Importance Resampling Test][Info] [TC2.Calculate Pi (Growth)] Samples = 1000, Resampling = 50, result = 3.14465 <=> PI 3.14159, Error = 0.0972119
[848:50:28.824][Main][Importance Resampling Test][Info] [TC2.Calculate Pi (Growth)] Samples = 1000, Resampling = 50, result = 3.14382 <=> PI 3.14159, Error = 0.0708876
[848:50:28.824][Main][Importance Resampling Test][Info] [TC2.Calculate Pi (Growth)] Average = 3.14369, Std. Deviation = 0.00128219, Error = 0.0668314
[848:50:28.824][Main][Importance Resampling Test][Info] [TC2.Calculate Pi (Growth)] Samples = 1200, Resampling = 50, result = 3.14464 <=> PI 3.14159, Error = 0.0969208
[848:50:28.824][Main][Importance Resampling Test][Info] [TC2.Calculate Pi (Growth)] Samples = 1200, Resampling = 50, result = 3.14069 <=> PI 3.14159, Error = 0.0288095
[848:50:28.824][Main][Importance Resampling Test][Info] [TC2.Calculate Pi (Growth)] Samples = 1200, Resampling = 50, result = 3.1439 <=> PI 3.14159, Error = 0.073418
[848:50:28.824][Main][Importance Resampling Test][Info] [TC2.Calculate Pi (Growth)] Samples = 1200, Resampling = 50, result = 3.14325 <=> PI 3.14159, Error = 0.0528075
[848:50:28.824][Main][Importance Resampling Test][Info] [TC2.Calculate Pi (Growth)] Samples = 1200, Resampling = 50, result = 3.14238 <=> PI 3.14159, Error = 0.0251184
[848:50:28.824][Main][Importance Resampling Test][Info] [TC2.Calculate Pi (Growth)] Average = 3.14297, Std. Deviation = 0.00136226, Error = 0.0438911
[848:50:28.824][Main][Importance Resampling Test][Info] [TC2.Calculate Pi (Growth)] Samples = 1400, Resampling = 50, result = 3.14282 <=> PI 3.14159, Error = 0.039178
[848:50:28.824][Main][Importance Resampling Test][Info] [TC2.Calculate Pi (Growth)] Samples = 1400, Resampling = 50, result = 3.1435 <=> PI 3.14159, Error = 0.0607331
[848:50:28.824][Main][Importance Resampling Test][Info] [TC2.Calculate Pi (Growth)] Samples = 1400, Resampling = 50, result = 3.13946 <=> PI 3.14159, Error = 0.0679277
[848:50:28.824][Main][Importance Resampling Test][Info] [TC2.Calculate Pi (Growth)] Samples = 1400, Resampling = 50, result = 3.14524 <=> PI 3.14159, Error = 0.116139
[848:50:28.824][Main][Importance Resampling Test][Info] [TC2.Calculate Pi (Growth)] Samples = 1400, Resampling = 50, result = 3.14627 <=> PI 3.14159, Error = 0.149035
[848:50:28.824][Main][Importance Resampling Test][Info] [TC2.Calculate Pi (Growth)] Average = 3.14346, Std. Deviation = 0.00234578, Error = 0.0594315
[848:50:28.824][Main][Importance Resampling Test][Info] [TC2.Calculate Pi (Growth)] Samples = 1600, Resampling = 50, result = 3.14545 <=> PI 3.14159, Error = 0.122621
[848:50:28.824][Main][Importance Resampling Test][Info] [TC2.Calculate Pi (Growth)] Samples = 1600, Resampling = 50, result = 3.14315 <=> PI 3.14159, Error = 0.0494918
[848:50:28.824][Main][Importance Resampling Test][Info] [TC2.Calculate Pi (Growth)] Samples = 1600, Resampling = 50, result = 3.14556 <=> PI 3.14159, Error = 0.126423
[848:50:28.824][Main][Importance Resampling Test][Info] [TC2.Calculate Pi (Growth)] Samples = 1600, Resampling = 50, result = 3.14648 <=> PI 3.14159, Error = 0.155714
[848:50:28.824][Main][Importance Resampling Test][Info] [TC2.Calculate Pi (Growth)] Samples = 1600, Resampling = 50, result = 3.14549 <=> PI 3.14159, Error = 0.124143
[848:50:28.824][Main][Importance Resampling Test][Info] [TC2.Calculate Pi (Growth)] Average = 3.14523, Std. Deviation = 0.00110794, Error = 0.115679
[848:50:28.824][Main][Importance Resampling Test][Info] [TC2.Calculate Pi (Growth)] Samples = 1800, Resampling = 50, result = 3.14224 <=> PI 3.14159, Error = 0.0206414
[848:50:28.824][Main][Importance Resampling Test][Info] [TC2.Calculate Pi (Growth)] Samples = 1800, Resampling = 50, result = 3.13976 <=> PI 3.14159, Error = 0.0582375
[848:50:28.825][Main][Importance Resampling Test][Info] [TC2.Calculate Pi (Growth)] Samples = 1800, Resampling = 50, result = 3.13937 <=> PI 3.14159, Error = 0.0706363
[848:50:28.825][Main][Importance Resampling Test][Info] [TC2.Calculate Pi (Growth)] Samples = 1800, Resampling = 50, result = 3.14256 <=> PI 3.14159, Error = 0.0308176
[848:50:28.825][Main][Importance Resampling Test][Info] [TC2.Calculate Pi (Growth)] Samples = 1800, Resampling = 50, result = 3.14389 <=> PI 3.14159, Error = 0.0732775
[848:50:28.825][Main][Importance Resampling Test][Info] [TC2.Calculate Pi (Growth)] Average = 3.14157, Std. Deviation = 0.00172776, Error = 0.000827474
[848:50:28.825][Main][Importance Resampling Test][Info] [TC2.Calculate Pi (Growth)] Samples = 2000, Resampling = 50, result = 3.14413 <=> PI 3.14159, Error = 0.0808389
[848:50:28.825][Main][Importance Resampling Test][Info] [TC2.Calculate Pi (Growth)] Samples = 2000, Resampling = 50, result = 3.14347 <=> PI 3.14159, Error = 0.0597321
[848:50:28.825][Main][Importance Resampling Test][Info] [TC2.Calculate Pi (Growth)] Samples = 2000, Resampling = 50, result = 3.14109 <=> PI 3.14159, Error = 0.0160864
[848:50:28.825][Main][Importance Resampling Test][Info] [TC2.Calculate Pi (Growth)] Samples = 2000, Resampling = 50, result = 3.14186 <=> PI 3.14159, Error = 0.00865743
[848:50:28.825][Main][Importance Resampling Test][Info] [TC2.Calculate Pi (Growth)] Samples = 2000, Resampling = 50, result = 3.14434 <=> PI 3.14159, Error = 0.0875774
[848:50:28.825][Main][Importance Resampling Test][Info] [TC2.Calculate Pi (Growth)] Average = 3.14298, Std. Deviation = 0.00128483, Error = 0.0441439
[848:50:28.825][Main][Calculate Pi (Growth)][Info] = Allocator Usage ========================================
[848:50:28.825][Main][Calculate Pi (Growth)][Info] [2048] Memory = 0 / 1048576
[848:50:28.825][Main][Calculate Pi (Growth)][Info] [4096] Memory = 0 / 1048576
[848:50:28.825][Main][Calculate Pi (Growth)][Info] [8192] Memory = 0 / 1048576
[848:50:28.825][Main][Calculate Pi (Growth)][Info] [16384] Memory = 0 / 1048576
[848:50:28.825][Main][Calculate Pi (Growth)][Info] [32768] Memory = 0 / 1048576
[848:50:28.825][Main][Calculate Pi (Growth)][Info] ==========================================================
[848:50:28.825][Main][Importance Resampling Test][Info] # TC2.Calculate Pi (Growth) Result [PASS] #

[848:50:28.825][Main][Importance Resampling Test][Info] # TC3.Calculate Pi (Rebuild Growth) #
[848:50:28.825][Main][Importance Resampling Test][Info] [TC3.Calculate Pi (Rebuild Growth)] Samples = 200, Resampling = 50, result = 3.14222 <=> PI 3.14159, Error = 0.0199982
[848:50:28.825][Main][Importance Resampling Test][Info] [TC3.Calculate Pi (Rebuild Growth)] Samples = 200, Resampling = 50, result = 3.143 <=> PI 3.14159, Error = 0.0449404
[848:50:28.825][Main][Importance Resampling Test][Info] [TC3.Calculate Pi (Rebuild Growth)] Samples = 200, Resampling = 50, result = 3.14133 <=> PI 3.14159, Error = 0.00830991
[848:50:28.825][Main][Importance Resampling Test][Info] [TC3.Calculate Pi (Rebuild Growth)] Samples = 200, Resampling = 50, result = 3.14237 <=> PI 3.14159, Error = 0.0248504
[848:50:28.825][Main][Importance Resampling Test][Info] [TC3.Calculate Pi (Rebuild Growth)] Samples = 200, Resampling = 50, result = 3.14055 <=> PI 3.14159, Error = 0.0331472
[848:50:28.825][Main][Importance Resampling Test][Info] [TC3.Calculate Pi (Rebuild Growth)] Average = 3.1419, Std. Deviation = 0.000858949, Error = 0.00966637
[848:50:28.825][Main][Importance Resampling Test][Info] [TC3.Calculate Pi (Rebuild Growth)] Samples = 200, Resampling = 50, result = 3.12899 <=> PI 3.14159, Error = 0.401289
[848:50:28.825][Main][Importance Resampling Test][Info] [TC3.Calculate Pi (Rebuild Growth)] Samples = 200, Resampling = 50, result = 3.12982 <=> PI 3.14159, Error = 0.374695
[848:50:28.825][Main][Importance Resampling Test][Info] [TC3.Calculate Pi (Rebuild Growth)] Samples = 200, Resampling = 50, result = 3.13029 <=> PI 3.14159, Error = 0.359807
[848:50:28.825][Main][Importance Resampling Test][Info] [TC3.Calculate Pi (Rebuild Growth)] Samples = 200, Resampling = 50, result = 3.12931 <=> PI 3.14159, Error = 0.391076
[848:50:28.825][Main][Importance Resampling Test][Info] [TC3.Calculate Pi (Rebuild Growth)] Samples = 200, Resampling = 50, result = 3.12691 <=> PI 3.14159, Error = 0.467414
[848:50:28.825][Main][Importance Resampling Test][Info] [TC3.Calculate Pi (Rebuild Growth)] Average = 3.12906, Std. Deviation = 0.00116495, Error = 0.398856
[848:50:28.825][Main][Importance Resampling Test][Info] [TC3.Calculate Pi (Rebuild Growth)] Samples = 400, Resampling = 50, result = 3.14549 <=> PI 3.14159, Error = 0.124001
[848:50:28.825][Main][Importance Resampling Test][Info] [TC3.Calculate Pi (Rebuild Growth)] Samples = 400, Resampling = 50, result = 3.14614 <=> PI 3.14159, Error = 0.14489
[848:50:28.825][Main][Importance Resampling Test][Info] [TC3.Calculate Pi (Rebuild Growth)] Samples = 400, Resampling = 50, result = 3.15421 <=> PI 3.14159, Error = 0.401764
[848:50:28.825][Main][Importance Resampling Test][Info] [TC3.Calculate Pi (Rebuild Growth)] Samples = 400, Resampling = 50, result = 3.14546 <=> PI 3.14159, Error = 0.123059
[848:50:28.825][Main][Importance Resampling Test][Info] [TC3.Calculate Pi (Rebuild Growth)] Samples = 400, Resampling = 50, result = 3.14818 <=> PI 3.14159, Error = 0.209732
[848:50:28.825][Main][Importance Resampling Test][Info] [TC3.Calculate Pi (Rebuild Growth)] Average = 3.1479, Std. Deviation = 0.00331089, Error = 0.200689
[848:50:28.825][Main][Importance Resampling Test][Info] [TC3.Calculate Pi (Rebuild Growth)] Samples = 600, Resampling = 50, result = 3.14117 <=> PI 3.14159, Error = 0.0133841
[848:50:28.825][Main][Importance Resampling Test][Info] [TC3.Calculate Pi (Rebuild Growth)] Samples = 600, Resampling = 50, result = 3.13903 <=> PI 3.14159, Error = 0.0816716
[848:50:28.825][Main][Importance Resampling Test][Info] [TC3.Calculate Pi (Rebuild Growth)] Samples = 600, Resampling = 50, result = 3.1304 <=> PI 3.14159, Error = 0.356282
[848:50:28.825][Main][Importance Resampling Test][Info] [TC3.Calculate Pi (Rebuild Growth)] Samples = 600, Resampling = 50, result = 3.14187 <=> PI 3.14159, Error = 0.00877272
[848:50:28.825][Main][Importance Resampling Test][Info] [TC3.Calculate Pi (Rebuild Growth)] Samples = 600, Resampling = 50, result = 3.14046 <=> PI 3.14159, Error = 0.0359918
[848:50:28.826][Main][Importance Resampling Test][Info] [TC3.Calculate Pi (Rebuild Growth)] Average = 3.13859, Std. Deviation = 0.00419977, Error = 0.0957114
[848:50:28.826][Main][Importance Resampling Test][Info] [TC3.Calculate Pi (Rebuild Growth)] Samples = 800, Resampling = 50, result = 3.14298 <=> PI 3.14159, Error = 0.0441935
[848:50:28.826][Main][Importance Resampling Test][Info] [TC3.Calculate Pi (Rebuild Growth)] Samples = 800, Resampling = 50, result = 3.14405 <=> PI 3.14159, Error = 0.0781239
[848:50:28.826][Main][Importance Resampling Test][Info] [TC3.Calculate Pi (Rebuild Growth)] Samples = 800, Resampling = 50, result = 3.14484 <=> PI 3.14159, Error = 0.103352
[848:50:28.826][Main][Importance Resampling Test][Info] [TC3.Calculate Pi (Rebuild Growth)] Samples = 800, Resampling = 50, result = 3.14235 <=> PI 3.14159, Error = 0.0241589
[848:50:28.826][Main][Importance Resampling Test][Info] [TC3.Calculate Pi (Rebuild Growth)] Samples = 800, Resampling = 50, result = 3.14247 <=> PI 3.14159, Error = 0.0280109
[848:50:28.826][Main][Importance Resampling Test][Info] [TC3.Calculate Pi (Rebuild Growth)] Average = 3.14334, Std. Deviation = 0.000959843, Error = 0.0555678
[848:50:28.826][Main][Importance Resampling Test][Info] [TC3.Calculate Pi (Rebuild Growth)] Samples = 1000, Resampling = 50, result = 3.14301 <=> PI 3.14159, Error = 0.0450188
[848:50:28.826][Main][Importance Resampling Test][Info] [TC3.Calculate Pi (Rebuild Growth)] Samples = 1000, Resampling = 50, result = 3.14402 <=> PI 3.14159, Error = 0.0771942
[848:50:28.826][Main][Importance Resampling Test][Info] [TC3.Calculate Pi (Rebuild Growth)] Samples = 1000, Resampling = 50, result = 3.14396 <=> PI 3.14159, Error = 0.0752227
[848:50:28.826][Main][Importance Resampling Test][Info] [TC3.Calculate Pi (Rebuild Growth)] Samples = 1000, Resampling = 50, result = 3.14357 <=> PI 3.14159, Error = 0.0630696
[848:50:28.826][Main][Importance Resampling Test][Info] [TC3.Calculate Pi (Rebuild Growth)] Samples = 1000, Resampling = 50, result = 3.14389 <=> PI 3.14159, Error = 0.0732394
[848:50:28.826][Main][Importance Resampling Test][Info] [TC3.Calculate Pi (Rebuild Growth)] Average = 3.14369, Std. Deviation = 0.00037404, Error = 0.0667489
[848:50:28.826][Main][Importance Resampling Test][Info] [TC3.Calculate Pi (Rebuild Growth)] Samples = 1200, Resampling = 50, result = 3.13185 <=> PI 3.14159, Error = 0.310186
[848:50:28.826][Main][Importance Resampling Test][Info] [TC3.Calculate Pi (Rebuild Growth)] Samples = 1200, Resampling = 50, result = 3.13256 <=> PI 3.14159, Error = 0.287549
[848:50:28.826][Main][Importance Resampling Test][Info] [TC3.Calculate Pi (Rebuild Growth)] Samples = 1200, Resampling = 50, result = 3.13795 <=> PI 3.14159, Error = 0.116109
[848:50:28.826][Main][Importance Resampling Test][Info] [TC3.Calculate Pi (Rebuild Growth)] Samples = 1200, Resampling = 50, result = 3.14643 <=> PI 3.14159, Error = 0.154029
[848:50:28.826][Main][Importance Resampling Test][Info] [TC3.Calculate Pi (Rebuild Growth)] Samples = 1200, Resampling = 50, result = 3.14176 <=> PI 3.14159, Error = 0.00517508
[848:50:28.827][Main][Importance Resampling Test][Info] [TC3.Calculate Pi (Rebuild Growth)] Average = 3.13811, Std. Deviation = 0.00552434, Error = 0.110928
[848:50:28.827][Main][Importance Resampling Test][Info] [TC3.Calculate Pi (Rebuild Growth)] Samples = 1400, Resampling = 50, result = 3.15279 <=> PI 3.14159, Error = 0.356429
[848:50:28.827][Main][Importance Resampling Test][Info] [TC3.Calculate Pi (Rebuild Growth)] Samples = 1400, Resampling = 50, result = 3.14802 <=> PI 3.14159, Error = 0.204557
[848:50:28.827][Main][Importance Resampling Test][Info] [TC3.Calculate Pi (Rebuild Growth)] Samples = 1400, Resampling = 50, result = 3.15543 <=> PI 3.14159, Error = 0.440468
[848:50:28.827][Main][Importance Resampling Test][Info] [TC3.Calculate Pi (Rebuild Growth)] Samples = 1400, Resampling = 50, result = 3.15387 <=> PI 3.14159, Error = 0.390927
[848:50:28.827][Main][Importance Resampling Test][Info] [TC3.Calculate Pi (Rebuild Growth)] Samples = 1400, Resampling = 50, result = 3.15307 <=> PI 3.14159, Error = 0.365376
[848:50:28.827][Main][Importance Resampling Test][Info] [TC3.Calculate Pi (Rebuild Growth)] Average = 3.15264, Std. Deviation = 0.0024848, Error = 0.351551
[848:50:28.827][Main][Importance Resampling Test][Info] [TC3.Calculate Pi (Rebuild Growth)] Samples = 1600, Resampling = 50, result = 3.14885 <=> PI 3.14159, Error = 0.230889
[848:50:28.827][Main][Importance Resampling Test][Info] [TC3.Calculate Pi (Rebuild Growth)] Samples = 1600, Resampling = 50, result = 3.14083 <=> PI 3.14159, Error = 0.0243327
[848:50:28.827][Main][Importance Resampling Test][Info] [TC3.Calculate Pi (Rebuild Growth)] Samples = 1600, Resampling = 50, result = 3.14156 <=> PI 3.14159, Error = 0.00110744
[848:50:28.827][Main][Importance Resampling Test][Info] [TC3.Calculate Pi (Rebuild Growth)] Samples = 1600, Resampling = 50, result = 3.14251 <=> PI 3.14159, Error = 0.0292177
[848:50:28.827][Main][Importance Resampling Test][Info] [TC3.Calculate Pi (Rebuild Growth)] Samples = 1600, Resampling = 50, result = 3.14262 <=> PI 3.14159, Error = 0.0326609
[848:50:28.827][Main][Importance Resampling Test][Info] [TC3.Calculate Pi (Rebuild Growth)] Average = 3.14327, Std. Deviation = 0.00286319, Error = 0.0534656
[848:50:28.827][Main][Importance Resampling Test][Info] [TC3.Calculate Pi (Rebuild Growth)] Samples = 1800, Resampling = 50, result = 3.14486 <=> PI 3.14159, Error = 0.103865
[848:50:28.827][Main][Importance Resampling Test][Info] [TC3.Calculate Pi (Rebuild Growth)] Samples = 1800, Resampling = 50, result = 3.14372 <=> PI 3.14159, Error = 0.0678344
[848:50:28.827][Main][Importance Resampling Test][Info] [TC3.Calculate Pi (Rebuild Growth)] Samples = 1800, Resampling = 50, result = 3.14443 <=> PI 3.14159, Error = 0.0902679
[848:50:28.827][Main][Importance Resampling Test][Info] [TC3.Calculate Pi (Rebuild Growth)] Samples = 1800, Resampling = 50, result = 3.14339 <=> PI 3.14159, Error = 0.0573506
[848:50:28.827][Main][Importance Resampling Test][Info] [TC3.Calculate Pi (Rebuild Growth)] Samples = 1800, Resampling = 50, result = 3.14333 <=> PI 3.14159, Error = 0.0552473
[848:50:28.828][Main][Importance Resampling Test][Info] [TC3.Calculate Pi (Rebuild Growth)] Average = 3.14395, Std. Deviation = 0.000599262, Error = 0.0749131
[848:50:28.828][Main][Calculate Pi (Rebuild Growth)][Info] = Allocator Usage ========================================
[848:50:28.828][Main][Calculate Pi (Rebuild Growth)][Info] [2048] Memory = 0 / 1048576
[848:50:28.828][Main][Calculate Pi (Rebuild Growth)][Info] [4096] Memory = 0 / 1048576
[848:50:28.828][Main][Calculate Pi (Rebuild Growth)][Info] [8192] Memory = 0 / 1048576
[848:50:28.828][Main][Calculate Pi (Rebuild Growth)][Info] [16384] Memory = 0 / 1048576
[848:50:28.828][Main][Calculate Pi (Rebuild Growth)][Info] ==========================================================
[848:50:28.828][Main][Importance Resampling Test][Info] # TC3.Calculate Pi (Rebuild Growth) Result [PASS] #

[848:50:28.828][Main][Importance Resampling Test][Info] = Collection Result: [SUCCESS] =================

[848:50:28.828][Main][Matrix3x3Test][Info] = START ========================================
[848:50:28.828][Main][Matrix3x3Test][Info] # TC0.Matrix3x3 Test #
[848:50:28.828][Main][Matrix3x3 Test][Info] = Allocator Usage ========================================
[848:50:28.828][Main][Matrix3x3 Test][Info] ==========================================================
[848:50:28.828][Main][Matrix3x3Test][Info] # TC0.Matrix3x3 Test Result [PASS] #

[848:50:28.828][Main][Matrix3x3Test][Info] = Collection Result: [SUCCESS] =================

[848:50:28.828][Main][Quaternion Test][Info] = START ========================================
[848:50:28.828][Main][Quaternion Test][Info] # TC0.Constructors & Rotate Forward Vector #
[848:50:28.828][Main][Quaternion Test][Info] [TC0.Constructors & Rotate Forward Vector] Quat rotate 90 around X = Quat (90, 0, 0)
[848:50:28.828][Main][Quaternion Test][Info] [TC0.Constructors & Rotate Forward Vector] Quat rotate 90 around Y = Quat (0, 89.9802, 0)
[848:50:28.828][Main][Quaternion Test][Info] [TC0.Constructors & Rotate Forward Vector] Quat rotate 90 around Z = Quat (0, 0, 90)
[848:50:28.828][Main][Quaternion Test][Info] [TC0.Constructors & Rotate Forward Vector] Quat: Qx x Forward = (-1.26881e-08, -1.26881e-08, 1), norm = 1
[848:50:28.828][Main][Quaternion Test][Info] [TC0.Constructors & Rotate Forward Vector] Quat: Qy x Forward = (0, 1, 0), norm = 1
[848:50:28.828][Main][Quaternion Test][Info] [TC0.Constructors & Rotate Forward Vector] Quat: Qz x Forward = (-1, 1.26881e-08, 1.26881e-08), norm = 1
[848:50:28.828][Main][Constructors & Rotate Forward Vector][Info] = Allocator Usage ========================================
[848:50:28.828][Main][Constructors & Rotate Forward Vector][Info] ==========================================================
[848:50:28.828][Main][Quaternion Test][Info] # TC0.Constructors & Rotate Forward Vector Result [PASS] #

[848:50:28.828][Main][Quaternion Test][Info] # TC1.90 degrees Rotation Test #
[848:50:28.828][Main][90 degrees Rotation Test][Info] = Allocator Usage ========================================
[848:50:28.828][Main][90 degrees Rotation Test][Info] ==========================================================
[848:50:28.828][Main][Quaternion Test][Info] # TC1.90 degrees Rotation Test Result [PASS] #

[848:50:28.828][Main][Quaternion Test][Info] # TC2.RotationFromTo #
[848:50:28.828][Main][RotationFromTo][Info] = Allocator Usage ========================================
[848:50:28.828][Main][RotationFromTo][Info] ==========================================================
[848:50:28.828][Main][Quaternion Test][Info] # TC2.RotationFromTo Result [PASS] #

[848:50:28.828][Main][Quaternion Test][Info] # TC3.Composition #
[848:50:28.828][Main][Quaternion Test][Info] [TC3.Composition] Quat YX = Quat (8.53774e-07, 89.972, -8.53774e-07)
[848:50:28.828][Main][Quaternion Test][Info] [TC3.Composition] Quat X x Y = Quat (90, 1.01778e-13, 90)
[848:50:28.828][Main][Quaternion Test][Info] [TC3.Composition] Quat Y x X = Quat (8.53774e-07, 89.972, -8.53774e-07)
[848:50:28.828][Main][Quaternion Test][Info] [TC3.Composition] Quat ZYX = Quat (7.86119, 89.9657, 7.86119)
[848:50:28.828][Main][Quaternion Test][Info] [TC3.Composition] Quat X x Y x Z = Quat (6.56086e-09, -89.9657, 6.56086e-09)
[848:50:28.828][Main][Quaternion Test][Info] [TC3.Composition] Quat Z x Y x X = Quat (7.86119, 89.9657, 7.86119)
[848:50:28.828][Main][Composition][Info] = Allocator Usage ========================================
[848:50:28.828][Main][Composition][Info] ==========================================================
[848:50:28.828][Main][Quaternion Test][Info] # TC3.Composition Result [PASS] #

[848:50:28.828][Main][Quaternion Test][Info] # TC4.Cast to Rotation Matrix #
[848:50:28.828][Main][Cast to Rotation Matrix][Info] = Allocator Usage ========================================
[848:50:28.828][Main][Cast to Rotation Matrix][Info] ==========================================================
[848:50:28.828][Main][Quaternion Test][Info] # TC4.Cast to Rotation Matrix Result [PASS] #

[848:50:28.828][Main][Quaternion Test][Info] # TC5.Create rotations #
[848:50:28.828][Main][Create rotations][Info] = Allocator Usage ========================================
[848:50:28.828][Main][Create rotations][Info] ==========================================================
[848:50:28.828][Main][Quaternion Test][Info] # TC5.Create rotations Result [PASS] #

[848:50:28.828][Main][Quaternion Test][Info] # TC6.Look Rotation #
[848:50:28.828][Main][Quaternion Test][Info] [TC6.Look Rotation] Look = Quat (0, 0, 0)
[848:50:28.828][Main][Quaternion Test][Info] [TC6.Look Rotation] Look Backward = Quat (0, 0, 180)
[848:50:28.828][Main][Look Rotation][Info] = Allocator Usage ========================================
[848:50:28.828][Main][Look Rotation][Info] ==========================================================
[848:50:28.828][Main][Quaternion Test][Info] # TC6.Look Rotation Result [PASS] #

[848:50:28.828][Main][Quaternion Test][Info] # TC7.Rotation Matrix Comparison #
[848:50:28.828][Main][Rotation Matrix Comparison][Info] = Allocator Usage ========================================
[848:50:28.828][Main][Rotation Matrix Comparison][Info] ==========================================================
[848:50:28.828][Main][Quaternion Test][Info] # TC7.Rotation Matrix Comparison Result [PASS] #

[848:50:28.828][Main][Quaternion Test][Info] = Collection Result: [SUCCESS] =================

[848:50:28.828][Main][UniformTransformTest][Info] = START ========================================
[848:50:28.828][Main][UniformTransformTest][Info] # TC0.Constants #
[848:50:28.828][Main][UniformTransformTest][Info] [TC0.Constants] Uniform Transform
Position: (0, 0, 0)
Rotation: (0, 0, 0)
Scale: (1)

[848:50:28.828][Main][Constants][Info] = Allocator Usage ========================================
[848:50:28.828][Main][Constants][Info] ==========================================================
[848:50:28.828][Main][UniformTransformTest][Info] # TC0.Constants Result [PASS] #

[848:50:28.828][Main][UniformTransformTest][Info] # TC1.Inverse Matrix #
[848:50:28.828][Main][Inverse Matrix][Info] = Allocator Usage ========================================
[848:50:28.828][Main][Inverse Matrix][Info] ==========================================================
[848:50:28.828][Main][UniformTransformTest][Info] # TC1.Inverse Matrix Result [PASS] #

[848:50:28.828][Main][UniformTransformTest][Info] = Collection Result: [SUCCESS] =================

[848:50:28.828][Main][RigidTransformTest][Info] = START ========================================
[848:50:28.828][Main][RigidTransformTest][Info] # TC0.Default RigidTransform & Constants #
[848:50:28.828][Main][RigidTransformTest][Info] [TC0.Default RigidTransform & Constants] Rigid Transform
Position: (0, 0, 0)
Rotation: (0, 0, 0)

[848:50:28.828][Main][Default RigidTransform & Constants][Info] = Allocator Usage ========================================
[848:50:28.828][Main][Default RigidTransform & Constants][Info] ==========================================================
[848:50:28.828][Main][RigidTransformTest][Info] # TC0.Default RigidTransform & Constants Result [PASS] #

[848:50:28.828][Main][RigidTransformTest][Info] # TC1.RigidTransform Operations #
[848:50:28.828][Main][RigidTransformTest][Info] [TC1.RigidTransform Operations] Rigid Transform
Position: (4, 5, 6)
Rotation: (0, 47, 0)

[848:50:28.828][Main][RigidTransformTest][Info] [TC1.RigidTransform Operations] Rigid Transform
Position: (3, 4, 5)
Rotation: (41, -1.00229e-07, 25)

[848:50:28.828][Main][RigidTransformTest][Info] [TC1.RigidTransform Operations] Rigid Transform
Position: (9.70276, 9, 7.21593)
Rotation: (65.3802, 41.5162, 34.3619)

[848:50:28.828][Main][RigidTransform Operations][Info] = Allocator Usage ========================================
[848:50:28.828][Main][RigidTransform Operations][Info] ==========================================================
[848:50:28.828][Main][RigidTransformTest][Info] # TC1.RigidTransform Operations Result [PASS] #

[848:50:28.828][Main][RigidTransformTest][Info] = Collection Result: [SUCCESS] =================

[848:50:28.828][Main][AABBTest][Info] = START ========================================
[848:50:28.828][Main][AABBTest][Info] # TC0.Default Constructor #
[848:50:28.828][Main][AABBTest][Info] [TC0.Default Constructor] AABB min = (3.40282e+38, 3.40282e+38, 3.40282e+38), norm = inf, max = (-3.40282e+38, -3.40282e+38, -3.40282e+38), norm = inf
[848:50:28.828][Main][Default Constructor][Info] = Allocator Usage ========================================
[848:50:28.828][Main][Default Constructor][Info] ==========================================================
[848:50:28.828][Main][AABBTest][Info] # TC0.Default Constructor Result [PASS] #

[848:50:28.828][Main][AABBTest][Info] # TC1.Add Points #
[848:50:28.828][Main][AABBTest][Info] [TC1.Add Points] AABB min = (0, 0, 0), norm = 0, max = (1, 1, 1), norm = 1.73205
[848:50:28.828][Main][Add Points][Info] = Allocator Usage ========================================
[848:50:28.828][Main][Add Points][Info] ==========================================================
[848:50:28.828][Main][AABBTest][Info] # TC1.Add Points Result [PASS] #

[848:50:28.828][Main][AABBTest][Info] # TC2.Self Containing #
[848:50:28.828][Main][Self Containing][Info] = Allocator Usage ========================================
[848:50:28.828][Main][Self Containing][Info] ==========================================================
[848:50:28.828][Main][AABBTest][Info] # TC2.Self Containing Result [PASS] #

[848:50:28.828][Main][AABBTest][Info] # TC3.Self Equality #
[848:50:28.828][Main][Self Equality][Info] = Allocator Usage ========================================
[848:50:28.828][Main][Self Equality][Info] ==========================================================
[848:50:28.828][Main][AABBTest][Info] # TC3.Self Equality Result [PASS] #

[848:50:28.828][Main][AABBTest][Info] # TC4.Self Intersection #
[848:50:28.828][Main][Self Intersection][Info] = Allocator Usage ========================================
[848:50:28.828][Main][Self Intersection][Info] ==========================================================
[848:50:28.828][Main][AABBTest][Info] # TC4.Self Intersection Result [PASS] #

[848:50:28.828][Main][AABBTest][Info] # TC5.Clone #
[848:50:28.828][Main][Clone][Info] = Allocator Usage ========================================
[848:50:28.828][Main][Clone][Info] ==========================================================
[848:50:28.828][Main][AABBTest][Info] # TC5.Clone Result [PASS] #

[848:50:28.828][Main][AABBTest][Info] # TC6.Containing #
[848:50:28.828][Main][Containing][Info] = Allocator Usage ========================================
[848:50:28.828][Main][Containing][Info] ==========================================================
[848:50:28.828][Main][AABBTest][Info] # TC6.Containing Result [PASS] #

[848:50:28.828][Main][AABBTest][Info] # TC7.Intersection #
[848:50:28.828][Main][AABBTest][Info] [TC7.Intersection] bbox3 = AABB min = (0, 0, 0), norm = 0, max = (2, 2, 2), norm = 3.4641
[848:50:28.828][Main][AABBTest][Info] [TC7.Intersection] bbox3 = AABB min = (-1, -1, -1), norm = 1.73205, max = (1, 1, 1), norm = 1.73205
[848:50:28.828][Main][Intersection][Info] = Allocator Usage ========================================
[848:50:28.828][Main][Intersection][Info] ==========================================================
[848:50:28.828][Main][AABBTest][Info] # TC7.Intersection Result [PASS] #

[848:50:28.828][Main][AABBTest][Info] = Collection Result: [SUCCESS] =================

[848:50:28.828][Main][TransformTest][Info] = START ========================================
[848:50:28.828][Main][TransformTest][Info] # TC0.Default Constructor #
[848:50:28.828][Main][TransformTest][Info] [TC0.Default Constructor] Transform
Uniform Transform
Position: (0, 0, 0)
Rotation: (0, 0, 0)
Scale: (1)

Parent: 0x0

[848:50:28.828][Main][Default Constructor][Info] = Allocator Usage ========================================
[848:50:28.828][Main][Default Constructor][Info] ==========================================================
[848:50:28.828][Main][TransformTest][Info] # TC0.Default Constructor Result [PASS] #

[848:50:28.828][Main][TransformTest][Info] # TC1.Hierachycal Transform #
[848:50:28.828][Main][TransformTest][Info] [TC1.Hierachycal Transform] a = Transform
Uniform Transform
Position: (0, 0, 1)
Rotation: (0, 0, 0)
Scale: (1)

Parent: 0x16cec6140
World Transform
Uniform Transform
Position: (0, 0, 1)
Rotation: (0, 0, 0)
Scale: (1)


[848:50:28.828][Main][TransformTest][Info] [TC1.Hierachycal Transform] b = Transform
Uniform Transform
Position: (0, 1, 0)
Rotation: (0, 0, 0)
Scale: (1)

Parent: 0x16cec60a0
World Transform
Uniform Transform
Position: (0, 1, 1)
Rotation: (0, 0, 0)
Scale: (1)


[848:50:28.828][Main][TransformTest][Info] [TC1.Hierachycal Transform] c = Transform
Uniform Transform
Position: (1, 0, 0)
Rotation: (0, 0, 0)
Scale: (1)

Parent: 0x16cec6000
World Transform
Uniform Transform
Position: (1, 1, 1)
Rotation: (0, 0, 0)
Scale: (1)


[848:50:28.828][Main][Hierachycal Transform][Info] = Allocator Usage ========================================
[848:50:28.828][Main][Hierachycal Transform][Info] [16] Memory = 0 / 1048576
[848:50:28.828][Main][Hierachycal Transform][Info] ==========================================================
[848:50:28.828][Main][TransformTest][Info] # TC1.Hierachycal Transform Result [PASS] #

[848:50:28.828][Main][TransformTest][Info] # TC2.Hierachycal Rotation #
[848:50:28.828][Main][TransformTest][Info] [TC2.Hierachycal Rotation] b = Transform
Uniform Transform
Position: (0, 0, 1)
Rotation: (0, 0, 0)
Scale: (1)

Parent: 0x16cec60a0
World Transform
Uniform Transform
Position: (0.707107, -1.28002e-08, 0.707107)
Rotation: (0, 45, 0)
Scale: (1)


[848:50:28.828][Main][TransformTest][Info] [TC2.Hierachycal Rotation] b = Transform
Uniform Transform
Position: (0, 0, 1)
Rotation: (0, 0, 0)
Scale: (1)

Parent: 0x16cec60a0
World Transform
Uniform Transform
Position: (1, 1.26881e-08, 1.26881e-08)
Rotation: (0, 89.9802, 0)
Scale: (1)


[848:50:28.828][Main][Hierachycal Rotation][Info] = Allocator Usage ========================================
[848:50:28.828][Main][Hierachycal Rotation][Info] [16] Memory = 0 / 1048576
[848:50:28.828][Main][Hierachycal Rotation][Info] ==========================================================
[848:50:28.828][Main][TransformTest][Info] # TC2.Hierachycal Rotation Result [PASS] #

[848:50:28.828][Main][TransformTest][Info] # TC3.Hierachycal Rotation (2) #
[848:50:28.828][Main][TransformTest][Info] [TC3.Hierachycal Rotation (2)] c = Transform
Uniform Transform
Position: (0, 0, 1)
Rotation: (0, 0, 0)
Scale: (1)

Parent: 0x16cec6000
World Transform
Uniform Transform
Position: (1, -1.12145e-10, -1.61013e-07)
Rotation: (180, 89.9802, 180)
Scale: (1)


[848:50:28.828][Main][TransformTest][Info] [TC3.Hierachycal Rotation (2)] c = Transform
Uniform Transform
Position: (0, 0, 1)
Rotation: (0, 0, 0)
Scale: (1)

Parent: 0x16cec6000
World Transform
Uniform Transform
Position: (1, -1.12145e-10, -1.61013e-07)
Rotation: (180, 89.9802, 180)
Scale: (1)


[848:50:28.828][Main][Hierachycal Rotation (2)][Info] = Allocator Usage ========================================
[848:50:28.828][Main][Hierachycal Rotation (2)][Info] [16] Memory = 0 / 1048576
[848:50:28.828][Main][Hierachycal Rotation (2)][Info] ==========================================================
[848:50:28.828][Main][TransformTest][Info] # TC3.Hierachycal Rotation (2) Result [PASS] #

[848:50:28.828][Main][TransformTest][Info] = Collection Result: [SUCCESS] =================

[848:50:28.828][Main][ComponentSystemTest][Info] = START ========================================
[848:50:28.828][Main][ComponentSystemTest][Info] # TC0.Update Component Test #
[848:50:29.386][Main][ComponentSystemTest][Info] [TC0.Update Component Test] Total Loop Time = 0.550261
[848:50:29.386][Main][Update Component Test][Info] = Allocator Usage ========================================
[848:50:29.386][Main][Update Component Test][Info] [16] Memory = 0 / 1048576
[848:50:29.386][Main][Update Component Test][Info] [64] Memory = 0 / 1048576
[848:50:29.386][Main][Update Component Test][Info] [64] Memory = 0 / 1048576
[848:50:29.386][Main][Update Component Test][Info] [128] Memory = 0 / 1048576
[848:50:29.386][Main][Update Component Test][Info] [256] Memory = 0 / 1048576
[848:50:29.386][Main][Update Component Test][Info] [512] Memory = 0 / 1048576
[848:50:29.386][Main][Update Component Test][Info] [1024] Memory = 0 / 1048576
[848:50:29.386][Main][Update Component Test][Info] [2048] Memory = 0 / 1048576
[848:50:29.386][Main][Update Component Test][Info] [4096] Memory = 0 / 1048576
[848:50:29.386][Main][Update Component Test][Info] [8192] Memory = 0 / 1048576
[848:50:29.386][Main][Update Component Test][Info] [16384] Memory = 0 / 1048576
[848:50:29.386][Main][Update Component Test][Info] [32768] Memory = 0 / 1048576
[848:50:29.386][Main][Update Component Test][Info] [65536] Memory = 0 / 1048576
[848:50:29.386][Main][Update Component Test][Info] [131072] Memory = 0 / 2097152
[848:50:29.386][Main][Update Component Test][Info] [262144] Memory = 0 / 4194304
[848:50:29.386][Main][Update Component Test][Info] [524288] Memory = 0 / 8388608
[848:50:29.386][Main][Update Component Test][Info] [1048576] Memory = 0 / 1048576
[848:50:29.386][Main][Update Component Test][Info] [2097152] Memory = 0 / 2097152
[848:50:29.386][Main][Update Component Test][Info] [4194304] Memory = 0 / 4194304
[848:50:29.386][Main][Update Component Test][Info] [4194304] Memory = 0 / 4194304
[848:50:29.386][Main][Update Component Test][Info] [4194304] Memory = 0 / 4194304
[848:50:29.386][Main][Update Component Test][Info] [4194304] Memory = 0 / 4194304
[848:50:29.386][Main][Update Component Test][Info] ==========================================================
[848:50:29.386][Main][ComponentSystemTest][Info] # TC0.Update Component Test Result [PASS] #

[848:50:29.386][Main][ComponentSystemTest][Info] = Collection Result: [SUCCESS] =================

[848:50:29.386][Main][TaskStreamAffinityTest][Info] = START ========================================
[848:50:29.386][Main][TaskStreamAffinityTest][Info] # TC0.Default Constructor #
[848:50:29.386][Main][Default Constructor][Info] = Allocator Usage ========================================
[848:50:29.386][Main][Default Constructor][Info] ==========================================================
[848:50:29.386][Main][TaskStreamAffinityTest][Info] # TC0.Default Constructor Result [PASS] #

[848:50:29.386][Main][TaskStreamAffinityTest][Info] # TC1.Affinity Unset #
[848:50:29.386][Main][TaskStreamAffinityTest][Info] [TC1.Affinity Unset] 0: affinity 0
[848:50:29.386][Main][TaskStreamAffinityTest][Info] [TC1.Affinity Unset] 1: affinity 0
[848:50:29.386][Main][TaskStreamAffinityTest][Info] [TC1.Affinity Unset] 2: affinity 0
[848:50:29.386][Main][TaskStreamAffinityTest][Info] [TC1.Affinity Unset] 3: affinity 0
[848:50:29.386][Main][TaskStreamAffinityTest][Info] [TC1.Affinity Unset] 4: affinity 0
[848:50:29.386][Main][TaskStreamAffinityTest][Info] [TC1.Affinity Unset] 5: affinity 0
[848:50:29.386][Main][TaskStreamAffinityTest][Info] [TC1.Affinity Unset] 6: affinity 0
[848:50:29.386][Main][TaskStreamAffinityTest][Info] [TC1.Affinity Unset] 7: affinity 0
[848:50:29.386][Main][TaskStreamAffinityTest][Info] [TC1.Affinity Unset] 8: affinity 0
[848:50:29.386][Main][TaskStreamAffinityTest][Info] [TC1.Affinity Unset] 9: affinity 0
[848:50:29.386][Main][TaskStreamAffinityTest][Info] [TC1.Affinity Unset] 10: affinity 0
[848:50:29.386][Main][TaskStreamAffinityTest][Info] [TC1.Affinity Unset] 11: affinity 0
[848:50:29.386][Main][TaskStreamAffinityTest][Info] [TC1.Affinity Unset] 12: affinity 0
[848:50:29.386][Main][TaskStreamAffinityTest][Info] [TC1.Affinity Unset] 13: affinity 0
[848:50:29.386][Main][TaskStreamAffinityTest][Info] [TC1.Affinity Unset] 14: affinity 0
[848:50:29.386][Main][TaskStreamAffinityTest][Info] [TC1.Affinity Unset] 15: affinity 0
[848:50:29.386][Main][TaskStreamAffinityTest][Info] [TC1.Affinity Unset] 16: affinity 0
[848:50:29.386][Main][TaskStreamAffinityTest][Info] [TC1.Affinity Unset] 17: affinity 0
[848:50:29.386][Main][TaskStreamAffinityTest][Info] [TC1.Affinity Unset] 18: affinity 0
[848:50:29.386][Main][TaskStreamAffinityTest][Info] [TC1.Affinity Unset] 19: affinity 0
[848:50:29.386][Main][TaskStreamAffinityTest][Info] [TC1.Affinity Unset] 20: affinity 0
[848:50:29.386][Main][TaskStreamAffinityTest][Info] [TC1.Affinity Unset] 21: affinity 0
[848:50:29.386][Main][TaskStreamAffinityTest][Info] [TC1.Affinity Unset] 22: affinity 0
[848:50:29.386][Main][TaskStreamAffinityTest][Info] [TC1.Affinity Unset] 23: affinity 0
[848:50:29.386][Main][TaskStreamAffinityTest][Info] [TC1.Affinity Unset] 24: affinity 0
[848:50:29.386][Main][TaskStreamAffinityTest][Info] [TC1.Affinity Unset] 25: affinity 0
[848:50:29.386][Main][TaskStreamAffinityTest][Info] [TC1.Affinity Unset] 26: affinity 0
[848:50:29.386][Main][TaskStreamAffinityTest][Info] [TC1.Affinity Unset] 27: affinity 0
[848:50:29.386][Main][TaskStreamAffinityTest][Info] [TC1.Affinity Unset] 28: affinity 0
[848:50:29.386][Main][TaskStreamAffinityTest][Info] [TC1.Affinity Unset] 29: affinity 0
[848:50:29.386][Main][TaskStreamAffinityTest][Info] [TC1.Affinity Unset] 30: affinity 0
[848:50:29.386][Main][TaskStreamAffinityTest][Info] [TC1.Affinity Unset] 31: affinity 0
[848:50:29.386][Main][TaskStreamAffinityTest][Info] [TC1.Affinity Unset] 32: affinity 0
[848:50:29.386][Main][TaskStreamAffinityTest][Info] [TC1.Affinity Unset] 33: affinity 0
[848:50:29.386][Main][TaskStreamAffinityTest][Info] [TC1.Affinity Unset] 34: affinity 0
[848:50:29.386][Main][TaskStreamAffinityTest][Info] [TC1.Affinity Unset] 35: affinity 0
[848:50:29.386][Main][TaskStreamAffinityTest][Info] [TC1.Affinity Unset] 36: affinity 0
[848:50:29.386][Main][TaskStreamAffinityTest][Info] [TC1.Affinity Unset] 37: affinity 0
[848:50:29.386][Main][TaskStreamAffinityTest][Info] [TC1.Affinity Unset] 38: affinity 0
[848:50:29.386][Main][TaskStreamAffinityTest][Info] [TC1.Affinity Unset] 39: affinity 0
[848:50:29.386][Main][TaskStreamAffinityTest][Info] [TC1.Affinity Unset] 40: affinity 0
[848:50:29.386][Main][TaskStreamAffinityTest][Info] [TC1.Affinity Unset] 41: affinity 0
[848:50:29.386][Main][TaskStreamAffinityTest][Info] [TC1.Affinity Unset] 42: affinity 0
[848:50:29.386][Main][TaskStreamAffinityTest][Info] [TC1.Affinity Unset] 43: affinity 0
[848:50:29.386][Main][TaskStreamAffinityTest][Info] [TC1.Affinity Unset] 44: affinity 0
[848:50:29.386][Main][TaskStreamAffinityTest][Info] [TC1.Affinity Unset] 45: affinity 0
[848:50:29.386][Main][TaskStreamAffinityTest][Info] [TC1.Affinity Unset] 46: affinity 0
[848:50:29.386][Main][TaskStreamAffinityTest][Info] [TC1.Affinity Unset] 47: affinity 0
[848:50:29.386][Main][TaskStreamAffinityTest][Info] [TC1.Affinity Unset] 48: affinity 0
[848:50:29.386][Main][TaskStreamAffinityTest][Info] [TC1.Affinity Unset] 49: affinity 0
[848:50:29.386][Main][TaskStreamAffinityTest][Info] [TC1.Affinity Unset] 50: affinity 0
[848:50:29.386][Main][TaskStreamAffinityTest][Info] [TC1.Affinity Unset] 51: affinity 0
[848:50:29.386][Main][TaskStreamAffinityTest][Info] [TC1.Affinity Unset] 52: affinity 0
[848:50:29.386][Main][TaskStreamAffinityTest][Info] [TC1.Affinity Unset] 53: affinity 0
[848:50:29.386][Main][TaskStreamAffinityTest][Info] [TC1.Affinity Unset] 54: affinity 0
[848:50:29.386][Main][TaskStreamAffinityTest][Info] [TC1.Affinity Unset] 55: affinity 0
[848:50:29.386][Main][TaskStreamAffinityTest][Info] [TC1.Affinity Unset] 56: affinity 0
[848:50:29.386][Main][TaskStreamAffinityTest][Info] [TC1.Affinity Unset] 57: affinity 0
[848:50:29.386][Main][TaskStreamAffinityTest][Info] [TC1.Affinity Unset] 58: affinity 0
[848:50:29.386][Main][TaskStreamAffinityTest][Info] [TC1.Affinity Unset] 59: affinity 0
[848:50:29.386][Main][TaskStreamAffinityTest][Info] [TC1.Affinity Unset] 60: affinity 0
[848:50:29.386][Main][TaskStreamAffinityTest][Info] [TC1.Affinity Unset] 61: affinity 0
[848:50:29.386][Main][TaskStreamAffinityTest][Info] [TC1.Affinity Unset] 62: affinity 0
[848:50:29.386][Main][TaskStreamAffinityTest][Info] [TC1.Affinity Unset] 63: affinity 0
[848:50:29.386][Main][TaskStreamAffinityTest][Info] [TC1.Affinity Unset] 64: affinity 0
[848:50:29.386][Main][TaskStreamAffinityTest][Info] [TC1.Affinity Unset] 65: affinity 0
[848:50:29.386][Main][TaskStreamAffinityTest][Info] [TC1.Affinity Unset] 66: affinity 0
[848:50:29.386][Main][TaskStreamAffinityTest][Info] [TC1.Affinity Unset] 67: affinity 0
[848:50:29.386][Main][TaskStreamAffinityTest][Info] [TC1.Affinity Unset] 68: affinity 0
[848:50:29.386][Main][TaskStreamAffinityTest][Info] [TC1.Affinity Unset] 69: affinity 0
[848:50:29.386][Main][TaskStreamAffinityTest][Info] [TC1.Affinity Unset] 70: affinity 0
[848:50:29.386][Main][TaskStreamAffinityTest][Info] [TC1.Affinity Unset] 71: affinity 0
[848:50:29.386][Main][TaskStreamAffinityTest][Info] [TC1.Affinity Unset] 72: affinity 0
[848:50:29.386][Main][TaskStreamAffinityTest][Info] [TC1.Affinity Unset] 73: affinity 0
[848:50:29.386][Main][TaskStreamAffinityTest][Info] [TC1.Affinity Unset] 74: affinity 0
[848:50:29.386][Main][TaskStreamAffinityTest][Info] [TC1.Affinity Unset] 75: affinity 0
[848:50:29.386][Main][TaskStreamAffinityTest][Info] [TC1.Affinity Unset] 76: affinity 0
[848:50:29.386][Main][TaskStreamAffinityTest][Info] [TC1.Affinity Unset] 77: affinity 0
[848:50:29.386][Main][TaskStreamAffinityTest][Info] [TC1.Affinity Unset] 78: affinity 0
[848:50:29.386][Main][TaskStreamAffinityTest][Info] [TC1.Affinity Unset] 79: affinity 0
[848:50:29.386][Main][TaskStreamAffinityTest][Info] [TC1.Affinity Unset] 80: affinity 0
[848:50:29.386][Main][TaskStreamAffinityTest][Info] [TC1.Affinity Unset] 81: affinity 0
[848:50:29.386][Main][TaskStreamAffinityTest][Info] [TC1.Affinity Unset] 82: affinity 0
[848:50:29.386][Main][TaskStreamAffinityTest][Info] [TC1.Affinity Unset] 83: affinity 0
[848:50:29.386][Main][TaskStreamAffinityTest][Info] [TC1.Affinity Unset] 84: affinity 0
[848:50:29.386][Main][TaskStreamAffinityTest][Info] [TC1.Affinity Unset] 85: affinity 0
[848:50:29.386][Main][TaskStreamAffinityTest][Info] [TC1.Affinity Unset] 86: affinity 0
[848:50:29.386][Main][TaskStreamAffinityTest][Info] [TC1.Affinity Unset] 87: affinity 0
[848:50:29.386][Main][TaskStreamAffinityTest][Info] [TC1.Affinity Unset] 88: affinity 0
[848:50:29.386][Main][TaskStreamAffinityTest][Info] [TC1.Affinity Unset] 89: affinity 0
[848:50:29.386][Main][TaskStreamAffinityTest][Info] [TC1.Affinity Unset] 90: affinity 0
[848:50:29.386][Main][TaskStreamAffinityTest][Info] [TC1.Affinity Unset] 91: affinity 0
[848:50:29.386][Main][TaskStreamAffinityTest][Info] [TC1.Affinity Unset] 92: affinity 0
[848:50:29.386][Main][TaskStreamAffinityTest][Info] [TC1.Affinity Unset] 93: affinity 0
[848:50:29.386][Main][TaskStreamAffinityTest][Info] [TC1.Affinity Unset] 94: affinity 0
[848:50:29.386][Main][TaskStreamAffinityTest][Info] [TC1.Affinity Unset] 95: affinity 0
[848:50:29.386][Main][TaskStreamAffinityTest][Info] [TC1.Affinity Unset] 96: affinity 0
[848:50:29.386][Main][TaskStreamAffinityTest][Info] [TC1.Affinity Unset] 97: affinity 0
[848:50:29.386][Main][TaskStreamAffinityTest][Info] [TC1.Affinity Unset] 98: affinity 0
[848:50:29.386][Main][TaskStreamAffinityTest][Info] [TC1.Affinity Unset] 99: affinity 0
[848:50:29.386][Main][TaskStreamAffinityTest][Info] [TC1.Affinity Unset] 100: affinity 0
[848:50:29.386][Main][TaskStreamAffinityTest][Info] [TC1.Affinity Unset] 101: affinity 0
[848:50:29.386][Main][TaskStreamAffinityTest][Info] [TC1.Affinity Unset] 102: affinity 0
[848:50:29.386][Main][TaskStreamAffinityTest][Info] [TC1.Affinity Unset] 103: affinity 0
[848:50:29.386][Main][TaskStreamAffinityTest][Info] [TC1.Affinity Unset] 104: affinity 0
[848:50:29.386][Main][TaskStreamAffinityTest][Info] [TC1.Affinity Unset] 105: affinity 0
[848:50:29.386][Main][TaskStreamAffinityTest][Info] [TC1.Affinity Unset] 106: affinity 0
[848:50:29.386][Main][TaskStreamAffinityTest][Info] [TC1.Affinity Unset] 107: affinity 0
[848:50:29.386][Main][TaskStreamAffinityTest][Info] [TC1.Affinity Unset] 108: affinity 0
[848:50:29.386][Main][TaskStreamAffinityTest][Info] [TC1.Affinity Unset] 109: affinity 0
[848:50:29.386][Main][TaskStreamAffinityTest][Info] [TC1.Affinity Unset] 110: affinity 0
[848:50:29.386][Main][TaskStreamAffinityTest][Info] [TC1.Affinity Unset] 111: affinity 0
[848:50:29.386][Main][TaskStreamAffinityTest][Info] [TC1.Affinity Unset] 112: affinity 0
[848:50:29.386][Main][TaskStreamAffinityTest][Info] [TC1.Affinity Unset] 113: affinity 0
[848:50:29.386][Main][TaskStreamAffinityTest][Info] [TC1.Affinity Unset] 114: affinity 0
[848:50:29.386][Main][TaskStreamAffinityTest][Info] [TC1.Affinity Unset] 115: affinity 0
[848:50:29.386][Main][TaskStreamAffinityTest][Info] [TC1.Affinity Unset] 116: affinity 0
[848:50:29.386][Main][TaskStreamAffinityTest][Info] [TC1.Affinity Unset] 117: affinity 0
[848:50:29.386][Main][TaskStreamAffinityTest][Info] [TC1.Affinity Unset] 118: affinity 0
[848:50:29.386][Main][TaskStreamAffinityTest][Info] [TC1.Affinity Unset] 119: affinity 0
[848:50:29.386][Main][TaskStreamAffinityTest][Info] [TC1.Affinity Unset] 120: affinity 0
[848:50:29.386][Main][TaskStreamAffinityTest][Info] [TC1.Affinity Unset] 121: affinity 0
[848:50:29.386][Main][TaskStreamAffinityTest][Info] [TC1.Affinity Unset] 122: affinity 0
[848:50:29.386][Main][TaskStreamAffinityTest][Info] [TC1.Affinity Unset] 123: affinity 0
[848:50:29.386][Main][TaskStreamAffinityTest][Info] [TC1.Affinity Unset] 124: affinity 0
[848:50:29.386][Main][TaskStreamAffinityTest][Info] [TC1.Affinity Unset] 125: affinity 0
[848:50:29.386][Main][TaskStreamAffinityTest][Info] [TC1.Affinity Unset] 126: affinity 0
[848:50:29.386][Main][TaskStreamAffinityTest][Info] [TC1.Affinity Unset] 127: affinity 0
[848:50:29.386][Main][TaskStreamAffinityTest][Info] [TC1.Affinity Unset] 128: affinity 0
[848:50:29.386][Main][TaskStreamAffinityTest][Info] [TC1.Affinity Unset] 129: affinity 0
[848:50:29.386][Main][TaskStreamAffinityTest][Info] [TC1.Affinity Unset] 130: affinity 0
[848:50:29.386][Main][TaskStreamAffinityTest][Info] [TC1.Affinity Unset] 131: affinity 0
[848:50:29.386][Main][TaskStreamAffinityTest][Info] [TC1.Affinity Unset] 132: affinity 0
[848:50:29.386][Main][TaskStreamAffinityTest][Info] [TC1.Affinity Unset] 133: affinity 0
[848:50:29.386][Main][TaskStreamAffinityTest][Info] [TC1.Affinity Unset] 134: affinity 0
[848:50:29.386][Main][TaskStreamAffinityTest][Info] [TC1.Affinity Unset] 135: affinity 0
[848:50:29.386][Main][TaskStreamAffinityTest][Info] [TC1.Affinity Unset] 136: affinity 0
[848:50:29.386][Main][TaskStreamAffinityTest][Info] [TC1.Affinity Unset] 137: affinity 0
[848:50:29.386][Main][TaskStreamAffinityTest][Info] [TC1.Affinity Unset] 138: affinity 0
[848:50:29.386][Main][TaskStreamAffinityTest][Info] [TC1.Affinity Unset] 139: affinity 0
[848:50:29.386][Main][TaskStreamAffinityTest][Info] [TC1.Affinity Unset] 140: affinity 0
[848:50:29.386][Main][TaskStreamAffinityTest][Info] [TC1.Affinity Unset] 141: affinity 0
[848:50:29.386][Main][TaskStreamAffinityTest][Info] [TC1.Affinity Unset] 142: affinity 0
[848:50:29.386][Main][TaskStreamAffinityTest][Info] [TC1.Affinity Unset] 143: affinity 0
[848:50:29.386][Main][TaskStreamAffinityTest][Info] [TC1.Affinity Unset] 144: affinity 0
[848:50:29.386][Main][TaskStreamAffinityTest][Info] [TC1.Affinity Unset] 145: affinity 0
[848:50:29.386][Main][TaskStreamAffinityTest][Info] [TC1.Affinity Unset] 146: affinity 0
[848:50:29.386][Main][TaskStreamAffinityTest][Info] [TC1.Affinity Unset] 147: affinity 0
[848:50:29.386][Main][TaskStreamAffinityTest][Info] [TC1.Affinity Unset] 148: affinity 0
[848:50:29.386][Main][TaskStreamAffinityTest][Info] [TC1.Affinity Unset] 149: affinity 0
[848:50:29.386][Main][TaskStreamAffinityTest][Info] [TC1.Affinity Unset] 150: affinity 0
[848:50:29.386][Main][TaskStreamAffinityTest][Info] [TC1.Affinity Unset] 151: affinity 0
[848:50:29.386][Main][TaskStreamAffinityTest][Info] [TC1.Affinity Unset] 152: affinity 0
[848:50:29.386][Main][TaskStreamAffinityTest][Info] [TC1.Affinity Unset] 153: affinity 0
[848:50:29.386][Main][TaskStreamAffinityTest][Info] [TC1.Affinity Unset] 154: affinity 0
[848:50:29.386][Main][TaskStreamAffinityTest][Info] [TC1.Affinity Unset] 155: affinity 0
[848:50:29.386][Main][TaskStreamAffinityTest][Info] [TC1.Affinity Unset] 156: affinity 0
[848:50:29.386][Main][TaskStreamAffinityTest][Info] [TC1.Affinity Unset] 157: affinity 0
[848:50:29.386][Main][TaskStreamAffinityTest][Info] [TC1.Affinity Unset] 158: affinity 0
[848:50:29.386][Main][TaskStreamAffinityTest][Info] [TC1.Affinity Unset] 159: affinity 0
[848:50:29.386][Main][TaskStreamAffinityTest][Info] [TC1.Affinity Unset] 160: affinity 0
[848:50:29.386][Main][TaskStreamAffinityTest][Info] [TC1.Affinity Unset] 161: affinity 0
[848:50:29.386][Main][TaskStreamAffinityTest][Info] [TC1.Affinity Unset] 162: affinity 0
[848:50:29.386][Main][TaskStreamAffinityTest][Info] [TC1.Affinity Unset] 163: affinity 0
[848:50:29.386][Main][TaskStreamAffinityTest][Info] [TC1.Affinity Unset] 164: affinity 0
[848:50:29.386][Main][TaskStreamAffinityTest][Info] [TC1.Affinity Unset] 165: affinity 0
[848:50:29.386][Main][TaskStreamAffinityTest][Info] [TC1.Affinity Unset] 166: affinity 0
[848:50:29.386][Main][TaskStreamAffinityTest][Info] [TC1.Affinity Unset] 167: affinity 0
[848:50:29.386][Main][TaskStreamAffinityTest][Info] [TC1.Affinity Unset] 168: affinity 0
[848:50:29.386][Main][TaskStreamAffinityTest][Info] [TC1.Affinity Unset] 169: affinity 0
[848:50:29.386][Main][TaskStreamAffinityTest][Info] [TC1.Affinity Unset] 170: affinity 0
[848:50:29.386][Main][TaskStreamAffinityTest][Info] [TC1.Affinity Unset] 171: affinity 0
[848:50:29.386][Main][TaskStreamAffinityTest][Info] [TC1.Affinity Unset] 172: affinity 0
[848:50:29.386][Main][TaskStreamAffinityTest][Info] [TC1.Affinity Unset] 173: affinity 0
[848:50:29.386][Main][TaskStreamAffinityTest][Info] [TC1.Affinity Unset] 174: affinity 0
[848:50:29.386][Main][TaskStreamAffinityTest][Info] [TC1.Affinity Unset] 175: affinity 0
[848:50:29.386][Main][TaskStreamAffinityTest][Info] [TC1.Affinity Unset] 176: affinity 0
[848:50:29.386][Main][TaskStreamAffinityTest][Info] [TC1.Affinity Unset] 177: affinity 0
[848:50:29.386][Main][TaskStreamAffinityTest][Info] [TC1.Affinity Unset] 178: affinity 0
[848:50:29.386][Main][TaskStreamAffinityTest][Info] [TC1.Affinity Unset] 179: affinity 0
[848:50:29.386][Main][TaskStreamAffinityTest][Info] [TC1.Affinity Unset] 180: affinity 0
[848:50:29.386][Main][TaskStreamAffinityTest][Info] [TC1.Affinity Unset] 181: affinity 0
[848:50:29.386][Main][TaskStreamAffinityTest][Info] [TC1.Affinity Unset] 182: affinity 0
[848:50:29.386][Main][TaskStreamAffinityTest][Info] [TC1.Affinity Unset] 183: affinity 0
[848:50:29.386][Main][TaskStreamAffinityTest][Info] [TC1.Affinity Unset] 184: affinity 0
[848:50:29.386][Main][TaskStreamAffinityTest][Info] [TC1.Affinity Unset] 185: affinity 0
[848:50:29.386][Main][TaskStreamAffinityTest][Info] [TC1.Affinity Unset] 186: affinity 0
[848:50:29.386][Main][TaskStreamAffinityTest][Info] [TC1.Affinity Unset] 187: affinity 0
[848:50:29.386][Main][TaskStreamAffinityTest][Info] [TC1.Affinity Unset] 188: affinity 0
[848:50:29.386][Main][TaskStreamAffinityTest][Info] [TC1.Affinity Unset] 189: affinity 0
[848:50:29.386][Main][TaskStreamAffinityTest][Info] [TC1.Affinity Unset] 190: affinity 0
[848:50:29.386][Main][TaskStreamAffinityTest][Info] [TC1.Affinity Unset] 191: affinity 0
[848:50:29.386][Main][TaskStreamAffinityTest][Info] [TC1.Affinity Unset] 192: affinity 0
[848:50:29.386][Main][TaskStreamAffinityTest][Info] [TC1.Affinity Unset] 193: affinity 0
[848:50:29.386][Main][TaskStreamAffinityTest][Info] [TC1.Affinity Unset] 194: affinity 0
[848:50:29.386][Main][TaskStreamAffinityTest][Info] [TC1.Affinity Unset] 195: affinity 0
[848:50:29.386][Main][TaskStreamAffinityTest][Info] [TC1.Affinity Unset] 196: affinity 0
[848:50:29.386][Main][TaskStreamAffinityTest][Info] [TC1.Affinity Unset] 197: affinity 0
[848:50:29.386][Main][TaskStreamAffinityTest][Info] [TC1.Affinity Unset] 198: affinity 0
[848:50:29.386][Main][TaskStreamAffinityTest][Info] [TC1.Affinity Unset] 199: affinity 0
[848:50:29.386][Main][TaskStreamAffinityTest][Info] [TC1.Affinity Unset] 200: affinity 0
[848:50:29.386][Main][TaskStreamAffinityTest][Info] [TC1.Affinity Unset] 201: affinity 0
[848:50:29.386][Main][TaskStreamAffinityTest][Info] [TC1.Affinity Unset] 202: affinity 0
[848:50:29.386][Main][TaskStreamAffinityTest][Info] [TC1.Affinity Unset] 203: affinity 0
[848:50:29.386][Main][TaskStreamAffinityTest][Info] [TC1.Affinity Unset] 204: affinity 0
[848:50:29.386][Main][TaskStreamAffinityTest][Info] [TC1.Affinity Unset] 205: affinity 0
[848:50:29.386][Main][TaskStreamAffinityTest][Info] [TC1.Affinity Unset] 206: affinity 0
[848:50:29.386][Main][TaskStreamAffinityTest][Info] [TC1.Affinity Unset] 207: affinity 0
[848:50:29.386][Main][TaskStreamAffinityTest][Info] [TC1.Affinity Unset] 208: affinity 0
[848:50:29.386][Main][TaskStreamAffinityTest][Info] [TC1.Affinity Unset] 209: affinity 0
[848:50:29.386][Main][TaskStreamAffinityTest][Info] [TC1.Affinity Unset] 210: affinity 0
[848:50:29.386][Main][TaskStreamAffinityTest][Info] [TC1.Affinity Unset] 211: affinity 0
[848:50:29.386][Main][TaskStreamAffinityTest][Info] [TC1.Affinity Unset] 212: affinity 0
[848:50:29.386][Main][TaskStreamAffinityTest][Info] [TC1.Affinity Unset] 213: affinity 0
[848:50:29.386][Main][TaskStreamAffinityTest][Info] [TC1.Affinity Unset] 214: affinity 0
[848:50:29.386][Main][TaskStreamAffinityTest][Info] [TC1.Affinity Unset] 215: affinity 0
[848:50:29.386][Main][TaskStreamAffinityTest][Info] [TC1.Affinity Unset] 216: affinity 0
[848:50:29.386][Main][TaskStreamAffinityTest][Info] [TC1.Affinity Unset] 217: affinity 0
[848:50:29.386][Main][TaskStreamAffinityTest][Info] [TC1.Affinity Unset] 218: affinity 0
[848:50:29.386][Main][TaskStreamAffinityTest][Info] [TC1.Affinity Unset] 219: affinity 0
[848:50:29.386][Main][TaskStreamAffinityTest][Info] [TC1.Affinity Unset] 220: affinity 0
[848:50:29.386][Main][TaskStreamAffinityTest][Info] [TC1.Affinity Unset] 221: affinity 0
[848:50:29.386][Main][TaskStreamAffinityTest][Info] [TC1.Affinity Unset] 222: affinity 0
[848:50:29.386][Main][TaskStreamAffinityTest][Info] [TC1.Affinity Unset] 223: affinity 0
[848:50:29.386][Main][TaskStreamAffinityTest][Info] [TC1.Affinity Unset] 224: affinity 0
[848:50:29.386][Main][TaskStreamAffinityTest][Info] [TC1.Affinity Unset] 225: affinity 0
[848:50:29.386][Main][TaskStreamAffinityTest][Info] [TC1.Affinity Unset] 226: affinity 0
[848:50:29.386][Main][TaskStreamAffinityTest][Info] [TC1.Affinity Unset] 227: affinity 0
[848:50:29.386][Main][TaskStreamAffinityTest][Info] [TC1.Affinity Unset] 228: affinity 0
[848:50:29.386][Main][TaskStreamAffinityTest][Info] [TC1.Affinity Unset] 229: affinity 0
[848:50:29.386][Main][TaskStreamAffinityTest][Info] [TC1.Affinity Unset] 230: affinity 0
[848:50:29.386][Main][TaskStreamAffinityTest][Info] [TC1.Affinity Unset] 231: affinity 0
[848:50:29.386][Main][TaskStreamAffinityTest][Info] [TC1.Affinity Unset] 232: affinity 0
[848:50:29.386][Main][TaskStreamAffinityTest][Info] [TC1.Affinity Unset] 233: affinity 0
[848:50:29.386][Main][TaskStreamAffinityTest][Info] [TC1.Affinity Unset] 234: affinity 0
[848:50:29.386][Main][TaskStreamAffinityTest][Info] [TC1.Affinity Unset] 235: affinity 0
[848:50:29.386][Main][TaskStreamAffinityTest][Info] [TC1.Affinity Unset] 236: affinity 0
[848:50:29.386][Main][TaskStreamAffinityTest][Info] [TC1.Affinity Unset] 237: affinity 0
[848:50:29.386][Main][TaskStreamAffinityTest][Info] [TC1.Affinity Unset] 238: affinity 0
[848:50:29.386][Main][TaskStreamAffinityTest][Info] [TC1.Affinity Unset] 239: affinity 0
[848:50:29.386][Main][TaskStreamAffinityTest][Info] [TC1.Affinity Unset] 240: affinity 0
[848:50:29.386][Main][TaskStreamAffinityTest][Info] [TC1.Affinity Unset] 241: affinity 0
[848:50:29.386][Main][TaskStreamAffinityTest][Info] [TC1.Affinity Unset] 242: affinity 0
[848:50:29.386][Main][TaskStreamAffinityTest][Info] [TC1.Affinity Unset] 243: affinity 0
[848:50:29.386][Main][TaskStreamAffinityTest][Info] [TC1.Affinity Unset] 244: affinity 0
[848:50:29.386][Main][TaskStreamAffinityTest][Info] [TC1.Affinity Unset] 245: affinity 0
[848:50:29.386][Main][TaskStreamAffinityTest][Info] [TC1.Affinity Unset] 246: affinity 0
[848:50:29.386][Main][TaskStreamAffinityTest][Info] [TC1.Affinity Unset] 247: affinity 0
[848:50:29.386][Main][TaskStreamAffinityTest][Info] [TC1.Affinity Unset] 248: affinity 0
[848:50:29.386][Main][TaskStreamAffinityTest][Info] [TC1.Affinity Unset] 249: affinity 0
[848:50:29.386][Main][TaskStreamAffinityTest][Info] [TC1.Affinity Unset] 250: affinity 0
[848:50:29.386][Main][TaskStreamAffinityTest][Info] [TC1.Affinity Unset] 251: affinity 0
[848:50:29.386][Main][TaskStreamAffinityTest][Info] [TC1.Affinity Unset] 252: affinity 0
[848:50:29.386][Main][TaskStreamAffinityTest][Info] [TC1.Affinity Unset] 253: affinity 0
[848:50:29.386][Main][TaskStreamAffinityTest][Info] [TC1.Affinity Unset] 254: affinity 0
[848:50:29.386][Main][TaskStreamAffinityTest][Info] [TC1.Affinity Unset] 255: affinity 0
[848:50:29.386][Main][TaskStreamAffinityTest][Info] [TC1.Affinity Unset] 256: affinity 0
[848:50:29.386][Main][TaskStreamAffinityTest][Info] [TC1.Affinity Unset] 257: affinity 0
[848:50:29.386][Main][TaskStreamAffinityTest][Info] [TC1.Affinity Unset] 258: affinity 0
[848:50:29.386][Main][TaskStreamAffinityTest][Info] [TC1.Affinity Unset] 259: affinity 0
[848:50:29.386][Main][TaskStreamAffinityTest][Info] [TC1.Affinity Unset] 260: affinity 0
[848:50:29.386][Main][TaskStreamAffinityTest][Info] [TC1.Affinity Unset] 261: affinity 0
[848:50:29.386][Main][TaskStreamAffinityTest][Info] [TC1.Affinity Unset] 262: affinity 0
[848:50:29.386][Main][TaskStreamAffinityTest][Info] [TC1.Affinity Unset] 263: affinity 0
[848:50:29.386][Main][TaskStreamAffinityTest][Info] [TC1.Affinity Unset] 264: affinity 0
[848:50:29.386][Main][TaskStreamAffinityTest][Info] [TC1.Affinity Unset] 265: affinity 0
[848:50:29.386][Main][TaskStreamAffinityTest][Info] [TC1.Affinity Unset] 266: affinity 0
[848:50:29.386][Main][TaskStreamAffinityTest][Info] [TC1.Affinity Unset] 267: affinity 0
[848:50:29.386][Main][TaskStreamAffinityTest][Info] [TC1.Affinity Unset] 268: affinity 0
[848:50:29.386][Main][TaskStreamAffinityTest][Info] [TC1.Affinity Unset] 269: affinity 0
[848:50:29.386][Main][TaskStreamAffinityTest][Info] [TC1.Affinity Unset] 270: affinity 0
[848:50:29.386][Main][TaskStreamAffinityTest][Info] [TC1.Affinity Unset] 271: affinity 0
[848:50:29.386][Main][TaskStreamAffinityTest][Info] [TC1.Affinity Unset] 272: affinity 0
[848:50:29.386][Main][TaskStreamAffinityTest][Info] [TC1.Affinity Unset] 273: affinity 0
[848:50:29.386][Main][TaskStreamAffinityTest][Info] [TC1.Affinity Unset] 274: affinity 0
[848:50:29.386][Main][TaskStreamAffinityTest][Info] [TC1.Affinity Unset] 275: affinity 0
[848:50:29.386][Main][TaskStreamAffinityTest][Info] [TC1.Affinity Unset] 276: affinity 0
[848:50:29.386][Main][TaskStreamAffinityTest][Info] [TC1.Affinity Unset] 277: affinity 0
[848:50:29.386][Main][TaskStreamAffinityTest][Info] [TC1.Affinity Unset] 278: affinity 0
[848:50:29.386][Main][TaskStreamAffinityTest][Info] [TC1.Affinity Unset] 279: affinity 0
[848:50:29.386][Main][TaskStreamAffinityTest][Info] [TC1.Affinity Unset] 280: affinity 0
[848:50:29.386][Main][TaskStreamAffinityTest][Info] [TC1.Affinity Unset] 281: affinity 0
[848:50:29.386][Main][TaskStreamAffinityTest][Info] [TC1.Affinity Unset] 282: affinity 0
[848:50:29.386][Main][TaskStreamAffinityTest][Info] [TC1.Affinity Unset] 283: affinity 0
[848:50:29.386][Main][TaskStreamAffinityTest][Info] [TC1.Affinity Unset] 284: affinity 0
[848:50:29.386][Main][TaskStreamAffinityTest][Info] [TC1.Affinity Unset] 285: affinity 0
[848:50:29.386][Main][TaskStreamAffinityTest][Info] [TC1.Affinity Unset] 286: affinity 0
[848:50:29.386][Main][TaskStreamAffinityTest][Info] [TC1.Affinity Unset] 287: affinity 0
[848:50:29.386][Main][TaskStreamAffinityTest][Info] [TC1.Affinity Unset] 288: affinity 0
[848:50:29.386][Main][TaskStreamAffinityTest][Info] [TC1.Affinity Unset] 289: affinity 0
[848:50:29.386][Main][TaskStreamAffinityTest][Info] [TC1.Affinity Unset] 290: affinity 0
[848:50:29.386][Main][TaskStreamAffinityTest][Info] [TC1.Affinity Unset] 291: affinity 0
[848:50:29.386][Main][TaskStreamAffinityTest][Info] [TC1.Affinity Unset] 292: affinity 0
[848:50:29.386][Main][TaskStreamAffinityTest][Info] [TC1.Affinity Unset] 293: affinity 0
[848:50:29.386][Main][TaskStreamAffinityTest][Info] [TC1.Affinity Unset] 294: affinity 0
[848:50:29.386][Main][TaskStreamAffinityTest][Info] [TC1.Affinity Unset] 295: affinity 0
[848:50:29.386][Main][TaskStreamAffinityTest][Info] [TC1.Affinity Unset] 296: affinity 0
[848:50:29.386][Main][TaskStreamAffinityTest][Info] [TC1.Affinity Unset] 297: affinity 0
[848:50:29.386][Main][TaskStreamAffinityTest][Info] [TC1.Affinity Unset] 298: affinity 0
[848:50:29.386][Main][TaskStreamAffinityTest][Info] [TC1.Affinity Unset] 299: affinity 0
[848:50:29.386][Main][TaskStreamAffinityTest][Info] [TC1.Affinity Unset] 300: affinity 0
[848:50:29.386][Main][TaskStreamAffinityTest][Info] [TC1.Affinity Unset] 301: affinity 0
[848:50:29.386][Main][TaskStreamAffinityTest][Info] [TC1.Affinity Unset] 302: affinity 0
[848:50:29.386][Main][TaskStreamAffinityTest][Info] [TC1.Affinity Unset] 303: affinity 0
[848:50:29.386][Main][TaskStreamAffinityTest][Info] [TC1.Affinity Unset] 304: affinity 0
[848:50:29.386][Main][TaskStreamAffinityTest][Info] [TC1.Affinity Unset] 305: affinity 0
[848:50:29.386][Main][TaskStreamAffinityTest][Info] [TC1.Affinity Unset] 306: affinity 0
[848:50:29.386][Main][TaskStreamAffinityTest][Info] [TC1.Affinity Unset] 307: affinity 0
[848:50:29.386][Main][TaskStreamAffinityTest][Info] [TC1.Affinity Unset] 308: affinity 0
[848:50:29.386][Main][TaskStreamAffinityTest][Info] [TC1.Affinity Unset] 309: affinity 0
[848:50:29.386][Main][TaskStreamAffinityTest][Info] [TC1.Affinity Unset] 310: affinity 0
[848:50:29.386][Main][TaskStreamAffinityTest][Info] [TC1.Affinity Unset] 311: affinity 0
[848:50:29.386][Main][TaskStreamAffinityTest][Info] [TC1.Affinity Unset] 312: affinity 0
[848:50:29.386][Main][TaskStreamAffinityTest][Info] [TC1.Affinity Unset] 313: affinity 0
[848:50:29.386][Main][TaskStreamAffinityTest][Info] [TC1.Affinity Unset] 314: affinity 0
[848:50:29.386][Main][TaskStreamAffinityTest][Info] [TC1.Affinity Unset] 315: affinity 0
[848:50:29.386][Main][TaskStreamAffinityTest][Info] [TC1.Affinity Unset] 316: affinity 0
[848:50:29.386][Main][TaskStreamAffinityTest][Info] [TC1.Affinity Unset] 317: affinity 0
[848:50:29.386][Main][TaskStreamAffinityTest][Info] [TC1.Affinity Unset] 318: affinity 0
[848:50:29.386][Main][TaskStreamAffinityTest][Info] [TC1.Affinity Unset] 319: affinity 0
[848:50:29.386][Main][TaskStreamAffinityTest][Info] [TC1.Affinity Unset] 320: affinity 0
[848:50:29.386][Main][TaskStreamAffinityTest][Info] [TC1.Affinity Unset] 321: affinity 0
[848:50:29.386][Main][TaskStreamAffinityTest][Info] [TC1.Affinity Unset] 322: affinity 0
[848:50:29.386][Main][TaskStreamAffinityTest][Info] [TC1.Affinity Unset] 323: affinity 0
[848:50:29.386][Main][TaskStreamAffinityTest][Info] [TC1.Affinity Unset] 324: affinity 0
[848:50:29.386][Main][TaskStreamAffinityTest][Info] [TC1.Affinity Unset] 325: affinity 0
[848:50:29.386][Main][TaskStreamAffinityTest][Info] [TC1.Affinity Unset] 326: affinity 0
[848:50:29.386][Main][TaskStreamAffinityTest][Info] [TC1.Affinity Unset] 327: affinity 0
[848:50:29.386][Main][TaskStreamAffinityTest][Info] [TC1.Affinity Unset] 328: affinity 0
[848:50:29.386][Main][TaskStreamAffinityTest][Info] [TC1.Affinity Unset] 329: affinity 0
[848:50:29.386][Main][TaskStreamAffinityTest][Info] [TC1.Affinity Unset] 330: affinity 0
[848:50:29.386][Main][TaskStreamAffinityTest][Info] [TC1.Affinity Unset] 331: affinity 0
[848:50:29.386][Main][TaskStreamAffinityTest][Info] [TC1.Affinity Unset] 332: affinity 0
[848:50:29.386][Main][TaskStreamAffinityTest][Info] [TC1.Affinity Unset] 333: affinity 0
[848:50:29.386][Main][TaskStreamAffinityTest][Info] [TC1.Affinity Unset] 334: affinity 0
[848:50:29.386][Main][TaskStreamAffinityTest][Info] [TC1.Affinity Unset] 335: affinity 0
[848:50:29.386][Main][TaskStreamAffinityTest][Info] [TC1.Affinity Unset] 336: affinity 0
[848:50:29.386][Main][TaskStreamAffinityTest][Info] [TC1.Affinity Unset] 337: affinity 0
[848:50:29.386][Main][TaskStreamAffinityTest][Info] [TC1.Affinity Unset] 338: affinity 0
[848:50:29.386][Main][TaskStreamAffinityTest][Info] [TC1.Affinity Unset] 339: affinity 0
[848:50:29.386][Main][TaskStreamAffinityTest][Info] [TC1.Affinity Unset] 340: affinity 0
[848:50:29.386][Main][TaskStreamAffinityTest][Info] [TC1.Affinity Unset] 341: affinity 0
[848:50:29.386][Main][TaskStreamAffinityTest][Info] [TC1.Affinity Unset] 342: affinity 0
[848:50:29.386][Main][TaskStreamAffinityTest][Info] [TC1.Affinity Unset] 343: affinity 0
[848:50:29.386][Main][TaskStreamAffinityTest][Info] [TC1.Affinity Unset] 344: affinity 0
[848:50:29.386][Main][TaskStreamAffinityTest][Info] [TC1.Affinity Unset] 345: affinity 0
[848:50:29.386][Main][TaskStreamAffinityTest][Info] [TC1.Affinity Unset] 346: affinity 0
[848:50:29.386][Main][TaskStreamAffinityTest][Info] [TC1.Affinity Unset] 347: affinity 0
[848:50:29.386][Main][TaskStreamAffinityTest][Info] [TC1.Affinity Unset] 348: affinity 0
[848:50:29.386][Main][TaskStreamAffinityTest][Info] [TC1.Affinity Unset] 349: affinity 0
[848:50:29.386][Main][TaskStreamAffinityTest][Info] [TC1.Affinity Unset] 350: affinity 0
[848:50:29.386][Main][TaskStreamAffinityTest][Info] [TC1.Affinity Unset] 351: affinity 0
[848:50:29.386][Main][TaskStreamAffinityTest][Info] [TC1.Affinity Unset] 352: affinity 0
[848:50:29.386][Main][TaskStreamAffinityTest][Info] [TC1.Affinity Unset] 353: affinity 0
[848:50:29.386][Main][TaskStreamAffinityTest][Info] [TC1.Affinity Unset] 354: affinity 0
[848:50:29.386][Main][TaskStreamAffinityTest][Info] [TC1.Affinity Unset] 355: affinity 0
[848:50:29.386][Main][TaskStreamAffinityTest][Info] [TC1.Affinity Unset] 356: affinity 0
[848:50:29.386][Main][TaskStreamAffinityTest][Info] [TC1.Affinity Unset] 357: affinity 0
[848:50:29.386][Main][TaskStreamAffinityTest][Info] [TC1.Affinity Unset] 358: affinity 0
[848:50:29.386][Main][TaskStreamAffinityTest][Info] [TC1.Affinity Unset] 359: affinity 0
[848:50:29.386][Main][TaskStreamAffinityTest][Info] [TC1.Affinity Unset] 360: affinity 0
[848:50:29.386][Main][TaskStreamAffinityTest][Info] [TC1.Affinity Unset] 361: affinity 0
[848:50:29.386][Main][TaskStreamAffinityTest][Info] [TC1.Affinity Unset] 362: affinity 0
[848:50:29.386][Main][TaskStreamAffinityTest][Info] [TC1.Affinity Unset] 363: affinity 0
[848:50:29.386][Main][TaskStreamAffinityTest][Info] [TC1.Affinity Unset] 364: affinity 0
[848:50:29.386][Main][TaskStreamAffinityTest][Info] [TC1.Affinity Unset] 365: affinity 0
[848:50:29.386][Main][TaskStreamAffinityTest][Info] [TC1.Affinity Unset] 366: affinity 0
[848:50:29.386][Main][TaskStreamAffinityTest][Info] [TC1.Affinity Unset] 367: affinity 0
[848:50:29.386][Main][TaskStreamAffinityTest][Info] [TC1.Affinity Unset] 368: affinity 0
[848:50:29.386][Main][TaskStreamAffinityTest][Info] [TC1.Affinity Unset] 369: affinity 0
[848:50:29.386][Main][TaskStreamAffinityTest][Info] [TC1.Affinity Unset] 370: affinity 0
[848:50:29.386][Main][TaskStreamAffinityTest][Info] [TC1.Affinity Unset] 371: affinity 0
[848:50:29.386][Main][TaskStreamAffinityTest][Info] [TC1.Affinity Unset] 372: affinity 0
[848:50:29.386][Main][TaskStreamAffinityTest][Info] [TC1.Affinity Unset] 373: affinity 0
[848:50:29.386][Main][TaskStreamAffinityTest][Info] [TC1.Affinity Unset] 374: affinity 0
[848:50:29.386][Main][TaskStreamAffinityTest][Info] [TC1.Affinity Unset] 375: affinity 0
[848:50:29.386][Main][TaskStreamAffinityTest][Info] [TC1.Affinity Unset] 376: affinity 0
[848:50:29.386][Main][TaskStreamAffinityTest][Info] [TC1.Affinity Unset] 377: affinity 0
[848:50:29.386][Main][TaskStreamAffinityTest][Info] [TC1.Affinity Unset] 378: affinity 0
[848:50:29.386][Main][TaskStreamAffinityTest][Info] [TC1.Affinity Unset] 379: affinity 0
[848:50:29.386][Main][TaskStreamAffinityTest][Info] [TC1.Affinity Unset] 380: affinity 0
[848:50:29.386][Main][TaskStreamAffinityTest][Info] [TC1.Affinity Unset] 381: affinity 0
[848:50:29.386][Main][TaskStreamAffinityTest][Info] [TC1.Affinity Unset] 382: affinity 0
[848:50:29.386][Main][TaskStreamAffinityTest][Info] [TC1.Affinity Unset] 383: affinity 0
[848:50:29.386][Main][TaskStreamAffinityTest][Info] [TC1.Affinity Unset] 384: affinity 0
[848:50:29.386][Main][TaskStreamAffinityTest][Info] [TC1.Affinity Unset] 385: affinity 0
[848:50:29.386][Main][TaskStreamAffinityTest][Info] [TC1.Affinity Unset] 386: affinity 0
[848:50:29.386][Main][TaskStreamAffinityTest][Info] [TC1.Affinity Unset] 387: affinity 0
[848:50:29.386][Main][TaskStreamAffinityTest][Info] [TC1.Affinity Unset] 388: affinity 0
[848:50:29.386][Main][TaskStreamAffinityTest][Info] [TC1.Affinity Unset] 389: affinity 0
[848:50:29.386][Main][TaskStreamAffinityTest][Info] [TC1.Affinity Unset] 390: affinity 0
[848:50:29.386][Main][TaskStreamAffinityTest][Info] [TC1.Affinity Unset] 391: affinity 0
[848:50:29.386][Main][TaskStreamAffinityTest][Info] [TC1.Affinity Unset] 392: affinity 0
[848:50:29.386][Main][TaskStreamAffinityTest][Info] [TC1.Affinity Unset] 393: affinity 0
[848:50:29.386][Main][TaskStreamAffinityTest][Info] [TC1.Affinity Unset] 394: affinity 0
[848:50:29.386][Main][TaskStreamAffinityTest][Info] [TC1.Affinity Unset] 395: affinity 0
[848:50:29.386][Main][TaskStreamAffinityTest][Info] [TC1.Affinity Unset] 396: affinity 0
[848:50:29.386][Main][TaskStreamAffinityTest][Info] [TC1.Affinity Unset] 397: affinity 0
[848:50:29.386][Main][TaskStreamAffinityTest][Info] [TC1.Affinity Unset] 398: affinity 0
[848:50:29.386][Main][TaskStreamAffinityTest][Info] [TC1.Affinity Unset] 399: affinity 0
[848:50:29.386][Main][TaskStreamAffinityTest][Info] [TC1.Affinity Unset] 400: affinity 0
[848:50:29.386][Main][TaskStreamAffinityTest][Info] [TC1.Affinity Unset] 401: affinity 0
[848:50:29.386][Main][TaskStreamAffinityTest][Info] [TC1.Affinity Unset] 402: affinity 0
[848:50:29.386][Main][TaskStreamAffinityTest][Info] [TC1.Affinity Unset] 403: affinity 0
[848:50:29.386][Main][TaskStreamAffinityTest][Info] [TC1.Affinity Unset] 404: affinity 0
[848:50:29.386][Main][TaskStreamAffinityTest][Info] [TC1.Affinity Unset] 405: affinity 0
[848:50:29.386][Main][TaskStreamAffinityTest][Info] [TC1.Affinity Unset] 406: affinity 0
[848:50:29.386][Main][TaskStreamAffinityTest][Info] [TC1.Affinity Unset] 407: affinity 0
[848:50:29.386][Main][TaskStreamAffinityTest][Info] [TC1.Affinity Unset] 408: affinity 0
[848:50:29.386][Main][TaskStreamAffinityTest][Info] [TC1.Affinity Unset] 409: affinity 0
[848:50:29.386][Main][TaskStreamAffinityTest][Info] [TC1.Affinity Unset] 410: affinity 0
[848:50:29.386][Main][TaskStreamAffinityTest][Info] [TC1.Affinity Unset] 411: affinity 0
[848:50:29.386][Main][TaskStreamAffinityTest][Info] [TC1.Affinity Unset] 412: affinity 0
[848:50:29.386][Main][TaskStreamAffinityTest][Info] [TC1.Affinity Unset] 413: affinity 0
[848:50:29.386][Main][TaskStreamAffinityTest][Info] [TC1.Affinity Unset] 414: affinity 0
[848:50:29.386][Main][TaskStreamAffinityTest][Info] [TC1.Affinity Unset] 415: affinity 0
[848:50:29.386][Main][TaskStreamAffinityTest][Info] [TC1.Affinity Unset] 416: affinity 0
[848:50:29.386][Main][TaskStreamAffinityTest][Info] [TC1.Affinity Unset] 417: affinity 0
[848:50:29.386][Main][TaskStreamAffinityTest][Info] [TC1.Affinity Unset] 418: affinity 0
[848:50:29.386][Main][TaskStreamAffinityTest][Info] [TC1.Affinity Unset] 419: affinity 0
[848:50:29.386][Main][TaskStreamAffinityTest][Info] [TC1.Affinity Unset] 420: affinity 0
[848:50:29.386][Main][TaskStreamAffinityTest][Info] [TC1.Affinity Unset] 421: affinity 0
[848:50:29.387][Main][TaskStreamAffinityTest][Info] [TC1.Affinity Unset] 422: affinity 0
[848:50:29.387][Main][TaskStreamAffinityTest][Info] [TC1.Affinity Unset] 423: affinity 0
[848:50:29.387][Main][TaskStreamAffinityTest][Info] [TC1.Affinity Unset] 424: affinity 0
[848:50:29.387][Main][TaskStreamAffinityTest][Info] [TC1.Affinity Unset] 425: affinity 0
[848:50:29.387][Main][TaskStreamAffinityTest][Info] [TC1.Affinity Unset] 426: affinity 0
[848:50:29.387][Main][TaskStreamAffinityTest][Info] [TC1.Affinity Unset] 427: affinity 0
[848:50:29.387][Main][TaskStreamAffinityTest][Info] [TC1.Affinity Unset] 428: affinity 0
[848:50:29.387][Main][TaskStreamAffinityTest][Info] [TC1.Affinity Unset] 429: affinity 0
[848:50:29.387][Main][TaskStreamAffinityTest][Info] [TC1.Affinity Unset] 430: affinity 0
[848:50:29.387][Main][TaskStreamAffinityTest][Info] [TC1.Affinity Unset] 431: affinity 0
[848:50:29.387][Main][TaskStreamAffinityTest][Info] [TC1.Affinity Unset] 432: affinity 0
[848:50:29.387][Main][TaskStreamAffinityTest][Info] [TC1.Affinity Unset] 433: affinity 0
[848:50:29.387][Main][TaskStreamAffinityTest][Info] [TC1.Affinity Unset] 434: affinity 0
[848:50:29.387][Main][TaskStreamAffinityTest][Info] [TC1.Affinity Unset] 435: affinity 0
[848:50:29.387][Main][TaskStreamAffinityTest][Info] [TC1.Affinity Unset] 436: affinity 0
[848:50:29.387][Main][TaskStreamAffinityTest][Info] [TC1.Affinity Unset] 437: affinity 0
[848:50:29.387][Main][TaskStreamAffinityTest][Info] [TC1.Affinity Unset] 438: affinity 0
[848:50:29.387][Main][TaskStreamAffinityTest][Info] [TC1.Affinity Unset] 439: affinity 0
[848:50:29.387][Main][TaskStreamAffinityTest][Info] [TC1.Affinity Unset] 440: affinity 0
[848:50:29.387][Main][TaskStreamAffinityTest][Info] [TC1.Affinity Unset] 441: affinity 0
[848:50:29.387][Main][TaskStreamAffinityTest][Info] [TC1.Affinity Unset] 442: affinity 0
[848:50:29.387][Main][TaskStreamAffinityTest][Info] [TC1.Affinity Unset] 443: affinity 0
[848:50:29.387][Main][TaskStreamAffinityTest][Info] [TC1.Affinity Unset] 444: affinity 0
[848:50:29.387][Main][TaskStreamAffinityTest][Info] [TC1.Affinity Unset] 445: affinity 0
[848:50:29.387][Main][TaskStreamAffinityTest][Info] [TC1.Affinity Unset] 446: affinity 0
[848:50:29.387][Main][TaskStreamAffinityTest][Info] [TC1.Affinity Unset] 447: affinity 0
[848:50:29.387][Main][TaskStreamAffinityTest][Info] [TC1.Affinity Unset] 448: affinity 0
[848:50:29.387][Main][TaskStreamAffinityTest][Info] [TC1.Affinity Unset] 449: affinity 0
[848:50:29.387][Main][TaskStreamAffinityTest][Info] [TC1.Affinity Unset] 450: affinity 0
[848:50:29.387][Main][TaskStreamAffinityTest][Info] [TC1.Affinity Unset] 451: affinity 0
[848:50:29.387][Main][TaskStreamAffinityTest][Info] [TC1.Affinity Unset] 452: affinity 0
[848:50:29.387][Main][TaskStreamAffinityTest][Info] [TC1.Affinity Unset] 453: affinity 0
[848:50:29.387][Main][TaskStreamAffinityTest][Info] [TC1.Affinity Unset] 454: affinity 0
[848:50:29.387][Main][TaskStreamAffinityTest][Info] [TC1.Affinity Unset] 455: affinity 0
[848:50:29.387][Main][TaskStreamAffinityTest][Info] [TC1.Affinity Unset] 456: affinity 0
[848:50:29.387][Main][TaskStreamAffinityTest][Info] [TC1.Affinity Unset] 457: affinity 0
[848:50:29.387][Main][TaskStreamAffinityTest][Info] [TC1.Affinity Unset] 458: affinity 0
[848:50:29.387][Main][TaskStreamAffinityTest][Info] [TC1.Affinity Unset] 459: affinity 0
[848:50:29.387][Main][TaskStreamAffinityTest][Info] [TC1.Affinity Unset] 460: affinity 0
[848:50:29.387][Main][TaskStreamAffinityTest][Info] [TC1.Affinity Unset] 461: affinity 0
[848:50:29.387][Main][TaskStreamAffinityTest][Info] [TC1.Affinity Unset] 462: affinity 0
[848:50:29.387][Main][TaskStreamAffinityTest][Info] [TC1.Affinity Unset] 463: affinity 0
[848:50:29.387][Main][TaskStreamAffinityTest][Info] [TC1.Affinity Unset] 464: affinity 0
[848:50:29.387][Main][TaskStreamAffinityTest][Info] [TC1.Affinity Unset] 465: affinity 0
[848:50:29.387][Main][TaskStreamAffinityTest][Info] [TC1.Affinity Unset] 466: affinity 0
[848:50:29.387][Main][TaskStreamAffinityTest][Info] [TC1.Affinity Unset] 467: affinity 0
[848:50:29.387][Main][TaskStreamAffinityTest][Info] [TC1.Affinity Unset] 468: affinity 0
[848:50:29.387][Main][TaskStreamAffinityTest][Info] [TC1.Affinity Unset] 469: affinity 0
[848:50:29.387][Main][TaskStreamAffinityTest][Info] [TC1.Affinity Unset] 470: affinity 0
[848:50:29.387][Main][TaskStreamAffinityTest][Info] [TC1.Affinity Unset] 471: affinity 0
[848:50:29.387][Main][TaskStreamAffinityTest][Info] [TC1.Affinity Unset] 472: affinity 0
[848:50:29.387][Main][TaskStreamAffinityTest][Info] [TC1.Affinity Unset] 473: affinity 0
[848:50:29.387][Main][TaskStreamAffinityTest][Info] [TC1.Affinity Unset] 474: affinity 0
[848:50:29.387][Main][TaskStreamAffinityTest][Info] [TC1.Affinity Unset] 475: affinity 0
[848:50:29.387][Main][TaskStreamAffinityTest][Info] [TC1.Affinity Unset] 476: affinity 0
[848:50:29.387][Main][TaskStreamAffinityTest][Info] [TC1.Affinity Unset] 477: affinity 0
[848:50:29.387][Main][TaskStreamAffinityTest][Info] [TC1.Affinity Unset] 478: affinity 0
[848:50:29.387][Main][TaskStreamAffinityTest][Info] [TC1.Affinity Unset] 479: affinity 0
[848:50:29.387][Main][TaskStreamAffinityTest][Info] [TC1.Affinity Unset] 480: affinity 0
[848:50:29.387][Main][TaskStreamAffinityTest][Info] [TC1.Affinity Unset] 481: affinity 0
[848:50:29.387][Main][TaskStreamAffinityTest][Info] [TC1.Affinity Unset] 482: affinity 0
[848:50:29.387][Main][TaskStreamAffinityTest][Info] [TC1.Affinity Unset] 483: affinity 0
[848:50:29.387][Main][TaskStreamAffinityTest][Info] [TC1.Affinity Unset] 484: affinity 0
[848:50:29.387][Main][TaskStreamAffinityTest][Info] [TC1.Affinity Unset] 485: affinity 0
[848:50:29.387][Main][TaskStreamAffinityTest][Info] [TC1.Affinity Unset] 486: affinity 0
[848:50:29.387][Main][TaskStreamAffinityTest][Info] [TC1.Affinity Unset] 487: affinity 0
[848:50:29.387][Main][TaskStreamAffinityTest][Info] [TC1.Affinity Unset] 488: affinity 0
[848:50:29.387][Main][TaskStreamAffinityTest][Info] [TC1.Affinity Unset] 489: affinity 0
[848:50:29.387][Main][TaskStreamAffinityTest][Info] [TC1.Affinity Unset] 490: affinity 0
[848:50:29.387][Main][TaskStreamAffinityTest][Info] [TC1.Affinity Unset] 491: affinity 0
[848:50:29.387][Main][TaskStreamAffinityTest][Info] [TC1.Affinity Unset] 492: affinity 0
[848:50:29.387][Main][TaskStreamAffinityTest][Info] [TC1.Affinity Unset] 493: affinity 0
[848:50:29.387][Main][TaskStreamAffinityTest][Info] [TC1.Affinity Unset] 494: affinity 0
[848:50:29.387][Main][TaskStreamAffinityTest][Info] [TC1.Affinity Unset] 495: affinity 0
[848:50:29.387][Main][TaskStreamAffinityTest][Info] [TC1.Affinity Unset] 496: affinity 0
[848:50:29.387][Main][TaskStreamAffinityTest][Info] [TC1.Affinity Unset] 497: affinity 0
[848:50:29.387][Main][TaskStreamAffinityTest][Info] [TC1.Affinity Unset] 498: affinity 0
[848:50:29.387][Main][TaskStreamAffinityTest][Info] [TC1.Affinity Unset] 499: affinity 0
[848:50:29.387][Main][TaskStreamAffinityTest][Info] [TC1.Affinity Unset] 500: affinity 0
[848:50:29.387][Main][TaskStreamAffinityTest][Info] [TC1.Affinity Unset] 501: affinity 0
[848:50:29.387][Main][TaskStreamAffinityTest][Info] [TC1.Affinity Unset] 502: affinity 0
[848:50:29.387][Main][TaskStreamAffinityTest][Info] [TC1.Affinity Unset] 503: affinity 0
[848:50:29.387][Main][TaskStreamAffinityTest][Info] [TC1.Affinity Unset] 504: affinity 0
[848:50:29.387][Main][TaskStreamAffinityTest][Info] [TC1.Affinity Unset] 505: affinity 0
[848:50:29.387][Main][TaskStreamAffinityTest][Info] [TC1.Affinity Unset] 506: affinity 0
[848:50:29.387][Main][TaskStreamAffinityTest][Info] [TC1.Affinity Unset] 507: affinity 0
[848:50:29.387][Main][TaskStreamAffinityTest][Info] [TC1.Affinity Unset] 508: affinity 0
[848:50:29.387][Main][TaskStreamAffinityTest][Info] [TC1.Affinity Unset] 509: affinity 0
[848:50:29.387][Main][TaskStreamAffinityTest][Info] [TC1.Affinity Unset] 510: affinity 0
[848:50:29.387][Main][TaskStreamAffinityTest][Info] [TC1.Affinity Unset] 511: affinity 0
[848:50:29.387][Main][TaskStreamAffinityTest][Info] [TC1.Affinity Unset] 512: affinity 0
[848:50:29.387][Main][TaskStreamAffinityTest][Info] [TC1.Affinity Unset] 513: affinity 0
[848:50:29.387][Main][TaskStreamAffinityTest][Info] [TC1.Affinity Unset] 514: affinity 0
[848:50:29.387][Main][TaskStreamAffinityTest][Info] [TC1.Affinity Unset] 515: affinity 0
[848:50:29.387][Main][TaskStreamAffinityTest][Info] [TC1.Affinity Unset] 516: affinity 0
[848:50:29.387][Main][Affinity Unset][Info] = Allocator Usage ========================================
[848:50:29.387][Main][Affinity Unset][Info] ==========================================================
[848:50:29.387][Main][TaskStreamAffinityTest][Info] # TC1.Affinity Unset Result [PASS] #

[848:50:29.387][Main][TaskStreamAffinityTest][Info] # TC2.Affinity Set/Unset #
[848:50:29.387][Main][TaskStreamAffinityTest][Info] [TC2.Affinity Set/Unset] 0: affinity 0
[848:50:29.387][Main][TaskStreamAffinityTest][Info] [TC2.Affinity Set/Unset] 1: affinity 1
[848:50:29.387][Main][TaskStreamAffinityTest][Info] [TC2.Affinity Set/Unset] 2: affinity 0
[848:50:29.387][Main][TaskStreamAffinityTest][Info] [TC2.Affinity Set/Unset] 3: affinity 1
[848:50:29.387][Main][TaskStreamAffinityTest][Info] [TC2.Affinity Set/Unset] 4: affinity 0
[848:50:29.387][Main][TaskStreamAffinityTest][Info] [TC2.Affinity Set/Unset] 5: affinity 1
[848:50:29.387][Main][TaskStreamAffinityTest][Info] [TC2.Affinity Set/Unset] 6: affinity 0
[848:50:29.387][Main][TaskStreamAffinityTest][Info] [TC2.Affinity Set/Unset] 7: affinity 1
[848:50:29.387][Main][TaskStreamAffinityTest][Info] [TC2.Affinity Set/Unset] 8: affinity 0
[848:50:29.387][Main][TaskStreamAffinityTest][Info] [TC2.Affinity Set/Unset] 9: affinity 1
[848:50:29.387][Main][TaskStreamAffinityTest][Info] [TC2.Affinity Set/Unset] 10: affinity 0
[848:50:29.387][Main][TaskStreamAffinityTest][Info] [TC2.Affinity Set/Unset] 11: affinity 1
[848:50:29.387][Main][TaskStreamAffinityTest][Info] [TC2.Affinity Set/Unset] 12: affinity 0
[848:50:29.387][Main][TaskStreamAffinityTest][Info] [TC2.Affinity Set/Unset] 13: affinity 1
[848:50:29.387][Main][TaskStreamAffinityTest][Info] [TC2.Affinity Set/Unset] 14: affinity 0
[848:50:29.387][Main][TaskStreamAffinityTest][Info] [TC2.Affinity Set/Unset] 15: affinity 1
[848:50:29.387][Main][TaskStreamAffinityTest][Info] [TC2.Affinity Set/Unset] 16: affinity 0
[848:50:29.387][Main][TaskStreamAffinityTest][Info] [TC2.Affinity Set/Unset] 17: affinity 1
[848:50:29.387][Main][TaskStreamAffinityTest][Info] [TC2.Affinity Set/Unset] 18: affinity 0
[848:50:29.387][Main][TaskStreamAffinityTest][Info] [TC2.Affinity Set/Unset] 19: affinity 1
[848:50:29.387][Main][TaskStreamAffinityTest][Info] [TC2.Affinity Set/Unset] 20: affinity 0
[848:50:29.387][Main][TaskStreamAffinityTest][Info] [TC2.Affinity Set/Unset] 21: affinity 1
[848:50:29.387][Main][TaskStreamAffinityTest][Info] [TC2.Affinity Set/Unset] 22: affinity 0
[848:50:29.387][Main][TaskStreamAffinityTest][Info] [TC2.Affinity Set/Unset] 23: affinity 1
[848:50:29.387][Main][TaskStreamAffinityTest][Info] [TC2.Affinity Set/Unset] 24: affinity 0
[848:50:29.387][Main][TaskStreamAffinityTest][Info] [TC2.Affinity Set/Unset] 25: affinity 1
[848:50:29.387][Main][TaskStreamAffinityTest][Info] [TC2.Affinity Set/Unset] 26: affinity 0
[848:50:29.387][Main][TaskStreamAffinityTest][Info] [TC2.Affinity Set/Unset] 27: affinity 1
[848:50:29.387][Main][TaskStreamAffinityTest][Info] [TC2.Affinity Set/Unset] 28: affinity 0
[848:50:29.387][Main][TaskStreamAffinityTest][Info] [TC2.Affinity Set/Unset] 29: affinity 1
[848:50:29.387][Main][TaskStreamAffinityTest][Info] [TC2.Affinity Set/Unset] 30: affinity 0
[848:50:29.387][Main][TaskStreamAffinityTest][Info] [TC2.Affinity Set/Unset] 31: affinity 1
[848:50:29.387][Main][TaskStreamAffinityTest][Info] [TC2.Affinity Set/Unset] 32: affinity 0
[848:50:29.387][Main][TaskStreamAffinityTest][Info] [TC2.Affinity Set/Unset] 33: affinity 1
[848:50:29.387][Main][TaskStreamAffinityTest][Info] [TC2.Affinity Set/Unset] 34: affinity 0
[848:50:29.387][Main][TaskStreamAffinityTest][Info] [TC2.Affinity Set/Unset] 35: affinity 1
[848:50:29.387][Main][TaskStreamAffinityTest][Info] [TC2.Affinity Set/Unset] 36: affinity 0
[848:50:29.387][Main][TaskStreamAffinityTest][Info] [TC2.Affinity Set/Unset] 37: affinity 1
[848:50:29.387][Main][TaskStreamAffinityTest][Info] [TC2.Affinity Set/Unset] 38: affinity 0
[848:50:29.387][Main][TaskStreamAffinityTest][Info] [TC2.Affinity Set/Unset] 39: affinity 1
[848:50:29.387][Main][TaskStreamAffinityTest][Info] [TC2.Affinity Set/Unset] 40: affinity 0
[848:50:29.387][Main][TaskStreamAffinityTest][Info] [TC2.Affinity Set/Unset] 41: affinity 1
[848:50:29.387][Main][TaskStreamAffinityTest][Info] [TC2.Affinity Set/Unset] 42: affinity 0
[848:50:29.387][Main][TaskStreamAffinityTest][Info] [TC2.Affinity Set/Unset] 43: affinity 1
[848:50:29.387][Main][TaskStreamAffinityTest][Info] [TC2.Affinity Set/Unset] 44: affinity 0
[848:50:29.387][Main][TaskStreamAffinityTest][Info] [TC2.Affinity Set/Unset] 45: affinity 1
[848:50:29.387][Main][TaskStreamAffinityTest][Info] [TC2.Affinity Set/Unset] 46: affinity 0
[848:50:29.387][Main][TaskStreamAffinityTest][Info] [TC2.Affinity Set/Unset] 47: affinity 1
[848:50:29.387][Main][TaskStreamAffinityTest][Info] [TC2.Affinity Set/Unset] 48: affinity 0
[848:50:29.387][Main][TaskStreamAffinityTest][Info] [TC2.Affinity Set/Unset] 49: affinity 1
[848:50:29.387][Main][TaskStreamAffinityTest][Info] [TC2.Affinity Set/Unset] 50: affinity 0
[848:50:29.387][Main][TaskStreamAffinityTest][Info] [TC2.Affinity Set/Unset] 51: affinity 1
[848:50:29.387][Main][TaskStreamAffinityTest][Info] [TC2.Affinity Set/Unset] 52: affinity 0
[848:50:29.387][Main][TaskStreamAffinityTest][Info] [TC2.Affinity Set/Unset] 53: affinity 1
[848:50:29.387][Main][TaskStreamAffinityTest][Info] [TC2.Affinity Set/Unset] 54: affinity 0
[848:50:29.387][Main][TaskStreamAffinityTest][Info] [TC2.Affinity Set/Unset] 55: affinity 1
[848:50:29.387][Main][TaskStreamAffinityTest][Info] [TC2.Affinity Set/Unset] 56: affinity 0
[848:50:29.387][Main][TaskStreamAffinityTest][Info] [TC2.Affinity Set/Unset] 57: affinity 1
[848:50:29.387][Main][TaskStreamAffinityTest][Info] [TC2.Affinity Set/Unset] 58: affinity 0
[848:50:29.387][Main][TaskStreamAffinityTest][Info] [TC2.Affinity Set/Unset] 59: affinity 1
[848:50:29.387][Main][TaskStreamAffinityTest][Info] [TC2.Affinity Set/Unset] 60: affinity 0
[848:50:29.387][Main][TaskStreamAffinityTest][Info] [TC2.Affinity Set/Unset] 61: affinity 1
[848:50:29.387][Main][TaskStreamAffinityTest][Info] [TC2.Affinity Set/Unset] 62: affinity 0
[848:50:29.387][Main][TaskStreamAffinityTest][Info] [TC2.Affinity Set/Unset] 63: affinity 1
[848:50:29.387][Main][TaskStreamAffinityTest][Info] [TC2.Affinity Set/Unset] 64: affinity 0
[848:50:29.387][Main][TaskStreamAffinityTest][Info] [TC2.Affinity Set/Unset] 65: affinity 1
[848:50:29.387][Main][TaskStreamAffinityTest][Info] [TC2.Affinity Set/Unset] 66: affinity 0
[848:50:29.387][Main][TaskStreamAffinityTest][Info] [TC2.Affinity Set/Unset] 67: affinity 1
[848:50:29.387][Main][TaskStreamAffinityTest][Info] [TC2.Affinity Set/Unset] 68: affinity 0
[848:50:29.387][Main][TaskStreamAffinityTest][Info] [TC2.Affinity Set/Unset] 69: affinity 1
[848:50:29.387][Main][TaskStreamAffinityTest][Info] [TC2.Affinity Set/Unset] 70: affinity 0
[848:50:29.387][Main][TaskStreamAffinityTest][Info] [TC2.Affinity Set/Unset] 71: affinity 1
[848:50:29.387][Main][TaskStreamAffinityTest][Info] [TC2.Affinity Set/Unset] 72: affinity 0
[848:50:29.387][Main][TaskStreamAffinityTest][Info] [TC2.Affinity Set/Unset] 73: affinity 1
[848:50:29.387][Main][TaskStreamAffinityTest][Info] [TC2.Affinity Set/Unset] 74: affinity 0
[848:50:29.387][Main][TaskStreamAffinityTest][Info] [TC2.Affinity Set/Unset] 75: affinity 1
[848:50:29.387][Main][TaskStreamAffinityTest][Info] [TC2.Affinity Set/Unset] 76: affinity 0
[848:50:29.387][Main][TaskStreamAffinityTest][Info] [TC2.Affinity Set/Unset] 77: affinity 1
[848:50:29.387][Main][TaskStreamAffinityTest][Info] [TC2.Affinity Set/Unset] 78: affinity 0
[848:50:29.387][Main][TaskStreamAffinityTest][Info] [TC2.Affinity Set/Unset] 79: affinity 1
[848:50:29.387][Main][TaskStreamAffinityTest][Info] [TC2.Affinity Set/Unset] 80: affinity 0
[848:50:29.387][Main][TaskStreamAffinityTest][Info] [TC2.Affinity Set/Unset] 81: affinity 1
[848:50:29.387][Main][TaskStreamAffinityTest][Info] [TC2.Affinity Set/Unset] 82: affinity 0
[848:50:29.387][Main][TaskStreamAffinityTest][Info] [TC2.Affinity Set/Unset] 83: affinity 1
[848:50:29.387][Main][TaskStreamAffinityTest][Info] [TC2.Affinity Set/Unset] 84: affinity 0
[848:50:29.387][Main][TaskStreamAffinityTest][Info] [TC2.Affinity Set/Unset] 85: affinity 1
[848:50:29.387][Main][TaskStreamAffinityTest][Info] [TC2.Affinity Set/Unset] 86: affinity 0
[848:50:29.387][Main][TaskStreamAffinityTest][Info] [TC2.Affinity Set/Unset] 87: affinity 1
[848:50:29.387][Main][TaskStreamAffinityTest][Info] [TC2.Affinity Set/Unset] 88: affinity 0
[848:50:29.387][Main][TaskStreamAffinityTest][Info] [TC2.Affinity Set/Unset] 89: affinity 1
[848:50:29.387][Main][TaskStreamAffinityTest][Info] [TC2.Affinity Set/Unset] 90: affinity 0
[848:50:29.387][Main][TaskStreamAffinityTest][Info] [TC2.Affinity Set/Unset] 91: affinity 1
[848:50:29.387][Main][TaskStreamAffinityTest][Info] [TC2.Affinity Set/Unset] 92: affinity 0
[848:50:29.387][Main][TaskStreamAffinityTest][Info] [TC2.Affinity Set/Unset] 93: affinity 1
[848:50:29.387][Main][TaskStreamAffinityTest][Info] [TC2.Affinity Set/Unset] 94: affinity 0
[848:50:29.387][Main][TaskStreamAffinityTest][Info] [TC2.Affinity Set/Unset] 95: affinity 1
[848:50:29.387][Main][TaskStreamAffinityTest][Info] [TC2.Affinity Set/Unset] 96: affinity 0
[848:50:29.387][Main][TaskStreamAffinityTest][Info] [TC2.Affinity Set/Unset] 97: affinity 1
[848:50:29.387][Main][TaskStreamAffinityTest][Info] [TC2.Affinity Set/Unset] 98: affinity 0
[848:50:29.387][Main][TaskStreamAffinityTest][Info] [TC2.Affinity Set/Unset] 99: affinity 1
[848:50:29.387][Main][TaskStreamAffinityTest][Info] [TC2.Affinity Set/Unset] 100: affinity 0
[848:50:29.387][Main][TaskStreamAffinityTest][Info] [TC2.Affinity Set/Unset] 101: affinity 1
[848:50:29.387][Main][TaskStreamAffinityTest][Info] [TC2.Affinity Set/Unset] 102: affinity 0
[848:50:29.387][Main][TaskStreamAffinityTest][Info] [TC2.Affinity Set/Unset] 103: affinity 1
[848:50:29.387][Main][TaskStreamAffinityTest][Info] [TC2.Affinity Set/Unset] 104: affinity 0
[848:50:29.387][Main][TaskStreamAffinityTest][Info] [TC2.Affinity Set/Unset] 105: affinity 1
[848:50:29.387][Main][TaskStreamAffinityTest][Info] [TC2.Affinity Set/Unset] 106: affinity 0
[848:50:29.387][Main][TaskStreamAffinityTest][Info] [TC2.Affinity Set/Unset] 107: affinity 1
[848:50:29.387][Main][TaskStreamAffinityTest][Info] [TC2.Affinity Set/Unset] 108: affinity 0
[848:50:29.387][Main][TaskStreamAffinityTest][Info] [TC2.Affinity Set/Unset] 109: affinity 1
[848:50:29.387][Main][TaskStreamAffinityTest][Info] [TC2.Affinity Set/Unset] 110: affinity 0
[848:50:29.387][Main][TaskStreamAffinityTest][Info] [TC2.Affinity Set/Unset] 111: affinity 1
[848:50:29.387][Main][TaskStreamAffinityTest][Info] [TC2.Affinity Set/Unset] 112: affinity 0
[848:50:29.387][Main][TaskStreamAffinityTest][Info] [TC2.Affinity Set/Unset] 113: affinity 1
[848:50:29.387][Main][TaskStreamAffinityTest][Info] [TC2.Affinity Set/Unset] 114: affinity 0
[848:50:29.387][Main][TaskStreamAffinityTest][Info] [TC2.Affinity Set/Unset] 115: affinity 1
[848:50:29.387][Main][TaskStreamAffinityTest][Info] [TC2.Affinity Set/Unset] 116: affinity 0
[848:50:29.387][Main][TaskStreamAffinityTest][Info] [TC2.Affinity Set/Unset] 117: affinity 1
[848:50:29.387][Main][TaskStreamAffinityTest][Info] [TC2.Affinity Set/Unset] 118: affinity 0
[848:50:29.387][Main][TaskStreamAffinityTest][Info] [TC2.Affinity Set/Unset] 119: affinity 1
[848:50:29.387][Main][TaskStreamAffinityTest][Info] [TC2.Affinity Set/Unset] 120: affinity 0
[848:50:29.387][Main][TaskStreamAffinityTest][Info] [TC2.Affinity Set/Unset] 121: affinity 1
[848:50:29.387][Main][TaskStreamAffinityTest][Info] [TC2.Affinity Set/Unset] 122: affinity 0
[848:50:29.387][Main][TaskStreamAffinityTest][Info] [TC2.Affinity Set/Unset] 123: affinity 1
[848:50:29.387][Main][TaskStreamAffinityTest][Info] [TC2.Affinity Set/Unset] 124: affinity 0
[848:50:29.387][Main][TaskStreamAffinityTest][Info] [TC2.Affinity Set/Unset] 125: affinity 1
[848:50:29.387][Main][TaskStreamAffinityTest][Info] [TC2.Affinity Set/Unset] 126: affinity 0
[848:50:29.387][Main][TaskStreamAffinityTest][Info] [TC2.Affinity Set/Unset] 127: affinity 1
[848:50:29.387][Main][TaskStreamAffinityTest][Info] [TC2.Affinity Set/Unset] 128: affinity 0
[848:50:29.387][Main][TaskStreamAffinityTest][Info] [TC2.Affinity Set/Unset] 129: affinity 1
[848:50:29.387][Main][TaskStreamAffinityTest][Info] [TC2.Affinity Set/Unset] 130: affinity 0
[848:50:29.387][Main][TaskStreamAffinityTest][Info] [TC2.Affinity Set/Unset] 131: affinity 1
[848:50:29.387][Main][TaskStreamAffinityTest][Info] [TC2.Affinity Set/Unset] 132: affinity 0
[848:50:29.387][Main][TaskStreamAffinityTest][Info] [TC2.Affinity Set/Unset] 133: affinity 1
[848:50:29.387][Main][TaskStreamAffinityTest][Info] [TC2.Affinity Set/Unset] 134: affinity 0
[848:50:29.387][Main][TaskStreamAffinityTest][Info] [TC2.Affinity Set/Unset] 135: affinity 1
[848:50:29.387][Main][TaskStreamAffinityTest][Info] [TC2.Affinity Set/Unset] 136: affinity 0
[848:50:29.387][Main][TaskStreamAffinityTest][Info] [TC2.Affinity Set/Unset] 137: affinity 1
[848:50:29.387][Main][TaskStreamAffinityTest][Info] [TC2.Affinity Set/Unset] 138: affinity 0
[848:50:29.387][Main][TaskStreamAffinityTest][Info] [TC2.Affinity Set/Unset] 139: affinity 1
[848:50:29.387][Main][TaskStreamAffinityTest][Info] [TC2.Affinity Set/Unset] 140: affinity 0
[848:50:29.387][Main][TaskStreamAffinityTest][Info] [TC2.Affinity Set/Unset] 141: affinity 1
[848:50:29.387][Main][TaskStreamAffinityTest][Info] [TC2.Affinity Set/Unset] 142: affinity 0
[848:50:29.387][Main][TaskStreamAffinityTest][Info] [TC2.Affinity Set/Unset] 143: affinity 1
[848:50:29.387][Main][TaskStreamAffinityTest][Info] [TC2.Affinity Set/Unset] 144: affinity 0
[848:50:29.387][Main][TaskStreamAffinityTest][Info] [TC2.Affinity Set/Unset] 145: affinity 1
[848:50:29.387][Main][TaskStreamAffinityTest][Info] [TC2.Affinity Set/Unset] 146: affinity 0
[848:50:29.387][Main][TaskStreamAffinityTest][Info] [TC2.Affinity Set/Unset] 147: affinity 1
[848:50:29.387][Main][TaskStreamAffinityTest][Info] [TC2.Affinity Set/Unset] 148: affinity 0
[848:50:29.387][Main][TaskStreamAffinityTest][Info] [TC2.Affinity Set/Unset] 149: affinity 1
[848:50:29.387][Main][TaskStreamAffinityTest][Info] [TC2.Affinity Set/Unset] 150: affinity 0
[848:50:29.387][Main][TaskStreamAffinityTest][Info] [TC2.Affinity Set/Unset] 151: affinity 1
[848:50:29.387][Main][TaskStreamAffinityTest][Info] [TC2.Affinity Set/Unset] 152: affinity 0
[848:50:29.387][Main][TaskStreamAffinityTest][Info] [TC2.Affinity Set/Unset] 153: affinity 1
[848:50:29.387][Main][TaskStreamAffinityTest][Info] [TC2.Affinity Set/Unset] 154: affinity 0
[848:50:29.387][Main][TaskStreamAffinityTest][Info] [TC2.Affinity Set/Unset] 155: affinity 1
[848:50:29.387][Main][TaskStreamAffinityTest][Info] [TC2.Affinity Set/Unset] 156: affinity 0
[848:50:29.387][Main][TaskStreamAffinityTest][Info] [TC2.Affinity Set/Unset] 157: affinity 1
[848:50:29.387][Main][TaskStreamAffinityTest][Info] [TC2.Affinity Set/Unset] 158: affinity 0
[848:50:29.387][Main][TaskStreamAffinityTest][Info] [TC2.Affinity Set/Unset] 159: affinity 1
[848:50:29.387][Main][TaskStreamAffinityTest][Info] [TC2.Affinity Set/Unset] 160: affinity 0
[848:50:29.387][Main][TaskStreamAffinityTest][Info] [TC2.Affinity Set/Unset] 161: affinity 1
[848:50:29.387][Main][TaskStreamAffinityTest][Info] [TC2.Affinity Set/Unset] 162: affinity 0
[848:50:29.387][Main][TaskStreamAffinityTest][Info] [TC2.Affinity Set/Unset] 163: affinity 1
[848:50:29.387][Main][TaskStreamAffinityTest][Info] [TC2.Affinity Set/Unset] 164: affinity 0
[848:50:29.387][Main][TaskStreamAffinityTest][Info] [TC2.Affinity Set/Unset] 165: affinity 1
[848:50:29.387][Main][TaskStreamAffinityTest][Info] [TC2.Affinity Set/Unset] 166: affinity 0
[848:50:29.387][Main][TaskStreamAffinityTest][Info] [TC2.Affinity Set/Unset] 167: affinity 1
[848:50:29.387][Main][TaskStreamAffinityTest][Info] [TC2.Affinity Set/Unset] 168: affinity 0
[848:50:29.387][Main][TaskStreamAffinityTest][Info] [TC2.Affinity Set/Unset] 169: affinity 1
[848:50:29.387][Main][TaskStreamAffinityTest][Info] [TC2.Affinity Set/Unset] 170: affinity 0
[848:50:29.387][Main][TaskStreamAffinityTest][Info] [TC2.Affinity Set/Unset] 171: affinity 1
[848:50:29.387][Main][TaskStreamAffinityTest][Info] [TC2.Affinity Set/Unset] 172: affinity 0
[848:50:29.387][Main][TaskStreamAffinityTest][Info] [TC2.Affinity Set/Unset] 173: affinity 1
[848:50:29.387][Main][TaskStreamAffinityTest][Info] [TC2.Affinity Set/Unset] 174: affinity 0
[848:50:29.387][Main][TaskStreamAffinityTest][Info] [TC2.Affinity Set/Unset] 175: affinity 1
[848:50:29.387][Main][TaskStreamAffinityTest][Info] [TC2.Affinity Set/Unset] 176: affinity 0
[848:50:29.387][Main][TaskStreamAffinityTest][Info] [TC2.Affinity Set/Unset] 177: affinity 1
[848:50:29.387][Main][TaskStreamAffinityTest][Info] [TC2.Affinity Set/Unset] 178: affinity 0
[848:50:29.387][Main][TaskStreamAffinityTest][Info] [TC2.Affinity Set/Unset] 179: affinity 1
[848:50:29.387][Main][TaskStreamAffinityTest][Info] [TC2.Affinity Set/Unset] 180: affinity 0
[848:50:29.387][Main][TaskStreamAffinityTest][Info] [TC2.Affinity Set/Unset] 181: affinity 1
[848:50:29.387][Main][TaskStreamAffinityTest][Info] [TC2.Affinity Set/Unset] 182: affinity 0
[848:50:29.387][Main][TaskStreamAffinityTest][Info] [TC2.Affinity Set/Unset] 183: affinity 1
[848:50:29.387][Main][TaskStreamAffinityTest][Info] [TC2.Affinity Set/Unset] 184: affinity 0
[848:50:29.387][Main][TaskStreamAffinityTest][Info] [TC2.Affinity Set/Unset] 185: affinity 1
[848:50:29.387][Main][TaskStreamAffinityTest][Info] [TC2.Affinity Set/Unset] 186: affinity 0
[848:50:29.387][Main][TaskStreamAffinityTest][Info] [TC2.Affinity Set/Unset] 187: affinity 1
[848:50:29.387][Main][TaskStreamAffinityTest][Info] [TC2.Affinity Set/Unset] 188: affinity 0
[848:50:29.387][Main][TaskStreamAffinityTest][Info] [TC2.Affinity Set/Unset] 189: affinity 1
[848:50:29.387][Main][TaskStreamAffinityTest][Info] [TC2.Affinity Set/Unset] 190: affinity 0
[848:50:29.387][Main][TaskStreamAffinityTest][Info] [TC2.Affinity Set/Unset] 191: affinity 1
[848:50:29.387][Main][TaskStreamAffinityTest][Info] [TC2.Affinity Set/Unset] 192: affinity 0
[848:50:29.387][Main][TaskStreamAffinityTest][Info] [TC2.Affinity Set/Unset] 193: affinity 1
[848:50:29.387][Main][TaskStreamAffinityTest][Info] [TC2.Affinity Set/Unset] 194: affinity 0
[848:50:29.387][Main][TaskStreamAffinityTest][Info] [TC2.Affinity Set/Unset] 195: affinity 1
[848:50:29.387][Main][TaskStreamAffinityTest][Info] [TC2.Affinity Set/Unset] 196: affinity 0
[848:50:29.387][Main][TaskStreamAffinityTest][Info] [TC2.Affinity Set/Unset] 197: affinity 1
[848:50:29.387][Main][TaskStreamAffinityTest][Info] [TC2.Affinity Set/Unset] 198: affinity 0
[848:50:29.387][Main][TaskStreamAffinityTest][Info] [TC2.Affinity Set/Unset] 199: affinity 1
[848:50:29.387][Main][TaskStreamAffinityTest][Info] [TC2.Affinity Set/Unset] 200: affinity 0
[848:50:29.387][Main][TaskStreamAffinityTest][Info] [TC2.Affinity Set/Unset] 201: affinity 1
[848:50:29.387][Main][TaskStreamAffinityTest][Info] [TC2.Affinity Set/Unset] 202: affinity 0
[848:50:29.387][Main][TaskStreamAffinityTest][Info] [TC2.Affinity Set/Unset] 203: affinity 1
[848:50:29.387][Main][TaskStreamAffinityTest][Info] [TC2.Affinity Set/Unset] 204: affinity 0
[848:50:29.387][Main][TaskStreamAffinityTest][Info] [TC2.Affinity Set/Unset] 205: affinity 1
[848:50:29.387][Main][TaskStreamAffinityTest][Info] [TC2.Affinity Set/Unset] 206: affinity 0
[848:50:29.387][Main][TaskStreamAffinityTest][Info] [TC2.Affinity Set/Unset] 207: affinity 1
[848:50:29.387][Main][TaskStreamAffinityTest][Info] [TC2.Affinity Set/Unset] 208: affinity 0
[848:50:29.387][Main][TaskStreamAffinityTest][Info] [TC2.Affinity Set/Unset] 209: affinity 1
[848:50:29.387][Main][TaskStreamAffinityTest][Info] [TC2.Affinity Set/Unset] 210: affinity 0
[848:50:29.387][Main][TaskStreamAffinityTest][Info] [TC2.Affinity Set/Unset] 211: affinity 1
[848:50:29.387][Main][TaskStreamAffinityTest][Info] [TC2.Affinity Set/Unset] 212: affinity 0
[848:50:29.387][Main][TaskStreamAffinityTest][Info] [TC2.Affinity Set/Unset] 213: affinity 1
[848:50:29.387][Main][TaskStreamAffinityTest][Info] [TC2.Affinity Set/Unset] 214: affinity 0
[848:50:29.387][Main][TaskStreamAffinityTest][Info] [TC2.Affinity Set/Unset] 215: affinity 1
[848:50:29.387][Main][TaskStreamAffinityTest][Info] [TC2.Affinity Set/Unset] 216: affinity 0
[848:50:29.387][Main][TaskStreamAffinityTest][Info] [TC2.Affinity Set/Unset] 217: affinity 1
[848:50:29.387][Main][TaskStreamAffinityTest][Info] [TC2.Affinity Set/Unset] 218: affinity 0
[848:50:29.387][Main][TaskStreamAffinityTest][Info] [TC2.Affinity Set/Unset] 219: affinity 1
[848:50:29.387][Main][TaskStreamAffinityTest][Info] [TC2.Affinity Set/Unset] 220: affinity 0
[848:50:29.387][Main][TaskStreamAffinityTest][Info] [TC2.Affinity Set/Unset] 221: affinity 1
[848:50:29.387][Main][TaskStreamAffinityTest][Info] [TC2.Affinity Set/Unset] 222: affinity 0
[848:50:29.387][Main][TaskStreamAffinityTest][Info] [TC2.Affinity Set/Unset] 223: affinity 1
[848:50:29.387][Main][TaskStreamAffinityTest][Info] [TC2.Affinity Set/Unset] 224: affinity 0
[848:50:29.387][Main][TaskStreamAffinityTest][Info] [TC2.Affinity Set/Unset] 225: affinity 1
[848:50:29.387][Main][TaskStreamAffinityTest][Info] [TC2.Affinity Set/Unset] 226: affinity 0
[848:50:29.387][Main][TaskStreamAffinityTest][Info] [TC2.Affinity Set/Unset] 227: affinity 1
[848:50:29.387][Main][TaskStreamAffinityTest][Info] [TC2.Affinity Set/Unset] 228: affinity 0
[848:50:29.387][Main][TaskStreamAffinityTest][Info] [TC2.Affinity Set/Unset] 229: affinity 1
[848:50:29.387][Main][TaskStreamAffinityTest][Info] [TC2.Affinity Set/Unset] 230: affinity 0
[848:50:29.387][Main][TaskStreamAffinityTest][Info] [TC2.Affinity Set/Unset] 231: affinity 1
[848:50:29.387][Main][TaskStreamAffinityTest][Info] [TC2.Affinity Set/Unset] 232: affinity 0
[848:50:29.387][Main][TaskStreamAffinityTest][Info] [TC2.Affinity Set/Unset] 233: affinity 1
[848:50:29.387][Main][TaskStreamAffinityTest][Info] [TC2.Affinity Set/Unset] 234: affinity 0
[848:50:29.387][Main][TaskStreamAffinityTest][Info] [TC2.Affinity Set/Unset] 235: affinity 1
[848:50:29.387][Main][TaskStreamAffinityTest][Info] [TC2.Affinity Set/Unset] 236: affinity 0
[848:50:29.387][Main][TaskStreamAffinityTest][Info] [TC2.Affinity Set/Unset] 237: affinity 1
[848:50:29.387][Main][TaskStreamAffinityTest][Info] [TC2.Affinity Set/Unset] 238: affinity 0
[848:50:29.387][Main][TaskStreamAffinityTest][Info] [TC2.Affinity Set/Unset] 239: affinity 1
[848:50:29.387][Main][TaskStreamAffinityTest][Info] [TC2.Affinity Set/Unset] 240: affinity 0
[848:50:29.387][Main][TaskStreamAffinityTest][Info] [TC2.Affinity Set/Unset] 241: affinity 1
[848:50:29.387][Main][TaskStreamAffinityTest][Info] [TC2.Affinity Set/Unset] 242: affinity 0
[848:50:29.387][Main][TaskStreamAffinityTest][Info] [TC2.Affinity Set/Unset] 243: affinity 1
[848:50:29.387][Main][TaskStreamAffinityTest][Info] [TC2.Affinity Set/Unset] 244: affinity 0
[848:50:29.387][Main][TaskStreamAffinityTest][Info] [TC2.Affinity Set/Unset] 245: affinity 1
[848:50:29.387][Main][TaskStreamAffinityTest][Info] [TC2.Affinity Set/Unset] 246: affinity 0
[848:50:29.387][Main][TaskStreamAffinityTest][Info] [TC2.Affinity Set/Unset] 247: affinity 1
[848:50:29.387][Main][TaskStreamAffinityTest][Info] [TC2.Affinity Set/Unset] 248: affinity 0
[848:50:29.387][Main][TaskStreamAffinityTest][Info] [TC2.Affinity Set/Unset] 249: affinity 1
[848:50:29.387][Main][TaskStreamAffinityTest][Info] [TC2.Affinity Set/Unset] 250: affinity 0
[848:50:29.387][Main][TaskStreamAffinityTest][Info] [TC2.Affinity Set/Unset] 251: affinity 1
[848:50:29.387][Main][TaskStreamAffinityTest][Info] [TC2.Affinity Set/Unset] 252: affinity 0
[848:50:29.387][Main][TaskStreamAffinityTest][Info] [TC2.Affinity Set/Unset] 253: affinity 1
[848:50:29.387][Main][TaskStreamAffinityTest][Info] [TC2.Affinity Set/Unset] 254: affinity 0
[848:50:29.387][Main][TaskStreamAffinityTest][Info] [TC2.Affinity Set/Unset] 255: affinity 1
[848:50:29.387][Main][TaskStreamAffinityTest][Info] [TC2.Affinity Set/Unset] 256: affinity 0
[848:50:29.387][Main][TaskStreamAffinityTest][Info] [TC2.Affinity Set/Unset] 257: affinity 1
[848:50:29.387][Main][TaskStreamAffinityTest][Info] [TC2.Affinity Set/Unset] 258: affinity 0
[848:50:29.387][Main][TaskStreamAffinityTest][Info] [TC2.Affinity Set/Unset] 259: affinity 1
[848:50:29.387][Main][TaskStreamAffinityTest][Info] [TC2.Affinity Set/Unset] 260: affinity 0
[848:50:29.387][Main][TaskStreamAffinityTest][Info] [TC2.Affinity Set/Unset] 261: affinity 1
[848:50:29.387][Main][TaskStreamAffinityTest][Info] [TC2.Affinity Set/Unset] 262: affinity 0
[848:50:29.387][Main][TaskStreamAffinityTest][Info] [TC2.Affinity Set/Unset] 263: affinity 1
[848:50:29.387][Main][TaskStreamAffinityTest][Info] [TC2.Affinity Set/Unset] 264: affinity 0
[848:50:29.387][Main][TaskStreamAffinityTest][Info] [TC2.Affinity Set/Unset] 265: affinity 1
[848:50:29.387][Main][TaskStreamAffinityTest][Info] [TC2.Affinity Set/Unset] 266: affinity 0
[848:50:29.387][Main][TaskStreamAffinityTest][Info] [TC2.Affinity Set/Unset] 267: affinity 1
[848:50:29.387][Main][TaskStreamAffinityTest][Info] [TC2.Affinity Set/Unset] 268: affinity 0
[848:50:29.387][Main][TaskStreamAffinityTest][Info] [TC2.Affinity Set/Unset] 269: affinity 1
[848:50:29.387][Main][TaskStreamAffinityTest][Info] [TC2.Affinity Set/Unset] 270: affinity 0
[848:50:29.387][Main][TaskStreamAffinityTest][Info] [TC2.Affinity Set/Unset] 271: affinity 1
[848:50:29.387][Main][TaskStreamAffinityTest][Info] [TC2.Affinity Set/Unset] 272: affinity 0
[848:50:29.387][Main][TaskStreamAffinityTest][Info] [TC2.Affinity Set/Unset] 273: affinity 1
[848:50:29.387][Main][TaskStreamAffinityTest][Info] [TC2.Affinity Set/Unset] 274: affinity 0
[848:50:29.387][Main][TaskStreamAffinityTest][Info] [TC2.Affinity Set/Unset] 275: affinity 1
[848:50:29.387][Main][TaskStreamAffinityTest][Info] [TC2.Affinity Set/Unset] 276: affinity 0
[848:50:29.387][Main][TaskStreamAffinityTest][Info] [TC2.Affinity Set/Unset] 277: affinity 1
[848:50:29.387][Main][TaskStreamAffinityTest][Info] [TC2.Affinity Set/Unset] 278: affinity 0
[848:50:29.387][Main][TaskStreamAffinityTest][Info] [TC2.Affinity Set/Unset] 279: affinity 1
[848:50:29.387][Main][TaskStreamAffinityTest][Info] [TC2.Affinity Set/Unset] 280: affinity 0
[848:50:29.387][Main][TaskStreamAffinityTest][Info] [TC2.Affinity Set/Unset] 281: affinity 1
[848:50:29.387][Main][TaskStreamAffinityTest][Info] [TC2.Affinity Set/Unset] 282: affinity 0
[848:50:29.387][Main][TaskStreamAffinityTest][Info] [TC2.Affinity Set/Unset] 283: affinity 1
[848:50:29.387][Main][TaskStreamAffinityTest][Info] [TC2.Affinity Set/Unset] 284: affinity 0
[848:50:29.387][Main][TaskStreamAffinityTest][Info] [TC2.Affinity Set/Unset] 285: affinity 1
[848:50:29.387][Main][TaskStreamAffinityTest][Info] [TC2.Affinity Set/Unset] 286: affinity 0
[848:50:29.387][Main][TaskStreamAffinityTest][Info] [TC2.Affinity Set/Unset] 287: affinity 1
[848:50:29.387][Main][TaskStreamAffinityTest][Info] [TC2.Affinity Set/Unset] 288: affinity 0
[848:50:29.387][Main][TaskStreamAffinityTest][Info] [TC2.Affinity Set/Unset] 289: affinity 1
[848:50:29.387][Main][TaskStreamAffinityTest][Info] [TC2.Affinity Set/Unset] 290: affinity 0
[848:50:29.387][Main][TaskStreamAffinityTest][Info] [TC2.Affinity Set/Unset] 291: affinity 1
[848:50:29.387][Main][TaskStreamAffinityTest][Info] [TC2.Affinity Set/Unset] 292: affinity 0
[848:50:29.387][Main][TaskStreamAffinityTest][Info] [TC2.Affinity Set/Unset] 293: affinity 1
[848:50:29.387][Main][TaskStreamAffinityTest][Info] [TC2.Affinity Set/Unset] 294: affinity 0
[848:50:29.387][Main][TaskStreamAffinityTest][Info] [TC2.Affinity Set/Unset] 295: affinity 1
[848:50:29.387][Main][TaskStreamAffinityTest][Info] [TC2.Affinity Set/Unset] 296: affinity 0
[848:50:29.387][Main][TaskStreamAffinityTest][Info] [TC2.Affinity Set/Unset] 297: affinity 1
[848:50:29.387][Main][TaskStreamAffinityTest][Info] [TC2.Affinity Set/Unset] 298: affinity 0
[848:50:29.387][Main][TaskStreamAffinityTest][Info] [TC2.Affinity Set/Unset] 299: affinity 1
[848:50:29.387][Main][TaskStreamAffinityTest][Info] [TC2.Affinity Set/Unset] 300: affinity 0
[848:50:29.387][Main][TaskStreamAffinityTest][Info] [TC2.Affinity Set/Unset] 301: affinity 1
[848:50:29.387][Main][TaskStreamAffinityTest][Info] [TC2.Affinity Set/Unset] 302: affinity 0
[848:50:29.387][Main][TaskStreamAffinityTest][Info] [TC2.Affinity Set/Unset] 303: affinity 1
[848:50:29.387][Main][TaskStreamAffinityTest][Info] [TC2.Affinity Set/Unset] 304: affinity 0
[848:50:29.387][Main][TaskStreamAffinityTest][Info] [TC2.Affinity Set/Unset] 305: affinity 1
[848:50:29.387][Main][TaskStreamAffinityTest][Info] [TC2.Affinity Set/Unset] 306: affinity 0
[848:50:29.387][Main][TaskStreamAffinityTest][Info] [TC2.Affinity Set/Unset] 307: affinity 1
[848:50:29.387][Main][TaskStreamAffinityTest][Info] [TC2.Affinity Set/Unset] 308: affinity 0
[848:50:29.387][Main][TaskStreamAffinityTest][Info] [TC2.Affinity Set/Unset] 309: affinity 1
[848:50:29.387][Main][TaskStreamAffinityTest][Info] [TC2.Affinity Set/Unset] 310: affinity 0
[848:50:29.387][Main][TaskStreamAffinityTest][Info] [TC2.Affinity Set/Unset] 311: affinity 1
[848:50:29.387][Main][TaskStreamAffinityTest][Info] [TC2.Affinity Set/Unset] 312: affinity 0
[848:50:29.387][Main][TaskStreamAffinityTest][Info] [TC2.Affinity Set/Unset] 313: affinity 1
[848:50:29.387][Main][TaskStreamAffinityTest][Info] [TC2.Affinity Set/Unset] 314: affinity 0
[848:50:29.387][Main][TaskStreamAffinityTest][Info] [TC2.Affinity Set/Unset] 315: affinity 1
[848:50:29.387][Main][TaskStreamAffinityTest][Info] [TC2.Affinity Set/Unset] 316: affinity 0
[848:50:29.387][Main][TaskStreamAffinityTest][Info] [TC2.Affinity Set/Unset] 317: affinity 1
[848:50:29.387][Main][TaskStreamAffinityTest][Info] [TC2.Affinity Set/Unset] 318: affinity 0
[848:50:29.387][Main][TaskStreamAffinityTest][Info] [TC2.Affinity Set/Unset] 319: affinity 1
[848:50:29.387][Main][TaskStreamAffinityTest][Info] [TC2.Affinity Set/Unset] 320: affinity 0
[848:50:29.387][Main][TaskStreamAffinityTest][Info] [TC2.Affinity Set/Unset] 321: affinity 1
[848:50:29.387][Main][TaskStreamAffinityTest][Info] [TC2.Affinity Set/Unset] 322: affinity 0
[848:50:29.387][Main][TaskStreamAffinityTest][Info] [TC2.Affinity Set/Unset] 323: affinity 1
[848:50:29.387][Main][TaskStreamAffinityTest][Info] [TC2.Affinity Set/Unset] 324: affinity 0
[848:50:29.387][Main][TaskStreamAffinityTest][Info] [TC2.Affinity Set/Unset] 325: affinity 1
[848:50:29.387][Main][TaskStreamAffinityTest][Info] [TC2.Affinity Set/Unset] 326: affinity 0
[848:50:29.387][Main][TaskStreamAffinityTest][Info] [TC2.Affinity Set/Unset] 327: affinity 1
[848:50:29.387][Main][TaskStreamAffinityTest][Info] [TC2.Affinity Set/Unset] 328: affinity 0
[848:50:29.387][Main][TaskStreamAffinityTest][Info] [TC2.Affinity Set/Unset] 329: affinity 1
[848:50:29.387][Main][TaskStreamAffinityTest][Info] [TC2.Affinity Set/Unset] 330: affinity 0
[848:50:29.387][Main][TaskStreamAffinityTest][Info] [TC2.Affinity Set/Unset] 331: affinity 1
[848:50:29.387][Main][TaskStreamAffinityTest][Info] [TC2.Affinity Set/Unset] 332: affinity 0
[848:50:29.387][Main][TaskStreamAffinityTest][Info] [TC2.Affinity Set/Unset] 333: affinity 1
[848:50:29.387][Main][TaskStreamAffinityTest][Info] [TC2.Affinity Set/Unset] 334: affinity 0
[848:50:29.387][Main][TaskStreamAffinityTest][Info] [TC2.Affinity Set/Unset] 335: affinity 1
[848:50:29.387][Main][TaskStreamAffinityTest][Info] [TC2.Affinity Set/Unset] 336: affinity 0
[848:50:29.387][Main][TaskStreamAffinityTest][Info] [TC2.Affinity Set/Unset] 337: affinity 1
[848:50:29.387][Main][TaskStreamAffinityTest][Info] [TC2.Affinity Set/Unset] 338: affinity 0
[848:50:29.387][Main][TaskStreamAffinityTest][Info] [TC2.Affinity Set/Unset] 339: affinity 1
[848:50:29.387][Main][TaskStreamAffinityTest][Info] [TC2.Affinity Set/Unset] 340: affinity 0
[848:50:29.387][Main][TaskStreamAffinityTest][Info] [TC2.Affinity Set/Unset] 341: affinity 1
[848:50:29.387][Main][TaskStreamAffinityTest][Info] [TC2.Affinity Set/Unset] 342: affinity 0
[848:50:29.387][Main][TaskStreamAffinityTest][Info] [TC2.Affinity Set/Unset] 343: affinity 1
[848:50:29.387][Main][TaskStreamAffinityTest][Info] [TC2.Affinity Set/Unset] 344: affinity 0
[848:50:29.387][Main][TaskStreamAffinityTest][Info] [TC2.Affinity Set/Unset] 345: affinity 1
[848:50:29.387][Main][TaskStreamAffinityTest][Info] [TC2.Affinity Set/Unset] 346: affinity 0
[848:50:29.387][Main][TaskStreamAffinityTest][Info] [TC2.Affinity Set/Unset] 347: affinity 1
[848:50:29.387][Main][TaskStreamAffinityTest][Info] [TC2.Affinity Set/Unset] 348: affinity 0
[848:50:29.387][Main][TaskStreamAffinityTest][Info] [TC2.Affinity Set/Unset] 349: affinity 1
[848:50:29.387][Main][TaskStreamAffinityTest][Info] [TC2.Affinity Set/Unset] 350: affinity 0
[848:50:29.387][Main][TaskStreamAffinityTest][Info] [TC2.Affinity Set/Unset] 351: affinity 1
[848:50:29.387][Main][TaskStreamAffinityTest][Info] [TC2.Affinity Set/Unset] 352: affinity 0
[848:50:29.387][Main][TaskStreamAffinityTest][Info] [TC2.Affinity Set/Unset] 353: affinity 1
[848:50:29.387][Main][TaskStreamAffinityTest][Info] [TC2.Affinity Set/Unset] 354: affinity 0
[848:50:29.387][Main][TaskStreamAffinityTest][Info] [TC2.Affinity Set/Unset] 355: affinity 1
[848:50:29.387][Main][TaskStreamAffinityTest][Info] [TC2.Affinity Set/Unset] 356: affinity 0
[848:50:29.387][Main][TaskStreamAffinityTest][Info] [TC2.Affinity Set/Unset] 357: affinity 1
[848:50:29.387][Main][TaskStreamAffinityTest][Info] [TC2.Affinity Set/Unset] 358: affinity 0
[848:50:29.387][Main][TaskStreamAffinityTest][Info] [TC2.Affinity Set/Unset] 359: affinity 1
[848:50:29.387][Main][TaskStreamAffinityTest][Info] [TC2.Affinity Set/Unset] 360: affinity 0
[848:50:29.387][Main][TaskStreamAffinityTest][Info] [TC2.Affinity Set/Unset] 361: affinity 1
[848:50:29.387][Main][TaskStreamAffinityTest][Info] [TC2.Affinity Set/Unset] 362: affinity 0
[848:50:29.387][Main][TaskStreamAffinityTest][Info] [TC2.Affinity Set/Unset] 363: affinity 1
[848:50:29.387][Main][TaskStreamAffinityTest][Info] [TC2.Affinity Set/Unset] 364: affinity 0
[848:50:29.387][Main][TaskStreamAffinityTest][Info] [TC2.Affinity Set/Unset] 365: affinity 1
[848:50:29.387][Main][TaskStreamAffinityTest][Info] [TC2.Affinity Set/Unset] 366: affinity 0
[848:50:29.387][Main][TaskStreamAffinityTest][Info] [TC2.Affinity Set/Unset] 367: affinity 1
[848:50:29.387][Main][TaskStreamAffinityTest][Info] [TC2.Affinity Set/Unset] 368: affinity 0
[848:50:29.387][Main][TaskStreamAffinityTest][Info] [TC2.Affinity Set/Unset] 369: affinity 1
[848:50:29.387][Main][TaskStreamAffinityTest][Info] [TC2.Affinity Set/Unset] 370: affinity 0
[848:50:29.387][Main][TaskStreamAffinityTest][Info] [TC2.Affinity Set/Unset] 371: affinity 1
[848:50:29.387][Main][TaskStreamAffinityTest][Info] [TC2.Affinity Set/Unset] 372: affinity 0
[848:50:29.387][Main][TaskStreamAffinityTest][Info] [TC2.Affinity Set/Unset] 373: affinity 1
[848:50:29.387][Main][TaskStreamAffinityTest][Info] [TC2.Affinity Set/Unset] 374: affinity 0
[848:50:29.387][Main][TaskStreamAffinityTest][Info] [TC2.Affinity Set/Unset] 375: affinity 1
[848:50:29.387][Main][TaskStreamAffinityTest][Info] [TC2.Affinity Set/Unset] 376: affinity 0
[848:50:29.387][Main][TaskStreamAffinityTest][Info] [TC2.Affinity Set/Unset] 377: affinity 1
[848:50:29.387][Main][TaskStreamAffinityTest][Info] [TC2.Affinity Set/Unset] 378: affinity 0
[848:50:29.387][Main][TaskStreamAffinityTest][Info] [TC2.Affinity Set/Unset] 379: affinity 1
[848:50:29.387][Main][TaskStreamAffinityTest][Info] [TC2.Affinity Set/Unset] 380: affinity 0
[848:50:29.387][Main][TaskStreamAffinityTest][Info] [TC2.Affinity Set/Unset] 381: affinity 1
[848:50:29.387][Main][TaskStreamAffinityTest][Info] [TC2.Affinity Set/Unset] 382: affinity 0
[848:50:29.387][Main][TaskStreamAffinityTest][Info] [TC2.Affinity Set/Unset] 383: affinity 1
[848:50:29.387][Main][TaskStreamAffinityTest][Info] [TC2.Affinity Set/Unset] 384: affinity 0
[848:50:29.387][Main][TaskStreamAffinityTest][Info] [TC2.Affinity Set/Unset] 385: affinity 1
[848:50:29.387][Main][TaskStreamAffinityTest][Info] [TC2.Affinity Set/Unset] 386: affinity 0
[848:50:29.387][Main][TaskStreamAffinityTest][Info] [TC2.Affinity Set/Unset] 387: affinity 1
[848:50:29.387][Main][TaskStreamAffinityTest][Info] [TC2.Affinity Set/Unset] 388: affinity 0
[848:50:29.387][Main][TaskStreamAffinityTest][Info] [TC2.Affinity Set/Unset] 389: affinity 1
[848:50:29.387][Main][TaskStreamAffinityTest][Info] [TC2.Affinity Set/Unset] 390: affinity 0
[848:50:29.387][Main][TaskStreamAffinityTest][Info] [TC2.Affinity Set/Unset] 391: affinity 1
[848:50:29.387][Main][TaskStreamAffinityTest][Info] [TC2.Affinity Set/Unset] 392: affinity 0
[848:50:29.387][Main][TaskStreamAffinityTest][Info] [TC2.Affinity Set/Unset] 393: affinity 1
[848:50:29.387][Main][TaskStreamAffinityTest][Info] [TC2.Affinity Set/Unset] 394: affinity 0
[848:50:29.387][Main][TaskStreamAffinityTest][Info] [TC2.Affinity Set/Unset] 395: affinity 1
[848:50:29.387][Main][TaskStreamAffinityTest][Info] [TC2.Affinity Set/Unset] 396: affinity 0
[848:50:29.387][Main][TaskStreamAffinityTest][Info] [TC2.Affinity Set/Unset] 397: affinity 1
[848:50:29.387][Main][TaskStreamAffinityTest][Info] [TC2.Affinity Set/Unset] 398: affinity 0
[848:50:29.387][Main][TaskStreamAffinityTest][Info] [TC2.Affinity Set/Unset] 399: affinity 1
[848:50:29.387][Main][TaskStreamAffinityTest][Info] [TC2.Affinity Set/Unset] 400: affinity 0
[848:50:29.387][Main][TaskStreamAffinityTest][Info] [TC2.Affinity Set/Unset] 401: affinity 1
[848:50:29.387][Main][TaskStreamAffinityTest][Info] [TC2.Affinity Set/Unset] 402: affinity 0
[848:50:29.387][Main][TaskStreamAffinityTest][Info] [TC2.Affinity Set/Unset] 403: affinity 1
[848:50:29.387][Main][TaskStreamAffinityTest][Info] [TC2.Affinity Set/Unset] 404: affinity 0
[848:50:29.387][Main][TaskStreamAffinityTest][Info] [TC2.Affinity Set/Unset] 405: affinity 1
[848:50:29.387][Main][TaskStreamAffinityTest][Info] [TC2.Affinity Set/Unset] 406: affinity 0
[848:50:29.387][Main][TaskStreamAffinityTest][Info] [TC2.Affinity Set/Unset] 407: affinity 1
[848:50:29.387][Main][TaskStreamAffinityTest][Info] [TC2.Affinity Set/Unset] 408: affinity 0
[848:50:29.387][Main][TaskStreamAffinityTest][Info] [TC2.Affinity Set/Unset] 409: affinity 1
[848:50:29.387][Main][TaskStreamAffinityTest][Info] [TC2.Affinity Set/Unset] 410: affinity 0
[848:50:29.387][Main][TaskStreamAffinityTest][Info] [TC2.Affinity Set/Unset] 411: affinity 1
[848:50:29.387][Main][TaskStreamAffinityTest][Info] [TC2.Affinity Set/Unset] 412: affinity 0
[848:50:29.387][Main][TaskStreamAffinityTest][Info] [TC2.Affinity Set/Unset] 413: affinity 1
[848:50:29.387][Main][TaskStreamAffinityTest][Info] [TC2.Affinity Set/Unset] 414: affinity 0
[848:50:29.387][Main][TaskStreamAffinityTest][Info] [TC2.Affinity Set/Unset] 415: affinity 1
[848:50:29.387][Main][TaskStreamAffinityTest][Info] [TC2.Affinity Set/Unset] 416: affinity 0
[848:50:29.387][Main][TaskStreamAffinityTest][Info] [TC2.Affinity Set/Unset] 417: affinity 1
[848:50:29.387][Main][TaskStreamAffinityTest][Info] [TC2.Affinity Set/Unset] 418: affinity 0
[848:50:29.387][Main][TaskStreamAffinityTest][Info] [TC2.Affinity Set/Unset] 419: affinity 1
[848:50:29.387][Main][TaskStreamAffinityTest][Info] [TC2.Affinity Set/Unset] 420: affinity 0
[848:50:29.387][Main][TaskStreamAffinityTest][Info] [TC2.Affinity Set/Unset] 421: affinity 1
[848:50:29.387][Main][TaskStreamAffinityTest][Info] [TC2.Affinity Set/Unset] 422: affinity 0
[848:50:29.387][Main][TaskStreamAffinityTest][Info] [TC2.Affinity Set/Unset] 423: affinity 1
[848:50:29.387][Main][TaskStreamAffinityTest][Info] [TC2.Affinity Set/Unset] 424: affinity 0
[848:50:29.387][Main][TaskStreamAffinityTest][Info] [TC2.Affinity Set/Unset] 425: affinity 1
[848:50:29.387][Main][TaskStreamAffinityTest][Info] [TC2.Affinity Set/Unset] 426: affinity 0
[848:50:29.387][Main][TaskStreamAffinityTest][Info] [TC2.Affinity Set/Unset] 427: affinity 1
[848:50:29.387][Main][TaskStreamAffinityTest][Info] [TC2.Affinity Set/Unset] 428: affinity 0
[848:50:29.387][Main][TaskStreamAffinityTest][Info] [TC2.Affinity Set/Unset] 429: affinity 1
[848:50:29.387][Main][TaskStreamAffinityTest][Info] [TC2.Affinity Set/Unset] 430: affinity 0
[848:50:29.387][Main][TaskStreamAffinityTest][Info] [TC2.Affinity Set/Unset] 431: affinity 1
[848:50:29.387][Main][TaskStreamAffinityTest][Info] [TC2.Affinity Set/Unset] 432: affinity 0
[848:50:29.387][Main][TaskStreamAffinityTest][Info] [TC2.Affinity Set/Unset] 433: affinity 1
[848:50:29.387][Main][TaskStreamAffinityTest][Info] [TC2.Affinity Set/Unset] 434: affinity 0
[848:50:29.387][Main][TaskStreamAffinityTest][Info] [TC2.Affinity Set/Unset] 435: affinity 1
[848:50:29.387][Main][TaskStreamAffinityTest][Info] [TC2.Affinity Set/Unset] 436: affinity 0
[848:50:29.387][Main][TaskStreamAffinityTest][Info] [TC2.Affinity Set/Unset] 437: affinity 1
[848:50:29.387][Main][TaskStreamAffinityTest][Info] [TC2.Affinity Set/Unset] 438: affinity 0
[848:50:29.387][Main][TaskStreamAffinityTest][Info] [TC2.Affinity Set/Unset] 439: affinity 1
[848:50:29.387][Main][TaskStreamAffinityTest][Info] [TC2.Affinity Set/Unset] 440: affinity 0
[848:50:29.387][Main][TaskStreamAffinityTest][Info] [TC2.Affinity Set/Unset] 441: affinity 1
[848:50:29.387][Main][TaskStreamAffinityTest][Info] [TC2.Affinity Set/Unset] 442: affinity 0
[848:50:29.387][Main][TaskStreamAffinityTest][Info] [TC2.Affinity Set/Unset] 443: affinity 1
[848:50:29.387][Main][TaskStreamAffinityTest][Info] [TC2.Affinity Set/Unset] 444: affinity 0
[848:50:29.387][Main][TaskStreamAffinityTest][Info] [TC2.Affinity Set/Unset] 445: affinity 1
[848:50:29.387][Main][TaskStreamAffinityTest][Info] [TC2.Affinity Set/Unset] 446: affinity 0
[848:50:29.387][Main][TaskStreamAffinityTest][Info] [TC2.Affinity Set/Unset] 447: affinity 1
[848:50:29.387][Main][TaskStreamAffinityTest][Info] [TC2.Affinity Set/Unset] 448: affinity 0
[848:50:29.387][Main][TaskStreamAffinityTest][Info] [TC2.Affinity Set/Unset] 449: affinity 1
[848:50:29.387][Main][TaskStreamAffinityTest][Info] [TC2.Affinity Set/Unset] 450: affinity 0
[848:50:29.387][Main][TaskStreamAffinityTest][Info] [TC2.Affinity Set/Unset] 451: affinity 1
[848:50:29.387][Main][TaskStreamAffinityTest][Info] [TC2.Affinity Set/Unset] 452: affinity 0
[848:50:29.387][Main][TaskStreamAffinityTest][Info] [TC2.Affinity Set/Unset] 453: affinity 1
[848:50:29.387][Main][TaskStreamAffinityTest][Info] [TC2.Affinity Set/Unset] 454: affinity 0
[848:50:29.387][Main][TaskStreamAffinityTest][Info] [TC2.Affinity Set/Unset] 455: affinity 1
[848:50:29.387][Main][TaskStreamAffinityTest][Info] [TC2.Affinity Set/Unset] 456: affinity 0
[848:50:29.387][Main][TaskStreamAffinityTest][Info] [TC2.Affinity Set/Unset] 457: affinity 1
[848:50:29.387][Main][TaskStreamAffinityTest][Info] [TC2.Affinity Set/Unset] 458: affinity 0
[848:50:29.387][Main][TaskStreamAffinityTest][Info] [TC2.Affinity Set/Unset] 459: affinity 1
[848:50:29.387][Main][TaskStreamAffinityTest][Info] [TC2.Affinity Set/Unset] 460: affinity 0
[848:50:29.387][Main][TaskStreamAffinityTest][Info] [TC2.Affinity Set/Unset] 461: affinity 1
[848:50:29.387][Main][TaskStreamAffinityTest][Info] [TC2.Affinity Set/Unset] 462: affinity 0
[848:50:29.387][Main][TaskStreamAffinityTest][Info] [TC2.Affinity Set/Unset] 463: affinity 1
[848:50:29.387][Main][TaskStreamAffinityTest][Info] [TC2.Affinity Set/Unset] 464: affinity 0
[848:50:29.387][Main][TaskStreamAffinityTest][Info] [TC2.Affinity Set/Unset] 465: affinity 1
[848:50:29.387][Main][TaskStreamAffinityTest][Info] [TC2.Affinity Set/Unset] 466: affinity 0
[848:50:29.387][Main][TaskStreamAffinityTest][Info] [TC2.Affinity Set/Unset] 467: affinity 1
[848:50:29.387][Main][TaskStreamAffinityTest][Info] [TC2.Affinity Set/Unset] 468: affinity 0
[848:50:29.387][Main][TaskStreamAffinityTest][Info] [TC2.Affinity Set/Unset] 469: affinity 1
[848:50:29.387][Main][TaskStreamAffinityTest][Info] [TC2.Affinity Set/Unset] 470: affinity 0
[848:50:29.387][Main][TaskStreamAffinityTest][Info] [TC2.Affinity Set/Unset] 471: affinity 1
[848:50:29.387][Main][TaskStreamAffinityTest][Info] [TC2.Affinity Set/Unset] 472: affinity 0
[848:50:29.387][Main][TaskStreamAffinityTest][Info] [TC2.Affinity Set/Unset] 473: affinity 1
[848:50:29.387][Main][TaskStreamAffinityTest][Info] [TC2.Affinity Set/Unset] 474: affinity 0
[848:50:29.387][Main][TaskStreamAffinityTest][Info] [TC2.Affinity Set/Unset] 475: affinity 1
[848:50:29.387][Main][TaskStreamAffinityTest][Info] [TC2.Affinity Set/Unset] 476: affinity 0
[848:50:29.387][Main][TaskStreamAffinityTest][Info] [TC2.Affinity Set/Unset] 477: affinity 1
[848:50:29.387][Main][TaskStreamAffinityTest][Info] [TC2.Affinity Set/Unset] 478: affinity 0
[848:50:29.387][Main][TaskStreamAffinityTest][Info] [TC2.Affinity Set/Unset] 479: affinity 1
[848:50:29.387][Main][TaskStreamAffinityTest][Info] [TC2.Affinity Set/Unset] 480: affinity 0
[848:50:29.387][Main][TaskStreamAffinityTest][Info] [TC2.Affinity Set/Unset] 481: affinity 1
[848:50:29.387][Main][TaskStreamAffinityTest][Info] [TC2.Affinity Set/Unset] 482: affinity 0
[848:50:29.387][Main][TaskStreamAffinityTest][Info] [TC2.Affinity Set/Unset] 483: affinity 1
[848:50:29.387][Main][TaskStreamAffinityTest][Info] [TC2.Affinity Set/Unset] 484: affinity 0
[848:50:29.387][Main][TaskStreamAffinityTest][Info] [TC2.Affinity Set/Unset] 485: affinity 1
[848:50:29.387][Main][TaskStreamAffinityTest][Info] [TC2.Affinity Set/Unset] 486: affinity 0
[848:50:29.387][Main][TaskStreamAffinityTest][Info] [TC2.Affinity Set/Unset] 487: affinity 1
[848:50:29.387][Main][TaskStreamAffinityTest][Info] [TC2.Affinity Set/Unset] 488: affinity 0
[848:50:29.387][Main][TaskStreamAffinityTest][Info] [TC2.Affinity Set/Unset] 489: affinity 1
[848:50:29.387][Main][TaskStreamAffinityTest][Info] [TC2.Affinity Set/Unset] 490: affinity 0
[848:50:29.387][Main][TaskStreamAffinityTest][Info] [TC2.Affinity Set/Unset] 491: affinity 1
[848:50:29.387][Main][TaskStreamAffinityTest][Info] [TC2.Affinity Set/Unset] 492: affinity 0
[848:50:29.387][Main][TaskStreamAffinityTest][Info] [TC2.Affinity Set/Unset] 493: affinity 1
[848:50:29.387][Main][TaskStreamAffinityTest][Info] [TC2.Affinity Set/Unset] 494: affinity 0
[848:50:29.387][Main][TaskStreamAffinityTest][Info] [TC2.Affinity Set/Unset] 495: affinity 1
[848:50:29.387][Main][TaskStreamAffinityTest][Info] [TC2.Affinity Set/Unset] 496: affinity 0
[848:50:29.387][Main][TaskStreamAffinityTest][Info] [TC2.Affinity Set/Unset] 497: affinity 1
[848:50:29.387][Main][TaskStreamAffinityTest][Info] [TC2.Affinity Set/Unset] 498: affinity 0
[848:50:29.387][Main][TaskStreamAffinityTest][Info] [TC2.Affinity Set/Unset] 499: affinity 1
[848:50:29.387][Main][TaskStreamAffinityTest][Info] [TC2.Affinity Set/Unset] 500: affinity 0
[848:50:29.387][Main][TaskStreamAffinityTest][Info] [TC2.Affinity Set/Unset] 501: affinity 1
[848:50:29.387][Main][TaskStreamAffinityTest][Info] [TC2.Affinity Set/Unset] 502: affinity 0
[848:50:29.387][Main][TaskStreamAffinityTest][Info] [TC2.Affinity Set/Unset] 503: affinity 1
[848:50:29.387][Main][TaskStreamAffinityTest][Info] [TC2.Affinity Set/Unset] 504: affinity 0
[848:50:29.387][Main][TaskStreamAffinityTest][Info] [TC2.Affinity Set/Unset] 505: affinity 1
[848:50:29.387][Main][TaskStreamAffinityTest][Info] [TC2.Affinity Set/Unset] 506: affinity 0
[848:50:29.387][Main][TaskStreamAffinityTest][Info] [TC2.Affinity Set/Unset] 507: affinity 1
[848:50:29.387][Main][TaskStreamAffinityTest][Info] [TC2.Affinity Set/Unset] 508: affinity 0
[848:50:29.387][Main][TaskStreamAffinityTest][Info] [TC2.Affinity Set/Unset] 509: affinity 1
[848:50:29.387][Main][TaskStreamAffinityTest][Info] [TC2.Affinity Set/Unset] 510: affinity 0
[848:50:29.387][Main][TaskStreamAffinityTest][Info] [TC2.Affinity Set/Unset] 511: affinity 1
[848:50:29.387][Main][TaskStreamAffinityTest][Info] [TC2.Affinity Set/Unset] 512: affinity 0
[848:50:29.387][Main][TaskStreamAffinityTest][Info] [TC2.Affinity Set/Unset] 513: affinity 1
[848:50:29.387][Main][TaskStreamAffinityTest][Info] [TC2.Affinity Set/Unset] 514: affinity 0
[848:50:29.387][Main][TaskStreamAffinityTest][Info] [TC2.Affinity Set/Unset] 515: affinity 1
[848:50:29.387][Main][TaskStreamAffinityTest][Info] [TC2.Affinity Set/Unset] 516: affinity 0
[848:50:29.387][Main][Affinity Set/Unset][Info] = Allocator Usage ========================================
[848:50:29.387][Main][Affinity Set/Unset][Info] ==========================================================
[848:50:29.387][Main][TaskStreamAffinityTest][Info] # TC2.Affinity Set/Unset Result [PASS] #

[848:50:29.387][Main][TaskStreamAffinityTest][Info] = Collection Result: [SUCCESS] =================

[848:50:29.387][Main][TaskSystemTest][Info] = START ========================================
[848:50:29.387][Main][TaskSystemTest][Info] # TC0.Empty Task #
[848:50:29.387][Main][Empty Task][Info] = Allocator Usage ========================================
[848:50:29.387][Main][Empty Task][Info] ==========================================================
[848:50:29.387][Main][TaskSystemTest][Info] # TC0.Empty Task Result [PASS] #

[848:50:29.387][Main][TaskSystemTest][Info] # TC1.Task of size 0 #
[848:50:29.391][Worker7][Size 0 Task][Info] Range[1, 0)
[848:50:29.391][Main][Task of size 0][Info] = Allocator Usage ========================================
[848:50:29.391][Main][Task of size 0][Info] ==========================================================
[848:50:29.391][Main][TaskSystemTest][Info] # TC1.Task of size 0 Result [PASS] #

[848:50:29.391][Main][TaskSystemTest][Info] # TC2.Bagel Problem #
[848:50:29.403][Worker5][Bagel Problem][Info] Num[800001, 900000], result = 0.000000
[848:50:29.404][Worker4][Bagel Problem][Info] Num[900001, 1000000], result = 0.000000
[848:50:29.404][Worker6][Bagel Problem][Info] Num[700001, 800000], result = 0.000000
[848:50:29.404][Worker5][Bagel Problem][Info] Num[600001, 700000], result = 0.000000
[848:50:29.406][Worker8][Bagel Problem][Info] Num[200001, 300000], result = 0.000002
[848:50:29.407][Worker4][Bagel Problem][Info] Num[500001, 600000], result = 0.000000
[848:50:29.408][Worker2][Bagel Problem][Info] Num[100001, 200000], result = 0.000005
[848:50:29.408][Worker6][Bagel Problem][Info] Num[400001, 500000], result = 0.000000
[848:50:29.408][Worker8][Bagel Problem][Info] Num[1, 100000], result = 1.644924
[848:50:29.409][Worker5][Bagel Problem][Info] Num[300001, 400000], result = 0.000001
[848:50:29.409][Main][TaskSystemTest][Info] [TC2.Bagel Problem] Test Result = 1.64493, Pi/6 = 1.64493
[848:50:29.409][Main][Bagel Problem][Info] = Allocator Usage ========================================
[848:50:29.409][Main][Bagel Problem][Info] ==========================================================
[848:50:29.409][Main][TaskSystemTest][Info] # TC2.Bagel Problem Result [PASS] #

[848:50:29.409][Main][TaskSystemTest][Info] # TC3.Bagel Problem (Incremental Task) #
[848:50:29.418][Worker1][Bagel Problem (Incremental Task)][Info] Num[800001, 828571], result = 0.000000
[848:50:29.418][Worker3][Bagel Problem (Incremental Task)][Info] Num[600001, 628571], result = 0.000000
[848:50:29.418][Worker7][Bagel Problem (Incremental Task)][Info] Num[400001, 428571], result = 0.000000
[848:50:29.418][Worker4][Bagel Problem (Incremental Task)][Info] Num[200001, 228571], result = 0.000001
[848:50:29.418][Worker6][Bagel Problem (Incremental Task)][Info] Num[1, 28571], result = 1.644899
[848:50:29.419][Worker6][Bagel Problem (Incremental Task)][Info] Num[28572, 57142], result = 0.000017
[848:50:29.419][Worker3][Bagel Problem (Incremental Task)][Info] Num[628572, 657142], result = 0.000000
[848:50:29.419][Worker6][Bagel Problem (Incremental Task)][Info] Num[57143, 85713], result = 0.000006
[848:50:29.419][Worker4][Bagel Problem (Incremental Task)][Info] Num[228572, 257142], result = 0.000000
[848:50:29.419][Worker1][Bagel Problem (Incremental Task)][Info] Num[828572, 857142], result = 0.000000
[848:50:29.419][Worker7][Bagel Problem (Incremental Task)][Info] Num[428572, 457142], result = 0.000000
[848:50:29.419][Worker3][Bagel Problem (Incremental Task)][Info] Num[657143, 685713], result = 0.000000
[848:50:29.420][Worker6][Bagel Problem (Incremental Task)][Info] Num[85714, 114284], result = 0.000003
[848:50:29.420][Worker4][Bagel Problem (Incremental Task)][Info] Num[257143, 285713], result = 0.000000
[848:50:29.420][Worker1][Bagel Problem (Incremental Task)][Info] Num[857143, 885713], result = 0.000000
[848:50:29.420][Worker7][Bagel Problem (Incremental Task)][Info] Num[457143, 485713], result = 0.000000
[848:50:29.420][Worker3][Bagel Problem (Incremental Task)][Info] Num[685714, 714284], result = 0.000000
[848:50:29.420][Worker6][Bagel Problem (Incremental Task)][Info] Num[114285, 142855], result = 0.000002
[848:50:29.420][Worker4][Bagel Problem (Incremental Task)][Info] Num[285714, 314284], result = 0.000000
[848:50:29.420][Worker1][Bagel Problem (Incremental Task)][Info] Num[885714, 914284], result = 0.000000
[848:50:29.420][Worker7][Bagel Problem (Incremental Task)][Info] Num[485714, 514284], result = 0.000000
[848:50:29.420][Worker3][Bagel Problem (Incremental Task)][Info] Num[714285, 742855], result = 0.000000
[848:50:29.420][Worker6][Bagel Problem (Incremental Task)][Info] Num[142856, 171426], result = 0.000001
[848:50:29.420][Worker4][Bagel Problem (Incremental Task)][Info] Num[314285, 342855], result = 0.000000
[848:50:29.420][Worker1][Bagel Problem (Incremental Task)][Info] Num[914285, 942855], result = 0.000000
[848:50:29.420][Worker7][Bagel Problem (Incremental Task)][Info] Num[514285, 542855], result = 0.000000
[848:50:29.421][Worker3][Bagel Problem (Incremental Task)][Info] Num[742856, 771426], result = 0.000000
[848:50:29.421][Worker6][Bagel Problem (Incremental Task)][Info] Num[171427, 199997], result = 0.000001
[848:50:29.421][Worker6][Bagel Problem (Incremental Task)][Info] Num[199998, 200000], result = 0.000000
[848:50:29.421][Worker4][Bagel Problem (Incremental Task)][Info] Num[342856, 371426], result = 0.000000
[848:50:29.421][Worker1][Bagel Problem (Incremental Task)][Info] Num[942856, 971426], result = 0.000000
[848:50:29.421][Worker7][Bagel Problem (Incremental Task)][Info] Num[542856, 571426], result = 0.000000
[848:50:29.421][Worker3][Bagel Problem (Incremental Task)][Info] Num[771427, 799997], result = 0.000000
[848:50:29.421][Worker3][Bagel Problem (Incremental Task)][Info] Num[799998, 800000], result = 0.000000
[848:50:29.421][Worker4][Bagel Problem (Incremental Task)][Info] Num[371427, 399997], result = 0.000000
[848:50:29.421][Worker4][Bagel Problem (Incremental Task)][Info] Num[399998, 400000], result = 0.000000
[848:50:29.421][Worker1][Bagel Problem (Incremental Task)][Info] Num[971427, 999997], result = 0.000000
[848:50:29.421][Worker1][Bagel Problem (Incremental Task)][Info] Num[999998, 1000000], result = 0.000000
[848:50:29.421][Worker7][Bagel Problem (Incremental Task)][Info] Num[571427, 599997], result = 0.000000
[848:50:29.421][Worker7][Bagel Problem (Incremental Task)][Info] Num[599998, 600000], result = 0.000000
[848:50:29.421][Main][TaskSystemTest][Info] [TC3.Bagel Problem (Incremental Task)] Test Result = 1.64493, Pi/6 = 1.64493
[848:50:29.421][Main][Bagel Problem (Incremental Task)][Info] = Allocator Usage ========================================
[848:50:29.421][Main][Bagel Problem (Incremental Task)][Info] ==========================================================
[848:50:29.421][Main][TaskSystemTest][Info] # TC3.Bagel Problem (Incremental Task) Result [PASS] #

[848:50:29.421][Main][TaskSystemTest][Info] = Collection Result: [SUCCESS] =================

[848:50:29.421][Main][TestEnv][Info] 
##### TEST COMPLETED #####
# Total Count = 43
# Test Done = 43
# Invalid Test = 0
# Pass = 43
# Fail = 0
##### TEST Report Done #####

[848:50:29.421][Main][TestEnv][Warning] = Warnings ==================================
[848:50:29.421][Main][TestEnv][Warning] [MultiPoolAllocatorTest] [TC3.Performance] MultiPoolAllocator is slower than std malloc. MultiPoolAllocator  = 0.193284 sec, std malloc = 0.0295175 sec
[848:50:29.421][Main][TestEnv][Warning] [ThreadSafeMultiPoolAllocatorTest] [TC3.Performance] ThreadSafeMultiPoolAllocator is slower than std malloc. ThreadSafeMultiPoolAllocator  = 0.196174 sec, std malloc = 0.0296655 sec
[848:50:29.421][Main][TestEnv][Warning] [LinkedListTest] [TC2.Growth and Iteration] LinkedList is slower than the STL list
HE = 0.00139117, STL = 0.0008065
[848:50:29.421][Main][TestEnv][Warning] [StringTest] [TC20.Performance] HE String is slower than STL string.
Time: he = 0.0814497, stl = 0.00688383
[848:50:29.421][Main][TestEnv][Warning] =============================================

[848:50:29.432][Main][SystemStatistics][Info] = System Statistics ==========================
[848:50:29.432][Main][SystemStatistics][Info] Frame Count = 0
[848:50:29.432][Main][SystemStatistics][Info] Slow Frame Count = 0
[848:50:29.432][Main][SystemStatistics][Info] Engine Log Count = 0
[848:50:29.432][Main][SystemStatistics][Info] Log Count = 0
[848:50:29.432][Main][SystemStatistics][Info] Long Log Count = 0 / 0
[848:50:29.432][Main][SystemStatistics][Info] Running Time = 0.000000 sec
[848:50:29.432][Main][SystemStatistics][Info] Allocation Count = 0 (Alloc), 0 (Dealloc)
[848:50:29.432][Main][SystemStatistics][Info] System Memory Usage = 0 (0 MB) / 0 (0 MB)
[848:50:29.432][Main][SystemStatistics][Info] Fallback Allocation Count = 502
[848:50:29.432][Main][SystemStatistics][Info] ==============================================
[848:50:29.432][Main][Engine::PreShutdown][Info] Engine PreShutdown [Start]
[848:50:29.432][Main][Engine::PreShutdown][Info] Engine PreShutdown [Done]
[848:50:29.432][Main][Engine][Info] Shutting down...
[848:50:29.432][Main][Main][Warning] Slow DeltaTime = 26.171892
[848:50:29.432][Main][Main][Info] Main has been terminated.
[848:50:29.432][IO][IO][Info] IO has been terminated.
[848:50:29.440][Worker2][Worker2][Info] Worker2 has been terminated.
[848:50:29.441][Worker5][Worker5][Info] Worker5 has been terminated.
[848:50:29.442][Worker8][Worker8][Info] Worker8 has been terminated.
[848:50:29.442][Worker6][Worker6][Info] Worker6 has been terminated.
[848:50:29.443][Worker1][Worker1][Info] Worker1 has been terminated.
[848:50:29.443][Worker3][Worker3][Info] Worker3 has been terminated.
[848:50:29.443][Worker4][Worker4][Info] Worker4 has been terminated.
[848:50:29.443][Worker7][Worker7][Info] Worker7 has been terminated.
